running egg_info
creating ../../build/turtlebot_logic/turtlebot_logic.egg-info
writing ../../build/turtlebot_logic/turtlebot_logic.egg-info/PKG-INFO
writing dependency_links to ../../build/turtlebot_logic/turtlebot_logic.egg-info/dependency_links.txt
writing requirements to ../../build/turtlebot_logic/turtlebot_logic.egg-info/requires.txt
writing top-level names to ../../build/turtlebot_logic/turtlebot_logic.egg-info/top_level.txt
writing manifest file '../../build/turtlebot_logic/turtlebot_logic.egg-info/SOURCES.txt'
reading manifest file '../../build/turtlebot_logic/turtlebot_logic.egg-info/SOURCES.txt'
writing manifest file '../../build/turtlebot_logic/turtlebot_logic.egg-info/SOURCES.txt'
running build
running build_py
creating /ros_ws/build/turtlebot_logic/build
creating /ros_ws/build/turtlebot_logic/build/lib
creating /ros_ws/build/turtlebot_logic/build/lib/turtlebot_logic
copying turtlebot_logic/__init__.py -> /ros_ws/build/turtlebot_logic/build/lib/turtlebot_logic
running install
running install_lib
creating /ros_ws/install/turtlebot_logic/lib/python3.12/site-packages/turtlebot_logic
copying /ros_ws/build/turtlebot_logic/build/lib/turtlebot_logic/__init__.py -> /ros_ws/install/turtlebot_logic/lib/python3.12/site-packages/turtlebot_logic
byte-compiling /ros_ws/install/turtlebot_logic/lib/python3.12/site-packages/turtlebot_logic/__init__.py to __init__.cpython-312.pyc
running install_data
creating /ros_ws/install/turtlebot_logic/share/ament_index
creating /ros_ws/install/turtlebot_logic/share/ament_index/resource_index
creating /ros_ws/install/turtlebot_logic/share/ament_index/resource_index/packages
copying resource/turtlebot_logic -> /ros_ws/install/turtlebot_logic/share/ament_index/resource_index/packages
copying package.xml -> /ros_ws/install/turtlebot_logic/share/turtlebot_logic
running install_egg_info
Copying ../../build/turtlebot_logic/turtlebot_logic.egg-info to /ros_ws/install/turtlebot_logic/lib/python3.12/site-packages/turtlebot_logic-0.0.0-py3.12.egg-info
running install_scripts
writing list of installed files to '/ros_ws/build/turtlebot_logic/install.log'
