[2.382s] Invoking command in '/ros_ws/src/turtlebot_logic': PYTHONPATH=/ros_ws/build/turtlebot_logic/prefix_override:/usr/lib/python3/dist-packages/colcon_core/task/python/colcon_distutils_commands:/ros_ws/install/turtlebot_logic/lib/python3.12/site-packages:${PYTHONPATH} /usr/bin/python3 -W ignore:setup.py install is deprecated -W ignore:easy_install command is deprecated setup.py egg_info --egg-base ../../build/turtlebot_logic build --build-base /ros_ws/build/turtlebot_logic/build install --record /ros_ws/build/turtlebot_logic/install.log --install-scripts $base/lib/turtlebot_logic --single-version-externally-managed install_data
[2.734s] running egg_info
[2.735s] creating ../../build/turtlebot_logic/turtlebot_logic.egg-info
[2.750s] writing ../../build/turtlebot_logic/turtlebot_logic.egg-info/PKG-INFO
[2.750s] writing dependency_links to ../../build/turtlebot_logic/turtlebot_logic.egg-info/dependency_links.txt
[2.751s] writing requirements to ../../build/turtlebot_logic/turtlebot_logic.egg-info/requires.txt
[2.751s] writing top-level names to ../../build/turtlebot_logic/turtlebot_logic.egg-info/top_level.txt
[2.751s] writing manifest file '../../build/turtlebot_logic/turtlebot_logic.egg-info/SOURCES.txt'
[2.782s] reading manifest file '../../build/turtlebot_logic/turtlebot_logic.egg-info/SOURCES.txt'
[2.783s] writing manifest file '../../build/turtlebot_logic/turtlebot_logic.egg-info/SOURCES.txt'
[2.783s] running build
[2.783s] running build_py
[2.784s] creating /ros_ws/build/turtlebot_logic/build
[2.784s] creating /ros_ws/build/turtlebot_logic/build/lib
[2.784s] creating /ros_ws/build/turtlebot_logic/build/lib/turtlebot_logic
[2.785s] copying turtlebot_logic/__init__.py -> /ros_ws/build/turtlebot_logic/build/lib/turtlebot_logic
[2.785s] running install
[2.789s] running install_lib
[2.803s] creating /ros_ws/install/turtlebot_logic/lib/python3.12/site-packages/turtlebot_logic
[2.803s] copying /ros_ws/build/turtlebot_logic/build/lib/turtlebot_logic/__init__.py -> /ros_ws/install/turtlebot_logic/lib/python3.12/site-packages/turtlebot_logic
[2.804s] byte-compiling /ros_ws/install/turtlebot_logic/lib/python3.12/site-packages/turtlebot_logic/__init__.py to __init__.cpython-312.pyc
[2.805s] running install_data
[2.805s] creating /ros_ws/install/turtlebot_logic/share/ament_index
[2.805s] creating /ros_ws/install/turtlebot_logic/share/ament_index/resource_index
[2.805s] creating /ros_ws/install/turtlebot_logic/share/ament_index/resource_index/packages
[2.806s] copying resource/turtlebot_logic -> /ros_ws/install/turtlebot_logic/share/ament_index/resource_index/packages
[2.806s] copying package.xml -> /ros_ws/install/turtlebot_logic/share/turtlebot_logic
[2.806s] running install_egg_info
[2.821s] Copying ../../build/turtlebot_logic/turtlebot_logic.egg-info to /ros_ws/install/turtlebot_logic/lib/python3.12/site-packages/turtlebot_logic-0.0.0-py3.12.egg-info
[2.821s] running install_scripts
[2.980s] writing list of installed files to '/ros_ws/build/turtlebot_logic/install.log'
[3.021s] Invoked command in '/ros_ws/src/turtlebot_logic' returned '0': PYTHONPATH=/ros_ws/build/turtlebot_logic/prefix_override:/usr/lib/python3/dist-packages/colcon_core/task/python/colcon_distutils_commands:/ros_ws/install/turtlebot_logic/lib/python3.12/site-packages:${PYTHONPATH} /usr/bin/python3 -W ignore:setup.py install is deprecated -W ignore:easy_install command is deprecated setup.py egg_info --egg-base ../../build/turtlebot_logic build --build-base /ros_ws/build/turtlebot_logic/build install --record /ros_ws/build/turtlebot_logic/install.log --install-scripts $base/lib/turtlebot_logic --single-version-externally-managed install_data
