[0.020s] Invoking command in '/ros_ws/build/turtlebot3_cartographer': CMAKE_PREFIX_PATH=${CMAKE_PREFIX_PATH}:/ros_ws/install/turtlebot_logic:/ros_ws/install/turtlebot3_teleop:/ros_ws/install/turtlebot3_example:/opt/ros/jazzy /usr/bin/cmake --build /ros_ws/build/turtlebot3_cartographer -- -j28 -l28
[0.227s] -- Found ament_cmake: 2.5.6 (/opt/ros/jazzy/share/ament_cmake/cmake)
[0.235s] -- Configuring done (0.2s)
[0.238s] -- Generating done (0.0s)
[0.240s] -- Build files have been written to: /ros_ws/build/turtlebot3_cartographer
[0.259s] Invoked command in '/ros_ws/build/turtlebot3_cartographer' returned '0': CMAKE_PREFIX_PATH=${CMAKE_PREFIX_PATH}:/ros_ws/install/turtlebot_logic:/ros_ws/install/turtlebot3_teleop:/ros_ws/install/turtlebot3_example:/opt/ros/jazzy /usr/bin/cmake --build /ros_ws/build/turtlebot3_cartographer -- -j28 -l28
[0.264s] Invoking command in '/ros_ws/build/turtlebot3_cartographer': CMAKE_PREFIX_PATH=${CMAKE_PREFIX_PATH}:/ros_ws/install/turtlebot_logic:/ros_ws/install/turtlebot3_teleop:/ros_ws/install/turtlebot3_example:/opt/ros/jazzy /usr/bin/cmake --install /ros_ws/build/turtlebot3_cartographer
[0.273s] -- Install configuration: ""
[0.273s] -- Up-to-date: /ros_ws/install/turtlebot3_cartographer/share/turtlebot3_cartographer/config
[0.273s] -- Installing: /ros_ws/install/turtlebot3_cartographer/share/turtlebot3_cartographer/config/turtlebot3_lds_2d.lua
[0.274s] -- Up-to-date: /ros_ws/install/turtlebot3_cartographer/share/turtlebot3_cartographer/launch
[0.274s] -- Installing: /ros_ws/install/turtlebot3_cartographer/share/turtlebot3_cartographer/launch/cartographer.launch.py
[0.275s] -- Installing: /ros_ws/install/turtlebot3_cartographer/share/turtlebot3_cartographer/launch/occupancy_grid.launch.py
[0.275s] -- Up-to-date: /ros_ws/install/turtlebot3_cartographer/share/turtlebot3_cartographer/rviz
[0.275s] -- Installing: /ros_ws/install/turtlebot3_cartographer/share/turtlebot3_cartographer/rviz/tb3_cartographer.rviz
[0.276s] -- Up-to-date: /ros_ws/install/turtlebot3_cartographer/share/ament_index/resource_index/package_run_dependencies/turtlebot3_cartographer
[0.276s] -- Installing: /ros_ws/install/turtlebot3_cartographer/share/ament_index/resource_index/parent_prefix_path/turtlebot3_cartographer
[0.276s] -- Installing: /ros_ws/install/turtlebot3_cartographer/share/turtlebot3_cartographer/environment/ament_prefix_path.sh
[0.276s] -- Up-to-date: /ros_ws/install/turtlebot3_cartographer/share/turtlebot3_cartographer/environment/ament_prefix_path.dsv
[0.276s] -- Installing: /ros_ws/install/turtlebot3_cartographer/share/turtlebot3_cartographer/environment/path.sh
[0.276s] -- Up-to-date: /ros_ws/install/turtlebot3_cartographer/share/turtlebot3_cartographer/environment/path.dsv
[0.276s] -- Up-to-date: /ros_ws/install/turtlebot3_cartographer/share/turtlebot3_cartographer/local_setup.bash
[0.276s] -- Up-to-date: /ros_ws/install/turtlebot3_cartographer/share/turtlebot3_cartographer/local_setup.sh
[0.276s] -- Up-to-date: /ros_ws/install/turtlebot3_cartographer/share/turtlebot3_cartographer/local_setup.zsh
[0.277s] -- Up-to-date: /ros_ws/install/turtlebot3_cartographer/share/turtlebot3_cartographer/local_setup.dsv
[0.277s] -- Up-to-date: /ros_ws/install/turtlebot3_cartographer/share/turtlebot3_cartographer/package.dsv
[0.277s] -- Up-to-date: /ros_ws/install/turtlebot3_cartographer/share/ament_index/resource_index/packages/turtlebot3_cartographer
[0.277s] -- Up-to-date: /ros_ws/install/turtlebot3_cartographer/share/turtlebot3_cartographer/cmake/turtlebot3_cartographerConfig.cmake
[0.277s] -- Up-to-date: /ros_ws/install/turtlebot3_cartographer/share/turtlebot3_cartographer/cmake/turtlebot3_cartographerConfig-version.cmake
[0.277s] -- Installing: /ros_ws/install/turtlebot3_cartographer/share/turtlebot3_cartographer/package.xml
[0.289s] Invoked command in '/ros_ws/build/turtlebot3_cartographer' returned '0': CMAKE_PREFIX_PATH=${CMAKE_PREFIX_PATH}:/ros_ws/install/turtlebot_logic:/ros_ws/install/turtlebot3_teleop:/ros_ws/install/turtlebot3_example:/opt/ros/jazzy /usr/bin/cmake --install /ros_ws/build/turtlebot3_cartographer
