[0.105s] Invoking command in '/ros_ws/build/turtlebot3_cartographer': CMAKE_PREFIX_PATH=${CMAKE_PREFIX_PATH}:/ros_ws/install/turtlebot_logic:/ros_ws/install/turtlebot3_teleop:/ros_ws/install/turtlebot3_example:/opt/ros/jazzy /usr/bin/cmake --build /ros_ws/build/turtlebot3_cartographer -- -j12 -l12
[0.872s] Invoked command in '/ros_ws/build/turtlebot3_cartographer' returned '0': CMAKE_PREFIX_PATH=${CMAKE_PREFIX_PATH}:/ros_ws/install/turtlebot_logic:/ros_ws/install/turtlebot3_teleop:/ros_ws/install/turtlebot3_example:/opt/ros/jazzy /usr/bin/cmake --build /ros_ws/build/turtlebot3_cartographer -- -j12 -l12
[0.875s] Invoking command in '/ros_ws/build/turtlebot3_cartographer': CMAKE_PREFIX_PATH=${CMAKE_PREFIX_PATH}:/ros_ws/install/turtlebot_logic:/ros_ws/install/turtlebot3_teleop:/ros_ws/install/turtlebot3_example:/opt/ros/jazzy /usr/bin/cmake --install /ros_ws/build/turtlebot3_cartographer
[1.091s] -- Install configuration: ""
[1.091s] -- Up-to-date: /ros_ws/install/turtlebot3_cartographer/share/turtlebot3_cartographer/config
[1.091s] -- Up-to-date: /ros_ws/install/turtlebot3_cartographer/share/turtlebot3_cartographer/config/turtlebot3_lds_2d.lua
[1.092s] -- Up-to-date: /ros_ws/install/turtlebot3_cartographer/share/turtlebot3_cartographer/launch
[1.092s] -- Up-to-date: /ros_ws/install/turtlebot3_cartographer/share/turtlebot3_cartographer/launch/occupancy_grid.launch.py
[1.092s] -- Up-to-date: /ros_ws/install/turtlebot3_cartographer/share/turtlebot3_cartographer/launch/cartographer.launch.py
[1.092s] -- Up-to-date: /ros_ws/install/turtlebot3_cartographer/share/turtlebot3_cartographer/rviz
[1.092s] -- Up-to-date: /ros_ws/install/turtlebot3_cartographer/share/turtlebot3_cartographer/rviz/tb3_cartographer.rviz
[1.092s] -- Up-to-date: /ros_ws/install/turtlebot3_cartographer/share/ament_index/resource_index/package_run_dependencies/turtlebot3_cartographer
[1.092s] -- Up-to-date: /ros_ws/install/turtlebot3_cartographer/share/ament_index/resource_index/parent_prefix_path/turtlebot3_cartographer
[1.092s] -- Up-to-date: /ros_ws/install/turtlebot3_cartographer/share/turtlebot3_cartographer/environment/ament_prefix_path.sh
[1.092s] -- Up-to-date: /ros_ws/install/turtlebot3_cartographer/share/turtlebot3_cartographer/environment/ament_prefix_path.dsv
[1.092s] -- Up-to-date: /ros_ws/install/turtlebot3_cartographer/share/turtlebot3_cartographer/environment/path.sh
[1.093s] -- Up-to-date: /ros_ws/install/turtlebot3_cartographer/share/turtlebot3_cartographer/environment/path.dsv
[1.093s] -- Up-to-date: /ros_ws/install/turtlebot3_cartographer/share/turtlebot3_cartographer/local_setup.bash
[1.093s] -- Up-to-date: /ros_ws/install/turtlebot3_cartographer/share/turtlebot3_cartographer/local_setup.sh
[1.093s] -- Up-to-date: /ros_ws/install/turtlebot3_cartographer/share/turtlebot3_cartographer/local_setup.zsh
[1.093s] -- Up-to-date: /ros_ws/install/turtlebot3_cartographer/share/turtlebot3_cartographer/local_setup.dsv
[1.093s] -- Installing: /ros_ws/install/turtlebot3_cartographer/share/turtlebot3_cartographer/package.dsv
[1.093s] -- Up-to-date: /ros_ws/install/turtlebot3_cartographer/share/ament_index/resource_index/packages/turtlebot3_cartographer
[1.094s] -- Up-to-date: /ros_ws/install/turtlebot3_cartographer/share/turtlebot3_cartographer/cmake/turtlebot3_cartographerConfig.cmake
[1.094s] -- Up-to-date: /ros_ws/install/turtlebot3_cartographer/share/turtlebot3_cartographer/cmake/turtlebot3_cartographerConfig-version.cmake
[1.094s] -- Up-to-date: /ros_ws/install/turtlebot3_cartographer/share/turtlebot3_cartographer/package.xml
[1.191s] Invoked command in '/ros_ws/build/turtlebot3_cartographer' returned '0': CMAKE_PREFIX_PATH=${CMAKE_PREFIX_PATH}:/ros_ws/install/turtlebot_logic:/ros_ws/install/turtlebot3_teleop:/ros_ws/install/turtlebot3_example:/opt/ros/jazzy /usr/bin/cmake --install /ros_ws/build/turtlebot3_cartographer
