[0.232s] Invoking command in '/ros_ws/build/turtlebot3_description': CMAKE_PREFIX_PATH=${CMAKE_PREFIX_PATH}:/ros_ws/install/turtlebot_logic:/ros_ws/install/turtlebot3_teleop:/ros_ws/install/turtlebot3_example:/opt/ros/jazzy /usr/bin/cmake --build /ros_ws/build/turtlebot3_description -- -j12 -l12
[1.858s] Invoked command in '/ros_ws/build/turtlebot3_description' returned '0': CMAKE_PREFIX_PATH=${CMAKE_PREFIX_PATH}:/ros_ws/install/turtlebot_logic:/ros_ws/install/turtlebot3_teleop:/ros_ws/install/turtlebot3_example:/opt/ros/jazzy /usr/bin/cmake --build /ros_ws/build/turtlebot3_description -- -j12 -l12
[1.861s] Invoking command in '/ros_ws/build/turtlebot3_description': CMAKE_PREFIX_PATH=${CMAKE_PREFIX_PATH}:/ros_ws/install/turtlebot_logic:/ros_ws/install/turtlebot3_teleop:/ros_ws/install/turtlebot3_example:/opt/ros/jazzy /usr/bin/cmake --install /ros_ws/build/turtlebot3_description
[2.046s] -- Install configuration: ""
[2.047s] -- Up-to-date: /ros_ws/install/turtlebot3_description/share/turtlebot3_description/meshes
[2.047s] -- Up-to-date: /ros_ws/install/turtlebot3_description/share/turtlebot3_description/meshes/bases
[2.048s] -- Up-to-date: /ros_ws/install/turtlebot3_description/share/turtlebot3_description/meshes/bases/burger_base.stl
[2.049s] -- Up-to-date: /ros_ws/install/turtlebot3_description/share/turtlebot3_description/meshes/bases/waffle_base.stl
[2.051s] -- Up-to-date: /ros_ws/install/turtlebot3_description/share/turtlebot3_description/meshes/bases/waffle_pi_base.stl
[2.053s] -- Up-to-date: /ros_ws/install/turtlebot3_description/share/turtlebot3_description/meshes/wheels
[2.054s] -- Up-to-date: /ros_ws/install/turtlebot3_description/share/turtlebot3_description/meshes/wheels/left_tire.stl
[2.056s] -- Up-to-date: /ros_ws/install/turtlebot3_description/share/turtlebot3_description/meshes/wheels/right_tire.stl
[2.059s] -- Up-to-date: /ros_ws/install/turtlebot3_description/share/turtlebot3_description/meshes/sensors
[2.060s] -- Up-to-date: /ros_ws/install/turtlebot3_description/share/turtlebot3_description/meshes/sensors/r200.dae
[2.062s] -- Up-to-date: /ros_ws/install/turtlebot3_description/share/turtlebot3_description/meshes/sensors/astra.dae
[2.063s] -- Up-to-date: /ros_ws/install/turtlebot3_description/share/turtlebot3_description/meshes/sensors/r200.jpg
[2.067s] -- Up-to-date: /ros_ws/install/turtlebot3_description/share/turtlebot3_description/meshes/sensors/astra.jpg
[2.070s] -- Up-to-date: /ros_ws/install/turtlebot3_description/share/turtlebot3_description/meshes/sensors/lds.stl
[2.072s] -- Up-to-date: /ros_ws/install/turtlebot3_description/share/turtlebot3_description/rviz
[2.073s] -- Up-to-date: /ros_ws/install/turtlebot3_description/share/turtlebot3_description/rviz/model.rviz
[2.073s] -- Up-to-date: /ros_ws/install/turtlebot3_description/share/turtlebot3_description/urdf
[2.074s] -- Up-to-date: /ros_ws/install/turtlebot3_description/share/turtlebot3_description/urdf/common_properties.urdf
[2.077s] -- Up-to-date: /ros_ws/install/turtlebot3_description/share/turtlebot3_description/urdf/turtlebot3_burger.urdf
[2.078s] -- Up-to-date: /ros_ws/install/turtlebot3_description/share/turtlebot3_description/urdf/turtlebot3_waffle_pi.urdf
[2.078s] -- Up-to-date: /ros_ws/install/turtlebot3_description/share/turtlebot3_description/urdf/turtlebot3_waffle.urdf
[2.079s] -- Up-to-date: /ros_ws/install/turtlebot3_description/share/ament_index/resource_index/package_run_dependencies/turtlebot3_description
[2.079s] -- Up-to-date: /ros_ws/install/turtlebot3_description/share/ament_index/resource_index/parent_prefix_path/turtlebot3_description
[2.080s] -- Up-to-date: /ros_ws/install/turtlebot3_description/share/turtlebot3_description/environment/ament_prefix_path.sh
[2.080s] -- Up-to-date: /ros_ws/install/turtlebot3_description/share/turtlebot3_description/environment/ament_prefix_path.dsv
[2.082s] -- Up-to-date: /ros_ws/install/turtlebot3_description/share/turtlebot3_description/environment/path.sh
[2.083s] -- Up-to-date: /ros_ws/install/turtlebot3_description/share/turtlebot3_description/environment/path.dsv
[2.083s] -- Up-to-date: /ros_ws/install/turtlebot3_description/share/turtlebot3_description/local_setup.bash
[2.084s] -- Up-to-date: /ros_ws/install/turtlebot3_description/share/turtlebot3_description/local_setup.sh
[2.086s] -- Up-to-date: /ros_ws/install/turtlebot3_description/share/turtlebot3_description/local_setup.zsh
[2.086s] -- Up-to-date: /ros_ws/install/turtlebot3_description/share/turtlebot3_description/local_setup.dsv
[2.087s] -- Installing: /ros_ws/install/turtlebot3_description/share/turtlebot3_description/package.dsv
[2.087s] -- Up-to-date: /ros_ws/install/turtlebot3_description/share/ament_index/resource_index/packages/turtlebot3_description
[2.087s] -- Up-to-date: /ros_ws/install/turtlebot3_description/share/turtlebot3_description/cmake/turtlebot3_descriptionConfig.cmake
[2.089s] -- Up-to-date: /ros_ws/install/turtlebot3_description/share/turtlebot3_description/cmake/turtlebot3_descriptionConfig-version.cmake
[2.090s] -- Up-to-date: /ros_ws/install/turtlebot3_description/share/turtlebot3_description/package.xml
[2.428s] Invoked command in '/ros_ws/build/turtlebot3_description' returned '0': CMAKE_PREFIX_PATH=${CMAKE_PREFIX_PATH}:/ros_ws/install/turtlebot_logic:/ros_ws/install/turtlebot3_teleop:/ros_ws/install/turtlebot3_example:/opt/ros/jazzy /usr/bin/cmake --install /ros_ws/build/turtlebot3_description
