[0.026s] Invoking command in '/ros_ws/build/turtlebot3_msgs': CMAKE_PREFIX_PATH=${CMAKE_PREFIX_PATH}:/ros_ws/install/turtlebot_logic:/ros_ws/install/turtlebot3_teleop:/ros_ws/install/turtlebot3_example:/opt/ros/jazzy /usr/bin/cmake --build /ros_ws/build/turtlebot3_msgs -- -j28 -l28
[0.253s] [  1%] Built target turtlebot3_msgs__rs
[0.253s] [  2%] Built target turtlebot3_msgs__rosidl_generator_type_description
[0.253s] [  2%] Built target ament_cmake_python_copy_turtlebot3_msgs
[0.253s] [  3%] Built target turtlebot3_msgs__cpp
[0.253s] [ 27%] Built target turtlebot3_msgs__rosidl_generator_c
[0.253s] [ 37%] Built target turtlebot3_msgs__rosidl_typesupport_fastrtps_c
[0.253s] [ 46%] Built target turtlebot3_msgs__rosidl_typesupport_introspection_cpp
[0.253s] [ 55%] Built target turtlebot3_msgs__rosidl_typesupport_fastrtps_cpp
[0.253s] [ 65%] Built target turtlebot3_msgs__rosidl_typesupport_c
[0.253s] [ 74%] Built target turtlebot3_msgs__rosidl_typesupport_introspection_c
[0.253s] [ 84%] Built target turtlebot3_msgs__rosidl_typesupport_cpp
[0.253s] [ 84%] Built target turtlebot3_msgs
[0.253s] [ 85%] Built target turtlebot3_msgs__py
[0.253s] [ 93%] Built target turtlebot3_msgs__rosidl_generator_py
[0.253s] running egg_info
[0.254s] writing turtlebot3_msgs.egg-info/PKG-INFO
[0.254s] writing dependency_links to turtlebot3_msgs.egg-info/dependency_links.txt
[0.254s] writing top-level names to turtlebot3_msgs.egg-info/top_level.txt
[0.254s] [ 95%] Built target turtlebot3_msgs_s__rosidl_typesupport_fastrtps_c
[0.254s] [ 97%] Built target turtlebot3_msgs_s__rosidl_typesupport_introspection_c
[0.254s] [100%] Built target turtlebot3_msgs_s__rosidl_typesupport_c
[0.254s] reading manifest file 'turtlebot3_msgs.egg-info/SOURCES.txt'
[0.254s] writing manifest file 'turtlebot3_msgs.egg-info/SOURCES.txt'
[0.254s] [100%] Built target ament_cmake_python_build_turtlebot3_msgs_egg
