[0.166s] Invoking command in '/ros_ws/build/turtlebot3_description': CMAKE_PREFIX_PATH=${CMAKE_PREFIX_PATH}:/ros_ws/install/turtlebot_logic:/ros_ws/install/turtlebot3_teleop:/ros_ws/install/turtlebot3_example:/opt/ros/jazzy /usr/bin/cmake --build /ros_ws/build/turtlebot3_description -- -j12 -l12
[1.441s] -- Found ament_cmake: 2.5.6 (/opt/ros/jazzy/share/ament_cmake/cmake)
[1.442s] -- Found urdf: 2.10.1 (/opt/ros/jazzy/share/urdf/cmake)
[1.442s] -- Found TinyXML2 via Config file: /usr/lib/x86_64-linux-gnu/cmake/tinyxml2
[1.516s] -- Configuring done (1.1s)
[1.543s] -- Generating done (0.0s)
[1.554s] -- Build files have been written to: /ros_ws/build/turtlebot3_description
[1.652s] Invoked command in '/ros_ws/build/turtlebot3_description' returned '0': CMAKE_PREFIX_PATH=${CMAKE_PREFIX_PATH}:/ros_ws/install/turtlebot_logic:/ros_ws/install/turtlebot3_teleop:/ros_ws/install/turtlebot3_example:/opt/ros/jazzy /usr/bin/cmake --build /ros_ws/build/turtlebot3_description -- -j12 -l12
[1.655s] Invoking command in '/ros_ws/build/turtlebot3_description': CMAKE_PREFIX_PATH=${CMAKE_PREFIX_PATH}:/ros_ws/install/turtlebot_logic:/ros_ws/install/turtlebot3_teleop:/ros_ws/install/turtlebot3_example:/opt/ros/jazzy /usr/bin/cmake --install /ros_ws/build/turtlebot3_description
[1.735s] -- Install configuration: ""
[1.735s] -- Up-to-date: /ros_ws/install/turtlebot3_description/share/turtlebot3_description/meshes
[1.735s] -- Up-to-date: /ros_ws/install/turtlebot3_description/share/turtlebot3_description/meshes/bases
[1.735s] -- Installing: /ros_ws/install/turtlebot3_description/share/turtlebot3_description/meshes/bases/burger_base.stl
[1.736s] -- Installing: /ros_ws/install/turtlebot3_description/share/turtlebot3_description/meshes/bases/waffle_base.stl
[1.810s] -- Installing: /ros_ws/install/turtlebot3_description/share/turtlebot3_description/meshes/bases/waffle_pi_base.stl
[1.857s] -- Up-to-date: /ros_ws/install/turtlebot3_description/share/turtlebot3_description/meshes/wheels
[1.858s] -- Installing: /ros_ws/install/turtlebot3_description/share/turtlebot3_description/meshes/wheels/left_tire.stl
[1.868s] -- Installing: /ros_ws/install/turtlebot3_description/share/turtlebot3_description/meshes/wheels/right_tire.stl
[1.871s] -- Up-to-date: /ros_ws/install/turtlebot3_description/share/turtlebot3_description/meshes/sensors
[1.871s] -- Installing: /ros_ws/install/turtlebot3_description/share/turtlebot3_description/meshes/sensors/r200.dae
[1.874s] -- Installing: /ros_ws/install/turtlebot3_description/share/turtlebot3_description/meshes/sensors/astra.dae
[1.916s] -- Installing: /ros_ws/install/turtlebot3_description/share/turtlebot3_description/meshes/sensors/r200.jpg
[1.917s] -- Installing: /ros_ws/install/turtlebot3_description/share/turtlebot3_description/meshes/sensors/astra.jpg
[1.919s] -- Installing: /ros_ws/install/turtlebot3_description/share/turtlebot3_description/meshes/sensors/lds.stl
[1.928s] -- Up-to-date: /ros_ws/install/turtlebot3_description/share/turtlebot3_description/rviz
[1.929s] -- Installing: /ros_ws/install/turtlebot3_description/share/turtlebot3_description/rviz/model.rviz
[1.930s] -- Up-to-date: /ros_ws/install/turtlebot3_description/share/turtlebot3_description/urdf
[1.931s] -- Installing: /ros_ws/install/turtlebot3_description/share/turtlebot3_description/urdf/common_properties.urdf
[1.932s] -- Installing: /ros_ws/install/turtlebot3_description/share/turtlebot3_description/urdf/turtlebot3_burger.urdf
[1.932s] -- Installing: /ros_ws/install/turtlebot3_description/share/turtlebot3_description/urdf/turtlebot3_waffle_pi.urdf
[1.933s] -- Installing: /ros_ws/install/turtlebot3_description/share/turtlebot3_description/urdf/turtlebot3_waffle.urdf
[1.934s] -- Installing: /ros_ws/install/turtlebot3_description/share/ament_index/resource_index/package_run_dependencies/turtlebot3_description
[1.935s] -- Installing: /ros_ws/install/turtlebot3_description/share/ament_index/resource_index/parent_prefix_path/turtlebot3_description
[1.936s] -- Installing: /ros_ws/install/turtlebot3_description/share/turtlebot3_description/environment/ament_prefix_path.sh
[1.937s] -- Installing: /ros_ws/install/turtlebot3_description/share/turtlebot3_description/environment/ament_prefix_path.dsv
[1.937s] -- Installing: /ros_ws/install/turtlebot3_description/share/turtlebot3_description/environment/path.sh
[1.938s] -- Installing: /ros_ws/install/turtlebot3_description/share/turtlebot3_description/environment/path.dsv
[1.938s] -- Installing: /ros_ws/install/turtlebot3_description/share/turtlebot3_description/local_setup.bash
[1.939s] -- Installing: /ros_ws/install/turtlebot3_description/share/turtlebot3_description/local_setup.sh
[1.940s] -- Installing: /ros_ws/install/turtlebot3_description/share/turtlebot3_description/local_setup.zsh
[1.943s] -- Installing: /ros_ws/install/turtlebot3_description/share/turtlebot3_description/local_setup.dsv
[1.945s] -- Installing: /ros_ws/install/turtlebot3_description/share/turtlebot3_description/package.dsv
[1.945s] -- Installing: /ros_ws/install/turtlebot3_description/share/ament_index/resource_index/packages/turtlebot3_description
[1.945s] -- Installing: /ros_ws/install/turtlebot3_description/share/turtlebot3_description/cmake/turtlebot3_descriptionConfig.cmake
[1.946s] -- Installing: /ros_ws/install/turtlebot3_description/share/turtlebot3_description/cmake/turtlebot3_descriptionConfig-version.cmake
[1.947s] -- Installing: /ros_ws/install/turtlebot3_description/share/turtlebot3_description/package.xml
[1.955s] Invoked command in '/ros_ws/build/turtlebot3_description' returned '0': CMAKE_PREFIX_PATH=${CMAKE_PREFIX_PATH}:/ros_ws/install/turtlebot_logic:/ros_ws/install/turtlebot3_teleop:/ros_ws/install/turtlebot3_example:/opt/ros/jazzy /usr/bin/cmake --install /ros_ws/build/turtlebot3_description
