[0.194s] Invoking command in '/ros_ws/build/turtlebot3_navigation2': CMAKE_PREFIX_PATH=${CMAKE_PREFIX_PATH}:/ros_ws/install/turtlebot_logic:/ros_ws/install/turtlebot3_teleop:/ros_ws/install/turtlebot3_example:/opt/ros/jazzy /usr/bin/cmake --build /ros_ws/build/turtlebot3_navigation2 -- -j12 -l12
[1.826s] Invoked command in '/ros_ws/build/turtlebot3_navigation2' returned '0': CMAKE_PREFIX_PATH=${CMAKE_PREFIX_PATH}:/ros_ws/install/turtlebot_logic:/ros_ws/install/turtlebot3_teleop:/ros_ws/install/turtlebot3_example:/opt/ros/jazzy /usr/bin/cmake --build /ros_ws/build/turtlebot3_navigation2 -- -j12 -l12
[1.827s] Invoking command in '/ros_ws/build/turtlebot3_navigation2': CMAKE_PREFIX_PATH=${CMAKE_PREFIX_PATH}:/ros_ws/install/turtlebot_logic:/ros_ws/install/turtlebot3_teleop:/ros_ws/install/turtlebot3_example:/opt/ros/jazzy /usr/bin/cmake --install /ros_ws/build/turtlebot3_navigation2
[2.337s] -- Install configuration: ""
[2.337s] -- Up-to-date: /ros_ws/install/turtlebot3_navigation2/share/turtlebot3_navigation2/launch
[2.338s] -- Up-to-date: /ros_ws/install/turtlebot3_navigation2/share/turtlebot3_navigation2/launch/navigation2.launch.py
[2.338s] -- Up-to-date: /ros_ws/install/turtlebot3_navigation2/share/turtlebot3_navigation2/map
[2.339s] -- Up-to-date: /ros_ws/install/turtlebot3_navigation2/share/turtlebot3_navigation2/map/map.yaml
[2.340s] -- Up-to-date: /ros_ws/install/turtlebot3_navigation2/share/turtlebot3_navigation2/map/map.pgm
[2.341s] -- Up-to-date: /ros_ws/install/turtlebot3_navigation2/share/turtlebot3_navigation2/param
[2.341s] -- Up-to-date: /ros_ws/install/turtlebot3_navigation2/share/turtlebot3_navigation2/param/burger_cam.yaml
[2.341s] -- Up-to-date: /ros_ws/install/turtlebot3_navigation2/share/turtlebot3_navigation2/param/waffle.yaml
[2.341s] -- Up-to-date: /ros_ws/install/turtlebot3_navigation2/share/turtlebot3_navigation2/param/burger.yaml
[2.341s] -- Up-to-date: /ros_ws/install/turtlebot3_navigation2/share/turtlebot3_navigation2/param/waffle_pi.yaml
[2.341s] -- Up-to-date: /ros_ws/install/turtlebot3_navigation2/share/turtlebot3_navigation2/param/humble
[2.342s] -- Up-to-date: /ros_ws/install/turtlebot3_navigation2/share/turtlebot3_navigation2/param/humble/burger_cam.yaml
[2.342s] -- Up-to-date: /ros_ws/install/turtlebot3_navigation2/share/turtlebot3_navigation2/param/humble/waffle.yaml
[2.342s] -- Up-to-date: /ros_ws/install/turtlebot3_navigation2/share/turtlebot3_navigation2/param/humble/burger.yaml
[2.342s] -- Up-to-date: /ros_ws/install/turtlebot3_navigation2/share/turtlebot3_navigation2/param/humble/waffle_pi.yaml
[2.343s] -- Up-to-date: /ros_ws/install/turtlebot3_navigation2/share/turtlebot3_navigation2/rviz
[2.343s] -- Up-to-date: /ros_ws/install/turtlebot3_navigation2/share/turtlebot3_navigation2/rviz/tb3_navigation2.rviz
[2.344s] -- Up-to-date: /ros_ws/install/turtlebot3_navigation2/share/ament_index/resource_index/package_run_dependencies/turtlebot3_navigation2
[2.344s] -- Up-to-date: /ros_ws/install/turtlebot3_navigation2/share/ament_index/resource_index/parent_prefix_path/turtlebot3_navigation2
[2.344s] -- Up-to-date: /ros_ws/install/turtlebot3_navigation2/share/turtlebot3_navigation2/environment/ament_prefix_path.sh
[2.345s] -- Up-to-date: /ros_ws/install/turtlebot3_navigation2/share/turtlebot3_navigation2/environment/ament_prefix_path.dsv
[2.345s] -- Up-to-date: /ros_ws/install/turtlebot3_navigation2/share/turtlebot3_navigation2/environment/path.sh
[2.345s] -- Up-to-date: /ros_ws/install/turtlebot3_navigation2/share/turtlebot3_navigation2/environment/path.dsv
[2.348s] -- Up-to-date: /ros_ws/install/turtlebot3_navigation2/share/turtlebot3_navigation2/local_setup.bash
[2.348s] -- Up-to-date: /ros_ws/install/turtlebot3_navigation2/share/turtlebot3_navigation2/local_setup.sh
[2.348s] -- Up-to-date: /ros_ws/install/turtlebot3_navigation2/share/turtlebot3_navigation2/local_setup.zsh
[2.349s] -- Up-to-date: /ros_ws/install/turtlebot3_navigation2/share/turtlebot3_navigation2/local_setup.dsv
[2.350s] -- Installing: /ros_ws/install/turtlebot3_navigation2/share/turtlebot3_navigation2/package.dsv
[2.350s] -- Up-to-date: /ros_ws/install/turtlebot3_navigation2/share/ament_index/resource_index/packages/turtlebot3_navigation2
[2.350s] -- Up-to-date: /ros_ws/install/turtlebot3_navigation2/share/turtlebot3_navigation2/cmake/turtlebot3_navigation2Config.cmake
[2.351s] -- Up-to-date: /ros_ws/install/turtlebot3_navigation2/share/turtlebot3_navigation2/cmake/turtlebot3_navigation2Config-version.cmake
[2.352s] -- Up-to-date: /ros_ws/install/turtlebot3_navigation2/share/turtlebot3_navigation2/package.xml
[2.483s] Invoked command in '/ros_ws/build/turtlebot3_navigation2' returned '0': CMAKE_PREFIX_PATH=${CMAKE_PREFIX_PATH}:/ros_ws/install/turtlebot_logic:/ros_ws/install/turtlebot3_teleop:/ros_ws/install/turtlebot3_example:/opt/ros/jazzy /usr/bin/cmake --install /ros_ws/build/turtlebot3_navigation2
