--2026-09-10 07:35:59--  https://raw.githubusercontent.com/hrnr/m-explore-extra/master/map_merge/hector_maps/map00.pgm
Resolving raw.githubusercontent.com (raw.githubusercontent.com)... 185.199.108.133, 185.199.111.133, 185.199.110.133, ...
Connecting to raw.githubusercontent.com (raw.githubusercontent.com)|185.199.108.133|:443... connected.
HTTP request sent, awaiting response... 200 OK
Length: 4194362 (4.0M) [application/octet-stream]
Saving to: ‘/ros_ws/build/multirobot_map_merge/map00.pgm’

     0K .......... .......... .......... .......... ..........  1%  628K 6s
    50K .......... .......... .......... .......... ..........  2% 3.84M 4s
   100K .......... .......... .......... .......... ..........  3%  420K 6s
   150K .......... .......... .......... .......... ..........  4% 12.0M 4s
   200K .......... .......... .......... .......... ..........  6% 4.59M 3s
   250K .......... .......... .......... .......... ..........  7% 32.5M 3s
   300K .......... .......... .......... .......... ..........  8% 2.45M 3s
   350K .......... .......... .......... .......... ..........  9% 3.22M 2s
   400K .......... .......... .......... .......... .......... 10% 68.6M 2s
   450K .......... .......... .......... .......... .......... 12% 3.46M 2s
   500K .......... .......... .......... .......... .......... 13% 4.10M 2s
   550K .......... .......... .......... .......... .......... 14% 7.15M 2s
   600K .......... .......... .......... .......... .......... 15% 93.5M 2s
   650K .......... .......... .......... .......... .......... 17% 8.41M 1s
   700K .......... .......... .......... .......... .......... 18% 3.74M 1s
   750K .......... .......... .......... .......... .......... 19% 2.44M 1s
   800K .......... .......... .......... .......... .......... 20% 1.91M 1s
   850K .......... .......... .......... .......... .......... 21% 19.4M 1s
   900K .......... .......... .......... .......... .......... 23% 44.1M 1s
   950K .......... .......... .......... .......... .......... 24% 12.4M 1s
  1000K .......... .......... .......... .......... .......... 25% 4.91M 1s
  1050K .......... .......... .......... .......... .......... 26% 6.89M 1s
  1100K .......... .......... .......... .......... .......... 28% 4.83M 1s
  1150K .......... .......... .......... .......... .......... 29% 6.25M 1s
  1200K .......... .......... .......... .......... .......... 30% 7.00M 1s
  1250K .......... .......... .......... .......... .......... 31% 3.77M 1s
  1300K .......... .......... .......... .......... .......... 32% 22.5M 1s
  1350K .......... .......... .......... .......... .......... 34% 1.17M 1s
  1400K .......... .......... .......... .......... .......... 35% 15.2M 1s
  1450K .......... .......... .......... .......... .......... 36% 4.04M 1s
  1500K .......... .......... .......... .......... .......... 37%  172M 1s
  1550K .......... .......... .......... .......... .......... 39% 1.50M 1s
  1600K .......... .......... .......... .......... .......... 40% 1.73M 1s
  1650K .......... .......... .......... .......... .......... 41% 3.73M 1s
  1700K .......... .......... .......... .......... .......... 42% 10.8M 1s
  1750K .......... .......... .......... .......... .......... 43% 2.62M 1s
  1800K .......... .......... .......... .......... .......... 45% 2.48M 1s
  1850K .......... .......... .......... .......... .......... 46% 12.1M 1s
  1900K .......... .......... .......... .......... .......... 47% 10.3M 1s
  1950K .......... .......... .......... .......... .......... 48% 4.10M 1s
  2000K .......... .......... .......... .......... .......... 50% 3.23M 1s
  2050K .......... .......... .......... .......... .......... 51% 3.62M 1s
  2100K .......... .......... .......... .......... .......... 52% 4.67M 1s
  2150K .......... .......... .......... .......... .......... 53% 4.06M 1s
  2200K .......... .......... .......... .......... .......... 54% 5.44M 1s
  2250K .......... .......... .......... .......... .......... 56% 6.29M 1s
  2300K .......... .......... .......... .......... .......... 57% 5.41M 1s
  2350K .......... .......... .......... .......... .......... 58% 3.83M 1s
  2400K .......... .......... .......... .......... .......... 59% 12.6M 0s
  2450K .......... .......... .......... .......... .......... 61% 2.97M 0s
  2500K .......... .......... .......... .......... .......... 62%  165M 0s
  2550K .......... .......... .......... .......... .......... 63% 37.9M 0s
  2600K .......... .......... .......... .......... .......... 64% 11.8M 0s
  2650K .......... .......... .......... .......... .......... 65% 3.08M 0s
  2700K .......... .......... .......... .......... .......... 67% 3.69M 0s
  2750K .......... .......... .......... .......... .......... 68% 39.7M 0s
  2800K .......... .......... .......... .......... .......... 69% 16.0M 0s
  2850K .......... .......... .......... .......... .......... 70% 7.70M 0s
  2900K .......... .......... .......... .......... .......... 72% 6.65M 0s
  2950K .......... .......... .......... .......... .......... 73% 30.7M 0s
  3000K .......... .......... .......... .......... .......... 74% 36.1M 0s
  3050K .......... .......... .......... .......... .......... 75% 5.64M 0s
  3100K .......... .......... .......... .......... .......... 76% 34.9M 0s
  3150K .......... .......... .......... .......... .......... 78% 18.8M 0s
  3200K .......... .......... .......... .......... .......... 79% 9.47M 0s
  3250K .......... .......... .......... .......... .......... 80% 21.9M 0s
  3300K .......... .......... .......... .......... .......... 81% 12.9M 0s
  3350K .......... .......... .......... .......... .......... 83% 4.33M 0s
  3400K .......... .......... .......... .......... .......... 84%  117M 0s
  3450K .......... .......... .......... .......... .......... 85% 3.04M 0s
  3500K .......... .......... .......... .......... .......... 86% 7.86M 0s
  3550K .......... .......... .......... .......... .......... 87%  152M 0s
  3600K .......... .......... .......... .......... .......... 89% 13.1M 0s
  3650K .......... .......... .......... .......... .......... 90% 4.02M 0s
  3700K .......... .......... .......... .......... .......... 91% 2.99M 0s
  3750K .......... .......... .......... .......... .......... 92% 15.1M 0s
  3800K .......... .......... .......... .......... .......... 93% 5.48M 0s
  3850K .......... .......... .......... .......... .......... 95% 4.33M 0s
  3900K .......... .......... .......... .......... .......... 96%  121M 0s
  3950K .......... .......... .......... .......... .......... 97% 3.85M 0s
  4000K .......... .......... .......... .......... .......... 98% 6.31M 0s
  4050K .......... .......... .......... .......... ......    100% 15.9M=0.9s

2026-09-10 07:36:01 (4.33 MB/s) - ‘/ros_ws/build/multirobot_map_merge/map00.pgm’ saved [4194362/4194362]

--2026-09-10 07:36:01--  https://raw.githubusercontent.com/hrnr/m-explore-extra/master/map_merge/hector_maps/map05.pgm
Resolving raw.githubusercontent.com (raw.githubusercontent.com)... 185.199.108.133, 185.199.111.133, 185.199.110.133, ...
Connecting to raw.githubusercontent.com (raw.githubusercontent.com)|185.199.108.133|:443... connected.
HTTP request sent, awaiting response... 200 OK
Length: 4194362 (4.0M) [application/octet-stream]
Saving to: ‘/ros_ws/build/multirobot_map_merge/map05.pgm’

     0K .......... .......... .......... .......... ..........  1% 3.02M 1s
    50K .......... .......... .......... .......... ..........  2% 2.33M 1s
   100K .......... .......... .......... .......... ..........  3% 12.9M 1s
   150K .......... .......... .......... .......... ..........  4% 14.1M 1s
   200K .......... .......... .......... .......... ..........  6% 3.36M 1s
   250K .......... .......... .......... .......... ..........  7%  130M 1s
   300K .......... .......... .......... .......... ..........  8%  179M 1s
   350K .......... .......... .......... .......... ..........  9%  199M 1s
   400K .......... .......... .......... .......... .......... 10% 2.89M 1s
   450K .......... .......... .......... .......... .......... 12% 21.6M 1s
   500K .......... .......... .......... .......... .......... 13% 24.5M 1s
   550K .......... .......... .......... .......... .......... 14% 2.69M 1s
   600K .......... .......... .......... .......... .......... 15% 40.0M 1s
   650K .......... .......... .......... .......... .......... 17% 23.0M 0s
   700K .......... .......... .......... .......... .......... 18% 6.42M 0s
   750K .......... .......... .......... .......... .......... 19% 82.4M 0s
   800K .......... .......... .......... .......... .......... 20% 85.5M 0s
   850K .......... .......... .......... .......... .......... 21%  287M 0s
   900K .......... .......... .......... .......... .......... 23%  283M 0s
   950K .......... .......... .......... .......... .......... 24%  211M 0s
  1000K .......... .......... .......... .......... .......... 25%  306M 0s
  1050K .......... .......... .......... .......... .......... 26% 57.9M 0s
  1100K .......... .......... .......... .......... .......... 28% 7.74M 0s
  1150K .......... .......... .......... .......... .......... 29% 12.7M 0s
  1200K .......... .......... .......... .......... .......... 30% 11.6M 0s
  1250K .......... .......... .......... .......... .......... 31% 4.02M 0s
  1300K .......... .......... .......... .......... .......... 32%  135M 0s
  1350K .......... .......... .......... .......... .......... 34%  173M 0s
  1400K .......... .......... .......... .......... .......... 35% 3.24M 0s
  1450K .......... .......... .......... .......... .......... 36% 8.20M 0s
  1500K .......... .......... .......... .......... .......... 37% 26.9M 0s
  1550K .......... .......... .......... .......... .......... 39% 9.75M 0s
  1600K .......... .......... .......... .......... .......... 40% 14.3M 0s
  1650K .......... .......... .......... .......... .......... 41% 15.3M 0s
  1700K .......... .......... .......... .......... .......... 42%  120M 0s
  1750K .......... .......... .......... .......... .......... 43% 7.65M 0s
  1800K .......... .......... .......... .......... .......... 45% 15.0M 0s
  1850K .......... .......... .......... .......... .......... 46% 13.4M 0s
  1900K .......... .......... .......... .......... .......... 47% 7.18M 0s
  1950K .......... .......... .......... .......... .......... 48% 12.8M 0s
  2000K .......... .......... .......... .......... .......... 50% 41.0M 0s
  2050K .......... .......... .......... .......... .......... 51% 27.1M 0s
  2100K .......... .......... .......... .......... .......... 52% 12.1M 0s
  2150K .......... .......... .......... .......... .......... 53% 31.3M 0s
  2200K .......... .......... .......... .......... .......... 54% 2.61M 0s
  2250K .......... .......... .......... .......... .......... 56% 9.55M 0s
  2300K .......... .......... .......... .......... .......... 57% 17.6M 0s
  2350K .......... .......... .......... .......... .......... 58% 6.90M 0s
  2400K .......... .......... .......... .......... .......... 59% 20.6M 0s
  2450K .......... .......... .......... .......... .......... 61% 4.38M 0s
  2500K .......... .......... .......... .......... .......... 62% 6.40M 0s
  2550K .......... .......... .......... .......... .......... 63% 5.73M 0s
  2600K .......... .......... .......... .......... .......... 64% 55.5M 0s
  2650K .......... .......... .......... .......... .......... 65% 5.32M 0s
  2700K .......... .......... .......... .......... .......... 67% 9.01M 0s
  2750K .......... .......... .......... .......... .......... 68% 5.71M 0s
  2800K .......... .......... .......... .......... .......... 69% 26.5M 0s
  2850K .......... .......... .......... .......... .......... 70% 5.54M 0s
  2900K .......... .......... .......... .......... .......... 72% 26.4M 0s
  2950K .......... .......... .......... .......... .......... 73% 6.72M 0s
  3000K .......... .......... .......... .......... .......... 74% 5.58M 0s
  3050K .......... .......... .......... .......... .......... 75% 3.57M 0s
  3100K .......... .......... .......... .......... .......... 76% 5.34M 0s
  3150K .......... .......... .......... .......... .......... 78% 9.71M 0s
  3200K .......... .......... .......... .......... .......... 79% 6.22M 0s
  3250K .......... .......... .......... .......... .......... 80% 9.17M 0s
  3300K .......... .......... .......... .......... .......... 81% 12.5M 0s
  3350K .......... .......... .......... .......... .......... 83% 8.60M 0s
  3400K .......... .......... .......... .......... .......... 84% 4.59M 0s
  3450K .......... .......... .......... .......... .......... 85% 9.43M 0s
  3500K .......... .......... .......... .......... .......... 86% 4.18M 0s
  3550K .......... .......... .......... .......... .......... 87% 2.89M 0s
  3600K .......... .......... .......... .......... .......... 89% 4.97M 0s
  3650K .......... .......... .......... .......... .......... 90% 3.46M 0s
  3700K .......... .......... .......... .......... .......... 91% 61.9M 0s
  3750K .......... .......... .......... .......... .......... 92% 2.08M 0s
  3800K .......... .......... .......... .......... .......... 93% 1.39M 0s
  3850K .......... .......... .......... .......... .......... 95% 2.44M 0s
  3900K .......... .......... .......... .......... .......... 96% 6.04M 0s
  3950K .......... .......... .......... .......... .......... 97% 3.83M 0s
  4000K .......... .......... .......... .......... .......... 98% 12.1M 0s
  4050K .......... .......... .......... .......... ......    100% 4.62M=0.6s

2026-09-10 07:36:03 (7.19 MB/s) - ‘/ros_ws/build/multirobot_map_merge/map05.pgm’ saved [4194362/4194362]

--2026-09-10 07:36:03--  https://raw.githubusercontent.com/hrnr/m-explore-extra/master/map_merge/gmapping_maps/2011-08-09-12-22-52.pgm
Resolving raw.githubusercontent.com (raw.githubusercontent.com)... 185.199.108.133, 185.199.111.133, 185.199.110.133, ...
Connecting to raw.githubusercontent.com (raw.githubusercontent.com)|185.199.108.133|:443... connected.
HTTP request sent, awaiting response... 200 OK
Length: 16000058 (15M) [application/octet-stream]
Saving to: ‘/ros_ws/build/multirobot_map_merge/2011-08-09-12-22-52.pgm’

     0K .......... .......... .......... .......... ..........  0% 2.36M 6s
    50K .......... .......... .......... .......... ..........  0% 2.97M 6s
   100K .......... .......... .......... .......... ..........  0% 7.46M 5s
   150K .......... .......... .......... .......... ..........  1% 7.10M 4s
   200K .......... .......... .......... .......... ..........  1% 4.22M 4s
   250K .......... .......... .......... .......... ..........  1% 7.74M 3s
   300K .......... .......... .......... .......... ..........  2% 6.95M 3s
   350K .......... .......... .......... .......... ..........  2% 9.08M 3s
   400K .......... .......... .......... .......... ..........  2% 7.80M 3s
   450K .......... .......... .......... .......... ..........  3% 8.65M 3s
   500K .......... .......... .......... .......... ..........  3% 6.71M 3s
   550K .......... .......... .......... .......... ..........  3% 9.28M 3s
   600K .......... .......... .......... .......... ..........  4% 9.86M 3s
   650K .......... .......... .......... .......... ..........  4% 13.5M 2s
   700K .......... .......... .......... .......... ..........  4% 20.1M 2s
   750K .......... .......... .......... .......... ..........  5% 10.5M 2s
   800K .......... .......... .......... .......... ..........  5% 6.91M 2s
   850K .......... .......... .......... .......... ..........  5% 20.2M 2s
   900K .......... .......... .......... .......... ..........  6% 22.0M 2s
   950K .......... .......... .......... .......... ..........  6% 12.9M 2s
  1000K .......... .......... .......... .......... ..........  6% 12.6M 2s
  1050K .......... .......... .......... .......... ..........  7% 14.5M 2s
  1100K .......... .......... .......... .......... ..........  7% 6.81M 2s
  1150K .......... .......... .......... .......... ..........  7% 7.12M 2s
  1200K .......... .......... .......... .......... ..........  7% 4.18M 2s
  1250K .......... .......... .......... .......... ..........  8% 18.8M 2s
  1300K .......... .......... .......... .......... ..........  8% 12.4M 2s
  1350K .......... .......... .......... .......... ..........  8% 4.60M 2s
  1400K .......... .......... .......... .......... ..........  9% 11.3M 2s
  1450K .......... .......... .......... .......... ..........  9% 4.62M 2s
  1500K .......... .......... .......... .......... ..........  9% 8.32M 2s
  1550K .......... .......... .......... .......... .......... 10% 7.77M 2s
  1600K .......... .......... .......... .......... .......... 10% 6.33M 2s
  1650K .......... .......... .......... .......... .......... 10% 15.7M 2s
  1700K .......... .......... .......... .......... .......... 11% 12.2M 2s
  1750K .......... .......... .......... .......... .......... 11% 9.22M 2s
  1800K .......... .......... .......... .......... .......... 11% 8.31M 2s
  1850K .......... .......... .......... .......... .......... 12% 6.67M 2s
  1900K .......... .......... .......... .......... .......... 12% 7.74M 2s
  1950K .......... .......... .......... .......... .......... 12% 6.57M 2s
  2000K .......... .......... .......... .......... .......... 13% 9.75M 2s
  2050K .......... .......... .......... .......... .......... 13% 10.6M 2s
  2100K .......... .......... .......... .......... .......... 13% 5.40M 2s
  2150K .......... .......... .......... .......... .......... 14% 11.1M 2s
  2200K .......... .......... .......... .......... .......... 14% 14.3M 2s
  2250K .......... .......... .......... .......... .......... 14% 14.9M 2s
  2300K .......... .......... .......... .......... .......... 15% 8.17M 2s
  2350K .......... .......... .......... .......... .......... 15% 12.6M 2s
  2400K .......... .......... .......... .......... .......... 15% 7.11M 2s
  2450K .......... .......... .......... .......... .......... 15% 5.29M 2s
  2500K .......... .......... .......... .......... .......... 16% 6.46M 2s
  2550K .......... .......... .......... .......... .......... 16% 6.84M 2s
  2600K .......... .......... .......... .......... .......... 16% 5.35M 2s
  2650K .......... .......... .......... .......... .......... 17% 5.52M 2s
  2700K .......... .......... .......... .......... .......... 17% 9.85M 2s
  2750K .......... .......... .......... .......... .......... 17% 7.29M 2s
  2800K .......... .......... .......... .......... .......... 18% 7.68M 2s
  2850K .......... .......... .......... .......... .......... 18% 9.98M 2s
  2900K .......... .......... .......... .......... .......... 18% 9.62M 2s
  2950K .......... .......... .......... .......... .......... 19% 15.0M 2s
  3000K .......... .......... .......... .......... .......... 19% 15.9M 2s
  3050K .......... .......... .......... .......... .......... 19% 12.9M 2s
  3100K .......... .......... .......... .......... .......... 20% 26.4M 2s
  3150K .......... .......... .......... .......... .......... 20% 4.99M 2s
  3200K .......... .......... .......... .......... .......... 20% 77.8M 2s
  3250K .......... .......... .......... .......... .......... 21% 1.13M 2s
  3300K .......... .......... .......... .......... .......... 21% 4.51M 2s
  3350K .......... .......... .......... .......... .......... 21% 17.9M 2s
  3400K .......... .......... .......... .......... .......... 22% 33.3M 2s
  3450K .......... .......... .......... .......... .......... 22% 9.77M 2s
  3500K .......... .......... .......... .......... .......... 22% 6.96M 2s
  3550K .......... .......... .......... .......... .......... 23% 9.00M 2s
  3600K .......... .......... .......... .......... .......... 23% 17.3M 2s
  3650K .......... .......... .......... .......... .......... 23% 9.66M 2s
  3700K .......... .......... .......... .......... .......... 23% 27.2M 2s
  3750K .......... .......... .......... .......... .......... 24% 7.79M 2s
  3800K .......... .......... .......... .......... .......... 24% 22.4M 2s
  3850K .......... .......... .......... .......... .......... 24% 14.7M 1s
  3900K .......... .......... .......... .......... .......... 25% 8.74M 1s
  3950K .......... .......... .......... .......... .......... 25% 16.9M 1s
  4000K .......... .......... .......... .......... .......... 25% 91.2M 1s
  4050K .......... .......... .......... .......... .......... 26% 18.9M 1s
  4100K .......... .......... .......... .......... .......... 26% 19.4M 1s
  4150K .......... .......... .......... .......... .......... 26% 12.0M 1s
  4200K .......... .......... .......... .......... .......... 27% 9.28M 1s
  4250K .......... .......... .......... .......... .......... 27% 9.00M 1s
  4300K .......... .......... .......... .......... .......... 27% 9.30M 1s
  4350K .......... .......... .......... .......... .......... 28% 21.6M 1s
  4400K .......... .......... .......... .......... .......... 28% 14.7M 1s
  4450K .......... .......... .......... .......... .......... 28% 10.2M 1s
  4500K .......... .......... .......... .......... .......... 29% 9.32M 1s
  4550K .......... .......... .......... .......... .......... 29% 16.7M 1s
  4600K .......... .......... .......... .......... .......... 29% 12.1M 1s
  4650K .......... .......... .......... .......... .......... 30% 11.6M 1s
  4700K .......... .......... .......... .......... .......... 30% 7.89M 1s
  4750K .......... .......... .......... .......... .......... 30% 13.5M 1s
  4800K .......... .......... .......... .......... .......... 31% 4.36M 1s
  4850K .......... .......... .......... .......... .......... 31% 45.2M 1s
  4900K .......... .......... .......... .......... .......... 31% 16.6M 1s
  4950K .......... .......... .......... .......... .......... 31% 9.46M 1s
  5000K .......... .......... .......... .......... .......... 32% 13.5M 1s
  5050K .......... .......... .......... .......... .......... 32% 16.2M 1s
  5100K .......... .......... .......... .......... .......... 32% 6.22M 1s
  5150K .......... .......... .......... .......... .......... 33% 11.1M 1s
  5200K .......... .......... .......... .......... .......... 33% 8.17M 1s
  5250K .......... .......... .......... .......... .......... 33% 14.8M 1s
  5300K .......... .......... .......... .......... .......... 34% 3.66M 1s
  5350K .......... .......... .......... .......... .......... 34% 11.1M 1s
  5400K .......... .......... .......... .......... .......... 34% 6.49M 1s
  5450K .......... .......... .......... .......... .......... 35% 9.18M 1s
  5500K .......... .......... .......... .......... .......... 35% 22.4M 1s
  5550K .......... .......... .......... .......... .......... 35% 9.17M 1s
  5600K .......... .......... .......... .......... .......... 36% 9.06M 1s
  5650K .......... .......... .......... .......... .......... 36% 11.2M 1s
  5700K .......... .......... .......... .......... .......... 36% 14.4M 1s
  5750K .......... .......... .......... .......... .......... 37% 7.54M 1s
  5800K .......... .......... .......... .......... .......... 37% 1.90M 1s
  5850K .......... .......... .......... .......... .......... 37% 9.25M 1s
  5900K .......... .......... .......... .......... .......... 38% 6.31M 1s
  5950K .......... .......... .......... .......... .......... 38% 10.8M 1s
  6000K .......... .......... .......... .......... .......... 38% 12.0M 1s
  6050K .......... .......... .......... .......... .......... 39% 8.82M 1s
  6100K .......... .......... .......... .......... .......... 39% 10.6M 1s
  6150K .......... .......... .......... .......... .......... 39% 11.4M 1s
  6200K .......... .......... .......... .......... .......... 39% 8.16M 1s
  6250K .......... .......... .......... .......... .......... 40% 9.77M 1s
  6300K .......... .......... .......... .......... .......... 40% 8.96M 1s
  6350K .......... .......... .......... .......... .......... 40% 12.9M 1s
  6400K .......... .......... .......... .......... .......... 41% 9.07M 1s
  6450K .......... .......... .......... .......... .......... 41% 9.40M 1s
  6500K .......... .......... .......... .......... .......... 41% 11.0M 1s
  6550K .......... .......... .......... .......... .......... 42% 8.02M 1s
  6600K .......... .......... .......... .......... .......... 42% 7.63M 1s
  6650K .......... .......... .......... .......... .......... 42% 14.8M 1s
  6700K .......... .......... .......... .......... .......... 43% 7.58M 1s
  6750K .......... .......... .......... .......... .......... 43% 8.18M 1s
  6800K .......... .......... .......... .......... .......... 43% 6.07M 1s
  6850K .......... .......... .......... .......... .......... 44% 10.0M 1s
  6900K .......... .......... .......... .......... .......... 44% 18.9M 1s
  6950K .......... .......... .......... .......... .......... 44% 11.2M 1s
  7000K .......... .......... .......... .......... .......... 45% 12.7M 1s
  7050K .......... .......... .......... .......... .......... 45% 17.4M 1s
  7100K .......... .......... .......... .......... .......... 45% 15.7M 1s
  7150K .......... .......... .......... .......... .......... 46% 10.6M 1s
  7200K .......... .......... .......... .......... .......... 46% 10.1M 1s
  7250K .......... .......... .......... .......... .......... 46% 16.9M 1s
  7300K .......... .......... .......... .......... .......... 47% 10.6M 1s
  7350K .......... .......... .......... .......... .......... 47% 11.3M 1s
  7400K .......... .......... .......... .......... .......... 47% 10.6M 1s
  7450K .......... .......... .......... .......... .......... 47% 18.7M 1s
  7500K .......... .......... .......... .......... .......... 48% 19.9M 1s
  7550K .......... .......... .......... .......... .......... 48% 9.92M 1s
  7600K .......... .......... .......... .......... .......... 48% 9.08M 1s
  7650K .......... .......... .......... .......... .......... 49% 11.5M 1s
  7700K .......... .......... .......... .......... .......... 49% 16.0M 1s
  7750K .......... .......... .......... .......... .......... 49% 13.4M 1s
  7800K .......... .......... .......... .......... .......... 50% 16.5M 1s
  7850K .......... .......... .......... .......... .......... 50% 21.0M 1s
  7900K .......... .......... .......... .......... .......... 50% 12.2M 1s
  7950K .......... .......... .......... .......... .......... 51% 13.7M 1s
  8000K .......... .......... .......... .......... .......... 51% 6.77M 1s
  8050K .......... .......... .......... .......... .......... 51% 11.4M 1s
  8100K .......... .......... .......... .......... .......... 52% 22.5M 1s
  8150K .......... .......... .......... .......... .......... 52% 14.9M 1s
  8200K .......... .......... .......... .......... .......... 52% 7.63M 1s
  8250K .......... .......... .......... .......... .......... 53% 14.9M 1s
  8300K .......... .......... .......... .......... .......... 53% 16.8M 1s
  8350K .......... .......... .......... .......... .......... 53% 15.2M 1s
  8400K .......... .......... .......... .......... .......... 54% 11.2M 1s
  8450K .......... .......... .......... .......... .......... 54% 17.2M 1s
  8500K .......... .......... .......... .......... .......... 54% 18.5M 1s
  8550K .......... .......... .......... .......... .......... 55% 18.0M 1s
  8600K .......... .......... .......... .......... .......... 55% 9.15M 1s
  8650K .......... .......... .......... .......... .......... 55% 12.8M 1s
  8700K .......... .......... .......... .......... .......... 55% 13.1M 1s
  8750K .......... .......... .......... .......... .......... 56% 12.6M 1s
  8800K .......... .......... .......... .......... .......... 56% 15.4M 1s
  8850K .......... .......... .......... .......... .......... 56% 12.5M 1s
  8900K .......... .......... .......... .......... .......... 57% 6.86M 1s
  8950K .......... .......... .......... .......... .......... 57% 13.0M 1s
  9000K .......... .......... .......... .......... .......... 57% 9.02M 1s
  9050K .......... .......... .......... .......... .......... 58% 11.4M 1s
  9100K .......... .......... .......... .......... .......... 58% 8.82M 1s
  9150K .......... .......... .......... .......... .......... 58% 12.0M 1s
  9200K .......... .......... .......... .......... .......... 59% 14.6M 1s
  9250K .......... .......... .......... .......... .......... 59% 20.8M 1s
  9300K .......... .......... .......... .......... .......... 59% 18.0M 1s
  9350K .......... .......... .......... .......... .......... 60% 18.5M 1s
  9400K .......... .......... .......... .......... .......... 60% 14.6M 1s
  9450K .......... .......... .......... .......... .......... 60% 13.8M 1s
  9500K .......... .......... .......... .......... .......... 61% 10.5M 1s
  9550K .......... .......... .......... .......... .......... 61% 13.4M 1s
  9600K .......... .......... .......... .......... .......... 61% 26.5M 1s
  9650K .......... .......... .......... .......... .......... 62% 23.2M 1s
  9700K .......... .......... .......... .......... .......... 62% 19.6M 1s
  9750K .......... .......... .......... .......... .......... 62% 17.5M 1s
  9800K .......... .......... .......... .......... .......... 63% 21.7M 1s
  9850K .......... .......... .......... .......... .......... 63% 26.6M 1s
  9900K .......... .......... .......... .......... .......... 63% 14.6M 1s
  9950K .......... .......... .......... .......... .......... 63% 20.2M 1s
 10000K .......... .......... .......... .......... .......... 64% 22.7M 1s
 10050K .......... .......... .......... .......... .......... 64% 19.4M 1s
 10100K .......... .......... .......... .......... .......... 64% 19.0M 1s
 10150K .......... .......... .......... .......... .......... 65% 21.5M 1s
 10200K .......... .......... .......... .......... .......... 65% 19.7M 1s
 10250K .......... .......... .......... .......... .......... 65% 25.0M 1s
 10300K .......... .......... .......... .......... .......... 66% 16.6M 1s
 10350K .......... .......... .......... .......... .......... 66% 22.3M 1s
 10400K .......... .......... .......... .......... .......... 66% 21.7M 1s
 10450K .......... .......... .......... .......... .......... 67% 25.2M 1s
 10500K .......... .......... .......... .......... .......... 67% 15.8M 1s
 10550K .......... .......... .......... .......... .......... 67% 18.0M 1s
 10600K .......... .......... .......... .......... .......... 68% 19.9M 0s
 10650K .......... .......... .......... .......... .......... 68% 22.8M 0s
 10700K .......... .......... .......... .......... .......... 68% 10.6M 0s
 10750K .......... .......... .......... .......... .......... 69% 18.4M 0s
 10800K .......... .......... .......... .......... .......... 69% 12.3M 0s
 10850K .......... .......... .......... .......... .......... 69% 9.29M 0s
 10900K .......... .......... .......... .......... .......... 70% 14.0M 0s
 10950K .......... .......... .......... .......... .......... 70% 9.41M 0s
 11000K .......... .......... .......... .......... .......... 70% 9.35M 0s
 11050K .......... .......... .......... .......... .......... 71% 17.8M 0s
 11100K .......... .......... .......... .......... .......... 71% 6.12M 0s
 11150K .......... .......... .......... .......... .......... 71% 14.2M 0s
 11200K .......... .......... .......... .......... .......... 71% 17.0M 0s
 11250K .......... .......... .......... .......... .......... 72% 10.6M 0s
 11300K .......... .......... .......... .......... .......... 72% 10.7M 0s
 11350K .......... .......... .......... .......... .......... 72% 13.1M 0s
 11400K .......... .......... .......... .......... .......... 73% 15.0M 0s
 11450K .......... .......... .......... .......... .......... 73% 17.2M 0s
 11500K .......... .......... .......... .......... .......... 73% 11.7M 0s
 11550K .......... .......... .......... .......... .......... 74% 14.3M 0s
 11600K .......... .......... .......... .......... .......... 74% 19.8M 0s
 11650K .......... .......... .......... .......... .......... 74% 14.9M 0s
 11700K .......... .......... .......... .......... .......... 75% 17.1M 0s
 11750K .......... .......... .......... .......... .......... 75% 12.9M 0s
 11800K .......... .......... .......... .......... .......... 75% 7.82M 0s
 11850K .......... .......... .......... .......... .......... 76% 14.0M 0s
 11900K .......... .......... .......... .......... .......... 76% 7.45M 0s
 11950K .......... .......... .......... .......... .......... 76% 13.0M 0s
 12000K .......... .......... .......... .......... .......... 77% 12.0M 0s
 12050K .......... .......... .......... .......... .......... 77% 16.6M 0s
 12100K .......... .......... .......... .......... .......... 77% 9.80M 0s
 12150K .......... .......... .......... .......... .......... 78% 9.57M 0s
 12200K .......... .......... .......... .......... .......... 78% 22.8M 0s
 12250K .......... .......... .......... .......... .......... 78% 12.9M 0s
 12300K .......... .......... .......... .......... .......... 79% 6.71M 0s
 12350K .......... .......... .......... .......... .......... 79% 7.45M 0s
 12400K .......... .......... .......... .......... .......... 79% 14.7M 0s
 12450K .......... .......... .......... .......... .......... 79% 14.8M 0s
 12500K .......... .......... .......... .......... .......... 80% 11.8M 0s
 12550K .......... .......... .......... .......... .......... 80% 5.18M 0s
 12600K .......... .......... .......... .......... .......... 80% 11.4M 0s
 12650K .......... .......... .......... .......... .......... 81% 14.2M 0s
 12700K .......... .......... .......... .......... .......... 81% 18.3M 0s
 12750K .......... .......... .......... .......... .......... 81% 17.4M 0s
 12800K .......... .......... .......... .......... .......... 82% 17.5M 0s
 12850K .......... .......... .......... .......... .......... 82% 11.6M 0s
 12900K .......... .......... .......... .......... .......... 82% 11.7M 0s
 12950K .......... .......... .......... .......... .......... 83% 19.9M 0s
 13000K .......... .......... .......... .......... .......... 83% 9.58M 0s
 13050K .......... .......... .......... .......... .......... 83% 5.78M 0s
 13100K .......... .......... .......... .......... .......... 84% 7.70M 0s
 13150K .......... .......... .......... .......... .......... 84% 11.4M 0s
 13200K .......... .......... .......... .......... .......... 84% 8.70M 0s
 13250K .......... .......... .......... .......... .......... 85% 9.46M 0s
 13300K .......... .......... .......... .......... .......... 85% 10.0M 0s
 13350K .......... .......... .......... .......... .......... 85% 9.62M 0s
 13400K .......... .......... .......... .......... .......... 86% 12.1M 0s
 13450K .......... .......... .......... .......... .......... 86% 19.8M 0s
 13500K .......... .......... .......... .......... .......... 86% 8.65M 0s
 13550K .......... .......... .......... .......... .......... 87% 10.1M 0s
 13600K .......... .......... .......... .......... .......... 87% 15.2M 0s
 13650K .......... .......... .......... .......... .......... 87% 17.1M 0s
 13700K .......... .......... .......... .......... .......... 87% 8.20M 0s
 13750K .......... .......... .......... .......... .......... 88% 20.5M 0s
 13800K .......... .......... .......... .......... .......... 88% 7.95M 0s
 13850K .......... .......... .......... .......... .......... 88% 17.8M 0s
 13900K .......... .......... .......... .......... .......... 89% 8.73M 0s
 13950K .......... .......... .......... .......... .......... 89% 7.39M 0s
 14000K .......... .......... .......... .......... .......... 89% 18.5M 0s
 14050K .......... .......... .......... .......... .......... 90% 21.4M 0s
 14100K .......... .......... .......... .......... .......... 90% 3.72M 0s
 14150K .......... .......... .......... .......... .......... 90% 13.2M 0s
 14200K .......... .......... .......... .......... .......... 91% 11.4M 0s
 14250K .......... .......... .......... .......... .......... 91% 11.8M 0s
 14300K .......... .......... .......... .......... .......... 91% 12.9M 0s
 14350K .......... .......... .......... .......... .......... 92% 14.8M 0s
 14400K .......... .......... .......... .......... .......... 92% 9.72M 0s
 14450K .......... .......... .......... .......... .......... 92% 9.88M 0s
 14500K .......... .......... .......... .......... .......... 93% 15.5M 0s
 14550K .......... .......... .......... .......... .......... 93% 13.5M 0s
 14600K .......... .......... .......... .......... .......... 93% 12.4M 0s
 14650K .......... .......... .......... .......... .......... 94% 20.0M 0s
 14700K .......... .......... .......... .......... .......... 94% 3.74M 0s
 14750K .......... .......... .......... .......... .......... 94% 4.33M 0s
 14800K .......... .......... .......... .......... .......... 95% 5.52M 0s
 14850K .......... .......... .......... .......... .......... 95% 11.7M 0s
 14900K .......... .......... .......... .......... .......... 95% 16.8M 0s
 14950K .......... .......... .......... .......... .......... 95% 14.7M 0s
 15000K .......... .......... .......... .......... .......... 96% 14.2M 0s
 15050K .......... .......... .......... .......... .......... 96% 19.6M 0s
 15100K .......... .......... .......... .......... .......... 96% 14.3M 0s
 15150K .......... .......... .......... .......... .......... 97% 15.0M 0s
 15200K .......... .......... .......... .......... .......... 97% 14.3M 0s
 15250K .......... .......... .......... .......... .......... 97% 7.54M 0s
 15300K .......... .......... .......... .......... .......... 98% 7.99M 0s
 15350K .......... .......... .......... .......... .......... 98% 8.80M 0s
 15400K .......... .......... .......... .......... .......... 98% 14.4M 0s
 15450K .......... .......... .......... .......... .......... 99% 15.9M 0s
 15500K .......... .......... .......... .......... .......... 99% 13.5M 0s
 15550K .......... .......... .......... .......... .......... 99% 13.4M 0s
 15600K .......... .......... .....                           100% 77.7M=1.5s

2026-09-10 07:36:07 (10.1 MB/s) - ‘/ros_ws/build/multirobot_map_merge/2011-08-09-12-22-52.pgm’ saved [16000058/16000058]

--2026-09-10 07:36:07--  https://raw.githubusercontent.com/hrnr/m-explore-extra/master/map_merge/gmapping_maps/2012-01-28-11-12-01.pgm
Resolving raw.githubusercontent.com (raw.githubusercontent.com)... 185.199.108.133, 185.199.111.133, 185.199.110.133, ...
Connecting to raw.githubusercontent.com (raw.githubusercontent.com)|185.199.108.133|:443... connected.
HTTP request sent, awaiting response... 200 OK
Length: 16000058 (15M) [application/octet-stream]
Saving to: ‘/ros_ws/build/multirobot_map_merge/2012-01-28-11-12-01.pgm’

     0K .......... .......... .......... .......... ..........  0% 1.70M 9s
    50K .......... .......... .......... .......... ..........  0% 24.4M 5s
   100K .......... .......... .......... .......... ..........  0%  939K 9s
   150K .......... .......... .......... .......... ..........  1% 73.4M 7s
   200K .......... .......... .......... .......... ..........  1%  144M 5s
   250K .......... .......... .......... .......... ..........  1% 50.9M 4s
   300K .......... .......... .......... .......... ..........  2% 8.69M 4s
   350K .......... .......... .......... .......... ..........  2% 3.50M 4s
   400K .......... .......... .......... .......... ..........  2% 2.43M 4s
   450K .......... .......... .......... .......... ..........  3% 9.80M 4s
   500K .......... .......... .......... .......... ..........  3% 4.36M 4s
   550K .......... .......... .......... .......... ..........  3% 2.90M 4s
   600K .......... .......... .......... .......... ..........  4% 1.62M 4s
   650K .......... .......... .......... .......... ..........  4% 7.04M 4s
   700K .......... .......... .......... .......... ..........  4% 1.13M 5s
   750K .......... .......... .......... .......... ..........  5% 3.80M 5s
   800K .......... .......... .......... .......... ..........  5% 4.81M 5s
   850K .......... .......... .......... .......... ..........  5% 3.97M 4s
   900K .......... .......... .......... .......... ..........  6% 1.55M 5s
   950K .......... .......... .......... .......... ..........  6%  134M 4s
  1000K .......... .......... .......... .......... ..........  6%  185M 4s
  1050K .......... .......... .......... .......... ..........  7%  188M 4s
  1100K .......... .......... .......... .......... ..........  7% 42.4M 4s
  1150K .......... .......... .......... .......... ..........  7% 23.3M 4s
  1200K .......... .......... .......... .......... ..........  7% 2.86M 4s
  1250K .......... .......... .......... .......... ..........  8% 22.9M 4s
  1300K .......... .......... .......... .......... ..........  8% 28.6M 3s
  1350K .......... .......... .......... .......... ..........  8% 10.2M 3s
  1400K .......... .......... .......... .......... ..........  9% 25.5M 3s
  1450K .......... .......... .......... .......... ..........  9% 4.48M 3s
  1500K .......... .......... .......... .......... ..........  9% 2.51M 3s
  1550K .......... .......... .......... .......... .......... 10% 11.8M 3s
  1600K .......... .......... .......... .......... .......... 10% 3.05M 3s
  1650K .......... .......... .......... .......... .......... 10% 4.34M 3s
  1700K .......... .......... .......... .......... .......... 11%  177M 3s
  1750K .......... .......... .......... .......... .......... 11%  104M 3s
  1800K .......... .......... .......... .......... .......... 11%  159M 3s
  1850K .......... .......... .......... .......... .......... 12%  164M 3s
  1900K .......... .......... .......... .......... .......... 12% 27.1M 3s
  1950K .......... .......... .......... .......... .......... 12% 76.4M 3s
  2000K .......... .......... .......... .......... .......... 13% 3.49M 3s
  2050K .......... .......... .......... .......... .......... 13% 66.5M 3s
  2100K .......... .......... .......... .......... .......... 13% 5.65M 3s
  2150K .......... .......... .......... .......... .......... 14% 10.2M 3s
  2200K .......... .......... .......... .......... .......... 14% 29.3M 3s
  2250K .......... .......... .......... .......... .......... 14% 12.5M 3s
  2300K .......... .......... .......... .......... .......... 15% 14.5M 2s
  2350K .......... .......... .......... .......... .......... 15% 73.6M 2s
  2400K .......... .......... .......... .......... .......... 15% 4.57M 2s
  2450K .......... .......... .......... .......... .......... 15% 13.3M 2s
  2500K .......... .......... .......... .......... .......... 16% 3.79M 2s
  2550K .......... .......... .......... .......... .......... 16% 20.7M 2s
  2600K .......... .......... .......... .......... .......... 16% 1.84M 2s
  2650K .......... .......... .......... .......... .......... 17% 6.73M 2s
  2700K .......... .......... .......... .......... .......... 17%  254M 2s
  2750K .......... .......... .......... .......... .......... 17% 20.1M 2s
  2800K .......... .......... .......... .......... .......... 18% 3.36M 2s
  2850K .......... .......... .......... .......... .......... 18% 1.63M 2s
  2900K .......... .......... .......... .......... .......... 18%  132M 2s
  2950K .......... .......... .......... .......... .......... 19% 3.22M 2s
  3000K .......... .......... .......... .......... .......... 19% 4.57M 2s
  3050K .......... .......... .......... .......... .......... 19% 5.96M 2s
  3100K .......... .......... .......... .......... .......... 20% 1.87M 2s
  3150K .......... .......... .......... .......... .......... 20% 4.15M 2s
  3200K .......... .......... .......... .......... .......... 20% 4.28M 2s
  3250K .......... .......... .......... .......... .......... 21% 3.97M 2s
  3300K .......... .......... .......... .......... .......... 21% 6.91M 2s
  3350K .......... .......... .......... .......... .......... 21% 3.73M 2s
  3400K .......... .......... .......... .......... .......... 22% 4.94M 2s
  3450K .......... .......... .......... .......... .......... 22% 6.09M 2s
  3500K .......... .......... .......... .......... .......... 22% 2.76M 2s
  3550K .......... .......... .......... .......... .......... 23% 3.88M 2s
  3600K .......... .......... .......... .......... .......... 23% 8.46M 2s
  3650K .......... .......... .......... .......... .......... 23% 1.14M 2s
  3700K .......... .......... .......... .......... .......... 23% 1.50M 3s
  3750K .......... .......... .......... .......... .......... 24% 3.71M 3s
  3800K .......... .......... .......... .......... .......... 24% 4.75M 3s
  3850K .......... .......... .......... .......... .......... 24% 6.82M 2s
  3900K .......... .......... .......... .......... .......... 25% 2.33M 3s
  3950K .......... .......... .......... .......... .......... 25% 3.99M 3s
  4000K .......... .......... .......... .......... .......... 25% 2.14M 3s
  4050K .......... .......... .......... .......... .......... 26% 10.1M 2s
  4100K .......... .......... .......... .......... .......... 26% 3.19M 2s
  4150K .......... .......... .......... .......... .......... 26% 2.70M 3s
  4200K .......... .......... .......... .......... .......... 27% 2.80M 3s
  4250K .......... .......... .......... .......... .......... 27% 2.87M 3s
  4300K .......... .......... .......... .......... .......... 27% 4.75M 3s
  4350K .......... .......... .......... .......... .......... 28% 7.86M 2s
  4400K .......... .......... .......... .......... .......... 28% 4.93M 2s
  4450K .......... .......... .......... .......... .......... 28% 8.09M 2s
  4500K .......... .......... .......... .......... .......... 29% 15.5M 2s
  4550K .......... .......... .......... .......... .......... 29% 6.66M 2s
  4600K .......... .......... .......... .......... .......... 29% 4.28M 2s
  4650K .......... .......... .......... .......... .......... 30% 13.9M 2s
  4700K .......... .......... .......... .......... .......... 30% 8.15M 2s
  4750K .......... .......... .......... .......... .......... 30% 12.4M 2s
  4800K .......... .......... .......... .......... .......... 31% 3.35M 2s
  4850K .......... .......... .......... .......... .......... 31% 4.76M 2s
  4900K .......... .......... .......... .......... .......... 31% 6.57M 2s
  4950K .......... .......... .......... .......... .......... 31% 7.67M 2s
  5000K .......... .......... .......... .......... .......... 32% 5.21M 2s
  5050K .......... .......... .......... .......... .......... 32% 2.54M 2s
  5100K .......... .......... .......... .......... .......... 32% 5.23M 2s
  5150K .......... .......... .......... .......... .......... 33% 4.44M 2s
  5200K .......... .......... .......... .......... .......... 33% 5.57M 2s
  5250K .......... .......... .......... .......... .......... 33% 19.9M 2s
  5300K .......... .......... .......... .......... .......... 34% 4.89M 2s
  5350K .......... .......... .......... .......... .......... 34% 9.00M 2s
  5400K .......... .......... .......... .......... .......... 34% 12.9M 2s
  5450K .......... .......... .......... .......... .......... 35% 6.98M 2s
  5500K .......... .......... .......... .......... .......... 35% 7.61M 2s
  5550K .......... .......... .......... .......... .......... 35% 4.76M 2s
  5600K .......... .......... .......... .......... .......... 36% 3.53M 2s
  5650K .......... .......... .......... .......... .......... 36% 4.13M 2s
  5700K .......... .......... .......... .......... .......... 36% 2.51M 2s
  5750K .......... .......... .......... .......... .......... 37% 20.8M 2s
  5800K .......... .......... .......... .......... .......... 37% 8.29M 2s
  5850K .......... .......... .......... .......... .......... 37% 6.05M 2s
  5900K .......... .......... .......... .......... .......... 38% 6.65M 2s
  5950K .......... .......... .......... .......... .......... 38% 4.44M 2s
  6000K .......... .......... .......... .......... .......... 38% 1.47M 2s
  6050K .......... .......... .......... .......... .......... 39% 1.79M 2s
  6100K .......... .......... .......... .......... .......... 39% 1.30M 2s
  6150K .......... .......... .......... .......... .......... 39% 1.25M 2s
  6200K .......... .......... .......... .......... .......... 39% 1.82M 2s
  6250K .......... .......... .......... .......... .......... 40% 1.39M 2s
  6300K .......... .......... .......... .......... .......... 40% 9.79M 2s
  6350K .......... .......... .......... .......... .......... 40% 4.24M 2s
  6400K .......... .......... .......... .......... .......... 41% 14.1M 2s
  6450K .......... .......... .......... .......... .......... 41% 3.10M 2s
  6500K .......... .......... .......... .......... .......... 41% 3.72M 2s
  6550K .......... .......... .......... .......... .......... 42% 3.36M 2s
  6600K .......... .......... .......... .......... .......... 42% 5.20M 2s
  6650K .......... .......... .......... .......... .......... 42% 4.89M 2s
  6700K .......... .......... .......... .......... .......... 43% 3.02M 2s
  6750K .......... .......... .......... .......... .......... 43% 4.46M 2s
  6800K .......... .......... .......... .......... .......... 43% 3.75M 2s
  6850K .......... .......... .......... .......... .......... 44% 3.17M 2s
  6900K .......... .......... .......... .......... .......... 44% 4.31M 2s
  6950K .......... .......... .......... .......... .......... 44% 4.90M 2s
  7000K .......... .......... .......... .......... .......... 45% 1.86M 2s
  7050K .......... .......... .......... .......... .......... 45% 4.25M 2s
  7100K .......... .......... .......... .......... .......... 45% 8.72M 2s
  7150K .......... .......... .......... .......... .......... 46% 8.23M 2s
  7200K .......... .......... .......... .......... .......... 46% 7.81M 2s
  7250K .......... .......... .......... .......... .......... 46% 9.51M 2s
  7300K .......... .......... .......... .......... .......... 47% 6.77M 2s
  7350K .......... .......... .......... .......... .......... 47% 5.21M 2s
  7400K .......... .......... .......... .......... .......... 47% 15.3M 2s
  7450K .......... .......... .......... .......... .......... 47% 10.1M 2s
  7500K .......... .......... .......... .......... .......... 48% 10.0M 2s
  7550K .......... .......... .......... .......... .......... 48% 5.43M 2s
  7600K .......... .......... .......... .......... .......... 48% 5.29M 2s
  7650K .......... .......... .......... .......... .......... 49% 7.49M 2s
  7700K .......... .......... .......... .......... .......... 49% 8.93M 2s
  7750K .......... .......... .......... .......... .......... 49% 9.47M 2s
  7800K .......... .......... .......... .......... .......... 50% 9.53M 2s
  7850K .......... .......... .......... .......... .......... 50% 14.2M 2s
  7900K .......... .......... .......... .......... .......... 50% 9.23M 2s
  7950K .......... .......... .......... .......... .......... 51% 7.77M 2s
  8000K .......... .......... .......... .......... .......... 51% 8.91M 2s
  8050K .......... .......... .......... .......... .......... 51% 8.83M 2s
  8100K .......... .......... .......... .......... .......... 52% 9.40M 2s
  8150K .......... .......... .......... .......... .......... 52% 7.89M 2s
  8200K .......... .......... .......... .......... .......... 52% 6.57M 2s
  8250K .......... .......... .......... .......... .......... 53% 5.64M 2s
  8300K .......... .......... .......... .......... .......... 53% 3.85M 2s
  8350K .......... .......... .......... .......... .......... 53% 13.8M 2s
  8400K .......... .......... .......... .......... .......... 54% 5.12M 2s
  8450K .......... .......... .......... .......... .......... 54% 12.5M 2s
  8500K .......... .......... .......... .......... .......... 54% 18.3M 2s
  8550K .......... .......... .......... .......... .......... 55% 6.67M 1s
  8600K .......... .......... .......... .......... .......... 55% 10.4M 1s
  8650K .......... .......... .......... .......... .......... 55% 12.7M 1s
  8700K .......... .......... .......... .......... .......... 55% 11.8M 1s
  8750K .......... .......... .......... .......... .......... 56% 9.13M 1s
  8800K .......... .......... .......... .......... .......... 56% 9.41M 1s
  8850K .......... .......... .......... .......... .......... 56% 8.43M 1s
  8900K .......... .......... .......... .......... .......... 57% 9.88M 1s
  8950K .......... .......... .......... .......... .......... 57% 14.3M 1s
  9000K .......... .......... .......... .......... .......... 57% 8.66M 1s
  9050K .......... .......... .......... .......... .......... 58% 8.84M 1s
  9100K .......... .......... .......... .......... .......... 58% 7.79M 1s
  9150K .......... .......... .......... .......... .......... 58% 5.49M 1s
  9200K .......... .......... .......... .......... .......... 59% 5.51M 1s
  9250K .......... .......... .......... .......... .......... 59% 17.0M 1s
  9300K .......... .......... .......... .......... .......... 59% 4.15M 1s
  9350K .......... .......... .......... .......... .......... 60% 10.5M 1s
  9400K .......... .......... .......... .......... .......... 60% 3.25M 1s
  9450K .......... .......... .......... .......... .......... 60% 5.83M 1s
  9500K .......... .......... .......... .......... .......... 61% 11.4M 1s
  9550K .......... .......... .......... .......... .......... 61% 20.6M 1s
  9600K .......... .......... .......... .......... .......... 61% 18.5M 1s
  9650K .......... .......... .......... .......... .......... 62% 12.7M 1s
  9700K .......... .......... .......... .......... .......... 62% 23.0M 1s
  9750K .......... .......... .......... .......... .......... 62% 11.1M 1s
  9800K .......... .......... .......... .......... .......... 63% 23.2M 1s
  9850K .......... .......... .......... .......... .......... 63% 12.8M 1s
  9900K .......... .......... .......... .......... .......... 63% 20.0M 1s
  9950K .......... .......... .......... .......... .......... 63% 12.5M 1s
 10000K .......... .......... .......... .......... .......... 64% 8.10M 1s
 10050K .......... .......... .......... .......... .......... 64% 23.4M 1s
 10100K .......... .......... .......... .......... .......... 64% 19.4M 1s
 10150K .......... .......... .......... .......... .......... 65% 17.1M 1s
 10200K .......... .......... .......... .......... .......... 65% 13.8M 1s
 10250K .......... .......... .......... .......... .......... 65% 8.58M 1s
 10300K .......... .......... .......... .......... .......... 66% 6.92M 1s
 10350K .......... .......... .......... .......... .......... 66% 11.5M 1s
 10400K .......... .......... .......... .......... .......... 66% 13.2M 1s
 10450K .......... .......... .......... .......... .......... 67% 22.1M 1s
 10500K .......... .......... .......... .......... .......... 67% 9.88M 1s
 10550K .......... .......... .......... .......... .......... 67% 8.46M 1s
 10600K .......... .......... .......... .......... .......... 68% 17.4M 1s
 10650K .......... .......... .......... .......... .......... 68% 18.9M 1s
 10700K .......... .......... .......... .......... .......... 68% 22.1M 1s
 10750K .......... .......... .......... .......... .......... 69% 15.7M 1s
 10800K .......... .......... .......... .......... .......... 69% 14.9M 1s
 10850K .......... .......... .......... .......... .......... 69% 10.0M 1s
 10900K .......... .......... .......... .......... .......... 70% 15.0M 1s
 10950K .......... .......... .......... .......... .......... 70% 13.6M 1s
 11000K .......... .......... .......... .......... .......... 70% 9.93M 1s
 11050K .......... .......... .......... .......... .......... 71% 14.7M 1s
 11100K .......... .......... .......... .......... .......... 71% 11.4M 1s
 11150K .......... .......... .......... .......... .......... 71% 10.5M 1s
 11200K .......... .......... .......... .......... .......... 71% 6.10M 1s
 11250K .......... .......... .......... .......... .......... 72% 11.1M 1s
 11300K .......... .......... .......... .......... .......... 72% 5.14M 1s
 11350K .......... .......... .......... .......... .......... 72% 16.2M 1s
 11400K .......... .......... .......... .......... .......... 73% 3.36M 1s
 11450K .......... .......... .......... .......... .......... 73% 16.0M 1s
 11500K .......... .......... .......... .......... .......... 73% 13.8M 1s
 11550K .......... .......... .......... .......... .......... 74% 5.61M 1s
 11600K .......... .......... .......... .......... .......... 74% 11.1M 1s
 11650K .......... .......... .......... .......... .......... 74% 19.3M 1s
 11700K .......... .......... .......... .......... .......... 75% 12.2M 1s
 11750K .......... .......... .......... .......... .......... 75% 9.15M 1s
 11800K .......... .......... .......... .......... .......... 75% 12.7M 1s
 11850K .......... .......... .......... .......... .......... 76% 11.9M 1s
 11900K .......... .......... .......... .......... .......... 76% 7.74M 1s
 11950K .......... .......... .......... .......... .......... 76% 10.9M 1s
 12000K .......... .......... .......... .......... .......... 77% 4.66M 1s
 12050K .......... .......... .......... .......... .......... 77% 4.84M 1s
 12100K .......... .......... .......... .......... .......... 77% 4.51M 1s
 12150K .......... .......... .......... .......... .......... 78% 11.5M 1s
 12200K .......... .......... .......... .......... .......... 78% 4.49M 1s
 12250K .......... .......... .......... .......... .......... 78% 12.2M 1s
 12300K .......... .......... .......... .......... .......... 79% 14.8M 1s
 12350K .......... .......... .......... .......... .......... 79% 7.39M 1s
 12400K .......... .......... .......... .......... .......... 79% 19.3M 1s
 12450K .......... .......... .......... .......... .......... 79% 16.6M 1s
 12500K .......... .......... .......... .......... .......... 80% 17.9M 1s
 12550K .......... .......... .......... .......... .......... 80% 9.30M 1s
 12600K .......... .......... .......... .......... .......... 80% 10.2M 1s
 12650K .......... .......... .......... .......... .......... 81% 7.31M 1s
 12700K .......... .......... .......... .......... .......... 81% 9.02M 1s
 12750K .......... .......... .......... .......... .......... 81% 7.64M 0s
 12800K .......... .......... .......... .......... .......... 82% 7.16M 0s
 12850K .......... .......... .......... .......... .......... 82% 6.17M 0s
 12900K .......... .......... .......... .......... .......... 82% 10.3M 0s
 12950K .......... .......... .......... .......... .......... 83% 8.56M 0s
 13000K .......... .......... .......... .......... .......... 83% 8.48M 0s
 13050K .......... .......... .......... .......... .......... 83% 9.15M 0s
 13100K .......... .......... .......... .......... .......... 84% 3.08M 0s
 13150K .......... .......... .......... .......... .......... 84% 3.59M 0s
 13200K .......... .......... .......... .......... .......... 84% 2.75M 0s
 13250K .......... .......... .......... .......... .......... 85% 7.44M 0s
 13300K .......... .......... .......... .......... .......... 85% 6.58M 0s
 13350K .......... .......... .......... .......... .......... 85% 4.97M 0s
 13400K .......... .......... .......... .......... .......... 86% 4.40M 0s
 13450K .......... .......... .......... .......... .......... 86% 8.52M 0s
 13500K .......... .......... .......... .......... .......... 86% 10.2M 0s
 13550K .......... .......... .......... .......... .......... 87% 6.44M 0s
 13600K .......... .......... .......... .......... .......... 87% 6.93M 0s
 13650K .......... .......... .......... .......... .......... 87% 7.20M 0s
 13700K .......... .......... .......... .......... .......... 87% 6.80M 0s
 13750K .......... .......... .......... .......... .......... 88% 5.94M 0s
 13800K .......... .......... .......... .......... .......... 88% 11.6M 0s
 13850K .......... .......... .......... .......... .......... 88% 4.94M 0s
 13900K .......... .......... .......... .......... .......... 89% 6.55M 0s
 13950K .......... .......... .......... .......... .......... 89% 11.0M 0s
 14000K .......... .......... .......... .......... .......... 89% 8.55M 0s
 14050K .......... .......... .......... .......... .......... 90% 8.51M 0s
 14100K .......... .......... .......... .......... .......... 90% 8.28M 0s
 14150K .......... .......... .......... .......... .......... 90% 6.40M 0s
 14200K .......... .......... .......... .......... .......... 91% 8.83M 0s
 14250K .......... .......... .......... .......... .......... 91% 9.64M 0s
 14300K .......... .......... .......... .......... .......... 91% 7.75M 0s
 14350K .......... .......... .......... .......... .......... 92% 7.69M 0s
 14400K .......... .......... .......... .......... .......... 92% 7.39M 0s
 14450K .......... .......... .......... .......... .......... 92% 3.01M 0s
 14500K .......... .......... .......... .......... .......... 93% 4.48M 0s
 14550K .......... .......... .......... .......... .......... 93% 6.13M 0s
 14600K .......... .......... .......... .......... .......... 93% 8.67M 0s
 14650K .......... .......... .......... .......... .......... 94% 11.5M 0s
 14700K .......... .......... .......... .......... .......... 94% 6.73M 0s
 14750K .......... .......... .......... .......... .......... 94% 7.51M 0s
 14800K .......... .......... .......... .......... .......... 95% 8.82M 0s
 14850K .......... .......... .......... .......... .......... 95% 9.47M 0s
 14900K .......... .......... .......... .......... .......... 95% 16.4M 0s
 14950K .......... .......... .......... .......... .......... 95% 11.8M 0s
 15000K .......... .......... .......... .......... .......... 96% 20.1M 0s
 15050K .......... .......... .......... .......... .......... 96% 13.4M 0s
 15100K .......... .......... .......... .......... .......... 96% 15.0M 0s
 15150K .......... .......... .......... .......... .......... 97% 16.0M 0s
 15200K .......... .......... .......... .......... .......... 97% 8.88M 0s
 15250K .......... .......... .......... .......... .......... 97% 10.7M 0s
 15300K .......... .......... .......... .......... .......... 98% 17.8M 0s
 15350K .......... .......... .......... .......... .......... 98% 8.58M 0s
 15400K .......... .......... .......... .......... .......... 98% 20.7M 0s
 15450K .......... .......... .......... .......... .......... 99% 14.8M 0s
 15500K .......... .......... .......... .......... .......... 99% 14.9M 0s
 15550K .......... .......... .......... .......... .......... 99% 12.7M 0s
 15600K .......... .......... .....                           100% 7.59M=2.6s

2026-09-10 07:36:11 (5.81 MB/s) - ‘/ros_ws/build/multirobot_map_merge/2012-01-28-11-12-01.pgm’ saved [16000058/16000058]

