[0.718s] Invoking command in '/ros_ws/build/multirobot_map_merge': CMAKE_PREFIX_PATH=${CMAKE_PREFIX_PATH}:/ros_ws/install/turtlebot_logic:/ros_ws/install/turtlebot3_teleop:/ros_ws/install/turtlebot3_example:/opt/ros/jazzy /usr/bin/cmake /ros_ws/src/m-explore-ros2/map_merge -DCMAKE_INSTALL_PREFIX=/ros_ws/install/multirobot_map_merge
[1.408s] -- The C compiler identification is GNU 13.3.0
[1.409s] -- The CXX compiler identification is GNU 13.3.0
[1.410s] -- Detecting C compiler ABI info
[1.411s] -- Detecting C compiler ABI info - done
[1.425s] -- Check for working C compiler: /usr/bin/cc - skipped
[1.425s] -- Detecting C compile features
[1.428s] -- Detecting C compile features - done
[1.454s] -- Detecting CXX compiler ABI info
[1.788s] -- Detecting CXX compiler ABI info - done
[1.810s] -- Check for working CXX compiler: /usr/bin/c++ - skipped
[1.811s] -- Detecting CXX compile features
[1.812s] -- Detecting CXX compile features - done
[1.828s] -- Found ament_cmake: 2.5.6 (/opt/ros/jazzy/share/ament_cmake/cmake)
[2.306s] -- Found Python3: /usr/bin/python3 (found version "3.12.3") found components: Interpreter 
[2.932s] -- Found rclcpp: 28.1.21 (/opt/ros/jazzy/share/rclcpp/cmake)
[3.150s] -- Found rosidl_generator_c: 4.6.9 (/opt/ros/jazzy/share/rosidl_generator_c/cmake)
[3.213s] -- Found rosidl_generator_cpp: 4.6.9 (/opt/ros/jazzy/share/rosidl_generator_cpp/cmake)
[3.292s] -- Using all available rosidl_typesupport_c: rosidl_typesupport_fastrtps_c;rosidl_typesupport_introspection_c
[3.364s] -- Using all available rosidl_typesupport_cpp: rosidl_typesupport_fastrtps_cpp;rosidl_typesupport_introspection_cpp
[3.652s] -- Found rmw_implementation_cmake: 7.3.3 (/opt/ros/jazzy/share/rmw_implementation_cmake/cmake)
[3.667s] -- Found rmw_fastrtps_cpp: 8.4.4 (/opt/ros/jazzy/share/rmw_fastrtps_cpp/cmake)
[3.998s] -- Found OpenSSL: /usr/lib/x86_64-linux-gnu/libcrypto.so (found version "3.0.13")  
[4.057s] -- Found FastRTPS: /opt/ros/jazzy/include (Required is at least version "2.13") 
[4.113s] -- Using RMW implementation 'rmw_fastrtps_cpp' as default
[4.425s] -- Found geometry_msgs: 5.3.8 (/opt/ros/jazzy/share/geometry_msgs/cmake)
[4.593s] -- Found image_geometry: 4.1.0 (/opt/ros/jazzy/share/image_geometry/cmake)
[4.741s] -- Found map_msgs: 2.4.1 (/opt/ros/jazzy/share/map_msgs/cmake)
[5.169s] -- Found tf2_geometry_msgs: 0.36.21 (/opt/ros/jazzy/share/tf2_geometry_msgs/cmake)
[5.445s] -- Found eigen3_cmake_module: 0.3.1 (/opt/ros/jazzy/share/eigen3_cmake_module/cmake)
[5.466s] -- Found Eigen3: TRUE (found version "3.4.0") 
[5.479s] -- Ensuring Eigen3 include directory is part of orocos-kdl CMake target
[7.294s] -- Found Boost: /usr/lib/x86_64-linux-gnu/cmake/Boost-1.83.0/BoostConfig.cmake (found version "1.83.0") found components: thread 
[7.335s] -- Found OpenCV: /usr (found version "4.6.0") 
[7.404s] -- Found ament_lint_auto: 0.17.5 (/opt/ros/jazzy/share/ament_lint_auto/cmake)
[7.793s] -- Found ament_cmake_gtest: 2.5.6 (/opt/ros/jazzy/share/ament_cmake_gtest/cmake)
[7.819s] --2026-09-10 07:35:59--  https://raw.githubusercontent.com/hrnr/m-explore-extra/master/map_merge/hector_maps/map00.pgm
[7.937s] Resolving raw.githubusercontent.com (raw.githubusercontent.com)... 185.199.108.133, 185.199.111.133, 185.199.110.133, ...
[7.969s] Connecting to raw.githubusercontent.com (raw.githubusercontent.com)|185.199.108.133|:443... connected.
[8.893s] HTTP request sent, awaiting response... 200 OK
[8.894s] Length: 4194362 (4.0M) [application/octet-stream]
[8.894s] Saving to: ‘/ros_ws/build/multirobot_map_merge/map00.pgm’
[8.904s] 
[8.974s]      0K .......... .......... .......... .......... ..........  1%  628K 6s
[8.983s]     50K .......... .......... .......... .......... ..........  2% 3.84M 4s
[9.107s]    100K .......... .......... .......... .......... ..........  3%  420K 6s
[9.107s]    150K .......... .......... .......... .......... ..........  4% 12.0M 4s
[9.118s]    200K .......... .......... .......... .......... ..........  6% 4.59M 3s
[9.121s]    250K .......... .......... .......... .......... ..........  7% 32.5M 3s
[9.139s]    300K .......... .......... .......... .......... ..........  8% 2.45M 3s
[9.157s]    350K .......... .......... .......... .......... ..........  9% 3.22M 2s
[9.158s]    400K .......... .......... .......... .......... .......... 10% 68.6M 2s
[9.176s]    450K .......... .......... .......... .......... .......... 12% 3.46M 2s
[9.186s]    500K .......... .......... .......... .......... .......... 13% 4.10M 2s
[9.187s]    550K .......... .......... .......... .......... .......... 14% 7.15M 2s
[9.187s]    600K .......... .......... .......... .......... .......... 15% 93.5M 2s
[9.192s]    650K .......... .......... .......... .......... .......... 17% 8.41M 1s
[9.210s]    700K .......... .......... .......... .......... .......... 18% 3.74M 1s
[9.245s]    750K .......... .......... .......... .......... .......... 19% 2.44M 1s
[9.251s]    800K .......... .......... .......... .......... .......... 20% 1.91M 1s
[9.261s]    850K .......... .......... .......... .......... .......... 21% 19.4M 1s
[9.262s]    900K .......... .......... .......... .......... .......... 23% 44.1M 1s
[9.262s]    950K .......... .......... .......... .......... .......... 24% 12.4M 1s
[9.277s]   1000K .......... .......... .......... .......... .......... 25% 4.91M 1s
[9.277s]   1050K .......... .......... .......... .......... .......... 26% 6.89M 1s
[9.288s]   1100K .......... .......... .......... .......... .......... 28% 4.83M 1s
[9.295s]   1150K .......... .......... .......... .......... .......... 29% 6.25M 1s
[9.312s]   1200K .......... .......... .......... .......... .......... 30% 7.00M 1s
[9.326s]   1250K .......... .......... .......... .......... .......... 31% 3.77M 1s
[9.353s]   1300K .......... .......... .......... .......... .......... 32% 22.5M 1s
[9.358s]   1350K .......... .......... .......... .......... .......... 34% 1.17M 1s
[9.361s]   1400K .......... .......... .......... .......... .......... 35% 15.2M 1s
[9.373s]   1450K .......... .......... .......... .......... .......... 36% 4.04M 1s
[9.373s]   1500K .......... .......... .......... .......... .......... 37%  172M 1s
[9.406s]   1550K .......... .......... .......... .......... .......... 39% 1.50M 1s
[9.434s]   1600K .......... .......... .......... .......... .......... 40% 1.73M 1s
[9.447s]   1650K .......... .......... .......... .......... .......... 41% 3.73M 1s
[9.465s]   1700K .......... .......... .......... .......... .......... 42% 10.8M 1s
[9.470s]   1750K .......... .......... .......... .......... .......... 43% 2.62M 1s
[9.495s]   1800K .......... .......... .......... .......... .......... 45% 2.48M 1s
[9.495s]   1850K .......... .......... .......... .......... .......... 46% 12.1M 1s
[9.500s]   1900K .......... .......... .......... .......... .......... 47% 10.3M 1s
[9.514s]   1950K .......... .......... .......... .......... .......... 48% 4.10M 1s
[9.530s]   2000K .......... .......... .......... .......... .......... 50% 3.23M 1s
[9.541s]   2050K .......... .......... .......... .......... .......... 51% 3.62M 1s
[9.550s]   2100K .......... .......... .......... .......... .......... 52% 4.67M 1s
[9.565s]   2150K .......... .......... .......... .......... .......... 53% 4.06M 1s
[9.572s]   2200K .......... .......... .......... .......... .......... 54% 5.44M 1s
[9.581s]   2250K .......... .......... .......... .......... .......... 56% 6.29M 1s
[9.589s]   2300K .......... .......... .......... .......... .......... 57% 5.41M 1s
[9.601s]   2350K .......... .......... .......... .......... .......... 58% 3.83M 1s
[9.613s]   2400K .......... .......... .......... .......... .......... 59% 12.6M 0s
[9.625s]   2450K .......... .......... .......... .......... .......... 61% 2.97M 0s
[9.625s]   2500K .......... .......... .......... .......... .......... 62%  165M 0s
[9.633s]   2550K .......... .......... .......... .......... .......... 63% 37.9M 0s
[9.634s]   2600K .......... .......... .......... .......... .......... 64% 11.8M 0s
[9.643s]   2650K .......... .......... .......... .......... .......... 65% 3.08M 0s
[9.658s]   2700K .......... .......... .......... .......... .......... 67% 3.69M 0s
[9.665s]   2750K .......... .......... .......... .......... .......... 68% 39.7M 0s
[9.666s]   2800K .......... .......... .......... .......... .......... 69% 16.0M 0s
[9.666s]   2850K .......... .......... .......... .......... .......... 70% 7.70M 0s
[9.679s]   2900K .......... .......... .......... .......... .......... 72% 6.65M 0s
[9.684s]   2950K .......... .......... .......... .......... .......... 73% 30.7M 0s
[9.685s]   3000K .......... .......... .......... .......... .......... 74% 36.1M 0s
[9.685s]   3050K .......... .......... .......... .......... .......... 75% 5.64M 0s
[9.686s]   3100K .......... .......... .......... .......... .......... 76% 34.9M 0s
[9.701s]   3150K .......... .......... .......... .......... .......... 78% 18.8M 0s
[9.701s]   3200K .......... .......... .......... .......... .......... 79% 9.47M 0s
[9.701s]   3250K .......... .......... .......... .......... .......... 80% 21.9M 0s
[9.705s]   3300K .......... .......... .......... .......... .......... 81% 12.9M 0s
[9.713s]   3350K .......... .......... .......... .......... .......... 83% 4.33M 0s
[9.713s]   3400K .......... .......... .......... .......... .......... 84%  117M 0s
[9.735s]   3450K .......... .......... .......... .......... .......... 85% 3.04M 0s
[9.735s]   3500K .......... .......... .......... .......... .......... 86% 7.86M 0s
[9.735s]   3550K .......... .......... .......... .......... .......... 87%  152M 0s
[9.742s]   3600K .......... .......... .......... .......... .......... 89% 13.1M 0s
[9.753s]   3650K .......... .......... .......... .......... .......... 90% 4.02M 0s
[9.777s]   3700K .......... .......... .......... .......... .......... 91% 2.99M 0s
[9.777s]   3750K .......... .......... .......... .......... .......... 92% 15.1M 0s
[9.785s]   3800K .......... .......... .......... .......... .......... 93% 5.48M 0s
[9.796s]   3850K .......... .......... .......... .......... .......... 95% 4.33M 0s
[9.796s]   3900K .......... .......... .......... .......... .......... 96%  121M 0s
[9.806s]   3950K .......... .......... .......... .......... .......... 97% 3.85M 0s
[9.816s]   4000K .......... .......... .......... .......... .......... 98% 6.31M 0s
[9.817s]   4050K .......... .......... .......... .......... ......    100% 15.9M=0.9s
[9.818s] 
[9.818s] 2026-09-10 07:36:01 (4.33 MB/s) - ‘/ros_ws/build/multirobot_map_merge/map00.pgm’ saved [4194362/4194362]
[9.818s] 
[9.825s] Checking MD5 sum of /ros_ws/build/multirobot_map_merge/map00.pgm
[9.857s] /ros_ws/build/multirobot_map_merge/map00.pgm: OK
[9.912s] --2026-09-10 07:36:01--  https://raw.githubusercontent.com/hrnr/m-explore-extra/master/map_merge/hector_maps/map05.pgm
[10.023s] Resolving raw.githubusercontent.com (raw.githubusercontent.com)... 185.199.108.133, 185.199.111.133, 185.199.110.133, ...
[10.041s] Connecting to raw.githubusercontent.com (raw.githubusercontent.com)|185.199.108.133|:443... connected.
[11.394s] HTTP request sent, awaiting response... 200 OK
[11.395s] Length: 4194362 (4.0M) [application/octet-stream]
[11.395s] Saving to: ‘/ros_ws/build/multirobot_map_merge/map05.pgm’
[11.395s] 
[11.436s]      0K .......... .......... .......... .......... ..........  1% 3.02M 1s
[11.437s]     50K .......... .......... .......... .......... ..........  2% 2.33M 1s
[11.437s]    100K .......... .......... .......... .......... ..........  3% 12.9M 1s
[11.441s]    150K .......... .......... .......... .......... ..........  4% 14.1M 1s
[11.457s]    200K .......... .......... .......... .......... ..........  6% 3.36M 1s
[11.467s]    250K .......... .......... .......... .......... ..........  7%  130M 1s
[11.468s]    300K .......... .......... .......... .......... ..........  8%  179M 1s
[11.468s]    350K .......... .......... .......... .......... ..........  9%  199M 1s
[11.473s]    400K .......... .......... .......... .......... .......... 10% 2.89M 1s
[11.474s]    450K .......... .......... .......... .......... .......... 12% 21.6M 1s
[11.485s]    500K .......... .......... .......... .......... .......... 13% 24.5M 1s
[11.491s]    550K .......... .......... .......... .......... .......... 14% 2.69M 1s
[11.505s]    600K .......... .......... .......... .......... .......... 15% 40.0M 1s
[11.505s]    650K .......... .......... .......... .......... .......... 17% 23.0M 0s
[11.505s]    700K .......... .......... .......... .......... .......... 18% 6.42M 0s
[11.505s]    750K .......... .......... .......... .......... .......... 19% 82.4M 0s
[11.506s]    800K .......... .......... .......... .......... .......... 20% 85.5M 0s
[11.506s]    850K .......... .......... .......... .......... .......... 21%  287M 0s
[11.506s]    900K .......... .......... .......... .......... .......... 23%  283M 0s
[11.506s]    950K .......... .......... .......... .......... .......... 24%  211M 0s
[11.506s]   1000K .......... .......... .......... .......... .......... 25%  306M 0s
[11.507s]   1050K .......... .......... .......... .......... .......... 26% 57.9M 0s
[11.516s]   1100K .......... .......... .......... .......... .......... 28% 7.74M 0s
[11.516s]   1150K .......... .......... .......... .......... .......... 29% 12.7M 0s
[11.524s]   1200K .......... .......... .......... .......... .......... 30% 11.6M 0s
[11.546s]   1250K .......... .......... .......... .......... .......... 31% 4.02M 0s
[11.546s]   1300K .......... .......... .......... .......... .......... 32%  135M 0s
[11.548s]   1350K .......... .......... .......... .......... .......... 34%  173M 0s
[11.550s]   1400K .......... .......... .......... .......... .......... 35% 3.24M 0s
[11.560s]   1450K .......... .......... .......... .......... .......... 36% 8.20M 0s
[11.565s]   1500K .......... .......... .......... .......... .......... 37% 26.9M 0s
[11.577s]   1550K .......... .......... .......... .......... .......... 39% 9.75M 0s
[11.578s]   1600K .......... .......... .......... .......... .......... 40% 14.3M 0s
[11.578s]   1650K .......... .......... .......... .......... .......... 41% 15.3M 0s
[11.578s]   1700K .......... .......... .......... .......... .......... 42%  120M 0s
[11.579s]   1750K .......... .......... .......... .......... .......... 43% 7.65M 0s
[11.580s]   1800K .......... .......... .......... .......... .......... 45% 15.0M 0s
[11.586s]   1850K .......... .......... .......... .......... .......... 46% 13.4M 0s
[11.587s]   1900K .......... .......... .......... .......... .......... 47% 7.18M 0s
[11.602s]   1950K .......... .......... .......... .......... .......... 48% 12.8M 0s
[11.603s]   2000K .......... .......... .......... .......... .......... 50% 41.0M 0s
[11.603s]   2050K .......... .......... .......... .......... .......... 51% 27.1M 0s
[11.603s]   2100K .......... .......... .......... .......... .......... 52% 12.1M 0s
[11.619s]   2150K .......... .......... .......... .......... .......... 53% 31.3M 0s
[11.619s]   2200K .......... .......... .......... .......... .......... 54% 2.61M 0s
[11.629s]   2250K .......... .......... .......... .......... .......... 56% 9.55M 0s
[11.639s]   2300K .......... .......... .......... .......... .......... 57% 17.6M 0s
[11.647s]   2350K .......... .......... .......... .......... .......... 58% 6.90M 0s
[11.647s]   2400K .......... .......... .......... .......... .......... 59% 20.6M 0s
[11.647s]   2450K .......... .......... .......... .......... .......... 61% 4.38M 0s
[11.662s]   2500K .......... .......... .......... .......... .......... 62% 6.40M 0s
[11.672s]   2550K .......... .......... .......... .......... .......... 63% 5.73M 0s
[11.672s]   2600K .......... .......... .......... .......... .......... 64% 55.5M 0s
[11.679s]   2650K .......... .......... .......... .......... .......... 65% 5.32M 0s
[11.689s]   2700K .......... .......... .......... .......... .......... 67% 9.01M 0s
[11.689s]   2750K .......... .......... .......... .......... .......... 68% 5.71M 0s
[11.696s]   2800K .......... .......... .......... .......... .......... 69% 26.5M 0s
[11.709s]   2850K .......... .......... .......... .......... .......... 70% 5.54M 0s
[11.710s]   2900K .......... .......... .......... .......... .......... 72% 26.4M 0s
[11.710s]   2950K .......... .......... .......... .......... .......... 73% 6.72M 0s
[11.724s]   3000K .......... .......... .......... .......... .......... 74% 5.58M 0s
[11.736s]   3050K .......... .......... .......... .......... .......... 75% 3.57M 0s
[11.748s]   3100K .......... .......... .......... .......... .......... 76% 5.34M 0s
[11.757s]   3150K .......... .......... .......... .......... .......... 78% 9.71M 0s
[11.757s]   3200K .......... .......... .......... .......... .......... 79% 6.22M 0s
[11.758s]   3250K .......... .......... .......... .......... .......... 80% 9.17M 0s
[11.762s]   3300K .......... .......... .......... .......... .......... 81% 12.5M 0s
[11.774s]   3350K .......... .......... .......... .......... .......... 83% 8.60M 0s
[11.786s]   3400K .......... .......... .......... .......... .......... 84% 4.59M 0s
[11.786s]   3450K .......... .......... .......... .......... .......... 85% 9.43M 0s
[11.796s]   3500K .......... .......... .......... .......... .......... 86% 4.18M 0s
[11.811s]   3550K .......... .......... .......... .......... .......... 87% 2.89M 0s
[11.820s]   3600K .......... .......... .......... .......... .......... 89% 4.97M 0s
[11.835s]   3650K .......... .......... .......... .......... .......... 90% 3.46M 0s
[11.835s]   3700K .......... .......... .......... .......... .......... 91% 61.9M 0s
[11.859s]   3750K .......... .......... .......... .......... .......... 92% 2.08M 0s
[11.894s]   3800K .......... .......... .......... .......... .......... 93% 1.39M 0s
[11.917s]   3850K .......... .......... .......... .......... .......... 95% 2.44M 0s
[11.922s]   3900K .......... .......... .......... .......... .......... 96% 6.04M 0s
[11.943s]   3950K .......... .......... .......... .......... .......... 97% 3.83M 0s
[11.944s]   4000K .......... .......... .......... .......... .......... 98% 12.1M 0s
[11.952s]   4050K .......... .......... .......... .......... ......    100% 4.62M=0.6s
[11.952s] 
[11.953s] 2026-09-10 07:36:03 (7.19 MB/s) - ‘/ros_ws/build/multirobot_map_merge/map05.pgm’ saved [4194362/4194362]
[11.953s] 
[11.958s] Checking MD5 sum of /ros_ws/build/multirobot_map_merge/map05.pgm
[11.987s] /ros_ws/build/multirobot_map_merge/map05.pgm: OK
[12.004s] --2026-09-10 07:36:03--  https://raw.githubusercontent.com/hrnr/m-explore-extra/master/map_merge/gmapping_maps/2011-08-09-12-22-52.pgm
[12.080s] Resolving raw.githubusercontent.com (raw.githubusercontent.com)... 185.199.108.133, 185.199.111.133, 185.199.110.133, ...
[12.105s] Connecting to raw.githubusercontent.com (raw.githubusercontent.com)|185.199.108.133|:443... connected.
[14.114s] HTTP request sent, awaiting response... 200 OK
[14.114s] Length: 16000058 (15M) [application/octet-stream]
[14.114s] Saving to: ‘/ros_ws/build/multirobot_map_merge/2011-08-09-12-22-52.pgm’
[14.116s] 
[14.135s]      0K .......... .......... .......... .......... ..........  0% 2.36M 6s
[14.151s]     50K .......... .......... .......... .......... ..........  0% 2.97M 6s
[14.158s]    100K .......... .......... .......... .......... ..........  0% 7.46M 5s
[14.165s]    150K .......... .......... .......... .......... ..........  1% 7.10M 4s
[14.178s]    200K .......... .......... .......... .......... ..........  1% 4.22M 4s
[14.184s]    250K .......... .......... .......... .......... ..........  1% 7.74M 3s
[14.190s]    300K .......... .......... .......... .......... ..........  2% 6.95M 3s
[14.196s]    350K .......... .......... .......... .......... ..........  2% 9.08M 3s
[14.203s]    400K .......... .......... .......... .......... ..........  2% 7.80M 3s
[14.207s]    450K .......... .......... .......... .......... ..........  3% 8.65M 3s
[14.215s]    500K .......... .......... .......... .......... ..........  3% 6.71M 3s
[14.219s]    550K .......... .......... .......... .......... ..........  3% 9.28M 3s
[14.225s]    600K .......... .......... .......... .......... ..........  4% 9.86M 3s
[14.233s]    650K .......... .......... .......... .......... ..........  4% 13.5M 2s
[14.233s]    700K .......... .......... .......... .......... ..........  4% 20.1M 2s
[14.238s]    750K .......... .......... .......... .......... ..........  5% 10.5M 2s
[14.243s]    800K .......... .......... .......... .......... ..........  5% 6.91M 2s
[14.245s]    850K .......... .......... .......... .......... ..........  5% 20.2M 2s
[14.247s]    900K .......... .......... .......... .......... ..........  6% 22.0M 2s
[14.250s]    950K .......... .......... .......... .......... ..........  6% 12.9M 2s
[14.254s]   1000K .......... .......... .......... .......... ..........  6% 12.6M 2s
[14.258s]   1050K .......... .......... .......... .......... ..........  7% 14.5M 2s
[14.265s]   1100K .......... .......... .......... .......... ..........  7% 6.81M 2s
[14.279s]   1150K .......... .......... .......... .......... ..........  7% 7.12M 2s
[14.283s]   1200K .......... .......... .......... .......... ..........  7% 4.18M 2s
[14.286s]   1250K .......... .......... .......... .......... ..........  8% 18.8M 2s
[14.293s]   1300K .......... .......... .......... .......... ..........  8% 12.4M 2s
[14.301s]   1350K .......... .......... .......... .......... ..........  8% 4.60M 2s
[14.305s]   1400K .......... .......... .......... .......... ..........  9% 11.3M 2s
[14.316s]   1450K .......... .......... .......... .......... ..........  9% 4.62M 2s
[14.323s]   1500K .......... .......... .......... .......... ..........  9% 8.32M 2s
[14.329s]   1550K .......... .......... .......... .......... .......... 10% 7.77M 2s
[14.338s]   1600K .......... .......... .......... .......... .......... 10% 6.33M 2s
[14.338s]   1650K .......... .......... .......... .......... .......... 10% 15.7M 2s
[14.343s]   1700K .......... .......... .......... .......... .......... 11% 12.2M 2s
[14.348s]   1750K .......... .......... .......... .......... .......... 11% 9.22M 2s
[14.355s]   1800K .......... .......... .......... .......... .......... 11% 8.31M 2s
[14.362s]   1850K .......... .......... .......... .......... .......... 12% 6.67M 2s
[14.367s]   1900K .......... .......... .......... .......... .......... 12% 7.74M 2s
[14.378s]   1950K .......... .......... .......... .......... .......... 12% 6.57M 2s
[14.380s]   2000K .......... .......... .......... .......... .......... 13% 9.75M 2s
[14.384s]   2050K .......... .......... .......... .......... .......... 13% 10.6M 2s
[14.393s]   2100K .......... .......... .......... .......... .......... 13% 5.40M 2s
[14.398s]   2150K .......... .......... .......... .......... .......... 14% 11.1M 2s
[14.403s]   2200K .......... .......... .......... .......... .......... 14% 14.3M 2s
[14.404s]   2250K .......... .......... .......... .......... .......... 14% 14.9M 2s
[14.411s]   2300K .......... .......... .......... .......... .......... 15% 8.17M 2s
[14.416s]   2350K .......... .......... .......... .......... .......... 15% 12.6M 2s
[14.425s]   2400K .......... .......... .......... .......... .......... 15% 7.11M 2s
[14.430s]   2450K .......... .......... .......... .......... .......... 15% 5.29M 2s
[14.439s]   2500K .......... .......... .......... .......... .......... 16% 6.46M 2s
[14.446s]   2550K .......... .......... .......... .......... .......... 16% 6.84M 2s
[14.454s]   2600K .......... .......... .......... .......... .......... 16% 5.35M 2s
[14.463s]   2650K .......... .......... .......... .......... .......... 17% 5.52M 2s
[14.469s]   2700K .......... .......... .......... .......... .......... 17% 9.85M 2s
[14.476s]   2750K .......... .......... .......... .......... .......... 17% 7.29M 2s
[14.482s]   2800K .......... .......... .......... .......... .......... 18% 7.68M 2s
[14.486s]   2850K .......... .......... .......... .......... .......... 18% 9.98M 2s
[14.493s]   2900K .......... .......... .......... .......... .......... 18% 9.62M 2s
[14.494s]   2950K .......... .......... .......... .......... .......... 19% 15.0M 2s
[14.498s]   3000K .......... .......... .......... .......... .......... 19% 15.9M 2s
[14.503s]   3050K .......... .......... .......... .......... .......... 19% 12.9M 2s
[14.510s]   3100K .......... .......... .......... .......... .......... 20% 26.4M 2s
[14.514s]   3150K .......... .......... .......... .......... .......... 20% 4.99M 2s
[14.514s]   3200K .......... .......... .......... .......... .......... 20% 77.8M 2s
[14.557s]   3250K .......... .......... .......... .......... .......... 21% 1.13M 2s
[14.568s]   3300K .......... .......... .......... .......... .......... 21% 4.51M 2s
[14.570s]   3350K .......... .......... .......... .......... .......... 21% 17.9M 2s
[14.572s]   3400K .......... .......... .......... .......... .......... 22% 33.3M 2s
[14.582s]   3450K .......... .......... .......... .......... .......... 22% 9.77M 2s
[14.584s]   3500K .......... .......... .......... .......... .......... 22% 6.96M 2s
[14.591s]   3550K .......... .......... .......... .......... .......... 23% 9.00M 2s
[14.592s]   3600K .......... .......... .......... .......... .......... 23% 17.3M 2s
[14.598s]   3650K .......... .......... .......... .......... .......... 23% 9.66M 2s
[14.599s]   3700K .......... .......... .......... .......... .......... 23% 27.2M 2s
[14.606s]   3750K .......... .......... .......... .......... .......... 24% 7.79M 2s
[14.614s]   3800K .......... .......... .......... .......... .......... 24% 22.4M 2s
[14.614s]   3850K .......... .......... .......... .......... .......... 24% 14.7M 1s
[14.618s]   3900K .......... .......... .......... .......... .......... 25% 8.74M 1s
[14.621s]   3950K .......... .......... .......... .......... .......... 25% 16.9M 1s
[14.621s]   4000K .......... .......... .......... .......... .......... 25% 91.2M 1s
[14.622s]   4050K .......... .......... .......... .......... .......... 26% 18.9M 1s
[14.625s]   4100K .......... .......... .......... .......... .......... 26% 19.4M 1s
[14.630s]   4150K .......... .......... .......... .......... .......... 26% 12.0M 1s
[14.635s]   4200K .......... .......... .......... .......... .......... 27% 9.28M 1s
[14.640s]   4250K .......... .......... .......... .......... .......... 27% 9.00M 1s
[14.646s]   4300K .......... .......... .......... .......... .......... 27% 9.30M 1s
[14.649s]   4350K .......... .......... .......... .......... .......... 28% 21.6M 1s
[14.652s]   4400K .......... .......... .......... .......... .......... 28% 14.7M 1s
[14.657s]   4450K .......... .......... .......... .......... .......... 28% 10.2M 1s
[14.661s]   4500K .......... .......... .......... .......... .......... 29% 9.32M 1s
[14.663s]   4550K .......... .......... .......... .......... .......... 29% 16.7M 1s
[14.667s]   4600K .......... .......... .......... .......... .......... 29% 12.1M 1s
[14.673s]   4650K .......... .......... .......... .......... .......... 30% 11.6M 1s
[14.679s]   4700K .......... .......... .......... .......... .......... 30% 7.89M 1s
[14.699s]   4750K .......... .......... .......... .......... .......... 30% 13.5M 1s
[14.701s]   4800K .......... .......... .......... .......... .......... 31% 4.36M 1s
[14.701s]   4850K .......... .......... .......... .......... .......... 31% 45.2M 1s
[14.701s]   4900K .......... .......... .......... .......... .......... 31% 16.6M 1s
[14.703s]   4950K .......... .......... .......... .......... .......... 31% 9.46M 1s
[14.708s]   5000K .......... .......... .......... .......... .......... 32% 13.5M 1s
[14.710s]   5050K .......... .......... .......... .......... .......... 32% 16.2M 1s
[14.720s]   5100K .......... .......... .......... .......... .......... 32% 6.22M 1s
[14.726s]   5150K .......... .......... .......... .......... .......... 33% 11.1M 1s
[14.726s]   5200K .......... .......... .......... .......... .......... 33% 8.17M 1s
[14.730s]   5250K .......... .......... .......... .......... .......... 33% 14.8M 1s
[14.746s]   5300K .......... .......... .......... .......... .......... 34% 3.66M 1s
[14.749s]   5350K .......... .......... .......... .......... .......... 34% 11.1M 1s
[14.756s]   5400K .......... .......... .......... .......... .......... 34% 6.49M 1s
[14.761s]   5450K .......... .......... .......... .......... .......... 35% 9.18M 1s
[14.763s]   5500K .......... .......... .......... .......... .......... 35% 22.4M 1s
[14.771s]   5550K .......... .......... .......... .......... .......... 35% 9.17M 1s
[14.774s]   5600K .......... .......... .......... .......... .......... 36% 9.06M 1s
[14.778s]   5650K .......... .......... .......... .......... .......... 36% 11.2M 1s
[14.781s]   5700K .......... .......... .......... .......... .......... 36% 14.4M 1s
[14.788s]   5750K .......... .......... .......... .......... .......... 37% 7.54M 1s
[14.816s]   5800K .......... .......... .......... .......... .......... 37% 1.90M 1s
[14.819s]   5850K .......... .......... .......... .......... .......... 37% 9.25M 1s
[14.827s]   5900K .......... .......... .......... .......... .......... 38% 6.31M 1s
[14.833s]   5950K .......... .......... .......... .......... .......... 38% 10.8M 1s
[14.835s]   6000K .......... .......... .......... .......... .......... 38% 12.0M 1s
[14.841s]   6050K .......... .......... .......... .......... .......... 39% 8.82M 1s
[14.847s]   6100K .......... .......... .......... .......... .......... 39% 10.6M 1s
[14.849s]   6150K .......... .......... .......... .......... .......... 39% 11.4M 1s
[14.855s]   6200K .......... .......... .......... .......... .......... 39% 8.16M 1s
[14.860s]   6250K .......... .......... .......... .......... .......... 40% 9.77M 1s
[14.866s]   6300K .......... .......... .......... .......... .......... 40% 8.96M 1s
[14.870s]   6350K .......... .......... .......... .......... .......... 40% 12.9M 1s
[14.876s]   6400K .......... .......... .......... .......... .......... 41% 9.07M 1s
[14.880s]   6450K .......... .......... .......... .......... .......... 41% 9.40M 1s
[14.885s]   6500K .......... .......... .......... .......... .......... 41% 11.0M 1s
[14.891s]   6550K .......... .......... .......... .......... .......... 42% 8.02M 1s
[14.897s]   6600K .......... .......... .......... .......... .......... 42% 7.63M 1s
[14.901s]   6650K .......... .......... .......... .......... .......... 42% 14.8M 1s
[14.907s]   6700K .......... .......... .......... .......... .......... 43% 7.58M 1s
[14.915s]   6750K .......... .......... .......... .......... .......... 43% 8.18M 1s
[14.921s]   6800K .......... .......... .......... .......... .......... 43% 6.07M 1s
[14.926s]   6850K .......... .......... .......... .......... .......... 44% 10.0M 1s
[14.929s]   6900K .......... .......... .......... .......... .......... 44% 18.9M 1s
[14.934s]   6950K .......... .......... .......... .......... .......... 44% 11.2M 1s
[14.937s]   7000K .......... .......... .......... .......... .......... 45% 12.7M 1s
[14.941s]   7050K .......... .......... .......... .......... .......... 45% 17.4M 1s
[14.943s]   7100K .......... .......... .......... .......... .......... 45% 15.7M 1s
[14.947s]   7150K .......... .......... .......... .......... .......... 46% 10.6M 1s
[14.952s]   7200K .......... .......... .......... .......... .......... 46% 10.1M 1s
[14.955s]   7250K .......... .......... .......... .......... .......... 46% 16.9M 1s
[14.960s]   7300K .......... .......... .......... .......... .......... 47% 10.6M 1s
[14.964s]   7350K .......... .......... .......... .......... .......... 47% 11.3M 1s
[14.970s]   7400K .......... .......... .......... .......... .......... 47% 10.6M 1s
[14.971s]   7450K .......... .......... .......... .......... .......... 47% 18.7M 1s
[14.974s]   7500K .......... .......... .......... .......... .......... 48% 19.9M 1s
[14.980s]   7550K .......... .......... .......... .......... .......... 48% 9.92M 1s
[14.984s]   7600K .......... .......... .......... .......... .......... 48% 9.08M 1s
[14.988s]   7650K .......... .......... .......... .......... .......... 49% 11.5M 1s
[14.991s]   7700K .......... .......... .......... .......... .......... 49% 16.0M 1s
[14.994s]   7750K .......... .......... .......... .......... .......... 49% 13.4M 1s
[14.997s]   7800K .......... .......... .......... .......... .......... 50% 16.5M 1s
[15.000s]   7850K .......... .......... .......... .......... .......... 50% 21.0M 1s
[15.006s]   7900K .......... .......... .......... .......... .......... 50% 12.2M 1s
[15.008s]   7950K .......... .......... .......... .......... .......... 51% 13.7M 1s
[15.015s]   8000K .......... .......... .......... .......... .......... 51% 6.77M 1s
[15.019s]   8050K .......... .......... .......... .......... .......... 51% 11.4M 1s
[15.021s]   8100K .......... .......... .......... .......... .......... 52% 22.5M 1s
[15.024s]   8150K .......... .......... .......... .......... .......... 52% 14.9M 1s
[15.031s]   8200K .......... .......... .......... .......... .......... 52% 7.63M 1s
[15.034s]   8250K .......... .......... .......... .......... .......... 53% 14.9M 1s
[15.037s]   8300K .......... .......... .......... .......... .......... 53% 16.8M 1s
[15.041s]   8350K .......... .......... .......... .......... .......... 53% 15.2M 1s
[15.045s]   8400K .......... .......... .......... .......... .......... 54% 11.2M 1s
[15.048s]   8450K .......... .......... .......... .......... .......... 54% 17.2M 1s
[15.051s]   8500K .......... .......... .......... .......... .......... 54% 18.5M 1s
[15.053s]   8550K .......... .......... .......... .......... .......... 55% 18.0M 1s
[15.058s]   8600K .......... .......... .......... .......... .......... 55% 9.15M 1s
[15.062s]   8650K .......... .......... .......... .......... .......... 55% 12.8M 1s
[15.066s]   8700K .......... .......... .......... .......... .......... 55% 13.1M 1s
[15.070s]   8750K .......... .......... .......... .......... .......... 56% 12.6M 1s
[15.073s]   8800K .......... .......... .......... .......... .......... 56% 15.4M 1s
[15.077s]   8850K .......... .......... .......... .......... .......... 56% 12.5M 1s
[15.084s]   8900K .......... .......... .......... .......... .......... 57% 6.86M 1s
[15.087s]   8950K .......... .......... .......... .......... .......... 57% 13.0M 1s
[15.093s]   9000K .......... .......... .......... .......... .......... 57% 9.02M 1s
[15.097s]   9050K .......... .......... .......... .......... .......... 58% 11.4M 1s
[15.103s]   9100K .......... .......... .......... .......... .......... 58% 8.82M 1s
[15.107s]   9150K .......... .......... .......... .......... .......... 58% 12.0M 1s
[15.110s]   9200K .......... .......... .......... .......... .......... 59% 14.6M 1s
[15.112s]   9250K .......... .......... .......... .......... .......... 59% 20.8M 1s
[15.115s]   9300K .......... .......... .......... .......... .......... 59% 18.0M 1s
[15.118s]   9350K .......... .......... .......... .......... .......... 60% 18.5M 1s
[15.123s]   9400K .......... .......... .......... .......... .......... 60% 14.6M 1s
[15.126s]   9450K .......... .......... .......... .......... .......... 60% 13.8M 1s
[15.129s]   9500K .......... .......... .......... .......... .......... 61% 10.5M 1s
[15.133s]   9550K .......... .......... .......... .......... .......... 61% 13.4M 1s
[15.135s]   9600K .......... .......... .......... .......... .......... 61% 26.5M 1s
[15.137s]   9650K .......... .......... .......... .......... .......... 62% 23.2M 1s
[15.139s]   9700K .......... .......... .......... .......... .......... 62% 19.6M 1s
[15.142s]   9750K .......... .......... .......... .......... .......... 62% 17.5M 1s
[15.144s]   9800K .......... .......... .......... .......... .......... 63% 21.7M 1s
[15.146s]   9850K .......... .......... .......... .......... .......... 63% 26.6M 1s
[15.150s]   9900K .......... .......... .......... .......... .......... 63% 14.6M 1s
[15.152s]   9950K .......... .......... .......... .......... .......... 63% 20.2M 1s
[15.154s]  10000K .......... .......... .......... .......... .......... 64% 22.7M 1s
[15.157s]  10050K .......... .......... .......... .......... .......... 64% 19.4M 1s
[15.160s]  10100K .......... .......... .......... .......... .......... 64% 19.0M 1s
[15.162s]  10150K .......... .......... .......... .......... .......... 65% 21.5M 1s
[15.164s]  10200K .......... .......... .......... .......... .......... 65% 19.7M 1s
[15.166s]  10250K .......... .......... .......... .......... .......... 65% 25.0M 1s
[15.169s]  10300K .......... .......... .......... .......... .......... 66% 16.6M 1s
[15.171s]  10350K .......... .......... .......... .......... .......... 66% 22.3M 1s
[15.174s]  10400K .......... .......... .......... .......... .......... 66% 21.7M 1s
[15.176s]  10450K .......... .......... .......... .......... .......... 67% 25.2M 1s
[15.178s]  10500K .......... .......... .......... .......... .......... 67% 15.8M 1s
[15.181s]  10550K .......... .......... .......... .......... .......... 67% 18.0M 1s
[15.183s]  10600K .......... .......... .......... .......... .......... 68% 19.9M 0s
[15.186s]  10650K .......... .......... .......... .......... .......... 68% 22.8M 0s
[15.190s]  10700K .......... .......... .......... .......... .......... 68% 10.6M 0s
[15.193s]  10750K .......... .......... .......... .......... .......... 69% 18.4M 0s
[15.197s]  10800K .......... .......... .......... .......... .......... 69% 12.3M 0s
[15.202s]  10850K .......... .......... .......... .......... .......... 69% 9.29M 0s
[15.208s]  10900K .......... .......... .......... .......... .......... 70% 14.0M 0s
[15.211s]  10950K .......... .......... .......... .......... .......... 70% 9.41M 0s
[15.216s]  11000K .......... .......... .......... .......... .......... 70% 9.35M 0s
[15.219s]  11050K .......... .......... .......... .......... .......... 71% 17.8M 0s
[15.227s]  11100K .......... .......... .......... .......... .......... 71% 6.12M 0s
[15.230s]  11150K .......... .......... .......... .......... .......... 71% 14.2M 0s
[15.233s]  11200K .......... .......... .......... .......... .......... 71% 17.0M 0s
[15.238s]  11250K .......... .......... .......... .......... .......... 72% 10.6M 0s
[15.242s]  11300K .......... .......... .......... .......... .......... 72% 10.7M 0s
[15.246s]  11350K .......... .......... .......... .......... .......... 72% 13.1M 0s
[15.250s]  11400K .......... .......... .......... .......... .......... 73% 15.0M 0s
[15.253s]  11450K .......... .......... .......... .......... .......... 73% 17.2M 0s
[15.258s]  11500K .......... .......... .......... .......... .......... 73% 11.7M 0s
[15.262s]  11550K .......... .......... .......... .......... .......... 74% 14.3M 0s
[15.262s]  11600K .......... .......... .......... .......... .......... 74% 19.8M 0s
[15.266s]  11650K .......... .......... .......... .......... .......... 74% 14.9M 0s
[15.268s]  11700K .......... .......... .......... .......... .......... 75% 17.1M 0s
[15.272s]  11750K .......... .......... .......... .......... .......... 75% 12.9M 0s
[15.279s]  11800K .......... .......... .......... .......... .......... 75% 7.82M 0s
[15.282s]  11850K .......... .......... .......... .......... .......... 76% 14.0M 0s
[15.289s]  11900K .......... .......... .......... .......... .......... 76% 7.45M 0s
[15.292s]  11950K .......... .......... .......... .......... .......... 76% 13.0M 0s
[15.296s]  12000K .......... .......... .......... .......... .......... 77% 12.0M 0s
[15.300s]  12050K .......... .......... .......... .......... .......... 77% 16.6M 0s
[15.305s]  12100K .......... .......... .......... .......... .......... 77% 9.80M 0s
[15.310s]  12150K .......... .......... .......... .......... .......... 78% 9.57M 0s
[15.311s]  12200K .......... .......... .......... .......... .......... 78% 22.8M 0s
[15.315s]  12250K .......... .......... .......... .......... .......... 78% 12.9M 0s
[15.322s]  12300K .......... .......... .......... .......... .......... 79% 6.71M 0s
[15.330s]  12350K .......... .......... .......... .......... .......... 79% 7.45M 0s
[15.332s]  12400K .......... .......... .......... .......... .......... 79% 14.7M 0s
[15.336s]  12450K .......... .......... .......... .......... .......... 79% 14.8M 0s
[15.340s]  12500K .......... .......... .......... .......... .......... 80% 11.8M 0s
[15.349s]  12550K .......... .......... .......... .......... .......... 80% 5.18M 0s
[15.354s]  12600K .......... .......... .......... .......... .......... 80% 11.4M 0s
[15.357s]  12650K .......... .......... .......... .......... .......... 81% 14.2M 0s
[15.360s]  12700K .......... .......... .......... .......... .......... 81% 18.3M 0s
[15.362s]  12750K .......... .......... .......... .......... .......... 81% 17.4M 0s
[15.366s]  12800K .......... .......... .......... .......... .......... 82% 17.5M 0s
[15.370s]  12850K .......... .......... .......... .......... .......... 82% 11.6M 0s
[15.374s]  12900K .......... .......... .......... .......... .......... 82% 11.7M 0s
[15.376s]  12950K .......... .......... .......... .......... .......... 83% 19.9M 0s
[15.381s]  13000K .......... .......... .......... .......... .......... 83% 9.58M 0s
[15.390s]  13050K .......... .......... .......... .......... .......... 83% 5.78M 0s
[15.396s]  13100K .......... .......... .......... .......... .......... 84% 7.70M 0s
[15.400s]  13150K .......... .......... .......... .......... .......... 84% 11.4M 0s
[15.406s]  13200K .......... .......... .......... .......... .......... 84% 8.70M 0s
[15.412s]  13250K .......... .......... .......... .......... .......... 85% 9.46M 0s
[15.416s]  13300K .......... .......... .......... .......... .......... 85% 10.0M 0s
[15.421s]  13350K .......... .......... .......... .......... .......... 85% 9.62M 0s
[15.425s]  13400K .......... .......... .......... .......... .......... 86% 12.1M 0s
[15.428s]  13450K .......... .......... .......... .......... .......... 86% 19.8M 0s
[15.433s]  13500K .......... .......... .......... .......... .......... 86% 8.65M 0s
[15.438s]  13550K .......... .......... .......... .......... .......... 87% 10.1M 0s
[15.442s]  13600K .......... .......... .......... .......... .......... 87% 15.2M 0s
[15.444s]  13650K .......... .......... .......... .......... .......... 87% 17.1M 0s
[15.451s]  13700K .......... .......... .......... .......... .......... 87% 8.20M 0s
[15.452s]  13750K .......... .......... .......... .......... .......... 88% 20.5M 0s
[15.459s]  13800K .......... .......... .......... .......... .......... 88% 7.95M 0s
[15.461s]  13850K .......... .......... .......... .......... .......... 88% 17.8M 0s
[15.467s]  13900K .......... .......... .......... .......... .......... 89% 8.73M 0s
[15.476s]  13950K .......... .......... .......... .......... .......... 89% 7.39M 0s
[15.477s]  14000K .......... .......... .......... .......... .......... 89% 18.5M 0s
[15.480s]  14050K .......... .......... .......... .......... .......... 90% 21.4M 0s
[15.492s]  14100K .......... .......... .......... .......... .......... 90% 3.72M 0s
[15.495s]  14150K .......... .......... .......... .......... .......... 90% 13.2M 0s
[15.500s]  14200K .......... .......... .......... .......... .......... 91% 11.4M 0s
[15.505s]  14250K .......... .......... .......... .......... .......... 91% 11.8M 0s
[15.509s]  14300K .......... .......... .......... .......... .......... 91% 12.9M 0s
[15.511s]  14350K .......... .......... .......... .......... .......... 92% 14.8M 0s
[15.516s]  14400K .......... .......... .......... .......... .......... 92% 9.72M 0s
[15.521s]  14450K .......... .......... .......... .......... .......... 92% 9.88M 0s
[15.524s]  14500K .......... .......... .......... .......... .......... 93% 15.5M 0s
[15.527s]  14550K .......... .......... .......... .......... .......... 93% 13.5M 0s
[15.532s]  14600K .......... .......... .......... .......... .......... 93% 12.4M 0s
[15.534s]  14650K .......... .......... .......... .......... .......... 94% 20.0M 0s
[15.557s]  14700K .......... .......... .......... .......... .......... 94% 3.74M 0s
[15.558s]  14750K .......... .......... .......... .......... .......... 94% 4.33M 0s
[15.567s]  14800K .......... .......... .......... .......... .......... 95% 5.52M 0s
[15.571s]  14850K .......... .......... .......... .......... .......... 95% 11.7M 0s
[15.574s]  14900K .......... .......... .......... .......... .......... 95% 16.8M 0s
[15.578s]  14950K .......... .......... .......... .......... .......... 95% 14.7M 0s
[15.581s]  15000K .......... .......... .......... .......... .......... 96% 14.2M 0s
[15.583s]  15050K .......... .......... .......... .......... .......... 96% 19.6M 0s
[15.587s]  15100K .......... .......... .......... .......... .......... 96% 14.3M 0s
[15.590s]  15150K .......... .......... .......... .......... .......... 97% 15.0M 0s
[15.595s]  15200K .......... .......... .......... .......... .......... 97% 14.3M 0s
[15.601s]  15250K .......... .......... .......... .......... .......... 97% 7.54M 0s
[15.606s]  15300K .......... .......... .......... .......... .......... 98% 7.99M 0s
[15.612s]  15350K .......... .......... .......... .......... .......... 98% 8.80M 0s
[15.615s]  15400K .......... .......... .......... .......... .......... 98% 14.4M 0s
[15.618s]  15450K .......... .......... .......... .......... .......... 99% 15.9M 0s
[15.622s]  15500K .......... .......... .......... .......... .......... 99% 13.5M 0s
[15.626s]  15550K .......... .......... .......... .......... .......... 99% 13.4M 0s
[15.626s]  15600K .......... .......... .....                           100% 77.7M=1.5s
[15.627s] 
[15.627s] 2026-09-10 07:36:07 (10.1 MB/s) - ‘/ros_ws/build/multirobot_map_merge/2011-08-09-12-22-52.pgm’ saved [16000058/16000058]
[15.627s] 
[15.628s] Checking MD5 sum of /ros_ws/build/multirobot_map_merge/2011-08-09-12-22-52.pgm
[15.682s] /ros_ws/build/multirobot_map_merge/2011-08-09-12-22-52.pgm: OK
[15.696s] --2026-09-10 07:36:07--  https://raw.githubusercontent.com/hrnr/m-explore-extra/master/map_merge/gmapping_maps/2012-01-28-11-12-01.pgm
[15.782s] Resolving raw.githubusercontent.com (raw.githubusercontent.com)... 185.199.108.133, 185.199.111.133, 185.199.110.133, ...
[15.810s] Connecting to raw.githubusercontent.com (raw.githubusercontent.com)|185.199.108.133|:443... connected.
[17.055s] HTTP request sent, awaiting response... 200 OK
[17.055s] Length: 16000058 (15M) [application/octet-stream]
[17.055s] Saving to: ‘/ros_ws/build/multirobot_map_merge/2012-01-28-11-12-01.pgm’
[17.056s] 
[17.070s]      0K .......... .......... .......... .......... ..........  0% 1.70M 9s
[17.071s]     50K .......... .......... .......... .......... ..........  0% 24.4M 5s
[17.132s]    100K .......... .......... .......... .......... ..........  0%  939K 9s
[17.133s]    150K .......... .......... .......... .......... ..........  1% 73.4M 7s
[17.133s]    200K .......... .......... .......... .......... ..........  1%  144M 5s
[17.133s]    250K .......... .......... .......... .......... ..........  1% 50.9M 4s
[17.134s]    300K .......... .......... .......... .......... ..........  2% 8.69M 4s
[17.162s]    350K .......... .......... .......... .......... ..........  2% 3.50M 4s
[17.165s]    400K .......... .......... .......... .......... ..........  2% 2.43M 4s
[17.171s]    450K .......... .......... .......... .......... ..........  3% 9.80M 4s
[17.182s]    500K .......... .......... .......... .......... ..........  3% 4.36M 4s
[17.200s]    550K .......... .......... .......... .......... ..........  3% 2.90M 4s
[17.229s]    600K .......... .......... .......... .......... ..........  4% 1.62M 4s
[17.236s]    650K .......... .......... .......... .......... ..........  4% 7.04M 4s
[17.282s]    700K .......... .......... .......... .......... ..........  4% 1.13M 5s
[17.295s]    750K .......... .......... .......... .......... ..........  5% 3.80M 5s
[17.302s]    800K .......... .......... .......... .......... ..........  5% 4.81M 5s
[17.315s]    850K .......... .......... .......... .......... ..........  5% 3.97M 4s
[17.347s]    900K .......... .......... .......... .......... ..........  6% 1.55M 5s
[17.347s]    950K .......... .......... .......... .......... ..........  6%  134M 4s
[17.348s]   1000K .......... .......... .......... .......... ..........  6%  185M 4s
[17.348s]   1050K .......... .......... .......... .......... ..........  7%  188M 4s
[17.348s]   1100K .......... .......... .......... .......... ..........  7% 42.4M 4s
[17.366s]   1150K .......... .......... .......... .......... ..........  7% 23.3M 4s
[17.369s]   1200K .......... .......... .......... .......... ..........  7% 2.86M 4s
[17.372s]   1250K .......... .......... .......... .......... ..........  8% 22.9M 4s
[17.372s]   1300K .......... .......... .......... .......... ..........  8% 28.6M 3s
[17.377s]   1350K .......... .......... .......... .......... ..........  8% 10.2M 3s
[17.378s]   1400K .......... .......... .......... .......... ..........  9% 25.5M 3s
[17.389s]   1450K .......... .......... .......... .......... ..........  9% 4.48M 3s
[17.408s]   1500K .......... .......... .......... .......... ..........  9% 2.51M 3s
[17.424s]   1550K .......... .......... .......... .......... .......... 10% 11.8M 3s
[17.428s]   1600K .......... .......... .......... .......... .......... 10% 3.05M 3s
[17.444s]   1650K .......... .......... .......... .......... .......... 10% 4.34M 3s
[17.444s]   1700K .......... .......... .......... .......... .......... 11%  177M 3s
[17.444s]   1750K .......... .......... .......... .......... .......... 11%  104M 3s
[17.444s]   1800K .......... .......... .......... .......... .......... 11%  159M 3s
[17.445s]   1850K .......... .......... .......... .......... .......... 12%  164M 3s
[17.445s]   1900K .......... .......... .......... .......... .......... 12% 27.1M 3s
[17.445s]   1950K .......... .......... .......... .......... .......... 12% 76.4M 3s
[17.464s]   2000K .......... .......... .......... .......... .......... 13% 3.49M 3s
[17.464s]   2050K .......... .......... .......... .......... .......... 13% 66.5M 3s
[17.466s]   2100K .......... .......... .......... .......... .......... 13% 5.65M 3s
[17.472s]   2150K .......... .......... .......... .......... .......... 14% 10.2M 3s
[17.473s]   2200K .......... .......... .......... .......... .......... 14% 29.3M 3s
[17.479s]   2250K .......... .......... .......... .......... .......... 14% 12.5M 3s
[17.492s]   2300K .......... .......... .......... .......... .......... 15% 14.5M 2s
[17.492s]   2350K .......... .......... .......... .......... .......... 15% 73.6M 2s
[17.508s]   2400K .......... .......... .......... .......... .......... 15% 4.57M 2s
[17.508s]   2450K .......... .......... .......... .......... .......... 15% 13.3M 2s
[17.508s]   2500K .......... .......... .......... .......... .......... 16% 3.79M 2s
[17.510s]   2550K .......... .......... .......... .......... .......... 16% 20.7M 2s
[17.541s]   2600K .......... .......... .......... .......... .......... 16% 1.84M 2s
[17.544s]   2650K .......... .......... .......... .......... .......... 17% 6.73M 2s
[17.545s]   2700K .......... .......... .......... .......... .......... 17%  254M 2s
[17.553s]   2750K .......... .......... .......... .......... .......... 17% 20.1M 2s
[17.589s]   2800K .......... .......... .......... .......... .......... 18% 3.36M 2s
[17.591s]   2850K .......... .......... .......... .......... .......... 18% 1.63M 2s
[17.592s]   2900K .......... .......... .......... .......... .......... 18%  132M 2s
[17.607s]   2950K .......... .......... .......... .......... .......... 19% 3.22M 2s
[17.617s]   3000K .......... .......... .......... .......... .......... 19% 4.57M 2s
[17.628s]   3050K .......... .......... .......... .......... .......... 19% 5.96M 2s
[17.652s]   3100K .......... .......... .......... .......... .......... 20% 1.87M 2s
[17.668s]   3150K .......... .......... .......... .......... .......... 20% 4.15M 2s
[17.675s]   3200K .......... .......... .......... .......... .......... 20% 4.28M 2s
[17.687s]   3250K .......... .......... .......... .......... .......... 21% 3.97M 2s
[17.695s]   3300K .......... .......... .......... .......... .......... 21% 6.91M 2s
[17.711s]   3350K .......... .......... .......... .......... .......... 21% 3.73M 2s
[17.717s]   3400K .......... .......... .......... .......... .......... 22% 4.94M 2s
[17.736s]   3450K .......... .......... .......... .......... .......... 22% 6.09M 2s
[17.743s]   3500K .......... .......... .......... .......... .......... 22% 2.76M 2s
[17.756s]   3550K .......... .......... .......... .......... .......... 23% 3.88M 2s
[17.779s]   3600K .......... .......... .......... .......... .......... 23% 8.46M 2s
[17.804s]   3650K .......... .......... .......... .......... .......... 23% 1.14M 2s
[17.837s]   3700K .......... .......... .......... .......... .......... 23% 1.50M 3s
[17.850s]   3750K .......... .......... .......... .......... .......... 24% 3.71M 3s
[17.861s]   3800K .......... .......... .......... .......... .......... 24% 4.75M 3s
[17.867s]   3850K .......... .......... .......... .......... .......... 24% 6.82M 2s
[17.892s]   3900K .......... .......... .......... .......... .......... 25% 2.33M 3s
[17.901s]   3950K .......... .......... .......... .......... .......... 25% 3.99M 3s
[17.926s]   4000K .......... .......... .......... .......... .......... 25% 2.14M 3s
[17.932s]   4050K .......... .......... .......... .......... .......... 26% 10.1M 2s
[17.945s]   4100K .......... .......... .......... .......... .......... 26% 3.19M 2s
[17.962s]   4150K .......... .......... .......... .......... .......... 26% 2.70M 3s
[17.981s]   4200K .......... .......... .......... .......... .......... 27% 2.80M 3s
[17.999s]   4250K .......... .......... .......... .......... .......... 27% 2.87M 3s
[18.008s]   4300K .......... .......... .......... .......... .......... 27% 4.75M 3s
[18.024s]   4350K .......... .......... .......... .......... .......... 28% 7.86M 2s
[18.025s]   4400K .......... .......... .......... .......... .......... 28% 4.93M 2s
[18.028s]   4450K .......... .......... .......... .......... .......... 28% 8.09M 2s
[18.032s]   4500K .......... .......... .......... .......... .......... 29% 15.5M 2s
[18.039s]   4550K .......... .......... .......... .......... .......... 29% 6.66M 2s
[18.051s]   4600K .......... .......... .......... .......... .......... 29% 4.28M 2s
[18.054s]   4650K .......... .......... .......... .......... .......... 30% 13.9M 2s
[18.060s]   4700K .......... .......... .......... .......... .......... 30% 8.15M 2s
[18.072s]   4750K .......... .......... .......... .......... .......... 30% 12.4M 2s
[18.079s]   4800K .......... .......... .......... .......... .......... 31% 3.35M 2s
[18.090s]   4850K .......... .......... .......... .......... .......... 31% 4.76M 2s
[18.096s]   4900K .......... .......... .......... .......... .......... 31% 6.57M 2s
[18.105s]   4950K .......... .......... .......... .......... .......... 31% 7.67M 2s
[18.115s]   5000K .......... .......... .......... .......... .......... 32% 5.21M 2s
[18.131s]   5050K .......... .......... .......... .......... .......... 32% 2.54M 2s
[18.140s]   5100K .......... .......... .......... .......... .......... 32% 5.23M 2s
[18.160s]   5150K .......... .......... .......... .......... .......... 33% 4.44M 2s
[18.167s]   5200K .......... .......... .......... .......... .......... 33% 5.57M 2s
[18.167s]   5250K .......... .......... .......... .......... .......... 33% 19.9M 2s
[18.174s]   5300K .......... .......... .......... .......... .......... 34% 4.89M 2s
[18.178s]   5350K .......... .......... .......... .......... .......... 34% 9.00M 2s
[18.182s]   5400K .......... .......... .......... .......... .......... 34% 12.9M 2s
[18.189s]   5450K .......... .......... .......... .......... .......... 35% 6.98M 2s
[18.201s]   5500K .......... .......... .......... .......... .......... 35% 7.61M 2s
[18.211s]   5550K .......... .......... .......... .......... .......... 35% 4.76M 2s
[18.219s]   5600K .......... .......... .......... .......... .......... 36% 3.53M 2s
[18.240s]   5650K .......... .......... .......... .......... .......... 36% 4.13M 2s
[18.255s]   5700K .......... .......... .......... .......... .......... 36% 2.51M 2s
[18.255s]   5750K .......... .......... .......... .......... .......... 37% 20.8M 2s
[18.265s]   5800K .......... .......... .......... .......... .......... 37% 8.29M 2s
[18.267s]   5850K .......... .......... .......... .......... .......... 37% 6.05M 2s
[18.279s]   5900K .......... .......... .......... .......... .......... 38% 6.65M 2s
[18.292s]   5950K .......... .......... .......... .......... .......... 38% 4.44M 2s
[18.319s]   6000K .......... .......... .......... .......... .......... 38% 1.47M 2s
[18.349s]   6050K .......... .......... .......... .......... .......... 39% 1.79M 2s
[18.383s]   6100K .......... .......... .......... .......... .......... 39% 1.30M 2s
[18.422s]   6150K .......... .......... .......... .......... .......... 39% 1.25M 2s
[18.449s]   6200K .......... .......... .......... .......... .......... 39% 1.82M 2s
[18.484s]   6250K .......... .......... .......... .......... .......... 40% 1.39M 2s
[18.495s]   6300K .......... .......... .......... .......... .......... 40% 9.79M 2s
[18.513s]   6350K .......... .......... .......... .......... .......... 40% 4.24M 2s
[18.514s]   6400K .......... .......... .......... .......... .......... 41% 14.1M 2s
[18.535s]   6450K .......... .......... .......... .......... .......... 41% 3.10M 2s
[18.548s]   6500K .......... .......... .......... .......... .......... 41% 3.72M 2s
[18.561s]   6550K .......... .......... .......... .......... .......... 42% 3.36M 2s
[18.563s]   6600K .......... .......... .......... .......... .......... 42% 5.20M 2s
[18.588s]   6650K .......... .......... .......... .......... .......... 42% 4.89M 2s
[18.603s]   6700K .......... .......... .......... .......... .......... 43% 3.02M 2s
[18.608s]   6750K .......... .......... .......... .......... .......... 43% 4.46M 2s
[18.610s]   6800K .......... .......... .......... .......... .......... 43% 3.75M 2s
[18.624s]   6850K .......... .......... .......... .......... .......... 44% 3.17M 2s
[18.635s]   6900K .......... .......... .......... .......... .......... 44% 4.31M 2s
[18.644s]   6950K .......... .......... .......... .......... .......... 44% 4.90M 2s
[18.675s]   7000K .......... .......... .......... .......... .......... 45% 1.86M 2s
[18.681s]   7050K .......... .......... .......... .......... .......... 45% 4.25M 2s
[18.688s]   7100K .......... .......... .......... .......... .......... 45% 8.72M 2s
[18.695s]   7150K .......... .......... .......... .......... .......... 46% 8.23M 2s
[18.699s]   7200K .......... .......... .......... .......... .......... 46% 7.81M 2s
[18.705s]   7250K .......... .......... .......... .......... .......... 46% 9.51M 2s
[18.713s]   7300K .......... .......... .......... .......... .......... 47% 6.77M 2s
[18.722s]   7350K .......... .......... .......... .......... .......... 47% 5.21M 2s
[18.724s]   7400K .......... .......... .......... .......... .......... 47% 15.3M 2s
[18.730s]   7450K .......... .......... .......... .......... .......... 47% 10.1M 2s
[18.736s]   7500K .......... .......... .......... .......... .......... 48% 10.0M 2s
[18.746s]   7550K .......... .......... .......... .......... .......... 48% 5.43M 2s
[18.753s]   7600K .......... .......... .......... .......... .......... 48% 5.29M 2s
[18.758s]   7650K .......... .......... .......... .......... .......... 49% 7.49M 2s
[18.765s]   7700K .......... .......... .......... .......... .......... 49% 8.93M 2s
[18.770s]   7750K .......... .......... .......... .......... .......... 49% 9.47M 2s
[18.775s]   7800K .......... .......... .......... .......... .......... 50% 9.53M 2s
[18.778s]   7850K .......... .......... .......... .......... .......... 50% 14.2M 2s
[18.783s]   7900K .......... .......... .......... .......... .......... 50% 9.23M 2s
[18.792s]   7950K .......... .......... .......... .......... .......... 51% 7.77M 2s
[18.798s]   8000K .......... .......... .......... .......... .......... 51% 8.91M 2s
[18.803s]   8050K .......... .......... .......... .......... .......... 51% 8.83M 2s
[18.807s]   8100K .......... .......... .......... .......... .......... 52% 9.40M 2s
[18.812s]   8150K .......... .......... .......... .......... .......... 52% 7.89M 2s
[18.820s]   8200K .......... .......... .......... .......... .......... 52% 6.57M 2s
[18.829s]   8250K .......... .......... .......... .......... .......... 53% 5.64M 2s
[18.841s]   8300K .......... .......... .......... .......... .......... 53% 3.85M 2s
[18.846s]   8350K .......... .......... .......... .......... .......... 53% 13.8M 2s
[18.854s]   8400K .......... .......... .......... .......... .......... 54% 5.12M 2s
[18.857s]   8450K .......... .......... .......... .......... .......... 54% 12.5M 2s
[18.860s]   8500K .......... .......... .......... .......... .......... 54% 18.3M 2s
[18.868s]   8550K .......... .......... .......... .......... .......... 55% 6.67M 1s
[18.872s]   8600K .......... .......... .......... .......... .......... 55% 10.4M 1s
[18.876s]   8650K .......... .......... .......... .......... .......... 55% 12.7M 1s
[18.883s]   8700K .......... .......... .......... .......... .......... 55% 11.8M 1s
[18.888s]   8750K .......... .......... .......... .......... .......... 56% 9.13M 1s
[18.891s]   8800K .......... .......... .......... .......... .......... 56% 9.41M 1s
[18.897s]   8850K .......... .......... .......... .......... .......... 56% 8.43M 1s
[18.901s]   8900K .......... .......... .......... .......... .......... 57% 9.88M 1s
[18.906s]   8950K .......... .......... .......... .......... .......... 57% 14.3M 1s
[18.911s]   9000K .......... .......... .......... .......... .......... 57% 8.66M 1s
[18.923s]   9050K .......... .......... .......... .......... .......... 58% 8.84M 1s
[18.926s]   9100K .......... .......... .......... .......... .......... 58% 7.79M 1s
[18.939s]   9150K .......... .......... .......... .......... .......... 58% 5.49M 1s
[18.940s]   9200K .......... .......... .......... .......... .......... 59% 5.51M 1s
[18.949s]   9250K .......... .......... .......... .......... .......... 59% 17.0M 1s
[18.965s]   9300K .......... .......... .......... .......... .......... 59% 4.15M 1s
[18.966s]   9350K .......... .......... .......... .......... .......... 60% 10.5M 1s
[18.976s]   9400K .......... .......... .......... .......... .......... 60% 3.25M 1s
[18.983s]   9450K .......... .......... .......... .......... .......... 60% 5.83M 1s
[18.989s]   9500K .......... .......... .......... .......... .......... 61% 11.4M 1s
[18.993s]   9550K .......... .......... .......... .......... .......... 61% 20.6M 1s
[18.994s]   9600K .......... .......... .......... .......... .......... 61% 18.5M 1s
[18.996s]   9650K .......... .......... .......... .......... .......... 62% 12.7M 1s
[18.998s]   9700K .......... .......... .......... .......... .......... 62% 23.0M 1s
[19.003s]   9750K .......... .......... .......... .......... .......... 62% 11.1M 1s
[19.005s]   9800K .......... .......... .......... .......... .......... 63% 23.2M 1s
[19.010s]   9850K .......... .......... .......... .......... .......... 63% 12.8M 1s
[19.011s]   9900K .......... .......... .......... .......... .......... 63% 20.0M 1s
[19.017s]   9950K .......... .......... .......... .......... .......... 63% 12.5M 1s
[19.022s]  10000K .......... .......... .......... .......... .......... 64% 8.10M 1s
[19.023s]  10050K .......... .......... .......... .......... .......... 64% 23.4M 1s
[19.027s]  10100K .......... .......... .......... .......... .......... 64% 19.4M 1s
[19.029s]  10150K .......... .......... .......... .......... .......... 65% 17.1M 1s
[19.033s]  10200K .......... .......... .......... .......... .......... 65% 13.8M 1s
[19.039s]  10250K .......... .......... .......... .......... .......... 65% 8.58M 1s
[19.048s]  10300K .......... .......... .......... .......... .......... 66% 6.92M 1s
[19.051s]  10350K .......... .......... .......... .......... .......... 66% 11.5M 1s
[19.052s]  10400K .......... .......... .......... .......... .......... 66% 13.2M 1s
[19.055s]  10450K .......... .......... .......... .......... .......... 67% 22.1M 1s
[19.062s]  10500K .......... .......... .......... .......... .......... 67% 9.88M 1s
[19.066s]  10550K .......... .......... .......... .......... .......... 67% 8.46M 1s
[19.070s]  10600K .......... .......... .......... .......... .......... 68% 17.4M 1s
[19.078s]  10650K .......... .......... .......... .......... .......... 68% 18.9M 1s
[19.079s]  10700K .......... .......... .......... .......... .......... 68% 22.1M 1s
[19.080s]  10750K .......... .......... .......... .......... .......... 69% 15.7M 1s
[19.081s]  10800K .......... .......... .......... .......... .......... 69% 14.9M 1s
[19.087s]  10850K .......... .......... .......... .......... .......... 69% 10.0M 1s
[19.088s]  10900K .......... .......... .......... .......... .......... 70% 15.0M 1s
[19.097s]  10950K .......... .......... .......... .......... .......... 70% 13.6M 1s
[19.098s]  11000K .......... .......... .......... .......... .......... 70% 9.93M 1s
[19.099s]  11050K .......... .......... .......... .......... .......... 71% 14.7M 1s
[19.107s]  11100K .......... .......... .......... .......... .......... 71% 11.4M 1s
[19.110s]  11150K .......... .......... .......... .......... .......... 71% 10.5M 1s
[19.116s]  11200K .......... .......... .......... .......... .......... 71% 6.10M 1s
[19.121s]  11250K .......... .......... .......... .......... .......... 72% 11.1M 1s
[19.134s]  11300K .......... .......... .......... .......... .......... 72% 5.14M 1s
[19.135s]  11350K .......... .......... .......... .......... .......... 72% 16.2M 1s
[19.153s]  11400K .......... .......... .......... .......... .......... 73% 3.36M 1s
[19.153s]  11450K .......... .......... .......... .......... .......... 73% 16.0M 1s
[19.156s]  11500K .......... .......... .......... .......... .......... 73% 13.8M 1s
[19.164s]  11550K .......... .......... .......... .......... .......... 74% 5.61M 1s
[19.168s]  11600K .......... .......... .......... .......... .......... 74% 11.1M 1s
[19.171s]  11650K .......... .......... .......... .......... .......... 74% 19.3M 1s
[19.174s]  11700K .......... .......... .......... .......... .......... 75% 12.2M 1s
[19.183s]  11750K .......... .......... .......... .......... .......... 75% 9.15M 1s
[19.184s]  11800K .......... .......... .......... .......... .......... 75% 12.7M 1s
[19.190s]  11850K .......... .......... .......... .......... .......... 76% 11.9M 1s
[19.194s]  11900K .......... .......... .......... .......... .......... 76% 7.74M 1s
[19.203s]  11950K .......... .......... .......... .......... .......... 76% 10.9M 1s
[19.210s]  12000K .......... .......... .......... .......... .......... 77% 4.66M 1s
[19.225s]  12050K .......... .......... .......... .......... .......... 77% 4.84M 1s
[19.229s]  12100K .......... .......... .......... .......... .......... 77% 4.51M 1s
[19.233s]  12150K .......... .......... .......... .......... .......... 78% 11.5M 1s
[19.246s]  12200K .......... .......... .......... .......... .......... 78% 4.49M 1s
[19.249s]  12250K .......... .......... .......... .......... .......... 78% 12.2M 1s
[19.252s]  12300K .......... .......... .......... .......... .......... 79% 14.8M 1s
[19.260s]  12350K .......... .......... .......... .......... .......... 79% 7.39M 1s
[19.261s]  12400K .......... .......... .......... .......... .......... 79% 19.3M 1s
[19.265s]  12450K .......... .......... .......... .......... .......... 79% 16.6M 1s
[19.266s]  12500K .......... .......... .......... .......... .......... 80% 17.9M 1s
[19.271s]  12550K .......... .......... .......... .......... .......... 80% 9.30M 1s
[19.277s]  12600K .......... .......... .......... .......... .......... 80% 10.2M 1s
[19.283s]  12650K .......... .......... .......... .......... .......... 81% 7.31M 1s
[19.289s]  12700K .......... .......... .......... .......... .......... 81% 9.02M 1s
[19.296s]  12750K .......... .......... .......... .......... .......... 81% 7.64M 0s
[19.302s]  12800K .......... .......... .......... .......... .......... 82% 7.16M 0s
[19.310s]  12850K .......... .......... .......... .......... .......... 82% 6.17M 0s
[19.314s]  12900K .......... .......... .......... .......... .......... 82% 10.3M 0s
[19.320s]  12950K .......... .......... .......... .......... .......... 83% 8.56M 0s
[19.326s]  13000K .......... .......... .......... .......... .......... 83% 8.48M 0s
[19.333s]  13050K .......... .......... .......... .......... .......... 83% 9.15M 0s
[19.347s]  13100K .......... .......... .......... .......... .......... 84% 3.08M 0s
[19.363s]  13150K .......... .......... .......... .......... .......... 84% 3.59M 0s
[19.379s]  13200K .......... .......... .......... .......... .......... 84% 2.75M 0s
[19.386s]  13250K .......... .......... .......... .......... .......... 85% 7.44M 0s
[19.395s]  13300K .......... .......... .......... .......... .......... 85% 6.58M 0s
[19.403s]  13350K .......... .......... .......... .......... .......... 85% 4.97M 0s
[19.413s]  13400K .......... .......... .......... .......... .......... 86% 4.40M 0s
[19.419s]  13450K .......... .......... .......... .......... .......... 86% 8.52M 0s
[19.424s]  13500K .......... .......... .......... .......... .......... 86% 10.2M 0s
[19.433s]  13550K .......... .......... .......... .......... .......... 87% 6.44M 0s
[19.439s]  13600K .......... .......... .......... .......... .......... 87% 6.93M 0s
[19.445s]  13650K .......... .......... .......... .......... .......... 87% 7.20M 0s
[19.453s]  13700K .......... .......... .......... .......... .......... 87% 6.80M 0s
[19.462s]  13750K .......... .......... .......... .......... .......... 88% 5.94M 0s
[19.467s]  13800K .......... .......... .......... .......... .......... 88% 11.6M 0s
[19.477s]  13850K .......... .......... .......... .......... .......... 88% 4.94M 0s
[19.483s]  13900K .......... .......... .......... .......... .......... 89% 6.55M 0s
[19.488s]  13950K .......... .......... .......... .......... .......... 89% 11.0M 0s
[19.492s]  14000K .......... .......... .......... .......... .......... 89% 8.55M 0s
[19.498s]  14050K .......... .......... .......... .......... .......... 90% 8.51M 0s
[19.504s]  14100K .......... .......... .......... .......... .......... 90% 8.28M 0s
[19.513s]  14150K .......... .......... .......... .......... .......... 90% 6.40M 0s
[19.519s]  14200K .......... .......... .......... .......... .......... 91% 8.83M 0s
[19.525s]  14250K .......... .......... .......... .......... .......... 91% 9.64M 0s
[19.530s]  14300K .......... .......... .......... .......... .......... 91% 7.75M 0s
[19.538s]  14350K .......... .......... .......... .......... .......... 92% 7.69M 0s
[19.542s]  14400K .......... .......... .......... .......... .......... 92% 7.39M 0s
[19.558s]  14450K .......... .......... .......... .......... .......... 92% 3.01M 0s
[19.568s]  14500K .......... .......... .......... .......... .......... 93% 4.48M 0s
[19.577s]  14550K .......... .......... .......... .......... .......... 93% 6.13M 0s
[19.583s]  14600K .......... .......... .......... .......... .......... 93% 8.67M 0s
[19.587s]  14650K .......... .......... .......... .......... .......... 94% 11.5M 0s
[19.596s]  14700K .......... .......... .......... .......... .......... 94% 6.73M 0s
[19.602s]  14750K .......... .......... .......... .......... .......... 94% 7.51M 0s
[19.607s]  14800K .......... .......... .......... .......... .......... 95% 8.82M 0s
[19.612s]  14850K .......... .......... .......... .......... .......... 95% 9.47M 0s
[19.614s]  14900K .......... .......... .......... .......... .......... 95% 16.4M 0s
[19.618s]  14950K .......... .......... .......... .......... .......... 95% 11.8M 0s
[19.620s]  15000K .......... .......... .......... .......... .......... 96% 20.1M 0s
[19.625s]  15050K .......... .......... .......... .......... .......... 96% 13.4M 0s
[19.627s]  15100K .......... .......... .......... .......... .......... 96% 15.0M 0s
[19.632s]  15150K .......... .......... .......... .......... .......... 97% 16.0M 0s
[19.636s]  15200K .......... .......... .......... .......... .......... 97% 8.88M 0s
[19.640s]  15250K .......... .......... .......... .......... .......... 97% 10.7M 0s
[19.643s]  15300K .......... .......... .......... .......... .......... 98% 17.8M 0s
[19.649s]  15350K .......... .......... .......... .......... .......... 98% 8.58M 0s
[19.651s]  15400K .......... .......... .......... .......... .......... 98% 20.7M 0s
[19.654s]  15450K .......... .......... .......... .......... .......... 99% 14.8M 0s
[19.658s]  15500K .......... .......... .......... .......... .......... 99% 14.9M 0s
[19.663s]  15550K .......... .......... .......... .......... .......... 99% 12.7M 0s
[19.665s]  15600K .......... .......... .....                           100% 7.59M=2.6s
[19.665s] 
[19.665s] 2026-09-10 07:36:11 (5.81 MB/s) - ‘/ros_ws/build/multirobot_map_merge/2012-01-28-11-12-01.pgm’ saved [16000058/16000058]
[19.666s] 
[19.668s] Checking MD5 sum of /ros_ws/build/multirobot_map_merge/2012-01-28-11-12-01.pgm
[19.720s] /ros_ws/build/multirobot_map_merge/2012-01-28-11-12-01.pgm: OK
[19.747s] -- Found gtest sources under '/opt/ros/jazzy/src/gtest_vendor': C++ tests using 'Google Test' will be built
[19.763s] -- Found Threads: TRUE  
[19.786s] -- Added test 'cppcheck' to perform static code analysis on C / C++ code
[19.789s] -- Configured cppcheck include dirs: /ros_ws/src/m-explore-ros2/map_merge/include;$<BUILD_INTERFACE:/ros_ws/src/m-explore-ros2/map_merge/include>
[19.789s] -- Configured cppcheck exclude dirs and/or files: 
[19.796s] -- Added test 'flake8' to check Python code syntax and style conventions
[19.796s] -- Configured 'flake8' exclude dirs and/or files: 
[19.801s] -- Added test 'lint_cmake' to check CMake code style
[19.804s] -- Added test 'pep257' to check Python code against some of the docstring style conventions in PEP 257
[19.810s] -- Added test 'uncrustify' to check C / C++ code style
[19.810s] -- Configured uncrustify additional arguments: 
[19.814s] -- Added test 'xmllint' to check XML markup files
[19.821s] -- Configuring done (19.1s)
[20.146s] -- Generating done (0.2s)
[20.173s] -- Build files have been written to: /ros_ws/build/multirobot_map_merge
[20.203s] Invoked command in '/ros_ws/build/multirobot_map_merge' returned '0': CMAKE_PREFIX_PATH=${CMAKE_PREFIX_PATH}:/ros_ws/install/turtlebot_logic:/ros_ws/install/turtlebot3_teleop:/ros_ws/install/turtlebot3_example:/opt/ros/jazzy /usr/bin/cmake /ros_ws/src/m-explore-ros2/map_merge -DCMAKE_INSTALL_PREFIX=/ros_ws/install/multirobot_map_merge
[20.206s] Invoking command in '/ros_ws/build/multirobot_map_merge': CMAKE_PREFIX_PATH=${CMAKE_PREFIX_PATH}:/ros_ws/install/turtlebot_logic:/ros_ws/install/turtlebot3_teleop:/ros_ws/install/turtlebot3_example:/opt/ros/jazzy /usr/bin/cmake --build /ros_ws/build/multirobot_map_merge -- -j12 -l12
[20.421s] [  8%] [32mBuilding CXX object gtest/CMakeFiles/gtest_main.dir/src/gtest_main.cc.o[0m
[20.421s] [ 16%] [32mBuilding CXX object CMakeFiles/combine_grids.dir/src/combine_grids/grid_warper.cpp.o[0m
[20.421s] [ 25%] [32mBuilding CXX object CMakeFiles/combine_grids.dir/src/combine_grids/merging_pipeline.cpp.o[0m
[20.431s] [ 33%] [32mBuilding CXX object CMakeFiles/combine_grids.dir/src/combine_grids/grid_compositor.cpp.o[0m
[20.440s] [ 41%] [32mBuilding CXX object gtest/CMakeFiles/gtest.dir/src/gtest-all.cc.o[0m
[23.532s] [ 50%] [32m[1mLinking CXX static library libgtest_main.a[0m
[23.737s] [ 50%] Built target gtest_main
[33.069s] [ 58%] [32m[1mLinking CXX static library libgtest.a[0m
[33.217s] [ 58%] Built target gtest
[33.711s] [ 66%] [32m[1mLinking CXX static library libcombine_grids.a[0m
[33.808s] [ 66%] Built target combine_grids
[33.866s] [ 75%] [32mBuilding CXX object CMakeFiles/test_merging_pipeline.dir/test/test_merging_pipeline.cpp.o[0m
[33.877s] [ 83%] [32mBuilding CXX object CMakeFiles/map_merge.dir/src/map_merge.cpp.o[0m
[45.589s] [ 91%] [32m[1mLinking CXX executable test_merging_pipeline[0m
[47.490s] [ 91%] Built target test_merging_pipeline
[57.284s] [100%] [32m[1mLinking CXX executable map_merge[0m
[58.293s] [100%] Built target map_merge
[58.311s] Invoked command in '/ros_ws/build/multirobot_map_merge' returned '0': CMAKE_PREFIX_PATH=${CMAKE_PREFIX_PATH}:/ros_ws/install/turtlebot_logic:/ros_ws/install/turtlebot3_teleop:/ros_ws/install/turtlebot3_example:/opt/ros/jazzy /usr/bin/cmake --build /ros_ws/build/multirobot_map_merge -- -j12 -l12
[58.314s] Invoking command in '/ros_ws/build/multirobot_map_merge': CMAKE_PREFIX_PATH=${CMAKE_PREFIX_PATH}:/ros_ws/install/turtlebot_logic:/ros_ws/install/turtlebot3_teleop:/ros_ws/install/turtlebot3_example:/opt/ros/jazzy /usr/bin/cmake --install /ros_ws/build/multirobot_map_merge
[58.325s] -- Install configuration: ""
[58.325s] -- Installing: /ros_ws/install/multirobot_map_merge/include/map_merge/
[58.326s] -- Installing: /ros_ws/install/multirobot_map_merge/include/map_merge//map_merge.h
[58.326s] -- Installing: /ros_ws/install/multirobot_map_merge/include/map_merge//ros1_names.hpp
[58.326s] -- Installing: /ros_ws/install/multirobot_map_merge/share/multirobot_map_merge/launch
[58.327s] -- Installing: /ros_ws/install/multirobot_map_merge/share/multirobot_map_merge/launch/map_merge.launch.py
[58.327s] -- Installing: /ros_ws/install/multirobot_map_merge/share/multirobot_map_merge/launch/map_merge.rviz
[58.328s] -- Installing: /ros_ws/install/multirobot_map_merge/share/multirobot_map_merge/launch/tb3_simulation
[58.328s] -- Installing: /ros_ws/install/multirobot_map_merge/share/multirobot_map_merge/launch/tb3_simulation/worlds
[58.329s] -- Installing: /ros_ws/install/multirobot_map_merge/share/multirobot_map_merge/launch/tb3_simulation/worlds/world_only.model
[58.329s] -- Installing: /ros_ws/install/multirobot_map_merge/share/multirobot_map_merge/launch/tb3_simulation/slam_toolbox.py
[58.329s] -- Installing: /ros_ws/install/multirobot_map_merge/share/multirobot_map_merge/launch/tb3_simulation/bringup_launch.py
[58.330s] -- Installing: /ros_ws/install/multirobot_map_merge/share/multirobot_map_merge/launch/tb3_simulation/tb3_simulation_launch.py
[58.330s] -- Installing: /ros_ws/install/multirobot_map_merge/share/multirobot_map_merge/launch/tb3_simulation/multi_tb3_simulation_launch.py
[58.331s] -- Installing: /ros_ws/install/multirobot_map_merge/share/multirobot_map_merge/launch/tb3_simulation/config
[58.331s] -- Installing: /ros_ws/install/multirobot_map_merge/share/multirobot_map_merge/launch/tb3_simulation/config/nav2_multirobot_params_2.yaml
[58.332s] -- Installing: /ros_ws/install/multirobot_map_merge/share/multirobot_map_merge/launch/tb3_simulation/config/nav2_multirobot_params_1.yaml
[58.333s] -- Installing: /ros_ws/install/multirobot_map_merge/share/multirobot_map_merge/launch/from_map_server.launch.py
[58.334s] -- Installing: /ros_ws/install/multirobot_map_merge/share/multirobot_map_merge/config
[58.335s] -- Installing: /ros_ws/install/multirobot_map_merge/share/multirobot_map_merge/config/params.yaml
[58.335s] -- Installing: /ros_ws/install/multirobot_map_merge/lib/libcombine_grids.a
[58.336s] -- Installing: /ros_ws/install/multirobot_map_merge/lib/multirobot_map_merge/map_merge
[58.343s] -- Set non-toolchain portion of runtime path of "/ros_ws/install/multirobot_map_merge/lib/multirobot_map_merge/map_merge" to ""
[58.343s] -- Installing: /ros_ws/install/multirobot_map_merge/share/multirobot_map_merge/environment/library_path.sh
[58.343s] -- Installing: /ros_ws/install/multirobot_map_merge/share/multirobot_map_merge/environment/library_path.dsv
[58.344s] -- Installing: /ros_ws/install/multirobot_map_merge/share/ament_index/resource_index/package_run_dependencies/multirobot_map_merge
[58.344s] -- Installing: /ros_ws/install/multirobot_map_merge/share/ament_index/resource_index/parent_prefix_path/multirobot_map_merge
[58.344s] -- Installing: /ros_ws/install/multirobot_map_merge/share/multirobot_map_merge/environment/ament_prefix_path.sh
[58.345s] -- Installing: /ros_ws/install/multirobot_map_merge/share/multirobot_map_merge/environment/ament_prefix_path.dsv
[58.345s] -- Installing: /ros_ws/install/multirobot_map_merge/share/multirobot_map_merge/environment/path.sh
[58.345s] -- Installing: /ros_ws/install/multirobot_map_merge/share/multirobot_map_merge/environment/path.dsv
[58.345s] -- Installing: /ros_ws/install/multirobot_map_merge/share/multirobot_map_merge/local_setup.bash
[58.345s] -- Installing: /ros_ws/install/multirobot_map_merge/share/multirobot_map_merge/local_setup.sh
[58.345s] -- Installing: /ros_ws/install/multirobot_map_merge/share/multirobot_map_merge/local_setup.zsh
[58.345s] -- Installing: /ros_ws/install/multirobot_map_merge/share/multirobot_map_merge/local_setup.dsv
[58.346s] -- Installing: /ros_ws/install/multirobot_map_merge/share/multirobot_map_merge/package.dsv
[58.346s] -- Installing: /ros_ws/install/multirobot_map_merge/share/ament_index/resource_index/packages/multirobot_map_merge
[58.346s] -- Installing: /ros_ws/install/multirobot_map_merge/share/multirobot_map_merge/cmake/ament_cmake_export_include_directories-extras.cmake
[58.346s] -- Installing: /ros_ws/install/multirobot_map_merge/share/multirobot_map_merge/cmake/ament_cmake_export_libraries-extras.cmake
[58.346s] -- Installing: /ros_ws/install/multirobot_map_merge/share/multirobot_map_merge/cmake/multirobot_map_mergeConfig.cmake
[58.346s] -- Installing: /ros_ws/install/multirobot_map_merge/share/multirobot_map_merge/cmake/multirobot_map_mergeConfig-version.cmake
[58.347s] -- Installing: /ros_ws/install/multirobot_map_merge/share/multirobot_map_merge/package.xml
[58.350s] Invoked command in '/ros_ws/build/multirobot_map_merge' returned '0': CMAKE_PREFIX_PATH=${CMAKE_PREFIX_PATH}:/ros_ws/install/turtlebot_logic:/ros_ws/install/turtlebot3_teleop:/ros_ws/install/turtlebot3_example:/opt/ros/jazzy /usr/bin/cmake --install /ros_ws/build/multirobot_map_merge
