[0.442s] Invoking command in '/ros_ws/build/multirobot_map_merge': CMAKE_PREFIX_PATH=${CMAKE_PREFIX_PATH}:/ros_ws/install/turtlebot_logic:/ros_ws/install/turtlebot3_teleop:/ros_ws/install/turtlebot3_example:/opt/ros/jazzy /usr/bin/cmake --build /ros_ws/build/multirobot_map_merge -- -j12 -l12
[0.898s] [ 16%] Built target gtest
[0.898s] [ 33%] Built target gtest_main
[0.898s] [ 66%] Built target combine_grids
[0.898s] [ 83%] Built target test_merging_pipeline
[0.898s] [100%] Built target map_merge
[0.932s] Invoked command in '/ros_ws/build/multirobot_map_merge' returned '0': CMAKE_PREFIX_PATH=${CMAKE_PREFIX_PATH}:/ros_ws/install/turtlebot_logic:/ros_ws/install/turtlebot3_teleop:/ros_ws/install/turtlebot3_example:/opt/ros/jazzy /usr/bin/cmake --build /ros_ws/build/multirobot_map_merge -- -j12 -l12
[0.935s] Invoking command in '/ros_ws/build/multirobot_map_merge': CMAKE_PREFIX_PATH=${CMAKE_PREFIX_PATH}:/ros_ws/install/turtlebot_logic:/ros_ws/install/turtlebot3_teleop:/ros_ws/install/turtlebot3_example:/opt/ros/jazzy /usr/bin/cmake --install /ros_ws/build/multirobot_map_merge
[0.976s] -- Install configuration: ""
[0.976s] -- Up-to-date: /ros_ws/install/multirobot_map_merge/include/map_merge/
[0.977s] -- Up-to-date: /ros_ws/install/multirobot_map_merge/include/map_merge//map_merge.h
[0.977s] -- Up-to-date: /ros_ws/install/multirobot_map_merge/include/map_merge//ros1_names.hpp
[0.977s] -- Up-to-date: /ros_ws/install/multirobot_map_merge/share/multirobot_map_merge/launch
[0.977s] -- Up-to-date: /ros_ws/install/multirobot_map_merge/share/multirobot_map_merge/launch/map_merge.launch.py
[0.979s] -- Up-to-date: /ros_ws/install/multirobot_map_merge/share/multirobot_map_merge/launch/map_merge.rviz
[0.979s] -- Up-to-date: /ros_ws/install/multirobot_map_merge/share/multirobot_map_merge/launch/tb3_simulation
[0.979s] -- Up-to-date: /ros_ws/install/multirobot_map_merge/share/multirobot_map_merge/launch/tb3_simulation/worlds
[0.981s] -- Up-to-date: /ros_ws/install/multirobot_map_merge/share/multirobot_map_merge/launch/tb3_simulation/worlds/world_only.model
[0.981s] -- Up-to-date: /ros_ws/install/multirobot_map_merge/share/multirobot_map_merge/launch/tb3_simulation/slam_toolbox.py
[0.981s] -- Up-to-date: /ros_ws/install/multirobot_map_merge/share/multirobot_map_merge/launch/tb3_simulation/bringup_launch.py
[0.981s] -- Up-to-date: /ros_ws/install/multirobot_map_merge/share/multirobot_map_merge/launch/tb3_simulation/tb3_simulation_launch.py
[0.981s] -- Up-to-date: /ros_ws/install/multirobot_map_merge/share/multirobot_map_merge/launch/tb3_simulation/multi_tb3_simulation_launch.py
[0.981s] -- Up-to-date: /ros_ws/install/multirobot_map_merge/share/multirobot_map_merge/launch/tb3_simulation/config
[0.986s] -- Up-to-date: /ros_ws/install/multirobot_map_merge/share/multirobot_map_merge/launch/tb3_simulation/config/nav2_multirobot_params_2.yaml
[0.986s] -- Up-to-date: /ros_ws/install/multirobot_map_merge/share/multirobot_map_merge/launch/tb3_simulation/config/nav2_multirobot_params_1.yaml
[0.987s] -- Up-to-date: /ros_ws/install/multirobot_map_merge/share/multirobot_map_merge/launch/from_map_server.launch.py
[0.987s] -- Up-to-date: /ros_ws/install/multirobot_map_merge/share/multirobot_map_merge/config
[0.987s] -- Up-to-date: /ros_ws/install/multirobot_map_merge/share/multirobot_map_merge/config/params.yaml
[0.988s] -- Up-to-date: /ros_ws/install/multirobot_map_merge/lib/libcombine_grids.a
[0.991s] -- Up-to-date: /ros_ws/install/multirobot_map_merge/lib/multirobot_map_merge/map_merge
[0.992s] -- Up-to-date: /ros_ws/install/multirobot_map_merge/share/multirobot_map_merge/environment/library_path.sh
[0.992s] -- Up-to-date: /ros_ws/install/multirobot_map_merge/share/multirobot_map_merge/environment/library_path.dsv
[0.993s] -- Up-to-date: /ros_ws/install/multirobot_map_merge/share/ament_index/resource_index/package_run_dependencies/multirobot_map_merge
[0.993s] -- Up-to-date: /ros_ws/install/multirobot_map_merge/share/ament_index/resource_index/parent_prefix_path/multirobot_map_merge
[0.993s] -- Up-to-date: /ros_ws/install/multirobot_map_merge/share/multirobot_map_merge/environment/ament_prefix_path.sh
[0.994s] -- Up-to-date: /ros_ws/install/multirobot_map_merge/share/multirobot_map_merge/environment/ament_prefix_path.dsv
[0.994s] -- Up-to-date: /ros_ws/install/multirobot_map_merge/share/multirobot_map_merge/environment/path.sh
[0.994s] -- Up-to-date: /ros_ws/install/multirobot_map_merge/share/multirobot_map_merge/environment/path.dsv
[0.994s] -- Up-to-date: /ros_ws/install/multirobot_map_merge/share/multirobot_map_merge/local_setup.bash
[0.994s] -- Up-to-date: /ros_ws/install/multirobot_map_merge/share/multirobot_map_merge/local_setup.sh
[0.994s] -- Up-to-date: /ros_ws/install/multirobot_map_merge/share/multirobot_map_merge/local_setup.zsh
[0.994s] -- Up-to-date: /ros_ws/install/multirobot_map_merge/share/multirobot_map_merge/local_setup.dsv
[0.995s] -- Installing: /ros_ws/install/multirobot_map_merge/share/multirobot_map_merge/package.dsv
[0.995s] -- Up-to-date: /ros_ws/install/multirobot_map_merge/share/ament_index/resource_index/packages/multirobot_map_merge
[0.996s] -- Up-to-date: /ros_ws/install/multirobot_map_merge/share/multirobot_map_merge/cmake/ament_cmake_export_include_directories-extras.cmake
[0.996s] -- Up-to-date: /ros_ws/install/multirobot_map_merge/share/multirobot_map_merge/cmake/ament_cmake_export_libraries-extras.cmake
[0.996s] -- Up-to-date: /ros_ws/install/multirobot_map_merge/share/multirobot_map_merge/cmake/multirobot_map_mergeConfig.cmake
[0.997s] -- Up-to-date: /ros_ws/install/multirobot_map_merge/share/multirobot_map_merge/cmake/multirobot_map_mergeConfig-version.cmake
[0.997s] -- Up-to-date: /ros_ws/install/multirobot_map_merge/share/multirobot_map_merge/package.xml
[1.322s] Invoked command in '/ros_ws/build/multirobot_map_merge' returned '0': CMAKE_PREFIX_PATH=${CMAKE_PREFIX_PATH}:/ros_ws/install/turtlebot_logic:/ros_ws/install/turtlebot3_teleop:/ros_ws/install/turtlebot3_example:/opt/ros/jazzy /usr/bin/cmake --install /ros_ws/build/multirobot_map_merge
