[3.881s] Invoking command in '/ros_ws/src/turtlebot_logic': PYTHONPATH=/ros_ws/build/turtlebot_logic/prefix_override:/usr/lib/python3/dist-packages/colcon_core/task/python/colcon_distutils_commands:/ros_ws/install/turtlebot_logic/lib/python3.12/site-packages:${PYTHONPATH} /usr/bin/python3 -W ignore:setup.py install is deprecated -W ignore:easy_install command is deprecated setup.py egg_info --egg-base ../../build/turtlebot_logic build --build-base /ros_ws/build/turtlebot_logic/build install --record /ros_ws/build/turtlebot_logic/install.log --install-scripts $base/lib/turtlebot_logic --single-version-externally-managed install_data
[4.252s] running egg_info
[4.275s] writing ../../build/turtlebot_logic/turtlebot_logic.egg-info/PKG-INFO
[4.279s] writing dependency_links to ../../build/turtlebot_logic/turtlebot_logic.egg-info/dependency_links.txt
[4.279s] writing entry points to ../../build/turtlebot_logic/turtlebot_logic.egg-info/entry_points.txt
[4.279s] writing requirements to ../../build/turtlebot_logic/turtlebot_logic.egg-info/requires.txt
[4.279s] writing top-level names to ../../build/turtlebot_logic/turtlebot_logic.egg-info/top_level.txt
[4.328s] reading manifest file '../../build/turtlebot_logic/turtlebot_logic.egg-info/SOURCES.txt'
[4.334s] writing manifest file '../../build/turtlebot_logic/turtlebot_logic.egg-info/SOURCES.txt'
[4.335s] running build
[4.335s] running build_py
[4.335s] copying turtlebot_logic/maze_solver.py -> /ros_ws/build/turtlebot_logic/build/lib/turtlebot_logic
[4.336s] running install
[4.343s] running install_lib
[4.360s] copying /ros_ws/build/turtlebot_logic/build/lib/turtlebot_logic/maze_solver.py -> /ros_ws/install/turtlebot_logic/lib/python3.12/site-packages/turtlebot_logic
[4.362s] byte-compiling /ros_ws/install/turtlebot_logic/lib/python3.12/site-packages/turtlebot_logic/maze_solver.py to maze_solver.cpython-312.pyc
[4.369s] running install_data
[4.369s] running install_egg_info
[4.391s] removing '/ros_ws/install/turtlebot_logic/lib/python3.12/site-packages/turtlebot_logic-0.0.0-py3.12.egg-info' (and everything under it)
[4.391s] Copying ../../build/turtlebot_logic/turtlebot_logic.egg-info to /ros_ws/install/turtlebot_logic/lib/python3.12/site-packages/turtlebot_logic-0.0.0-py3.12.egg-info
[4.397s] running install_scripts
[4.565s] Installing maze_solver script to /ros_ws/install/turtlebot_logic/lib/turtlebot_logic
[4.566s] writing list of installed files to '/ros_ws/build/turtlebot_logic/install.log'
[4.612s] Invoked command in '/ros_ws/src/turtlebot_logic' returned '0': PYTHONPATH=/ros_ws/build/turtlebot_logic/prefix_override:/usr/lib/python3/dist-packages/colcon_core/task/python/colcon_distutils_commands:/ros_ws/install/turtlebot_logic/lib/python3.12/site-packages:${PYTHONPATH} /usr/bin/python3 -W ignore:setup.py install is deprecated -W ignore:easy_install command is deprecated setup.py egg_info --egg-base ../../build/turtlebot_logic build --build-base /ros_ws/build/turtlebot_logic/build install --record /ros_ws/build/turtlebot_logic/install.log --install-scripts $base/lib/turtlebot_logic --single-version-externally-managed install_data
