[0.153s] Invoking command in '/ros_ws/build/turtlebot3_description': CMAKE_PREFIX_PATH=${CMAKE_PREFIX_PATH}:/ros_ws/install/turtlebot_logic:/ros_ws/install/turtlebot3_teleop:/ros_ws/install/turtlebot3_example:/opt/ros/jazzy /usr/bin/cmake --build /ros_ws/build/turtlebot3_description -- -j12 -l12
[1.125s] Invoked command in '/ros_ws/build/turtlebot3_description' returned '0': CMAKE_PREFIX_PATH=${CMAKE_PREFIX_PATH}:/ros_ws/install/turtlebot_logic:/ros_ws/install/turtlebot3_teleop:/ros_ws/install/turtlebot3_example:/opt/ros/jazzy /usr/bin/cmake --build /ros_ws/build/turtlebot3_description -- -j12 -l12
[1.144s] Invoking command in '/ros_ws/build/turtlebot3_description': CMAKE_PREFIX_PATH=${CMAKE_PREFIX_PATH}:/ros_ws/install/turtlebot_logic:/ros_ws/install/turtlebot3_teleop:/ros_ws/install/turtlebot3_example:/opt/ros/jazzy /usr/bin/cmake --install /ros_ws/build/turtlebot3_description
[1.180s] -- Install configuration: ""
[1.180s] -- Up-to-date: /ros_ws/install/turtlebot3_description/share/turtlebot3_description/meshes
[1.180s] -- Up-to-date: /ros_ws/install/turtlebot3_description/share/turtlebot3_description/meshes/bases
[1.181s] -- Up-to-date: /ros_ws/install/turtlebot3_description/share/turtlebot3_description/meshes/bases/burger_base.stl
[1.182s] -- Up-to-date: /ros_ws/install/turtlebot3_description/share/turtlebot3_description/meshes/bases/waffle_base.stl
[1.183s] -- Up-to-date: /ros_ws/install/turtlebot3_description/share/turtlebot3_description/meshes/bases/waffle_pi_base.stl
[1.183s] -- Up-to-date: /ros_ws/install/turtlebot3_description/share/turtlebot3_description/meshes/wheels
[1.192s] -- Up-to-date: /ros_ws/install/turtlebot3_description/share/turtlebot3_description/meshes/wheels/left_tire.stl
[1.195s] -- Up-to-date: /ros_ws/install/turtlebot3_description/share/turtlebot3_description/meshes/wheels/right_tire.stl
[1.196s] -- Up-to-date: /ros_ws/install/turtlebot3_description/share/turtlebot3_description/meshes/sensors
[1.197s] -- Up-to-date: /ros_ws/install/turtlebot3_description/share/turtlebot3_description/meshes/sensors/r200.dae
[1.197s] -- Up-to-date: /ros_ws/install/turtlebot3_description/share/turtlebot3_description/meshes/sensors/astra.dae
[1.198s] -- Up-to-date: /ros_ws/install/turtlebot3_description/share/turtlebot3_description/meshes/sensors/r200.jpg
[1.198s] -- Up-to-date: /ros_ws/install/turtlebot3_description/share/turtlebot3_description/meshes/sensors/astra.jpg
[1.199s] -- Up-to-date: /ros_ws/install/turtlebot3_description/share/turtlebot3_description/meshes/sensors/lds.stl
[1.199s] -- Up-to-date: /ros_ws/install/turtlebot3_description/share/turtlebot3_description/rviz
[1.199s] -- Up-to-date: /ros_ws/install/turtlebot3_description/share/turtlebot3_description/rviz/model.rviz
[1.200s] -- Up-to-date: /ros_ws/install/turtlebot3_description/share/turtlebot3_description/urdf
[1.200s] -- Up-to-date: /ros_ws/install/turtlebot3_description/share/turtlebot3_description/urdf/common_properties.urdf
[1.202s] -- Up-to-date: /ros_ws/install/turtlebot3_description/share/turtlebot3_description/urdf/turtlebot3_burger.urdf
[1.203s] -- Up-to-date: /ros_ws/install/turtlebot3_description/share/turtlebot3_description/urdf/turtlebot3_waffle_pi.urdf
[1.204s] -- Up-to-date: /ros_ws/install/turtlebot3_description/share/turtlebot3_description/urdf/turtlebot3_waffle.urdf
[1.204s] -- Up-to-date: /ros_ws/install/turtlebot3_description/share/ament_index/resource_index/package_run_dependencies/turtlebot3_description
[1.205s] -- Up-to-date: /ros_ws/install/turtlebot3_description/share/ament_index/resource_index/parent_prefix_path/turtlebot3_description
[1.205s] -- Up-to-date: /ros_ws/install/turtlebot3_description/share/turtlebot3_description/environment/ament_prefix_path.sh
[1.205s] -- Up-to-date: /ros_ws/install/turtlebot3_description/share/turtlebot3_description/environment/ament_prefix_path.dsv
[1.206s] -- Up-to-date: /ros_ws/install/turtlebot3_description/share/turtlebot3_description/environment/path.sh
[1.206s] -- Up-to-date: /ros_ws/install/turtlebot3_description/share/turtlebot3_description/environment/path.dsv
[1.207s] -- Up-to-date: /ros_ws/install/turtlebot3_description/share/turtlebot3_description/local_setup.bash
[1.207s] -- Up-to-date: /ros_ws/install/turtlebot3_description/share/turtlebot3_description/local_setup.sh
[1.208s] -- Up-to-date: /ros_ws/install/turtlebot3_description/share/turtlebot3_description/local_setup.zsh
[1.208s] -- Up-to-date: /ros_ws/install/turtlebot3_description/share/turtlebot3_description/local_setup.dsv
[1.209s] -- Installing: /ros_ws/install/turtlebot3_description/share/turtlebot3_description/package.dsv
[1.210s] -- Up-to-date: /ros_ws/install/turtlebot3_description/share/ament_index/resource_index/packages/turtlebot3_description
[1.211s] -- Up-to-date: /ros_ws/install/turtlebot3_description/share/turtlebot3_description/cmake/turtlebot3_descriptionConfig.cmake
[1.212s] -- Up-to-date: /ros_ws/install/turtlebot3_description/share/turtlebot3_description/cmake/turtlebot3_descriptionConfig-version.cmake
[1.212s] -- Up-to-date: /ros_ws/install/turtlebot3_description/share/turtlebot3_description/package.xml
[1.395s] Invoked command in '/ros_ws/build/turtlebot3_description' returned '0': CMAKE_PREFIX_PATH=${CMAKE_PREFIX_PATH}:/ros_ws/install/turtlebot_logic:/ros_ws/install/turtlebot3_teleop:/ros_ws/install/turtlebot3_example:/opt/ros/jazzy /usr/bin/cmake --install /ros_ws/build/turtlebot3_description
