[0.132s] Invoking command in '/ros_ws/build/dynamixel_sdk': CMAKE_PREFIX_PATH=${CMAKE_PREFIX_PATH}:/ros_ws/install/turtlebot_logic:/ros_ws/install/turtlebot3_teleop:/ros_ws/install/turtlebot3_example:/opt/ros/jazzy /usr/bin/cmake --build /ros_ws/build/dynamixel_sdk -- -j12 -l12
[0.875s] [100%] Built target dynamixel_sdk
[0.877s] [100%] Built target ament_cmake_python_copy_dynamixel_easy_sdk
[0.877s] [100%] Built target ament_cmake_python_copy_dynamixel_sdk
[0.877s] running egg_info
[0.877s] running egg_info
[0.877s] writing dynamixel_easy_sdk.egg-info/PKG-INFO
[0.878s] writing dependency_links to dynamixel_easy_sdk.egg-info/dependency_links.txt
[0.879s] writing top-level names to dynamixel_easy_sdk.egg-info/top_level.txt
[0.879s] writing dynamixel_sdk.egg-info/PKG-INFO
[0.879s] writing dependency_links to dynamixel_sdk.egg-info/dependency_links.txt
[0.880s] writing top-level names to dynamixel_sdk.egg-info/top_level.txt
[0.880s] reading manifest file 'dynamixel_easy_sdk.egg-info/SOURCES.txt'
[0.881s] writing manifest file 'dynamixel_easy_sdk.egg-info/SOURCES.txt'
[0.881s] reading manifest file 'dynamixel_sdk.egg-info/SOURCES.txt'
[0.881s] writing manifest file 'dynamixel_sdk.egg-info/SOURCES.txt'
[0.881s] [100%] Built target ament_cmake_python_build_dynamixel_easy_sdk_egg
[0.881s] [100%] Built target ament_cmake_python_build_dynamixel_sdk_egg
[0.903s] Invoked command in '/ros_ws/build/dynamixel_sdk' returned '0': CMAKE_PREFIX_PATH=${CMAKE_PREFIX_PATH}:/ros_ws/install/turtlebot_logic:/ros_ws/install/turtlebot3_teleop:/ros_ws/install/turtlebot3_example:/opt/ros/jazzy /usr/bin/cmake --build /ros_ws/build/dynamixel_sdk -- -j12 -l12
[0.905s] Invoking command in '/ros_ws/build/dynamixel_sdk': CMAKE_PREFIX_PATH=${CMAKE_PREFIX_PATH}:/ros_ws/install/turtlebot_logic:/ros_ws/install/turtlebot3_teleop:/ros_ws/install/turtlebot3_example:/opt/ros/jazzy /usr/bin/cmake --install /ros_ws/build/dynamixel_sdk
[0.969s] -- Install configuration: ""
[0.969s] -- Up-to-date: /ros_ws/install/dynamixel_sdk/include/
[0.969s] -- Up-to-date: /ros_ws/install/dynamixel_sdk/include//dynamixel_sdk
[0.970s] -- Up-to-date: /ros_ws/install/dynamixel_sdk/include//dynamixel_sdk/dynamixel_sdk.h
[0.970s] -- Up-to-date: /ros_ws/install/dynamixel_sdk/include//dynamixel_sdk/group_fast_sync_read.h
[0.970s] -- Up-to-date: /ros_ws/install/dynamixel_sdk/include//dynamixel_sdk/port_handler_windows.h
[0.971s] -- Up-to-date: /ros_ws/install/dynamixel_sdk/include//dynamixel_sdk/group_fast_bulk_read.h
[0.971s] -- Up-to-date: /ros_ws/install/dynamixel_sdk/include//dynamixel_sdk/port_handler_mac.h
[0.971s] -- Up-to-date: /ros_ws/install/dynamixel_sdk/include//dynamixel_sdk/group_handler.h
[0.972s] -- Up-to-date: /ros_ws/install/dynamixel_sdk/include//dynamixel_sdk/port_handler.h
[0.972s] -- Up-to-date: /ros_ws/install/dynamixel_sdk/include//dynamixel_sdk/group_bulk_write.h
[0.972s] -- Up-to-date: /ros_ws/install/dynamixel_sdk/include//dynamixel_sdk/port_handler_arduino.h
[0.972s] -- Up-to-date: /ros_ws/install/dynamixel_sdk/include//dynamixel_sdk/group_sync_write.h
[0.972s] -- Up-to-date: /ros_ws/install/dynamixel_sdk/include//dynamixel_sdk/group_bulk_read.h
[0.972s] -- Up-to-date: /ros_ws/install/dynamixel_sdk/include//dynamixel_sdk/protocol1_packet_handler.h
[0.972s] -- Up-to-date: /ros_ws/install/dynamixel_sdk/include//dynamixel_sdk/protocol2_packet_handler.h
[0.973s] -- Up-to-date: /ros_ws/install/dynamixel_sdk/include//dynamixel_sdk/packet_handler.h
[0.973s] -- Up-to-date: /ros_ws/install/dynamixel_sdk/include//dynamixel_sdk/port_handler_linux.h
[0.973s] -- Up-to-date: /ros_ws/install/dynamixel_sdk/include//dynamixel_sdk/group_sync_read.h
[0.974s] -- Up-to-date: /ros_ws/install/dynamixel_sdk/include//dynamixel_easy_sdk
[0.974s] -- Up-to-date: /ros_ws/install/dynamixel_sdk/include//dynamixel_easy_sdk/group_executor.hpp
[0.974s] -- Up-to-date: /ros_ws/install/dynamixel_sdk/include//dynamixel_easy_sdk/control_table.hpp
[0.974s] -- Up-to-date: /ros_ws/install/dynamixel_sdk/include//dynamixel_easy_sdk/dynamixel_easy_sdk.hpp
[0.975s] -- Up-to-date: /ros_ws/install/dynamixel_sdk/include//dynamixel_easy_sdk/dynamixel_error.hpp
[0.975s] -- Up-to-date: /ros_ws/install/dynamixel_sdk/include//dynamixel_easy_sdk/data_types.hpp
[0.976s] -- Up-to-date: /ros_ws/install/dynamixel_sdk/include//dynamixel_easy_sdk/motor.hpp
[0.976s] -- Up-to-date: /ros_ws/install/dynamixel_sdk/include//dynamixel_easy_sdk/connector.hpp
[0.976s] -- Up-to-date: /ros_ws/install/dynamixel_sdk/lib/libdynamixel_sdk.so
[0.977s] -- Up-to-date: /ros_ws/install/dynamixel_sdk/share/dynamixel_sdk/control_table
[0.977s] -- Up-to-date: /ros_ws/install/dynamixel_sdk/share/dynamixel_sdk/control_table/xh430_v350.model
[0.977s] -- Up-to-date: /ros_ws/install/dynamixel_sdk/share/dynamixel_sdk/control_table/ym080_230_m001.model
[0.978s] -- Up-to-date: /ros_ws/install/dynamixel_sdk/share/dynamixel_sdk/control_table/ym080_230_a099.model
[0.978s] -- Up-to-date: /ros_ws/install/dynamixel_sdk/share/dynamixel_sdk/control_table/2xl430_w250.model
[0.979s] -- Up-to-date: /ros_ws/install/dynamixel_sdk/share/dynamixel_sdk/control_table/ym070_210_a099.model
[0.979s] -- Up-to-date: /ros_ws/install/dynamixel_sdk/share/dynamixel_sdk/control_table/xc330_m288_fw52.model
[0.980s] -- Up-to-date: /ros_ws/install/dynamixel_sdk/share/dynamixel_sdk/control_table/xh540_w270.model
[0.980s] -- Up-to-date: /ros_ws/install/dynamixel_sdk/share/dynamixel_sdk/control_table/pm54_060_s250.model
[0.981s] -- Up-to-date: /ros_ws/install/dynamixel_sdk/share/dynamixel_sdk/control_table/ym070_210_r051.model
[0.981s] -- Up-to-date: /ros_ws/install/dynamixel_sdk/share/dynamixel_sdk/control_table/h54_100_s500_ra.model
[0.982s] -- Up-to-date: /ros_ws/install/dynamixel_sdk/share/dynamixel_sdk/control_table/xh430_w350.model
[0.982s] -- Up-to-date: /ros_ws/install/dynamixel_sdk/share/dynamixel_sdk/control_table/mx_64.model
[0.982s] -- Up-to-date: /ros_ws/install/dynamixel_sdk/share/dynamixel_sdk/control_table/xm430_w210.model
[0.983s] -- Up-to-date: /ros_ws/install/dynamixel_sdk/share/dynamixel_sdk/control_table/xc430_w240.model
[0.983s] -- Up-to-date: /ros_ws/install/dynamixel_sdk/share/dynamixel_sdk/control_table/xd540_t150.model
[0.983s] -- Up-to-date: /ros_ws/install/dynamixel_sdk/share/dynamixel_sdk/control_table/ym070_210_a051.model
[0.984s] -- Up-to-date: /ros_ws/install/dynamixel_sdk/share/dynamixel_sdk/control_table/xc330_t181.model
[0.984s] -- Up-to-date: /ros_ws/install/dynamixel_sdk/share/dynamixel_sdk/control_table/xc430_w150.model
[0.984s] -- Up-to-date: /ros_ws/install/dynamixel_sdk/share/dynamixel_sdk/control_table/rh_p12_rn.model
[0.984s] -- Up-to-date: /ros_ws/install/dynamixel_sdk/share/dynamixel_sdk/control_table/ym080_230_r099.model
[0.984s] -- Up-to-date: /ros_ws/install/dynamixel_sdk/share/dynamixel_sdk/control_table/xh430_v210.model
[0.984s] -- Up-to-date: /ros_ws/install/dynamixel_sdk/share/dynamixel_sdk/control_table/xm540_w270.model
[0.984s] -- Up-to-date: /ros_ws/install/dynamixel_sdk/share/dynamixel_sdk/control_table/xl430_w250.model
[0.985s] -- Up-to-date: /ros_ws/install/dynamixel_sdk/share/dynamixel_sdk/control_table/ph54_200_s500.model
[0.985s] -- Up-to-date: /ros_ws/install/dynamixel_sdk/share/dynamixel_sdk/control_table/pm42_010_s260.model
[0.985s] -- Up-to-date: /ros_ws/install/dynamixel_sdk/share/dynamixel_sdk/control_table/m42_10_s260_ra.model
[0.986s] -- Up-to-date: /ros_ws/install/dynamixel_sdk/share/dynamixel_sdk/control_table/ph42_020_s300.model
[0.986s] -- Up-to-date: /ros_ws/install/dynamixel_sdk/share/dynamixel_sdk/control_table/xw540_t260.model
[0.986s] -- Up-to-date: /ros_ws/install/dynamixel_sdk/share/dynamixel_sdk/control_table/xw540_t140.model
[0.987s] -- Up-to-date: /ros_ws/install/dynamixel_sdk/share/dynamixel_sdk/control_table/xw540_h260.model
[0.987s] -- Up-to-date: /ros_ws/install/dynamixel_sdk/share/dynamixel_sdk/control_table/h54_200_s500_ra.model
[0.987s] -- Up-to-date: /ros_ws/install/dynamixel_sdk/share/dynamixel_sdk/control_table/xc330_m181_fw52.model
[0.987s] -- Up-to-date: /ros_ws/install/dynamixel_sdk/share/dynamixel_sdk/control_table/xh430_w210.model
[0.987s] -- Up-to-date: /ros_ws/install/dynamixel_sdk/share/dynamixel_sdk/control_table/ym070_210_b001.model
[0.988s] -- Up-to-date: /ros_ws/install/dynamixel_sdk/share/dynamixel_sdk/control_table/ym080_230_r051.model
[0.988s] -- Up-to-date: /ros_ws/install/dynamixel_sdk/share/dynamixel_sdk/control_table/xw430_t200.model
[0.990s] -- Up-to-date: /ros_ws/install/dynamixel_sdk/share/dynamixel_sdk/control_table/xc330_m181.model
[0.991s] -- Up-to-date: /ros_ws/install/dynamixel_sdk/share/dynamixel_sdk/control_table/xc330_t288.model
[0.991s] -- Up-to-date: /ros_ws/install/dynamixel_sdk/share/dynamixel_sdk/control_table/xw430_t333.model
[0.992s] -- Up-to-date: /ros_ws/install/dynamixel_sdk/share/dynamixel_sdk/control_table/xl320.model
[0.992s] -- Up-to-date: /ros_ws/install/dynamixel_sdk/share/dynamixel_sdk/control_table/ph54_100_s500.model
[0.993s] -- Up-to-date: /ros_ws/install/dynamixel_sdk/share/dynamixel_sdk/control_table/h42_20_s300_ra.model
[0.993s] -- Up-to-date: /ros_ws/install/dynamixel_sdk/share/dynamixel_sdk/control_table/xc330_m288.model
[0.993s] -- Up-to-date: /ros_ws/install/dynamixel_sdk/share/dynamixel_sdk/control_table/xc330_t288_fw52.model
[0.994s] -- Up-to-date: /ros_ws/install/dynamixel_sdk/share/dynamixel_sdk/control_table/ym070_210_r099.model
[0.994s] -- Up-to-date: /ros_ws/install/dynamixel_sdk/share/dynamixel_sdk/control_table/xh540_v150.model
[0.995s] -- Up-to-date: /ros_ws/install/dynamixel_sdk/share/dynamixel_sdk/control_table/xd430_t210.model
[0.995s] -- Up-to-date: /ros_ws/install/dynamixel_sdk/share/dynamixel_sdk/control_table/xd540_t270.model
[0.995s] -- Up-to-date: /ros_ws/install/dynamixel_sdk/share/dynamixel_sdk/control_table/m54_60_s250_ra.model
[0.995s] -- Up-to-date: /ros_ws/install/dynamixel_sdk/share/dynamixel_sdk/control_table/dynamixel.model
[0.996s] -- Up-to-date: /ros_ws/install/dynamixel_sdk/share/dynamixel_sdk/control_table/xd430_t350.model
[0.997s] -- Up-to-date: /ros_ws/install/dynamixel_sdk/share/dynamixel_sdk/control_table/xh540_v270.model
[0.997s] -- Up-to-date: /ros_ws/install/dynamixel_sdk/share/dynamixel_sdk/control_table/2xc430_w250.model
[0.998s] -- Up-to-date: /ros_ws/install/dynamixel_sdk/share/dynamixel_sdk/control_table/xl330_m288_fw52.model
[0.998s] -- Up-to-date: /ros_ws/install/dynamixel_sdk/share/dynamixel_sdk/control_table/mx_106.model
[0.999s] -- Up-to-date: /ros_ws/install/dynamixel_sdk/share/dynamixel_sdk/control_table/pm54_040_s250.model
[0.999s] -- Up-to-date: /ros_ws/install/dynamixel_sdk/share/dynamixel_sdk/control_table/xl330_m077.model
[1.000s] -- Up-to-date: /ros_ws/install/dynamixel_sdk/share/dynamixel_sdk/control_table/ym070_210_m001.model
[1.000s] -- Up-to-date: /ros_ws/install/dynamixel_sdk/share/dynamixel_sdk/control_table/xl330_m288.model
[1.002s] -- Up-to-date: /ros_ws/install/dynamixel_sdk/share/dynamixel_sdk/control_table/m54_40_s250_ra.model
[1.002s] -- Up-to-date: /ros_ws/install/dynamixel_sdk/share/dynamixel_sdk/control_table/xm540_w150.model
[1.002s] -- Up-to-date: /ros_ws/install/dynamixel_sdk/share/dynamixel_sdk/control_table/xc330_t181_fw52.model
[1.003s] -- Up-to-date: /ros_ws/install/dynamixel_sdk/share/dynamixel_sdk/control_table/xm430_w350.model
[1.003s] -- Up-to-date: /ros_ws/install/dynamixel_sdk/share/dynamixel_sdk/control_table/ym080_230_a051.model
[1.003s] -- Up-to-date: /ros_ws/install/dynamixel_sdk/share/dynamixel_sdk/control_table/xl330_m077_fw52.model
[1.032s] -- Up-to-date: /ros_ws/install/dynamixel_sdk/share/dynamixel_sdk/control_table/xh540_w150.model
[1.033s] -- Up-to-date: /ros_ws/install/dynamixel_sdk/share/dynamixel_sdk/control_table/ym080_230_b001.model
[1.033s] -- Up-to-date: /ros_ws/install/dynamixel_sdk/share/dynamixel_sdk/control_table/mx_28.model
[1.033s] -- Up-to-date: /ros_ws/install/dynamixel_sdk/share/dynamixel_sdk/environment/pythonpath.sh
[1.034s] -- Up-to-date: /ros_ws/install/dynamixel_sdk/share/dynamixel_sdk/environment/pythonpath.dsv
[1.034s] -- Up-to-date: /ros_ws/install/dynamixel_sdk/lib/python3.12/site-packages/dynamixel_sdk-4.0.5-py3.12.egg-info
[1.034s] -- Installing: /ros_ws/install/dynamixel_sdk/lib/python3.12/site-packages/dynamixel_sdk-4.0.5-py3.12.egg-info/PKG-INFO
[1.035s] -- Installing: /ros_ws/install/dynamixel_sdk/lib/python3.12/site-packages/dynamixel_sdk-4.0.5-py3.12.egg-info/dependency_links.txt
[1.035s] -- Installing: /ros_ws/install/dynamixel_sdk/lib/python3.12/site-packages/dynamixel_sdk-4.0.5-py3.12.egg-info/SOURCES.txt
[1.036s] -- Installing: /ros_ws/install/dynamixel_sdk/lib/python3.12/site-packages/dynamixel_sdk-4.0.5-py3.12.egg-info/top_level.txt
[1.036s] -- Up-to-date: /ros_ws/install/dynamixel_sdk/lib/python3.12/site-packages/dynamixel_sdk
[1.036s] -- Up-to-date: /ros_ws/install/dynamixel_sdk/lib/python3.12/site-packages/dynamixel_sdk/group_bulk_write.cpp
[1.037s] -- Up-to-date: /ros_ws/install/dynamixel_sdk/lib/python3.12/site-packages/dynamixel_sdk/packet_handler.py
[1.037s] -- Up-to-date: /ros_ws/install/dynamixel_sdk/lib/python3.12/site-packages/dynamixel_sdk/group_bulk_write.py
[1.037s] -- Up-to-date: /ros_ws/install/dynamixel_sdk/lib/python3.12/site-packages/dynamixel_sdk/__init__.py
[1.037s] -- Up-to-date: /ros_ws/install/dynamixel_sdk/lib/python3.12/site-packages/dynamixel_sdk/group_sync_read.py
[1.038s] -- Up-to-date: /ros_ws/install/dynamixel_sdk/lib/python3.12/site-packages/dynamixel_sdk/port_handler_linux.cpp
[1.038s] -- Up-to-date: /ros_ws/install/dynamixel_sdk/lib/python3.12/site-packages/dynamixel_sdk/packet_handler.cpp
[1.039s] -- Up-to-date: /ros_ws/install/dynamixel_sdk/lib/python3.12/site-packages/dynamixel_sdk/robotis_def.py
[1.039s] -- Up-to-date: /ros_ws/install/dynamixel_sdk/lib/python3.12/site-packages/dynamixel_sdk/port_handler_arduino.cpp
[1.040s] -- Up-to-date: /ros_ws/install/dynamixel_sdk/lib/python3.12/site-packages/dynamixel_sdk/port_handler_mac.cpp
[1.040s] -- Up-to-date: /ros_ws/install/dynamixel_sdk/lib/python3.12/site-packages/dynamixel_sdk/group_sync_write.py
[1.040s] -- Up-to-date: /ros_ws/install/dynamixel_sdk/lib/python3.12/site-packages/dynamixel_sdk/protocol1_packet_handler.cpp
[1.040s] -- Up-to-date: /ros_ws/install/dynamixel_sdk/lib/python3.12/site-packages/dynamixel_sdk/group_handler.cpp
[1.040s] -- Up-to-date: /ros_ws/install/dynamixel_sdk/lib/python3.12/site-packages/dynamixel_sdk/group_bulk_read.py
[1.040s] -- Up-to-date: /ros_ws/install/dynamixel_sdk/lib/python3.12/site-packages/dynamixel_sdk/port_handler.py
[1.040s] -- Up-to-date: /ros_ws/install/dynamixel_sdk/lib/python3.12/site-packages/dynamixel_sdk/group_sync_write.cpp
[1.041s] -- Up-to-date: /ros_ws/install/dynamixel_sdk/lib/python3.12/site-packages/dynamixel_sdk/group_fast_bulk_read.cpp
[1.041s] -- Up-to-date: /ros_ws/install/dynamixel_sdk/lib/python3.12/site-packages/dynamixel_sdk/port_handler.cpp
[1.041s] -- Up-to-date: /ros_ws/install/dynamixel_sdk/lib/python3.12/site-packages/dynamixel_sdk/protocol1_packet_handler.py
[1.042s] -- Up-to-date: /ros_ws/install/dynamixel_sdk/lib/python3.12/site-packages/dynamixel_sdk/protocol2_packet_handler.cpp
[1.042s] -- Up-to-date: /ros_ws/install/dynamixel_sdk/lib/python3.12/site-packages/dynamixel_sdk/group_sync_read.cpp
[1.042s] -- Up-to-date: /ros_ws/install/dynamixel_sdk/lib/python3.12/site-packages/dynamixel_sdk/group_fast_sync_read.cpp
[1.043s] -- Up-to-date: /ros_ws/install/dynamixel_sdk/lib/python3.12/site-packages/dynamixel_sdk/group_bulk_read.cpp
[1.043s] -- Up-to-date: /ros_ws/install/dynamixel_sdk/lib/python3.12/site-packages/dynamixel_sdk/port_handler_windows.cpp
[1.043s] -- Up-to-date: /ros_ws/install/dynamixel_sdk/lib/python3.12/site-packages/dynamixel_sdk/protocol2_packet_handler.py
[1.172s] Listing '/ros_ws/install/dynamixel_sdk/lib/python3.12/site-packages/dynamixel_sdk'...
[1.173s] -- Up-to-date: /ros_ws/install/dynamixel_sdk/lib/python3.12/site-packages/dynamixel_easy_sdk-4.0.5-py3.12.egg-info
[1.173s] -- Installing: /ros_ws/install/dynamixel_sdk/lib/python3.12/site-packages/dynamixel_easy_sdk-4.0.5-py3.12.egg-info/PKG-INFO
[1.174s] -- Installing: /ros_ws/install/dynamixel_sdk/lib/python3.12/site-packages/dynamixel_easy_sdk-4.0.5-py3.12.egg-info/dependency_links.txt
[1.174s] -- Installing: /ros_ws/install/dynamixel_sdk/lib/python3.12/site-packages/dynamixel_easy_sdk-4.0.5-py3.12.egg-info/SOURCES.txt
[1.174s] -- Installing: /ros_ws/install/dynamixel_sdk/lib/python3.12/site-packages/dynamixel_easy_sdk-4.0.5-py3.12.egg-info/top_level.txt
[1.174s] -- Up-to-date: /ros_ws/install/dynamixel_sdk/lib/python3.12/site-packages/dynamixel_easy_sdk
[1.174s] -- Up-to-date: /ros_ws/install/dynamixel_sdk/lib/python3.12/site-packages/dynamixel_easy_sdk/connector.cpp
[1.174s] -- Up-to-date: /ros_ws/install/dynamixel_sdk/lib/python3.12/site-packages/dynamixel_easy_sdk/group_executor.cpp
[1.175s] -- Up-to-date: /ros_ws/install/dynamixel_sdk/lib/python3.12/site-packages/dynamixel_easy_sdk/motor.py
[1.175s] -- Up-to-date: /ros_ws/install/dynamixel_sdk/lib/python3.12/site-packages/dynamixel_easy_sdk/data_types.py
[1.175s] -- Up-to-date: /ros_ws/install/dynamixel_sdk/lib/python3.12/site-packages/dynamixel_easy_sdk/motor.cpp
[1.175s] -- Up-to-date: /ros_ws/install/dynamixel_sdk/lib/python3.12/site-packages/dynamixel_easy_sdk/__init__.py
[1.175s] -- Up-to-date: /ros_ws/install/dynamixel_sdk/lib/python3.12/site-packages/dynamixel_easy_sdk/control_table.py
[1.175s] -- Up-to-date: /ros_ws/install/dynamixel_sdk/lib/python3.12/site-packages/dynamixel_easy_sdk/dynamixel_error.cpp
[1.175s] -- Up-to-date: /ros_ws/install/dynamixel_sdk/lib/python3.12/site-packages/dynamixel_easy_sdk/dynamixel_error.py
[1.176s] -- Up-to-date: /ros_ws/install/dynamixel_sdk/lib/python3.12/site-packages/dynamixel_easy_sdk/group_executor.py
[1.176s] -- Up-to-date: /ros_ws/install/dynamixel_sdk/lib/python3.12/site-packages/dynamixel_easy_sdk/connector.py
[1.176s] -- Up-to-date: /ros_ws/install/dynamixel_sdk/lib/python3.12/site-packages/dynamixel_easy_sdk/control_table.cpp
[1.222s] Listing '/ros_ws/install/dynamixel_sdk/lib/python3.12/site-packages/dynamixel_easy_sdk'...
[1.223s] -- Up-to-date: /ros_ws/install/dynamixel_sdk/share/dynamixel_sdk/environment/library_path.sh
[1.223s] -- Up-to-date: /ros_ws/install/dynamixel_sdk/share/dynamixel_sdk/environment/library_path.dsv
[1.223s] -- Up-to-date: /ros_ws/install/dynamixel_sdk/share/ament_index/resource_index/package_run_dependencies/dynamixel_sdk
[1.223s] -- Up-to-date: /ros_ws/install/dynamixel_sdk/share/ament_index/resource_index/parent_prefix_path/dynamixel_sdk
[1.224s] -- Up-to-date: /ros_ws/install/dynamixel_sdk/share/dynamixel_sdk/environment/ament_prefix_path.sh
[1.225s] -- Up-to-date: /ros_ws/install/dynamixel_sdk/share/dynamixel_sdk/environment/ament_prefix_path.dsv
[1.225s] -- Up-to-date: /ros_ws/install/dynamixel_sdk/share/dynamixel_sdk/environment/path.sh
[1.225s] -- Up-to-date: /ros_ws/install/dynamixel_sdk/share/dynamixel_sdk/environment/path.dsv
[1.225s] -- Up-to-date: /ros_ws/install/dynamixel_sdk/share/dynamixel_sdk/local_setup.bash
[1.225s] -- Up-to-date: /ros_ws/install/dynamixel_sdk/share/dynamixel_sdk/local_setup.sh
[1.226s] -- Up-to-date: /ros_ws/install/dynamixel_sdk/share/dynamixel_sdk/local_setup.zsh
[1.227s] -- Up-to-date: /ros_ws/install/dynamixel_sdk/share/dynamixel_sdk/local_setup.dsv
[1.227s] -- Installing: /ros_ws/install/dynamixel_sdk/share/dynamixel_sdk/package.dsv
[1.227s] -- Up-to-date: /ros_ws/install/dynamixel_sdk/share/ament_index/resource_index/packages/dynamixel_sdk
[1.227s] -- Up-to-date: /ros_ws/install/dynamixel_sdk/share/dynamixel_sdk/cmake/dynamixel_sdkExport.cmake
[1.227s] -- Up-to-date: /ros_ws/install/dynamixel_sdk/share/dynamixel_sdk/cmake/dynamixel_sdkExport-noconfig.cmake
[1.228s] -- Up-to-date: /ros_ws/install/dynamixel_sdk/share/dynamixel_sdk/cmake/ament_cmake_export_targets-extras.cmake
[1.228s] -- Up-to-date: /ros_ws/install/dynamixel_sdk/share/dynamixel_sdk/cmake/ament_cmake_export_include_directories-extras.cmake
[1.228s] -- Up-to-date: /ros_ws/install/dynamixel_sdk/share/dynamixel_sdk/cmake/ament_cmake_export_libraries-extras.cmake
[1.228s] -- Up-to-date: /ros_ws/install/dynamixel_sdk/share/dynamixel_sdk/cmake/dynamixel_sdkConfig.cmake
[1.228s] -- Up-to-date: /ros_ws/install/dynamixel_sdk/share/dynamixel_sdk/cmake/dynamixel_sdkConfig-version.cmake
[1.228s] -- Up-to-date: /ros_ws/install/dynamixel_sdk/share/dynamixel_sdk/package.xml
[1.390s] Invoked command in '/ros_ws/build/dynamixel_sdk' returned '0': CMAKE_PREFIX_PATH=${CMAKE_PREFIX_PATH}:/ros_ws/install/turtlebot_logic:/ros_ws/install/turtlebot3_teleop:/ros_ws/install/turtlebot3_example:/opt/ros/jazzy /usr/bin/cmake --install /ros_ws/build/dynamixel_sdk
