[0.119s] Invoking command in '/ros_ws/build/turtlebot3_description': CMAKE_PREFIX_PATH=${CMAKE_PREFIX_PATH}:/ros_ws/install/turtlebot_logic:/ros_ws/install/turtlebot3_teleop:/ros_ws/install/turtlebot3_example:/opt/ros/jazzy /usr/bin/cmake --build /ros_ws/build/turtlebot3_description -- -j12 -l12
[1.272s] Invoked command in '/ros_ws/build/turtlebot3_description' returned '0': CMAKE_PREFIX_PATH=${CMAKE_PREFIX_PATH}:/ros_ws/install/turtlebot_logic:/ros_ws/install/turtlebot3_teleop:/ros_ws/install/turtlebot3_example:/opt/ros/jazzy /usr/bin/cmake --build /ros_ws/build/turtlebot3_description -- -j12 -l12
[1.311s] Invoking command in '/ros_ws/build/turtlebot3_description': CMAKE_PREFIX_PATH=${CMAKE_PREFIX_PATH}:/ros_ws/install/turtlebot_logic:/ros_ws/install/turtlebot3_teleop:/ros_ws/install/turtlebot3_example:/opt/ros/jazzy /usr/bin/cmake --install /ros_ws/build/turtlebot3_description
[1.356s] -- Install configuration: ""
[1.357s] -- Up-to-date: /ros_ws/install/turtlebot3_description/share/turtlebot3_description/meshes
[1.358s] -- Up-to-date: /ros_ws/install/turtlebot3_description/share/turtlebot3_description/meshes/bases
[1.358s] -- Up-to-date: /ros_ws/install/turtlebot3_description/share/turtlebot3_description/meshes/bases/burger_base.stl
[1.359s] -- Up-to-date: /ros_ws/install/turtlebot3_description/share/turtlebot3_description/meshes/bases/waffle_base.stl
[1.359s] -- Up-to-date: /ros_ws/install/turtlebot3_description/share/turtlebot3_description/meshes/bases/waffle_pi_base.stl
[1.359s] -- Up-to-date: /ros_ws/install/turtlebot3_description/share/turtlebot3_description/meshes/wheels
[1.359s] -- Up-to-date: /ros_ws/install/turtlebot3_description/share/turtlebot3_description/meshes/wheels/left_tire.stl
[1.359s] -- Up-to-date: /ros_ws/install/turtlebot3_description/share/turtlebot3_description/meshes/wheels/right_tire.stl
[1.359s] -- Up-to-date: /ros_ws/install/turtlebot3_description/share/turtlebot3_description/meshes/sensors
[1.359s] -- Up-to-date: /ros_ws/install/turtlebot3_description/share/turtlebot3_description/meshes/sensors/r200.dae
[1.361s] -- Up-to-date: /ros_ws/install/turtlebot3_description/share/turtlebot3_description/meshes/sensors/astra.dae
[1.362s] -- Up-to-date: /ros_ws/install/turtlebot3_description/share/turtlebot3_description/meshes/sensors/r200.jpg
[1.362s] -- Up-to-date: /ros_ws/install/turtlebot3_description/share/turtlebot3_description/meshes/sensors/astra.jpg
[1.362s] -- Up-to-date: /ros_ws/install/turtlebot3_description/share/turtlebot3_description/meshes/sensors/lds.stl
[1.363s] -- Up-to-date: /ros_ws/install/turtlebot3_description/share/turtlebot3_description/rviz
[1.363s] -- Up-to-date: /ros_ws/install/turtlebot3_description/share/turtlebot3_description/rviz/model.rviz
[1.364s] -- Up-to-date: /ros_ws/install/turtlebot3_description/share/turtlebot3_description/urdf
[1.365s] -- Up-to-date: /ros_ws/install/turtlebot3_description/share/turtlebot3_description/urdf/common_properties.urdf
[1.365s] -- Up-to-date: /ros_ws/install/turtlebot3_description/share/turtlebot3_description/urdf/turtlebot3_burger.urdf
[1.365s] -- Up-to-date: /ros_ws/install/turtlebot3_description/share/turtlebot3_description/urdf/turtlebot3_waffle_pi.urdf
[1.365s] -- Up-to-date: /ros_ws/install/turtlebot3_description/share/turtlebot3_description/urdf/turtlebot3_waffle.urdf
[1.366s] -- Up-to-date: /ros_ws/install/turtlebot3_description/share/ament_index/resource_index/package_run_dependencies/turtlebot3_description
[1.366s] -- Up-to-date: /ros_ws/install/turtlebot3_description/share/ament_index/resource_index/parent_prefix_path/turtlebot3_description
[1.366s] -- Up-to-date: /ros_ws/install/turtlebot3_description/share/turtlebot3_description/environment/ament_prefix_path.sh
[1.366s] -- Up-to-date: /ros_ws/install/turtlebot3_description/share/turtlebot3_description/environment/ament_prefix_path.dsv
[1.366s] -- Up-to-date: /ros_ws/install/turtlebot3_description/share/turtlebot3_description/environment/path.sh
[1.367s] -- Up-to-date: /ros_ws/install/turtlebot3_description/share/turtlebot3_description/environment/path.dsv
[1.367s] -- Up-to-date: /ros_ws/install/turtlebot3_description/share/turtlebot3_description/local_setup.bash
[1.367s] -- Up-to-date: /ros_ws/install/turtlebot3_description/share/turtlebot3_description/local_setup.sh
[1.377s] -- Up-to-date: /ros_ws/install/turtlebot3_description/share/turtlebot3_description/local_setup.zsh
[1.377s] -- Up-to-date: /ros_ws/install/turtlebot3_description/share/turtlebot3_description/local_setup.dsv
[1.377s] -- Installing: /ros_ws/install/turtlebot3_description/share/turtlebot3_description/package.dsv
[1.377s] -- Up-to-date: /ros_ws/install/turtlebot3_description/share/ament_index/resource_index/packages/turtlebot3_description
[1.378s] -- Up-to-date: /ros_ws/install/turtlebot3_description/share/turtlebot3_description/cmake/turtlebot3_descriptionConfig.cmake
[1.378s] -- Up-to-date: /ros_ws/install/turtlebot3_description/share/turtlebot3_description/cmake/turtlebot3_descriptionConfig-version.cmake
[1.378s] -- Up-to-date: /ros_ws/install/turtlebot3_description/share/turtlebot3_description/package.xml
[1.514s] Invoked command in '/ros_ws/build/turtlebot3_description' returned '0': CMAKE_PREFIX_PATH=${CMAKE_PREFIX_PATH}:/ros_ws/install/turtlebot_logic:/ros_ws/install/turtlebot3_teleop:/ros_ws/install/turtlebot3_example:/opt/ros/jazzy /usr/bin/cmake --install /ros_ws/build/turtlebot3_description
