[0.568s] Invoking command in '/ros_ws/src/turtlebot3/turtlebot3_teleop': PYTHONPATH=/ros_ws/build/turtlebot3_teleop/prefix_override:/usr/lib/python3/dist-packages/colcon_core/task/python/colcon_distutils_commands:/ros_ws/install/turtlebot3_teleop/lib/python3.12/site-packages:${PYTHONPATH} /usr/bin/python3 -W ignore:setup.py install is deprecated -W ignore:easy_install command is deprecated setup.py egg_info --egg-base ../../../build/turtlebot3_teleop build --build-base /ros_ws/build/turtlebot3_teleop/build install --record /ros_ws/build/turtlebot3_teleop/install.log --install-scripts $base/lib/turtlebot3_teleop --single-version-externally-managed install_data
[0.692s] running egg_info
[0.699s] writing ../../../build/turtlebot3_teleop/turtlebot3_teleop.egg-info/PKG-INFO
[0.699s] writing dependency_links to ../../../build/turtlebot3_teleop/turtlebot3_teleop.egg-info/dependency_links.txt
[0.699s] writing entry points to ../../../build/turtlebot3_teleop/turtlebot3_teleop.egg-info/entry_points.txt
[0.699s] writing requirements to ../../../build/turtlebot3_teleop/turtlebot3_teleop.egg-info/requires.txt
[0.699s] writing top-level names to ../../../build/turtlebot3_teleop/turtlebot3_teleop.egg-info/top_level.txt
[0.714s] reading manifest file '../../../build/turtlebot3_teleop/turtlebot3_teleop.egg-info/SOURCES.txt'
[0.715s] writing manifest file '../../../build/turtlebot3_teleop/turtlebot3_teleop.egg-info/SOURCES.txt'
[0.715s] running build
[0.715s] running build_py
[0.715s] copying turtlebot3_teleop/__init__.py -> /ros_ws/build/turtlebot3_teleop/build/lib/turtlebot3_teleop
[0.715s] copying turtlebot3_teleop/script/teleop_keyboard.py -> /ros_ws/build/turtlebot3_teleop/build/lib/turtlebot3_teleop/script
[0.715s] copying turtlebot3_teleop/script/__init__.py -> /ros_ws/build/turtlebot3_teleop/build/lib/turtlebot3_teleop/script
[0.715s] running install
[0.718s] running install_lib
[0.725s] copying /ros_ws/build/turtlebot3_teleop/build/lib/turtlebot3_teleop/script/teleop_keyboard.py -> /ros_ws/install/turtlebot3_teleop/lib/python3.12/site-packages/turtlebot3_teleop/script
[0.726s] copying /ros_ws/build/turtlebot3_teleop/build/lib/turtlebot3_teleop/script/__init__.py -> /ros_ws/install/turtlebot3_teleop/lib/python3.12/site-packages/turtlebot3_teleop/script
[0.726s] copying /ros_ws/build/turtlebot3_teleop/build/lib/turtlebot3_teleop/__init__.py -> /ros_ws/install/turtlebot3_teleop/lib/python3.12/site-packages/turtlebot3_teleop
[0.726s] byte-compiling /ros_ws/install/turtlebot3_teleop/lib/python3.12/site-packages/turtlebot3_teleop/script/teleop_keyboard.py to teleop_keyboard.cpython-312.pyc
[0.727s] byte-compiling /ros_ws/install/turtlebot3_teleop/lib/python3.12/site-packages/turtlebot3_teleop/script/__init__.py to __init__.cpython-312.pyc
[0.727s] byte-compiling /ros_ws/install/turtlebot3_teleop/lib/python3.12/site-packages/turtlebot3_teleop/__init__.py to __init__.cpython-312.pyc
[0.727s] running install_data
[0.727s] copying resource/turtlebot3_teleop -> /ros_ws/install/turtlebot3_teleop/share/ament_index/resource_index/packages
[0.727s] copying package.xml -> /ros_ws/install/turtlebot3_teleop/share/turtlebot3_teleop
[0.727s] running install_egg_info
[0.735s] removing '/ros_ws/install/turtlebot3_teleop/lib/python3.12/site-packages/turtlebot3_teleop-2.3.7-py3.12.egg-info' (and everything under it)
[0.735s] Copying ../../../build/turtlebot3_teleop/turtlebot3_teleop.egg-info to /ros_ws/install/turtlebot3_teleop/lib/python3.12/site-packages/turtlebot3_teleop-2.3.7-py3.12.egg-info
[0.735s] running install_scripts
[0.790s] Installing teleop_keyboard script to /ros_ws/install/turtlebot3_teleop/lib/turtlebot3_teleop
[0.790s] writing list of installed files to '/ros_ws/build/turtlebot3_teleop/install.log'
[0.804s] Invoked command in '/ros_ws/src/turtlebot3/turtlebot3_teleop' returned '0': PYTHONPATH=/ros_ws/build/turtlebot3_teleop/prefix_override:/usr/lib/python3/dist-packages/colcon_core/task/python/colcon_distutils_commands:/ros_ws/install/turtlebot3_teleop/lib/python3.12/site-packages:${PYTHONPATH} /usr/bin/python3 -W ignore:setup.py install is deprecated -W ignore:easy_install command is deprecated setup.py egg_info --egg-base ../../../build/turtlebot3_teleop build --build-base /ros_ws/build/turtlebot3_teleop/build install --record /ros_ws/build/turtlebot3_teleop/install.log --install-scripts $base/lib/turtlebot3_teleop --single-version-externally-managed install_data
