[0.131s] Invoking command in '/ros_ws/build/turtlebot3_msgs': CMAKE_PREFIX_PATH=${CMAKE_PREFIX_PATH}:/ros_ws/install/turtlebot_logic:/ros_ws/install/turtlebot3_teleop:/ros_ws/install/turtlebot3_example:/opt/ros/jazzy /usr/bin/cmake --build /ros_ws/build/turtlebot3_msgs -- -j12 -l12
[1.056s] [  1%] Built target turtlebot3_msgs__rosidl_generator_type_description
[1.057s] [  2%] Built target turtlebot3_msgs__rs
[1.057s] [  2%] Built target ament_cmake_python_copy_turtlebot3_msgs
[1.057s] [  3%] Built target turtlebot3_msgs__cpp
[1.057s] [ 27%] Built target turtlebot3_msgs__rosidl_generator_c
[1.058s] [ 36%] Built target turtlebot3_msgs__rosidl_typesupport_fastrtps_c
[1.058s] [ 46%] Built target turtlebot3_msgs__rosidl_typesupport_fastrtps_cpp
[1.063s] [ 55%] Built target turtlebot3_msgs__rosidl_typesupport_introspection_c
[1.064s] [ 65%] Built target turtlebot3_msgs__rosidl_typesupport_cpp
[1.064s] [ 74%] Built target turtlebot3_msgs__rosidl_typesupport_introspection_cpp
[1.064s] [ 84%] Built target turtlebot3_msgs__rosidl_typesupport_c
[1.065s] [ 84%] Built target turtlebot3_msgs
[1.065s] [ 85%] Built target turtlebot3_msgs__py
[1.065s] [ 93%] Built target turtlebot3_msgs__rosidl_generator_py
[1.066s] [ 95%] Built target turtlebot3_msgs_s__rosidl_typesupport_fastrtps_c
[1.067s] [ 97%] Built target turtlebot3_msgs_s__rosidl_typesupport_c
[1.067s] [100%] Built target turtlebot3_msgs_s__rosidl_typesupport_introspection_c
[1.067s] running egg_info
[1.068s] writing turtlebot3_msgs.egg-info/PKG-INFO
[1.068s] writing dependency_links to turtlebot3_msgs.egg-info/dependency_links.txt
[1.068s] writing top-level names to turtlebot3_msgs.egg-info/top_level.txt
[1.068s] reading manifest file 'turtlebot3_msgs.egg-info/SOURCES.txt'
[1.069s] writing manifest file 'turtlebot3_msgs.egg-info/SOURCES.txt'
[1.069s] [100%] Built target ament_cmake_python_build_turtlebot3_msgs_egg
[1.096s] Invoked command in '/ros_ws/build/turtlebot3_msgs' returned '0': CMAKE_PREFIX_PATH=${CMAKE_PREFIX_PATH}:/ros_ws/install/turtlebot_logic:/ros_ws/install/turtlebot3_teleop:/ros_ws/install/turtlebot3_example:/opt/ros/jazzy /usr/bin/cmake --build /ros_ws/build/turtlebot3_msgs -- -j12 -l12
[1.111s] Invoking command in '/ros_ws/build/turtlebot3_msgs': CMAKE_PREFIX_PATH=${CMAKE_PREFIX_PATH}:/ros_ws/install/turtlebot_logic:/ros_ws/install/turtlebot3_teleop:/ros_ws/install/turtlebot3_example:/opt/ros/jazzy /usr/bin/cmake --install /ros_ws/build/turtlebot3_msgs
[1.166s] -- Install configuration: ""
[1.166s] -- Up-to-date: /ros_ws/install/turtlebot3_msgs/share/ament_index/resource_index/rosidl_interfaces/turtlebot3_msgs
[1.167s] -- Up-to-date: /ros_ws/install/turtlebot3_msgs/share/turtlebot3_msgs/msg/SensorState.json
[1.167s] -- Up-to-date: /ros_ws/install/turtlebot3_msgs/share/turtlebot3_msgs/msg/Sound.json
[1.168s] -- Up-to-date: /ros_ws/install/turtlebot3_msgs/share/turtlebot3_msgs/msg/VersionInfo.json
[1.168s] -- Up-to-date: /ros_ws/install/turtlebot3_msgs/share/turtlebot3_msgs/srv/Sound.json
[1.169s] -- Up-to-date: /ros_ws/install/turtlebot3_msgs/share/turtlebot3_msgs/srv/Dqn.json
[1.169s] -- Up-to-date: /ros_ws/install/turtlebot3_msgs/share/turtlebot3_msgs/srv/Goal.json
[1.169s] -- Up-to-date: /ros_ws/install/turtlebot3_msgs/share/turtlebot3_msgs/action/Patrol.json
[1.170s] -- Up-to-date: /ros_ws/install/turtlebot3_msgs/include/turtlebot3_msgs/turtlebot3_msgs
[1.170s] -- Up-to-date: /ros_ws/install/turtlebot3_msgs/include/turtlebot3_msgs/turtlebot3_msgs/srv
[1.170s] -- Up-to-date: /ros_ws/install/turtlebot3_msgs/include/turtlebot3_msgs/turtlebot3_msgs/srv/goal.h
[1.171s] -- Up-to-date: /ros_ws/install/turtlebot3_msgs/include/turtlebot3_msgs/turtlebot3_msgs/srv/dqn.h
[1.171s] -- Up-to-date: /ros_ws/install/turtlebot3_msgs/include/turtlebot3_msgs/turtlebot3_msgs/srv/sound.h
[1.171s] -- Up-to-date: /ros_ws/install/turtlebot3_msgs/include/turtlebot3_msgs/turtlebot3_msgs/srv/detail
[1.172s] -- Up-to-date: /ros_ws/install/turtlebot3_msgs/include/turtlebot3_msgs/turtlebot3_msgs/srv/detail/dqn__functions.c
[1.172s] -- Up-to-date: /ros_ws/install/turtlebot3_msgs/include/turtlebot3_msgs/turtlebot3_msgs/srv/detail/sound__type_support.h
[1.173s] -- Installing: /ros_ws/install/turtlebot3_msgs/include/turtlebot3_msgs/turtlebot3_msgs/srv/detail/dqn__type_support.c
[1.173s] -- Up-to-date: /ros_ws/install/turtlebot3_msgs/include/turtlebot3_msgs/turtlebot3_msgs/srv/detail/sound__description.c
[1.173s] -- Up-to-date: /ros_ws/install/turtlebot3_msgs/include/turtlebot3_msgs/turtlebot3_msgs/srv/detail/goal__description.c
[1.174s] -- Installing: /ros_ws/install/turtlebot3_msgs/include/turtlebot3_msgs/turtlebot3_msgs/srv/detail/sound__type_support.c
[1.174s] -- Up-to-date: /ros_ws/install/turtlebot3_msgs/include/turtlebot3_msgs/turtlebot3_msgs/srv/detail/dqn__struct.h
[1.175s] -- Up-to-date: /ros_ws/install/turtlebot3_msgs/include/turtlebot3_msgs/turtlebot3_msgs/srv/detail/goal__type_support.h
[1.175s] -- Up-to-date: /ros_ws/install/turtlebot3_msgs/include/turtlebot3_msgs/turtlebot3_msgs/srv/detail/goal__functions.h
[1.175s] -- Up-to-date: /ros_ws/install/turtlebot3_msgs/include/turtlebot3_msgs/turtlebot3_msgs/srv/detail/goal__functions.c
[1.176s] -- Installing: /ros_ws/install/turtlebot3_msgs/include/turtlebot3_msgs/turtlebot3_msgs/srv/detail/goal__type_support.c
[1.176s] -- Up-to-date: /ros_ws/install/turtlebot3_msgs/include/turtlebot3_msgs/turtlebot3_msgs/srv/detail/dqn__functions.h
[1.176s] -- Up-to-date: /ros_ws/install/turtlebot3_msgs/include/turtlebot3_msgs/turtlebot3_msgs/srv/detail/dqn__description.c
[1.177s] -- Up-to-date: /ros_ws/install/turtlebot3_msgs/include/turtlebot3_msgs/turtlebot3_msgs/srv/detail/dqn__type_support.h
[1.177s] -- Up-to-date: /ros_ws/install/turtlebot3_msgs/include/turtlebot3_msgs/turtlebot3_msgs/srv/detail/goal__struct.h
[1.177s] -- Up-to-date: /ros_ws/install/turtlebot3_msgs/include/turtlebot3_msgs/turtlebot3_msgs/srv/detail/sound__struct.h
[1.178s] -- Up-to-date: /ros_ws/install/turtlebot3_msgs/include/turtlebot3_msgs/turtlebot3_msgs/srv/detail/sound__functions.h
[1.178s] -- Up-to-date: /ros_ws/install/turtlebot3_msgs/include/turtlebot3_msgs/turtlebot3_msgs/srv/detail/sound__functions.c
[1.178s] -- Up-to-date: /ros_ws/install/turtlebot3_msgs/include/turtlebot3_msgs/turtlebot3_msgs/msg
[1.178s] -- Up-to-date: /ros_ws/install/turtlebot3_msgs/include/turtlebot3_msgs/turtlebot3_msgs/msg/rosidl_generator_c__visibility_control.h
[1.179s] -- Up-to-date: /ros_ws/install/turtlebot3_msgs/include/turtlebot3_msgs/turtlebot3_msgs/msg/version_info.h
[1.179s] -- Up-to-date: /ros_ws/install/turtlebot3_msgs/include/turtlebot3_msgs/turtlebot3_msgs/msg/sound.h
[1.179s] -- Up-to-date: /ros_ws/install/turtlebot3_msgs/include/turtlebot3_msgs/turtlebot3_msgs/msg/sensor_state.h
[1.180s] -- Up-to-date: /ros_ws/install/turtlebot3_msgs/include/turtlebot3_msgs/turtlebot3_msgs/msg/detail
[1.180s] -- Up-to-date: /ros_ws/install/turtlebot3_msgs/include/turtlebot3_msgs/turtlebot3_msgs/msg/detail/sound__type_support.h
[1.180s] -- Installing: /ros_ws/install/turtlebot3_msgs/include/turtlebot3_msgs/turtlebot3_msgs/msg/detail/sensor_state__type_support.c
[1.181s] -- Up-to-date: /ros_ws/install/turtlebot3_msgs/include/turtlebot3_msgs/turtlebot3_msgs/msg/detail/version_info__struct.h
[1.181s] -- Up-to-date: /ros_ws/install/turtlebot3_msgs/include/turtlebot3_msgs/turtlebot3_msgs/msg/detail/sensor_state__description.c
[1.181s] -- Up-to-date: /ros_ws/install/turtlebot3_msgs/include/turtlebot3_msgs/turtlebot3_msgs/msg/detail/sound__description.c
[1.182s] -- Up-to-date: /ros_ws/install/turtlebot3_msgs/include/turtlebot3_msgs/turtlebot3_msgs/msg/detail/sensor_state__functions.c
[1.182s] -- Installing: /ros_ws/install/turtlebot3_msgs/include/turtlebot3_msgs/turtlebot3_msgs/msg/detail/sound__type_support.c
[1.182s] -- Up-to-date: /ros_ws/install/turtlebot3_msgs/include/turtlebot3_msgs/turtlebot3_msgs/msg/detail/version_info__functions.c
[1.182s] -- Up-to-date: /ros_ws/install/turtlebot3_msgs/include/turtlebot3_msgs/turtlebot3_msgs/msg/detail/sensor_state__type_support.h
[1.183s] -- Up-to-date: /ros_ws/install/turtlebot3_msgs/include/turtlebot3_msgs/turtlebot3_msgs/msg/detail/sound__struct.h
[1.183s] -- Up-to-date: /ros_ws/install/turtlebot3_msgs/include/turtlebot3_msgs/turtlebot3_msgs/msg/detail/sensor_state__functions.h
[1.184s] -- Up-to-date: /ros_ws/install/turtlebot3_msgs/include/turtlebot3_msgs/turtlebot3_msgs/msg/detail/version_info__type_support.h
[1.184s] -- Up-to-date: /ros_ws/install/turtlebot3_msgs/include/turtlebot3_msgs/turtlebot3_msgs/msg/detail/version_info__description.c
[1.184s] -- Up-to-date: /ros_ws/install/turtlebot3_msgs/include/turtlebot3_msgs/turtlebot3_msgs/msg/detail/sensor_state__struct.h
[1.185s] -- Up-to-date: /ros_ws/install/turtlebot3_msgs/include/turtlebot3_msgs/turtlebot3_msgs/msg/detail/sound__functions.h
[1.185s] -- Up-to-date: /ros_ws/install/turtlebot3_msgs/include/turtlebot3_msgs/turtlebot3_msgs/msg/detail/sound__functions.c
[1.186s] -- Installing: /ros_ws/install/turtlebot3_msgs/include/turtlebot3_msgs/turtlebot3_msgs/msg/detail/version_info__type_support.c
[1.186s] -- Up-to-date: /ros_ws/install/turtlebot3_msgs/include/turtlebot3_msgs/turtlebot3_msgs/msg/detail/version_info__functions.h
[1.187s] -- Up-to-date: /ros_ws/install/turtlebot3_msgs/include/turtlebot3_msgs/turtlebot3_msgs/action
[1.187s] -- Up-to-date: /ros_ws/install/turtlebot3_msgs/include/turtlebot3_msgs/turtlebot3_msgs/action/detail
[1.187s] -- Up-to-date: /ros_ws/install/turtlebot3_msgs/include/turtlebot3_msgs/turtlebot3_msgs/action/detail/patrol__struct.h
[1.188s] -- Up-to-date: /ros_ws/install/turtlebot3_msgs/include/turtlebot3_msgs/turtlebot3_msgs/action/detail/patrol__type_support.h
[1.189s] -- Up-to-date: /ros_ws/install/turtlebot3_msgs/include/turtlebot3_msgs/turtlebot3_msgs/action/detail/patrol__functions.h
[1.189s] -- Up-to-date: /ros_ws/install/turtlebot3_msgs/include/turtlebot3_msgs/turtlebot3_msgs/action/detail/patrol__description.c
[1.190s] -- Up-to-date: /ros_ws/install/turtlebot3_msgs/include/turtlebot3_msgs/turtlebot3_msgs/action/detail/patrol__functions.c
[1.190s] -- Installing: /ros_ws/install/turtlebot3_msgs/include/turtlebot3_msgs/turtlebot3_msgs/action/detail/patrol__type_support.c
[1.190s] -- Up-to-date: /ros_ws/install/turtlebot3_msgs/include/turtlebot3_msgs/turtlebot3_msgs/action/patrol.h
[1.191s] -- Up-to-date: /ros_ws/install/turtlebot3_msgs/share/turtlebot3_msgs/environment/library_path.sh
[1.192s] -- Up-to-date: /ros_ws/install/turtlebot3_msgs/share/turtlebot3_msgs/environment/library_path.dsv
[1.192s] -- Up-to-date: /ros_ws/install/turtlebot3_msgs/lib/libturtlebot3_msgs__rosidl_generator_c.so
[1.192s] -- Up-to-date: /ros_ws/install/turtlebot3_msgs/include/turtlebot3_msgs/turtlebot3_msgs
[1.192s] -- Up-to-date: /ros_ws/install/turtlebot3_msgs/include/turtlebot3_msgs/turtlebot3_msgs/srv
[1.192s] -- Up-to-date: /ros_ws/install/turtlebot3_msgs/include/turtlebot3_msgs/turtlebot3_msgs/srv/detail
[1.196s] -- Up-to-date: /ros_ws/install/turtlebot3_msgs/include/turtlebot3_msgs/turtlebot3_msgs/srv/detail/goal__rosidl_typesupport_fastrtps_c.h
[1.197s] -- Up-to-date: /ros_ws/install/turtlebot3_msgs/include/turtlebot3_msgs/turtlebot3_msgs/srv/detail/dqn__rosidl_typesupport_fastrtps_c.h
[1.197s] -- Up-to-date: /ros_ws/install/turtlebot3_msgs/include/turtlebot3_msgs/turtlebot3_msgs/srv/detail/sound__rosidl_typesupport_fastrtps_c.h
[1.198s] -- Up-to-date: /ros_ws/install/turtlebot3_msgs/include/turtlebot3_msgs/turtlebot3_msgs/msg
[1.198s] -- Up-to-date: /ros_ws/install/turtlebot3_msgs/include/turtlebot3_msgs/turtlebot3_msgs/msg/detail
[1.198s] -- Up-to-date: /ros_ws/install/turtlebot3_msgs/include/turtlebot3_msgs/turtlebot3_msgs/msg/detail/sensor_state__rosidl_typesupport_fastrtps_c.h
[1.199s] -- Up-to-date: /ros_ws/install/turtlebot3_msgs/include/turtlebot3_msgs/turtlebot3_msgs/msg/detail/sound__rosidl_typesupport_fastrtps_c.h
[1.199s] -- Up-to-date: /ros_ws/install/turtlebot3_msgs/include/turtlebot3_msgs/turtlebot3_msgs/msg/detail/version_info__rosidl_typesupport_fastrtps_c.h
[1.200s] -- Up-to-date: /ros_ws/install/turtlebot3_msgs/include/turtlebot3_msgs/turtlebot3_msgs/msg/rosidl_typesupport_fastrtps_c__visibility_control.h
[1.200s] -- Up-to-date: /ros_ws/install/turtlebot3_msgs/include/turtlebot3_msgs/turtlebot3_msgs/action
[1.201s] -- Up-to-date: /ros_ws/install/turtlebot3_msgs/include/turtlebot3_msgs/turtlebot3_msgs/action/detail
[1.201s] -- Up-to-date: /ros_ws/install/turtlebot3_msgs/include/turtlebot3_msgs/turtlebot3_msgs/action/detail/patrol__rosidl_typesupport_fastrtps_c.h
[1.202s] -- Up-to-date: /ros_ws/install/turtlebot3_msgs/lib/libturtlebot3_msgs__rosidl_typesupport_fastrtps_c.so
[1.202s] -- Up-to-date: /ros_ws/install/turtlebot3_msgs/include/turtlebot3_msgs/turtlebot3_msgs
[1.202s] -- Up-to-date: /ros_ws/install/turtlebot3_msgs/include/turtlebot3_msgs/turtlebot3_msgs/srv
[1.202s] -- Up-to-date: /ros_ws/install/turtlebot3_msgs/include/turtlebot3_msgs/turtlebot3_msgs/srv/goal.hpp
[1.203s] -- Up-to-date: /ros_ws/install/turtlebot3_msgs/include/turtlebot3_msgs/turtlebot3_msgs/srv/sound.hpp
[1.203s] -- Up-to-date: /ros_ws/install/turtlebot3_msgs/include/turtlebot3_msgs/turtlebot3_msgs/srv/dqn.hpp
[1.203s] -- Up-to-date: /ros_ws/install/turtlebot3_msgs/include/turtlebot3_msgs/turtlebot3_msgs/srv/detail
[1.204s] -- Up-to-date: /ros_ws/install/turtlebot3_msgs/include/turtlebot3_msgs/turtlebot3_msgs/srv/detail/dqn__type_support.hpp
[1.205s] -- Up-to-date: /ros_ws/install/turtlebot3_msgs/include/turtlebot3_msgs/turtlebot3_msgs/srv/detail/goal__struct.hpp
[1.205s] -- Up-to-date: /ros_ws/install/turtlebot3_msgs/include/turtlebot3_msgs/turtlebot3_msgs/srv/detail/sound__struct.hpp
[1.206s] -- Up-to-date: /ros_ws/install/turtlebot3_msgs/include/turtlebot3_msgs/turtlebot3_msgs/srv/detail/sound__traits.hpp
[1.206s] -- Up-to-date: /ros_ws/install/turtlebot3_msgs/include/turtlebot3_msgs/turtlebot3_msgs/srv/detail/goal__type_support.hpp
[1.206s] -- Up-to-date: /ros_ws/install/turtlebot3_msgs/include/turtlebot3_msgs/turtlebot3_msgs/srv/detail/dqn__struct.hpp
[1.206s] -- Up-to-date: /ros_ws/install/turtlebot3_msgs/include/turtlebot3_msgs/turtlebot3_msgs/srv/detail/goal__builder.hpp
[1.207s] -- Up-to-date: /ros_ws/install/turtlebot3_msgs/include/turtlebot3_msgs/turtlebot3_msgs/srv/detail/sound__type_support.hpp
[1.207s] -- Up-to-date: /ros_ws/install/turtlebot3_msgs/include/turtlebot3_msgs/turtlebot3_msgs/srv/detail/dqn__traits.hpp
[1.208s] -- Up-to-date: /ros_ws/install/turtlebot3_msgs/include/turtlebot3_msgs/turtlebot3_msgs/srv/detail/sound__builder.hpp
[1.209s] -- Up-to-date: /ros_ws/install/turtlebot3_msgs/include/turtlebot3_msgs/turtlebot3_msgs/srv/detail/dqn__builder.hpp
[1.209s] -- Up-to-date: /ros_ws/install/turtlebot3_msgs/include/turtlebot3_msgs/turtlebot3_msgs/srv/detail/goal__traits.hpp
[1.210s] -- Up-to-date: /ros_ws/install/turtlebot3_msgs/include/turtlebot3_msgs/turtlebot3_msgs/msg
[1.210s] -- Up-to-date: /ros_ws/install/turtlebot3_msgs/include/turtlebot3_msgs/turtlebot3_msgs/msg/rosidl_generator_cpp__visibility_control.hpp
[1.212s] -- Up-to-date: /ros_ws/install/turtlebot3_msgs/include/turtlebot3_msgs/turtlebot3_msgs/msg/version_info.hpp
[1.212s] -- Up-to-date: /ros_ws/install/turtlebot3_msgs/include/turtlebot3_msgs/turtlebot3_msgs/msg/sound.hpp
[1.212s] -- Up-to-date: /ros_ws/install/turtlebot3_msgs/include/turtlebot3_msgs/turtlebot3_msgs/msg/sensor_state.hpp
[1.212s] -- Up-to-date: /ros_ws/install/turtlebot3_msgs/include/turtlebot3_msgs/turtlebot3_msgs/msg/detail
[1.212s] -- Up-to-date: /ros_ws/install/turtlebot3_msgs/include/turtlebot3_msgs/turtlebot3_msgs/msg/detail/sensor_state__builder.hpp
[1.213s] -- Up-to-date: /ros_ws/install/turtlebot3_msgs/include/turtlebot3_msgs/turtlebot3_msgs/msg/detail/version_info__struct.hpp
[1.214s] -- Up-to-date: /ros_ws/install/turtlebot3_msgs/include/turtlebot3_msgs/turtlebot3_msgs/msg/detail/sensor_state__struct.hpp
[1.218s] -- Up-to-date: /ros_ws/install/turtlebot3_msgs/include/turtlebot3_msgs/turtlebot3_msgs/msg/detail/sound__struct.hpp
[1.219s] -- Up-to-date: /ros_ws/install/turtlebot3_msgs/include/turtlebot3_msgs/turtlebot3_msgs/msg/detail/sound__traits.hpp
[1.222s] -- Up-to-date: /ros_ws/install/turtlebot3_msgs/include/turtlebot3_msgs/turtlebot3_msgs/msg/detail/version_info__traits.hpp
[1.224s] -- Up-to-date: /ros_ws/install/turtlebot3_msgs/include/turtlebot3_msgs/turtlebot3_msgs/msg/detail/version_info__builder.hpp
[1.226s] -- Up-to-date: /ros_ws/install/turtlebot3_msgs/include/turtlebot3_msgs/turtlebot3_msgs/msg/detail/sensor_state__type_support.hpp
[1.227s] -- Up-to-date: /ros_ws/install/turtlebot3_msgs/include/turtlebot3_msgs/turtlebot3_msgs/msg/detail/version_info__type_support.hpp
[1.228s] -- Up-to-date: /ros_ws/install/turtlebot3_msgs/include/turtlebot3_msgs/turtlebot3_msgs/msg/detail/sound__type_support.hpp
[1.228s] -- Up-to-date: /ros_ws/install/turtlebot3_msgs/include/turtlebot3_msgs/turtlebot3_msgs/msg/detail/sound__builder.hpp
[1.228s] -- Up-to-date: /ros_ws/install/turtlebot3_msgs/include/turtlebot3_msgs/turtlebot3_msgs/msg/detail/sensor_state__traits.hpp
[1.229s] -- Up-to-date: /ros_ws/install/turtlebot3_msgs/include/turtlebot3_msgs/turtlebot3_msgs/action
[1.229s] -- Up-to-date: /ros_ws/install/turtlebot3_msgs/include/turtlebot3_msgs/turtlebot3_msgs/action/patrol.hpp
[1.230s] -- Up-to-date: /ros_ws/install/turtlebot3_msgs/include/turtlebot3_msgs/turtlebot3_msgs/action/detail
[1.231s] -- Up-to-date: /ros_ws/install/turtlebot3_msgs/include/turtlebot3_msgs/turtlebot3_msgs/action/detail/patrol__builder.hpp
[1.232s] -- Up-to-date: /ros_ws/install/turtlebot3_msgs/include/turtlebot3_msgs/turtlebot3_msgs/action/detail/patrol__struct.hpp
[1.232s] -- Up-to-date: /ros_ws/install/turtlebot3_msgs/include/turtlebot3_msgs/turtlebot3_msgs/action/detail/patrol__type_support.hpp
[1.233s] -- Up-to-date: /ros_ws/install/turtlebot3_msgs/include/turtlebot3_msgs/turtlebot3_msgs/action/detail/patrol__traits.hpp
[1.233s] -- Up-to-date: /ros_ws/install/turtlebot3_msgs/include/turtlebot3_msgs/turtlebot3_msgs
[1.235s] -- Up-to-date: /ros_ws/install/turtlebot3_msgs/include/turtlebot3_msgs/turtlebot3_msgs/srv
[1.235s] -- Up-to-date: /ros_ws/install/turtlebot3_msgs/include/turtlebot3_msgs/turtlebot3_msgs/srv/detail
[1.236s] -- Up-to-date: /ros_ws/install/turtlebot3_msgs/include/turtlebot3_msgs/turtlebot3_msgs/srv/detail/dds_fastrtps
[1.237s] -- Up-to-date: /ros_ws/install/turtlebot3_msgs/include/turtlebot3_msgs/turtlebot3_msgs/srv/detail/sound__rosidl_typesupport_fastrtps_cpp.hpp
[1.237s] -- Up-to-date: /ros_ws/install/turtlebot3_msgs/include/turtlebot3_msgs/turtlebot3_msgs/srv/detail/goal__rosidl_typesupport_fastrtps_cpp.hpp
[1.238s] -- Up-to-date: /ros_ws/install/turtlebot3_msgs/include/turtlebot3_msgs/turtlebot3_msgs/srv/detail/dqn__rosidl_typesupport_fastrtps_cpp.hpp
[1.240s] -- Up-to-date: /ros_ws/install/turtlebot3_msgs/include/turtlebot3_msgs/turtlebot3_msgs/msg
[1.243s] -- Up-to-date: /ros_ws/install/turtlebot3_msgs/include/turtlebot3_msgs/turtlebot3_msgs/msg/rosidl_typesupport_fastrtps_cpp__visibility_control.h
[1.245s] -- Up-to-date: /ros_ws/install/turtlebot3_msgs/include/turtlebot3_msgs/turtlebot3_msgs/msg/detail
[1.246s] -- Up-to-date: /ros_ws/install/turtlebot3_msgs/include/turtlebot3_msgs/turtlebot3_msgs/msg/detail/dds_fastrtps
[1.247s] -- Up-to-date: /ros_ws/install/turtlebot3_msgs/include/turtlebot3_msgs/turtlebot3_msgs/msg/detail/version_info__rosidl_typesupport_fastrtps_cpp.hpp
[1.247s] -- Up-to-date: /ros_ws/install/turtlebot3_msgs/include/turtlebot3_msgs/turtlebot3_msgs/msg/detail/sound__rosidl_typesupport_fastrtps_cpp.hpp
[1.248s] -- Up-to-date: /ros_ws/install/turtlebot3_msgs/include/turtlebot3_msgs/turtlebot3_msgs/msg/detail/sensor_state__rosidl_typesupport_fastrtps_cpp.hpp
[1.248s] -- Up-to-date: /ros_ws/install/turtlebot3_msgs/include/turtlebot3_msgs/turtlebot3_msgs/action
[1.249s] -- Up-to-date: /ros_ws/install/turtlebot3_msgs/include/turtlebot3_msgs/turtlebot3_msgs/action/detail
[1.249s] -- Up-to-date: /ros_ws/install/turtlebot3_msgs/include/turtlebot3_msgs/turtlebot3_msgs/action/detail/dds_fastrtps
[1.250s] -- Up-to-date: /ros_ws/install/turtlebot3_msgs/include/turtlebot3_msgs/turtlebot3_msgs/action/detail/patrol__rosidl_typesupport_fastrtps_cpp.hpp
[1.252s] -- Up-to-date: /ros_ws/install/turtlebot3_msgs/lib/libturtlebot3_msgs__rosidl_typesupport_fastrtps_cpp.so
[1.252s] -- Up-to-date: /ros_ws/install/turtlebot3_msgs/include/turtlebot3_msgs/turtlebot3_msgs
[1.254s] -- Up-to-date: /ros_ws/install/turtlebot3_msgs/include/turtlebot3_msgs/turtlebot3_msgs/srv
[1.254s] -- Up-to-date: /ros_ws/install/turtlebot3_msgs/include/turtlebot3_msgs/turtlebot3_msgs/srv/detail
[1.254s] -- Up-to-date: /ros_ws/install/turtlebot3_msgs/include/turtlebot3_msgs/turtlebot3_msgs/srv/detail/dqn__rosidl_typesupport_introspection_c.h
[1.256s] -- Up-to-date: /ros_ws/install/turtlebot3_msgs/include/turtlebot3_msgs/turtlebot3_msgs/srv/detail/goal__rosidl_typesupport_introspection_c.h
[1.256s] -- Installing: /ros_ws/install/turtlebot3_msgs/include/turtlebot3_msgs/turtlebot3_msgs/srv/detail/dqn__type_support.c
[1.257s] -- Up-to-date: /ros_ws/install/turtlebot3_msgs/include/turtlebot3_msgs/turtlebot3_msgs/srv/detail/sound__rosidl_typesupport_introspection_c.h
[1.257s] -- Installing: /ros_ws/install/turtlebot3_msgs/include/turtlebot3_msgs/turtlebot3_msgs/srv/detail/sound__type_support.c
[1.258s] -- Installing: /ros_ws/install/turtlebot3_msgs/include/turtlebot3_msgs/turtlebot3_msgs/srv/detail/goal__type_support.c
[1.258s] -- Up-to-date: /ros_ws/install/turtlebot3_msgs/include/turtlebot3_msgs/turtlebot3_msgs/msg
[1.258s] -- Up-to-date: /ros_ws/install/turtlebot3_msgs/include/turtlebot3_msgs/turtlebot3_msgs/msg/detail
[1.259s] -- Up-to-date: /ros_ws/install/turtlebot3_msgs/include/turtlebot3_msgs/turtlebot3_msgs/msg/detail/sensor_state__rosidl_typesupport_introspection_c.h
[1.259s] -- Installing: /ros_ws/install/turtlebot3_msgs/include/turtlebot3_msgs/turtlebot3_msgs/msg/detail/sensor_state__type_support.c
[1.260s] -- Up-to-date: /ros_ws/install/turtlebot3_msgs/include/turtlebot3_msgs/turtlebot3_msgs/msg/detail/version_info__rosidl_typesupport_introspection_c.h
[1.260s] -- Up-to-date: /ros_ws/install/turtlebot3_msgs/include/turtlebot3_msgs/turtlebot3_msgs/msg/detail/sound__rosidl_typesupport_introspection_c.h
[1.261s] -- Installing: /ros_ws/install/turtlebot3_msgs/include/turtlebot3_msgs/turtlebot3_msgs/msg/detail/sound__type_support.c
[1.261s] -- Installing: /ros_ws/install/turtlebot3_msgs/include/turtlebot3_msgs/turtlebot3_msgs/msg/detail/version_info__type_support.c
[1.262s] -- Up-to-date: /ros_ws/install/turtlebot3_msgs/include/turtlebot3_msgs/turtlebot3_msgs/msg/rosidl_typesupport_introspection_c__visibility_control.h
[1.262s] -- Up-to-date: /ros_ws/install/turtlebot3_msgs/include/turtlebot3_msgs/turtlebot3_msgs/action
[1.262s] -- Up-to-date: /ros_ws/install/turtlebot3_msgs/include/turtlebot3_msgs/turtlebot3_msgs/action/detail
[1.262s] -- Up-to-date: /ros_ws/install/turtlebot3_msgs/include/turtlebot3_msgs/turtlebot3_msgs/action/detail/patrol__rosidl_typesupport_introspection_c.h
[1.262s] -- Installing: /ros_ws/install/turtlebot3_msgs/include/turtlebot3_msgs/turtlebot3_msgs/action/detail/patrol__type_support.c
[1.262s] -- Up-to-date: /ros_ws/install/turtlebot3_msgs/lib/libturtlebot3_msgs__rosidl_typesupport_introspection_c.so
[1.262s] -- Up-to-date: /ros_ws/install/turtlebot3_msgs/lib/libturtlebot3_msgs__rosidl_typesupport_c.so
[1.262s] -- Up-to-date: /ros_ws/install/turtlebot3_msgs/include/turtlebot3_msgs/turtlebot3_msgs
[1.263s] -- Up-to-date: /ros_ws/install/turtlebot3_msgs/include/turtlebot3_msgs/turtlebot3_msgs/srv
[1.263s] -- Up-to-date: /ros_ws/install/turtlebot3_msgs/include/turtlebot3_msgs/turtlebot3_msgs/srv/detail
[1.263s] -- Up-to-date: /ros_ws/install/turtlebot3_msgs/include/turtlebot3_msgs/turtlebot3_msgs/srv/detail/dqn__rosidl_typesupport_introspection_cpp.hpp
[1.274s] -- Up-to-date: /ros_ws/install/turtlebot3_msgs/include/turtlebot3_msgs/turtlebot3_msgs/srv/detail/goal__rosidl_typesupport_introspection_cpp.hpp
[1.274s] -- Up-to-date: /ros_ws/install/turtlebot3_msgs/include/turtlebot3_msgs/turtlebot3_msgs/srv/detail/dqn__type_support.cpp
[1.274s] -- Up-to-date: /ros_ws/install/turtlebot3_msgs/include/turtlebot3_msgs/turtlebot3_msgs/srv/detail/goal__type_support.cpp
[1.274s] -- Up-to-date: /ros_ws/install/turtlebot3_msgs/include/turtlebot3_msgs/turtlebot3_msgs/srv/detail/sound__rosidl_typesupport_introspection_cpp.hpp
[1.276s] -- Up-to-date: /ros_ws/install/turtlebot3_msgs/include/turtlebot3_msgs/turtlebot3_msgs/srv/detail/sound__type_support.cpp
[1.276s] -- Up-to-date: /ros_ws/install/turtlebot3_msgs/include/turtlebot3_msgs/turtlebot3_msgs/msg
[1.277s] -- Up-to-date: /ros_ws/install/turtlebot3_msgs/include/turtlebot3_msgs/turtlebot3_msgs/msg/detail
[1.277s] -- Up-to-date: /ros_ws/install/turtlebot3_msgs/include/turtlebot3_msgs/turtlebot3_msgs/msg/detail/sensor_state__type_support.cpp
[1.277s] -- Up-to-date: /ros_ws/install/turtlebot3_msgs/include/turtlebot3_msgs/turtlebot3_msgs/msg/detail/sensor_state__rosidl_typesupport_introspection_cpp.hpp
[1.278s] -- Up-to-date: /ros_ws/install/turtlebot3_msgs/include/turtlebot3_msgs/turtlebot3_msgs/msg/detail/version_info__type_support.cpp
[1.278s] -- Up-to-date: /ros_ws/install/turtlebot3_msgs/include/turtlebot3_msgs/turtlebot3_msgs/msg/detail/version_info__rosidl_typesupport_introspection_cpp.hpp
[1.278s] -- Up-to-date: /ros_ws/install/turtlebot3_msgs/include/turtlebot3_msgs/turtlebot3_msgs/msg/detail/sound__rosidl_typesupport_introspection_cpp.hpp
[1.279s] -- Up-to-date: /ros_ws/install/turtlebot3_msgs/include/turtlebot3_msgs/turtlebot3_msgs/msg/detail/sound__type_support.cpp
[1.279s] -- Up-to-date: /ros_ws/install/turtlebot3_msgs/include/turtlebot3_msgs/turtlebot3_msgs/action
[1.280s] -- Up-to-date: /ros_ws/install/turtlebot3_msgs/include/turtlebot3_msgs/turtlebot3_msgs/action/detail
[1.280s] -- Up-to-date: /ros_ws/install/turtlebot3_msgs/include/turtlebot3_msgs/turtlebot3_msgs/action/detail/patrol__rosidl_typesupport_introspection_cpp.hpp
[1.280s] -- Up-to-date: /ros_ws/install/turtlebot3_msgs/include/turtlebot3_msgs/turtlebot3_msgs/action/detail/patrol__type_support.cpp
[1.281s] -- Up-to-date: /ros_ws/install/turtlebot3_msgs/lib/libturtlebot3_msgs__rosidl_typesupport_introspection_cpp.so
[1.281s] -- Up-to-date: /ros_ws/install/turtlebot3_msgs/lib/libturtlebot3_msgs__rosidl_typesupport_cpp.so
[1.281s] -- Up-to-date: /ros_ws/install/turtlebot3_msgs/share/turtlebot3_msgs/environment/pythonpath.sh
[1.281s] -- Up-to-date: /ros_ws/install/turtlebot3_msgs/share/turtlebot3_msgs/environment/pythonpath.dsv
[1.281s] -- Up-to-date: /ros_ws/install/turtlebot3_msgs/lib/python3.12/site-packages/turtlebot3_msgs-2.4.0-py3.12.egg-info
[1.282s] -- Installing: /ros_ws/install/turtlebot3_msgs/lib/python3.12/site-packages/turtlebot3_msgs-2.4.0-py3.12.egg-info/PKG-INFO
[1.282s] -- Installing: /ros_ws/install/turtlebot3_msgs/lib/python3.12/site-packages/turtlebot3_msgs-2.4.0-py3.12.egg-info/dependency_links.txt
[1.282s] -- Installing: /ros_ws/install/turtlebot3_msgs/lib/python3.12/site-packages/turtlebot3_msgs-2.4.0-py3.12.egg-info/SOURCES.txt
[1.283s] -- Installing: /ros_ws/install/turtlebot3_msgs/lib/python3.12/site-packages/turtlebot3_msgs-2.4.0-py3.12.egg-info/top_level.txt
[1.284s] -- Up-to-date: /ros_ws/install/turtlebot3_msgs/lib/python3.12/site-packages/turtlebot3_msgs
[1.284s] -- Up-to-date: /ros_ws/install/turtlebot3_msgs/lib/python3.12/site-packages/turtlebot3_msgs/_turtlebot3_msgs_s.ep.rosidl_typesupport_c.c
[1.285s] -- Up-to-date: /ros_ws/install/turtlebot3_msgs/lib/python3.12/site-packages/turtlebot3_msgs/__init__.py
[1.285s] -- Up-to-date: /ros_ws/install/turtlebot3_msgs/lib/python3.12/site-packages/turtlebot3_msgs/_turtlebot3_msgs_s.ep.rosidl_typesupport_introspection_c.c
[1.285s] -- Up-to-date: /ros_ws/install/turtlebot3_msgs/lib/python3.12/site-packages/turtlebot3_msgs/turtlebot3_msgs_s__rosidl_typesupport_fastrtps_c.so
[1.285s] -- Up-to-date: /ros_ws/install/turtlebot3_msgs/lib/python3.12/site-packages/turtlebot3_msgs/srv
[1.285s] -- Up-to-date: /ros_ws/install/turtlebot3_msgs/lib/python3.12/site-packages/turtlebot3_msgs/srv/_dqn.py
[1.285s] -- Up-to-date: /ros_ws/install/turtlebot3_msgs/lib/python3.12/site-packages/turtlebot3_msgs/srv/_sound.py
[1.285s] -- Up-to-date: /ros_ws/install/turtlebot3_msgs/lib/python3.12/site-packages/turtlebot3_msgs/srv/_sound_s.c
[1.286s] -- Up-to-date: /ros_ws/install/turtlebot3_msgs/lib/python3.12/site-packages/turtlebot3_msgs/srv/__init__.py
[1.286s] -- Up-to-date: /ros_ws/install/turtlebot3_msgs/lib/python3.12/site-packages/turtlebot3_msgs/srv/_goal_s.c
[1.286s] -- Up-to-date: /ros_ws/install/turtlebot3_msgs/lib/python3.12/site-packages/turtlebot3_msgs/srv/_goal.py
[1.286s] -- Up-to-date: /ros_ws/install/turtlebot3_msgs/lib/python3.12/site-packages/turtlebot3_msgs/srv/_dqn_s.c
[1.286s] -- Up-to-date: /ros_ws/install/turtlebot3_msgs/lib/python3.12/site-packages/turtlebot3_msgs/msg
[1.287s] -- Up-to-date: /ros_ws/install/turtlebot3_msgs/lib/python3.12/site-packages/turtlebot3_msgs/msg/_version_info.py
[1.287s] -- Up-to-date: /ros_ws/install/turtlebot3_msgs/lib/python3.12/site-packages/turtlebot3_msgs/msg/_sound.py
[1.288s] -- Up-to-date: /ros_ws/install/turtlebot3_msgs/lib/python3.12/site-packages/turtlebot3_msgs/msg/_sound_s.c
[1.288s] -- Up-to-date: /ros_ws/install/turtlebot3_msgs/lib/python3.12/site-packages/turtlebot3_msgs/msg/__init__.py
[1.288s] -- Up-to-date: /ros_ws/install/turtlebot3_msgs/lib/python3.12/site-packages/turtlebot3_msgs/msg/_version_info_s.c
[1.289s] -- Up-to-date: /ros_ws/install/turtlebot3_msgs/lib/python3.12/site-packages/turtlebot3_msgs/msg/_sensor_state_s.c
[1.289s] -- Up-to-date: /ros_ws/install/turtlebot3_msgs/lib/python3.12/site-packages/turtlebot3_msgs/msg/_sensor_state.py
[1.289s] -- Up-to-date: /ros_ws/install/turtlebot3_msgs/lib/python3.12/site-packages/turtlebot3_msgs/turtlebot3_msgs_s__rosidl_typesupport_c.so
[1.290s] -- Up-to-date: /ros_ws/install/turtlebot3_msgs/lib/python3.12/site-packages/turtlebot3_msgs/_turtlebot3_msgs_s.ep.rosidl_typesupport_fastrtps_c.c
[1.290s] -- Up-to-date: /ros_ws/install/turtlebot3_msgs/lib/python3.12/site-packages/turtlebot3_msgs/action
[1.290s] -- Up-to-date: /ros_ws/install/turtlebot3_msgs/lib/python3.12/site-packages/turtlebot3_msgs/action/__init__.py
[1.291s] -- Up-to-date: /ros_ws/install/turtlebot3_msgs/lib/python3.12/site-packages/turtlebot3_msgs/action/_patrol_s.c
[1.291s] -- Up-to-date: /ros_ws/install/turtlebot3_msgs/lib/python3.12/site-packages/turtlebot3_msgs/action/_patrol.py
[1.291s] -- Up-to-date: /ros_ws/install/turtlebot3_msgs/lib/python3.12/site-packages/turtlebot3_msgs/turtlebot3_msgs_s__rosidl_typesupport_introspection_c.so
[1.372s] Listing '/ros_ws/install/turtlebot3_msgs/lib/python3.12/site-packages/turtlebot3_msgs'...
[1.373s] Listing '/ros_ws/install/turtlebot3_msgs/lib/python3.12/site-packages/turtlebot3_msgs/action'...
[1.373s] Listing '/ros_ws/install/turtlebot3_msgs/lib/python3.12/site-packages/turtlebot3_msgs/msg'...
[1.373s] Listing '/ros_ws/install/turtlebot3_msgs/lib/python3.12/site-packages/turtlebot3_msgs/srv'...
[1.438s] -- Up-to-date: /ros_ws/install/turtlebot3_msgs/lib/python3.12/site-packages/turtlebot3_msgs/turtlebot3_msgs_s__rosidl_typesupport_fastrtps_c.so
[1.467s] -- Up-to-date: /ros_ws/install/turtlebot3_msgs/lib/python3.12/site-packages/turtlebot3_msgs/turtlebot3_msgs_s__rosidl_typesupport_introspection_c.so
[1.467s] -- Up-to-date: /ros_ws/install/turtlebot3_msgs/lib/python3.12/site-packages/turtlebot3_msgs/turtlebot3_msgs_s__rosidl_typesupport_c.so
[1.467s] -- Up-to-date: /ros_ws/install/turtlebot3_msgs/lib/libturtlebot3_msgs__rosidl_generator_py.so
[1.468s] -- Up-to-date: /ros_ws/install/turtlebot3_msgs/share/ament_index/resource_index/rust_packages/turtlebot3_msgs
[1.469s] -- Up-to-date: /ros_ws/install/turtlebot3_msgs/share/turtlebot3_msgs/rust
[1.469s] -- Up-to-date: /ros_ws/install/turtlebot3_msgs/share/turtlebot3_msgs/rust/build.rs
[1.469s] -- Up-to-date: /ros_ws/install/turtlebot3_msgs/share/turtlebot3_msgs/rust/src
[1.470s] -- Up-to-date: /ros_ws/install/turtlebot3_msgs/share/turtlebot3_msgs/rust/src/srv
[1.470s] -- Up-to-date: /ros_ws/install/turtlebot3_msgs/share/turtlebot3_msgs/rust/src/srv/rmw.rs
[1.470s] -- Up-to-date: /ros_ws/install/turtlebot3_msgs/share/turtlebot3_msgs/rust/src/lib.rs
[1.471s] -- Up-to-date: /ros_ws/install/turtlebot3_msgs/share/turtlebot3_msgs/rust/src/msg
[1.471s] -- Up-to-date: /ros_ws/install/turtlebot3_msgs/share/turtlebot3_msgs/rust/src/msg/rmw.rs
[1.475s] -- Up-to-date: /ros_ws/install/turtlebot3_msgs/share/turtlebot3_msgs/rust/src/srv.rs
[1.475s] -- Up-to-date: /ros_ws/install/turtlebot3_msgs/share/turtlebot3_msgs/rust/src/action
[1.476s] -- Up-to-date: /ros_ws/install/turtlebot3_msgs/share/turtlebot3_msgs/rust/src/action/rmw.rs
[1.476s] -- Up-to-date: /ros_ws/install/turtlebot3_msgs/share/turtlebot3_msgs/rust/src/msg.rs
[1.476s] -- Up-to-date: /ros_ws/install/turtlebot3_msgs/share/turtlebot3_msgs/rust/src/action.rs
[1.477s] -- Up-to-date: /ros_ws/install/turtlebot3_msgs/share/turtlebot3_msgs/rust/Cargo.toml
[1.477s] -- Up-to-date: /ros_ws/install/turtlebot3_msgs/share/turtlebot3_msgs/msg/SensorState.idl
[1.477s] -- Up-to-date: /ros_ws/install/turtlebot3_msgs/share/turtlebot3_msgs/msg/Sound.idl
[1.478s] -- Up-to-date: /ros_ws/install/turtlebot3_msgs/share/turtlebot3_msgs/msg/VersionInfo.idl
[1.478s] -- Up-to-date: /ros_ws/install/turtlebot3_msgs/share/turtlebot3_msgs/srv/Sound.idl
[1.478s] -- Up-to-date: /ros_ws/install/turtlebot3_msgs/share/turtlebot3_msgs/srv/Dqn.idl
[1.479s] -- Up-to-date: /ros_ws/install/turtlebot3_msgs/share/turtlebot3_msgs/srv/Goal.idl
[1.480s] -- Up-to-date: /ros_ws/install/turtlebot3_msgs/share/turtlebot3_msgs/action/Patrol.idl
[1.480s] -- Up-to-date: /ros_ws/install/turtlebot3_msgs/share/turtlebot3_msgs/msg/SensorState.msg
[1.480s] -- Up-to-date: /ros_ws/install/turtlebot3_msgs/share/turtlebot3_msgs/msg/Sound.msg
[1.480s] -- Up-to-date: /ros_ws/install/turtlebot3_msgs/share/turtlebot3_msgs/msg/VersionInfo.msg
[1.480s] -- Up-to-date: /ros_ws/install/turtlebot3_msgs/share/turtlebot3_msgs/srv/Sound.srv
[1.480s] -- Up-to-date: /ros_ws/install/turtlebot3_msgs/share/turtlebot3_msgs/srv/Dqn.srv
[1.481s] -- Up-to-date: /ros_ws/install/turtlebot3_msgs/share/turtlebot3_msgs/srv/Goal.srv
[1.482s] -- Up-to-date: /ros_ws/install/turtlebot3_msgs/share/turtlebot3_msgs/action/Patrol.action
[1.482s] -- Up-to-date: /ros_ws/install/turtlebot3_msgs/share/ament_index/resource_index/package_run_dependencies/turtlebot3_msgs
[1.483s] -- Up-to-date: /ros_ws/install/turtlebot3_msgs/share/ament_index/resource_index/parent_prefix_path/turtlebot3_msgs
[1.483s] -- Up-to-date: /ros_ws/install/turtlebot3_msgs/share/turtlebot3_msgs/environment/ament_prefix_path.sh
[1.484s] -- Up-to-date: /ros_ws/install/turtlebot3_msgs/share/turtlebot3_msgs/environment/ament_prefix_path.dsv
[1.484s] -- Up-to-date: /ros_ws/install/turtlebot3_msgs/share/turtlebot3_msgs/environment/path.sh
[1.484s] -- Up-to-date: /ros_ws/install/turtlebot3_msgs/share/turtlebot3_msgs/environment/path.dsv
[1.485s] -- Up-to-date: /ros_ws/install/turtlebot3_msgs/share/turtlebot3_msgs/local_setup.bash
[1.485s] -- Up-to-date: /ros_ws/install/turtlebot3_msgs/share/turtlebot3_msgs/local_setup.sh
[1.486s] -- Up-to-date: /ros_ws/install/turtlebot3_msgs/share/turtlebot3_msgs/local_setup.zsh
[1.486s] -- Up-to-date: /ros_ws/install/turtlebot3_msgs/share/turtlebot3_msgs/local_setup.dsv
[1.486s] -- Installing: /ros_ws/install/turtlebot3_msgs/share/turtlebot3_msgs/package.dsv
[1.486s] -- Up-to-date: /ros_ws/install/turtlebot3_msgs/share/ament_index/resource_index/packages/turtlebot3_msgs
[1.486s] -- Up-to-date: /ros_ws/install/turtlebot3_msgs/share/turtlebot3_msgs/cmake/export_turtlebot3_msgs__rosidl_generator_cExport.cmake
[1.487s] -- Up-to-date: /ros_ws/install/turtlebot3_msgs/share/turtlebot3_msgs/cmake/export_turtlebot3_msgs__rosidl_generator_cExport-noconfig.cmake
[1.488s] -- Up-to-date: /ros_ws/install/turtlebot3_msgs/share/turtlebot3_msgs/cmake/export_turtlebot3_msgs__rosidl_typesupport_fastrtps_cExport.cmake
[1.488s] -- Up-to-date: /ros_ws/install/turtlebot3_msgs/share/turtlebot3_msgs/cmake/export_turtlebot3_msgs__rosidl_typesupport_fastrtps_cExport-noconfig.cmake
[1.489s] -- Up-to-date: /ros_ws/install/turtlebot3_msgs/share/turtlebot3_msgs/cmake/export_turtlebot3_msgs__rosidl_generator_cppExport.cmake
[1.489s] -- Up-to-date: /ros_ws/install/turtlebot3_msgs/share/turtlebot3_msgs/cmake/export_turtlebot3_msgs__rosidl_typesupport_fastrtps_cppExport.cmake
[1.490s] -- Up-to-date: /ros_ws/install/turtlebot3_msgs/share/turtlebot3_msgs/cmake/export_turtlebot3_msgs__rosidl_typesupport_fastrtps_cppExport-noconfig.cmake
[1.491s] -- Up-to-date: /ros_ws/install/turtlebot3_msgs/share/turtlebot3_msgs/cmake/turtlebot3_msgs__rosidl_typesupport_introspection_cExport.cmake
[1.491s] -- Up-to-date: /ros_ws/install/turtlebot3_msgs/share/turtlebot3_msgs/cmake/turtlebot3_msgs__rosidl_typesupport_introspection_cExport-noconfig.cmake
[1.492s] -- Up-to-date: /ros_ws/install/turtlebot3_msgs/share/turtlebot3_msgs/cmake/turtlebot3_msgs__rosidl_typesupport_cExport.cmake
[1.492s] -- Up-to-date: /ros_ws/install/turtlebot3_msgs/share/turtlebot3_msgs/cmake/turtlebot3_msgs__rosidl_typesupport_cExport-noconfig.cmake
[1.492s] -- Up-to-date: /ros_ws/install/turtlebot3_msgs/share/turtlebot3_msgs/cmake/turtlebot3_msgs__rosidl_typesupport_introspection_cppExport.cmake
[1.492s] -- Up-to-date: /ros_ws/install/turtlebot3_msgs/share/turtlebot3_msgs/cmake/turtlebot3_msgs__rosidl_typesupport_introspection_cppExport-noconfig.cmake
[1.493s] -- Up-to-date: /ros_ws/install/turtlebot3_msgs/share/turtlebot3_msgs/cmake/turtlebot3_msgs__rosidl_typesupport_cppExport.cmake
[1.493s] -- Up-to-date: /ros_ws/install/turtlebot3_msgs/share/turtlebot3_msgs/cmake/turtlebot3_msgs__rosidl_typesupport_cppExport-noconfig.cmake
[1.493s] -- Up-to-date: /ros_ws/install/turtlebot3_msgs/share/turtlebot3_msgs/cmake/export_turtlebot3_msgs__rosidl_generator_pyExport.cmake
[1.493s] -- Up-to-date: /ros_ws/install/turtlebot3_msgs/share/turtlebot3_msgs/cmake/export_turtlebot3_msgs__rosidl_generator_pyExport-noconfig.cmake
[1.494s] -- Up-to-date: /ros_ws/install/turtlebot3_msgs/share/turtlebot3_msgs/cmake/rosidl_cmake-extras.cmake
[1.494s] -- Up-to-date: /ros_ws/install/turtlebot3_msgs/share/turtlebot3_msgs/cmake/ament_cmake_export_dependencies-extras.cmake
[1.495s] -- Up-to-date: /ros_ws/install/turtlebot3_msgs/share/turtlebot3_msgs/cmake/ament_cmake_export_include_directories-extras.cmake
[1.495s] -- Up-to-date: /ros_ws/install/turtlebot3_msgs/share/turtlebot3_msgs/cmake/ament_cmake_export_libraries-extras.cmake
[1.495s] -- Up-to-date: /ros_ws/install/turtlebot3_msgs/share/turtlebot3_msgs/cmake/ament_cmake_export_targets-extras.cmake
[1.496s] -- Up-to-date: /ros_ws/install/turtlebot3_msgs/share/turtlebot3_msgs/cmake/rosidl_cmake_export_typesupport_targets-extras.cmake
[1.496s] -- Up-to-date: /ros_ws/install/turtlebot3_msgs/share/turtlebot3_msgs/cmake/rosidl_cmake_export_typesupport_libraries-extras.cmake
[1.496s] -- Up-to-date: /ros_ws/install/turtlebot3_msgs/share/turtlebot3_msgs/cmake/rosidl_cmake_aggregate_target-extras.cmake
[1.497s] -- Up-to-date: /ros_ws/install/turtlebot3_msgs/share/turtlebot3_msgs/cmake/turtlebot3_msgsConfig.cmake
[1.497s] -- Up-to-date: /ros_ws/install/turtlebot3_msgs/share/turtlebot3_msgs/cmake/turtlebot3_msgsConfig-version.cmake
[1.498s] -- Up-to-date: /ros_ws/install/turtlebot3_msgs/share/turtlebot3_msgs/package.xml
[1.638s] Invoked command in '/ros_ws/build/turtlebot3_msgs' returned '0': CMAKE_PREFIX_PATH=${CMAKE_PREFIX_PATH}:/ros_ws/install/turtlebot_logic:/ros_ws/install/turtlebot3_teleop:/ros_ws/install/turtlebot3_example:/opt/ros/jazzy /usr/bin/cmake --install /ros_ws/build/turtlebot3_msgs
