[0.151s] Invoking command in '/ros_ws/build/turtlebot3_navigation2': CMAKE_PREFIX_PATH=${CMAKE_PREFIX_PATH}:/ros_ws/install/turtlebot_logic:/ros_ws/install/turtlebot3_teleop:/ros_ws/install/turtlebot3_example:/opt/ros/jazzy /usr/bin/cmake --build /ros_ws/build/turtlebot3_navigation2 -- -j12 -l12
[1.419s] -- Found ament_cmake: 2.5.6 (/opt/ros/jazzy/share/ament_cmake/cmake)
[1.420s] -- Configuring done (1.0s)
[1.420s] -- Generating done (0.0s)
[1.421s] -- Build files have been written to: /ros_ws/build/turtlebot3_navigation2
[1.451s] Invoked command in '/ros_ws/build/turtlebot3_navigation2' returned '0': CMAKE_PREFIX_PATH=${CMAKE_PREFIX_PATH}:/ros_ws/install/turtlebot_logic:/ros_ws/install/turtlebot3_teleop:/ros_ws/install/turtlebot3_example:/opt/ros/jazzy /usr/bin/cmake --build /ros_ws/build/turtlebot3_navigation2 -- -j12 -l12
[1.478s] Invoking command in '/ros_ws/build/turtlebot3_navigation2': CMAKE_PREFIX_PATH=${CMAKE_PREFIX_PATH}:/ros_ws/install/turtlebot_logic:/ros_ws/install/turtlebot3_teleop:/ros_ws/install/turtlebot3_example:/opt/ros/jazzy /usr/bin/cmake --install /ros_ws/build/turtlebot3_navigation2
[1.581s] -- Install configuration: ""
[1.581s] -- Up-to-date: /ros_ws/install/turtlebot3_navigation2/share/turtlebot3_navigation2/launch
[1.582s] -- Installing: /ros_ws/install/turtlebot3_navigation2/share/turtlebot3_navigation2/launch/navigation2.launch.py
[1.583s] -- Up-to-date: /ros_ws/install/turtlebot3_navigation2/share/turtlebot3_navigation2/map
[1.585s] -- Installing: /ros_ws/install/turtlebot3_navigation2/share/turtlebot3_navigation2/map/map.yaml
[1.586s] -- Installing: /ros_ws/install/turtlebot3_navigation2/share/turtlebot3_navigation2/map/map.pgm
[1.586s] -- Up-to-date: /ros_ws/install/turtlebot3_navigation2/share/turtlebot3_navigation2/param
[1.587s] -- Installing: /ros_ws/install/turtlebot3_navigation2/share/turtlebot3_navigation2/param/burger_cam.yaml
[1.587s] -- Installing: /ros_ws/install/turtlebot3_navigation2/share/turtlebot3_navigation2/param/waffle.yaml
[1.587s] -- Installing: /ros_ws/install/turtlebot3_navigation2/share/turtlebot3_navigation2/param/burger.yaml
[1.587s] -- Installing: /ros_ws/install/turtlebot3_navigation2/share/turtlebot3_navigation2/param/waffle_pi.yaml
[1.588s] -- Up-to-date: /ros_ws/install/turtlebot3_navigation2/share/turtlebot3_navigation2/param/humble
[1.588s] -- Installing: /ros_ws/install/turtlebot3_navigation2/share/turtlebot3_navigation2/param/humble/burger_cam.yaml
[1.588s] -- Installing: /ros_ws/install/turtlebot3_navigation2/share/turtlebot3_navigation2/param/humble/waffle.yaml
[1.588s] -- Installing: /ros_ws/install/turtlebot3_navigation2/share/turtlebot3_navigation2/param/humble/burger.yaml
[1.588s] -- Installing: /ros_ws/install/turtlebot3_navigation2/share/turtlebot3_navigation2/param/humble/waffle_pi.yaml
[1.588s] -- Up-to-date: /ros_ws/install/turtlebot3_navigation2/share/turtlebot3_navigation2/rviz
[1.589s] -- Installing: /ros_ws/install/turtlebot3_navigation2/share/turtlebot3_navigation2/rviz/tb3_navigation2.rviz
[1.590s] -- Installing: /ros_ws/install/turtlebot3_navigation2/share/ament_index/resource_index/package_run_dependencies/turtlebot3_navigation2
[1.590s] -- Installing: /ros_ws/install/turtlebot3_navigation2/share/ament_index/resource_index/parent_prefix_path/turtlebot3_navigation2
[1.590s] -- Installing: /ros_ws/install/turtlebot3_navigation2/share/turtlebot3_navigation2/environment/ament_prefix_path.sh
[1.591s] -- Installing: /ros_ws/install/turtlebot3_navigation2/share/turtlebot3_navigation2/environment/ament_prefix_path.dsv
[1.591s] -- Installing: /ros_ws/install/turtlebot3_navigation2/share/turtlebot3_navigation2/environment/path.sh
[1.591s] -- Installing: /ros_ws/install/turtlebot3_navigation2/share/turtlebot3_navigation2/environment/path.dsv
[1.591s] -- Installing: /ros_ws/install/turtlebot3_navigation2/share/turtlebot3_navigation2/local_setup.bash
[1.592s] -- Installing: /ros_ws/install/turtlebot3_navigation2/share/turtlebot3_navigation2/local_setup.sh
[1.592s] -- Installing: /ros_ws/install/turtlebot3_navigation2/share/turtlebot3_navigation2/local_setup.zsh
[1.592s] -- Installing: /ros_ws/install/turtlebot3_navigation2/share/turtlebot3_navigation2/local_setup.dsv
[1.592s] -- Installing: /ros_ws/install/turtlebot3_navigation2/share/turtlebot3_navigation2/package.dsv
[1.592s] -- Installing: /ros_ws/install/turtlebot3_navigation2/share/ament_index/resource_index/packages/turtlebot3_navigation2
[1.592s] -- Installing: /ros_ws/install/turtlebot3_navigation2/share/turtlebot3_navigation2/cmake/turtlebot3_navigation2Config.cmake
[1.593s] -- Installing: /ros_ws/install/turtlebot3_navigation2/share/turtlebot3_navigation2/cmake/turtlebot3_navigation2Config-version.cmake
[1.593s] -- Installing: /ros_ws/install/turtlebot3_navigation2/share/turtlebot3_navigation2/package.xml
[1.604s] Invoked command in '/ros_ws/build/turtlebot3_navigation2' returned '0': CMAKE_PREFIX_PATH=${CMAKE_PREFIX_PATH}:/ros_ws/install/turtlebot_logic:/ros_ws/install/turtlebot3_teleop:/ros_ws/install/turtlebot3_example:/opt/ros/jazzy /usr/bin/cmake --install /ros_ws/build/turtlebot3_navigation2
