[0.149s] Invoking command in '/ros_ws/build/turtlebot3_msgs': CMAKE_PREFIX_PATH=${CMAKE_PREFIX_PATH}:/ros_ws/install/turtlebot_logic:/ros_ws/install/turtlebot3_teleop:/ros_ws/install/turtlebot3_example:/opt/ros/jazzy /usr/bin/cmake --build /ros_ws/build/turtlebot3_msgs -- -j12 -l12
[1.117s] [  1%] Built target turtlebot3_msgs__rosidl_generator_type_description
[1.119s] [  2%] Built target turtlebot3_msgs__rs
[1.120s] [  3%] Built target turtlebot3_msgs__cpp
[1.120s] [  3%] Built target ament_cmake_python_copy_turtlebot3_msgs
[1.120s] [ 27%] Built target turtlebot3_msgs__rosidl_generator_c
[1.121s] [ 36%] Built target turtlebot3_msgs__rosidl_typesupport_c
[1.121s] [ 46%] Built target turtlebot3_msgs__rosidl_typesupport_cpp
[1.122s] [ 65%] Built target turtlebot3_msgs__rosidl_typesupport_fastrtps_c
[1.122s] [ 65%] Built target turtlebot3_msgs__rosidl_typesupport_introspection_cpp
[1.123s] [ 74%] Built target turtlebot3_msgs__rosidl_typesupport_fastrtps_cpp
[1.123s] [ 84%] Built target turtlebot3_msgs__rosidl_typesupport_introspection_c
[1.125s] [ 84%] Built target turtlebot3_msgs
[1.126s] [ 85%] Built target turtlebot3_msgs__py
[1.126s] [ 93%] Built target turtlebot3_msgs__rosidl_generator_py
[1.126s] [ 95%] Built target turtlebot3_msgs_s__rosidl_typesupport_c
[1.127s] [ 97%] Built target turtlebot3_msgs_s__rosidl_typesupport_fastrtps_c
[1.127s] [100%] Built target turtlebot3_msgs_s__rosidl_typesupport_introspection_c
[1.128s] running egg_info
[1.128s] writing turtlebot3_msgs.egg-info/PKG-INFO
[1.129s] writing dependency_links to turtlebot3_msgs.egg-info/dependency_links.txt
[1.131s] writing top-level names to turtlebot3_msgs.egg-info/top_level.txt
[1.173s] reading manifest file 'turtlebot3_msgs.egg-info/SOURCES.txt'
[1.173s] writing manifest file 'turtlebot3_msgs.egg-info/SOURCES.txt'
[1.276s] [100%] Built target ament_cmake_python_build_turtlebot3_msgs_egg
[1.611s] Invoked command in '/ros_ws/build/turtlebot3_msgs' returned '0': CMAKE_PREFIX_PATH=${CMAKE_PREFIX_PATH}:/ros_ws/install/turtlebot_logic:/ros_ws/install/turtlebot3_teleop:/ros_ws/install/turtlebot3_example:/opt/ros/jazzy /usr/bin/cmake --build /ros_ws/build/turtlebot3_msgs -- -j12 -l12
[1.613s] Invoking command in '/ros_ws/build/turtlebot3_msgs': CMAKE_PREFIX_PATH=${CMAKE_PREFIX_PATH}:/ros_ws/install/turtlebot_logic:/ros_ws/install/turtlebot3_teleop:/ros_ws/install/turtlebot3_example:/opt/ros/jazzy /usr/bin/cmake --install /ros_ws/build/turtlebot3_msgs
[1.782s] -- Install configuration: ""
[1.783s] -- Up-to-date: /ros_ws/install/turtlebot3_msgs/share/ament_index/resource_index/rosidl_interfaces/turtlebot3_msgs
[1.784s] -- Up-to-date: /ros_ws/install/turtlebot3_msgs/share/turtlebot3_msgs/msg/SensorState.json
[1.785s] -- Up-to-date: /ros_ws/install/turtlebot3_msgs/share/turtlebot3_msgs/msg/Sound.json
[1.786s] -- Up-to-date: /ros_ws/install/turtlebot3_msgs/share/turtlebot3_msgs/msg/VersionInfo.json
[1.786s] -- Up-to-date: /ros_ws/install/turtlebot3_msgs/share/turtlebot3_msgs/srv/Sound.json
[1.786s] -- Up-to-date: /ros_ws/install/turtlebot3_msgs/share/turtlebot3_msgs/srv/Dqn.json
[1.787s] -- Up-to-date: /ros_ws/install/turtlebot3_msgs/share/turtlebot3_msgs/srv/Goal.json
[1.788s] -- Up-to-date: /ros_ws/install/turtlebot3_msgs/share/turtlebot3_msgs/action/Patrol.json
[1.788s] -- Up-to-date: /ros_ws/install/turtlebot3_msgs/include/turtlebot3_msgs/turtlebot3_msgs
[1.788s] -- Up-to-date: /ros_ws/install/turtlebot3_msgs/include/turtlebot3_msgs/turtlebot3_msgs/srv
[1.788s] -- Up-to-date: /ros_ws/install/turtlebot3_msgs/include/turtlebot3_msgs/turtlebot3_msgs/srv/goal.h
[1.788s] -- Up-to-date: /ros_ws/install/turtlebot3_msgs/include/turtlebot3_msgs/turtlebot3_msgs/srv/dqn.h
[1.789s] -- Up-to-date: /ros_ws/install/turtlebot3_msgs/include/turtlebot3_msgs/turtlebot3_msgs/srv/sound.h
[1.789s] -- Up-to-date: /ros_ws/install/turtlebot3_msgs/include/turtlebot3_msgs/turtlebot3_msgs/srv/detail
[1.789s] -- Up-to-date: /ros_ws/install/turtlebot3_msgs/include/turtlebot3_msgs/turtlebot3_msgs/srv/detail/dqn__functions.c
[1.790s] -- Up-to-date: /ros_ws/install/turtlebot3_msgs/include/turtlebot3_msgs/turtlebot3_msgs/srv/detail/sound__type_support.h
[1.790s] -- Up-to-date: /ros_ws/install/turtlebot3_msgs/include/turtlebot3_msgs/turtlebot3_msgs/srv/detail/dqn__type_support.c
[1.790s] -- Up-to-date: /ros_ws/install/turtlebot3_msgs/include/turtlebot3_msgs/turtlebot3_msgs/srv/detail/sound__description.c
[1.790s] -- Up-to-date: /ros_ws/install/turtlebot3_msgs/include/turtlebot3_msgs/turtlebot3_msgs/srv/detail/goal__description.c
[1.790s] -- Up-to-date: /ros_ws/install/turtlebot3_msgs/include/turtlebot3_msgs/turtlebot3_msgs/srv/detail/sound__type_support.c
[1.790s] -- Up-to-date: /ros_ws/install/turtlebot3_msgs/include/turtlebot3_msgs/turtlebot3_msgs/srv/detail/dqn__struct.h
[1.790s] -- Up-to-date: /ros_ws/install/turtlebot3_msgs/include/turtlebot3_msgs/turtlebot3_msgs/srv/detail/goal__type_support.h
[1.791s] -- Up-to-date: /ros_ws/install/turtlebot3_msgs/include/turtlebot3_msgs/turtlebot3_msgs/srv/detail/goal__functions.h
[1.791s] -- Up-to-date: /ros_ws/install/turtlebot3_msgs/include/turtlebot3_msgs/turtlebot3_msgs/srv/detail/goal__functions.c
[1.791s] -- Up-to-date: /ros_ws/install/turtlebot3_msgs/include/turtlebot3_msgs/turtlebot3_msgs/srv/detail/goal__type_support.c
[1.792s] -- Up-to-date: /ros_ws/install/turtlebot3_msgs/include/turtlebot3_msgs/turtlebot3_msgs/srv/detail/dqn__functions.h
[1.792s] -- Up-to-date: /ros_ws/install/turtlebot3_msgs/include/turtlebot3_msgs/turtlebot3_msgs/srv/detail/dqn__description.c
[1.793s] -- Up-to-date: /ros_ws/install/turtlebot3_msgs/include/turtlebot3_msgs/turtlebot3_msgs/srv/detail/dqn__type_support.h
[1.793s] -- Up-to-date: /ros_ws/install/turtlebot3_msgs/include/turtlebot3_msgs/turtlebot3_msgs/srv/detail/goal__struct.h
[1.793s] -- Up-to-date: /ros_ws/install/turtlebot3_msgs/include/turtlebot3_msgs/turtlebot3_msgs/srv/detail/sound__struct.h
[1.794s] -- Up-to-date: /ros_ws/install/turtlebot3_msgs/include/turtlebot3_msgs/turtlebot3_msgs/srv/detail/sound__functions.h
[1.795s] -- Up-to-date: /ros_ws/install/turtlebot3_msgs/include/turtlebot3_msgs/turtlebot3_msgs/srv/detail/sound__functions.c
[1.796s] -- Up-to-date: /ros_ws/install/turtlebot3_msgs/include/turtlebot3_msgs/turtlebot3_msgs/msg
[1.796s] -- Up-to-date: /ros_ws/install/turtlebot3_msgs/include/turtlebot3_msgs/turtlebot3_msgs/msg/rosidl_generator_c__visibility_control.h
[1.797s] -- Up-to-date: /ros_ws/install/turtlebot3_msgs/include/turtlebot3_msgs/turtlebot3_msgs/msg/version_info.h
[1.798s] -- Up-to-date: /ros_ws/install/turtlebot3_msgs/include/turtlebot3_msgs/turtlebot3_msgs/msg/sound.h
[1.798s] -- Up-to-date: /ros_ws/install/turtlebot3_msgs/include/turtlebot3_msgs/turtlebot3_msgs/msg/sensor_state.h
[1.798s] -- Up-to-date: /ros_ws/install/turtlebot3_msgs/include/turtlebot3_msgs/turtlebot3_msgs/msg/detail
[1.799s] -- Up-to-date: /ros_ws/install/turtlebot3_msgs/include/turtlebot3_msgs/turtlebot3_msgs/msg/detail/sound__type_support.h
[1.800s] -- Installing: /ros_ws/install/turtlebot3_msgs/include/turtlebot3_msgs/turtlebot3_msgs/msg/detail/sensor_state__type_support.c
[1.800s] -- Up-to-date: /ros_ws/install/turtlebot3_msgs/include/turtlebot3_msgs/turtlebot3_msgs/msg/detail/version_info__struct.h
[1.800s] -- Up-to-date: /ros_ws/install/turtlebot3_msgs/include/turtlebot3_msgs/turtlebot3_msgs/msg/detail/sensor_state__description.c
[1.801s] -- Up-to-date: /ros_ws/install/turtlebot3_msgs/include/turtlebot3_msgs/turtlebot3_msgs/msg/detail/sound__description.c
[1.801s] -- Up-to-date: /ros_ws/install/turtlebot3_msgs/include/turtlebot3_msgs/turtlebot3_msgs/msg/detail/sensor_state__functions.c
[1.801s] -- Installing: /ros_ws/install/turtlebot3_msgs/include/turtlebot3_msgs/turtlebot3_msgs/msg/detail/sound__type_support.c
[1.801s] -- Up-to-date: /ros_ws/install/turtlebot3_msgs/include/turtlebot3_msgs/turtlebot3_msgs/msg/detail/version_info__functions.c
[1.801s] -- Up-to-date: /ros_ws/install/turtlebot3_msgs/include/turtlebot3_msgs/turtlebot3_msgs/msg/detail/sensor_state__type_support.h
[1.801s] -- Up-to-date: /ros_ws/install/turtlebot3_msgs/include/turtlebot3_msgs/turtlebot3_msgs/msg/detail/sound__struct.h
[1.801s] -- Up-to-date: /ros_ws/install/turtlebot3_msgs/include/turtlebot3_msgs/turtlebot3_msgs/msg/detail/sensor_state__functions.h
[1.802s] -- Up-to-date: /ros_ws/install/turtlebot3_msgs/include/turtlebot3_msgs/turtlebot3_msgs/msg/detail/version_info__type_support.h
[1.803s] -- Up-to-date: /ros_ws/install/turtlebot3_msgs/include/turtlebot3_msgs/turtlebot3_msgs/msg/detail/version_info__description.c
[1.803s] -- Up-to-date: /ros_ws/install/turtlebot3_msgs/include/turtlebot3_msgs/turtlebot3_msgs/msg/detail/sensor_state__struct.h
[1.803s] -- Up-to-date: /ros_ws/install/turtlebot3_msgs/include/turtlebot3_msgs/turtlebot3_msgs/msg/detail/sound__functions.h
[1.803s] -- Up-to-date: /ros_ws/install/turtlebot3_msgs/include/turtlebot3_msgs/turtlebot3_msgs/msg/detail/sound__functions.c
[1.803s] -- Up-to-date: /ros_ws/install/turtlebot3_msgs/include/turtlebot3_msgs/turtlebot3_msgs/msg/detail/version_info__type_support.c
[1.804s] -- Up-to-date: /ros_ws/install/turtlebot3_msgs/include/turtlebot3_msgs/turtlebot3_msgs/msg/detail/version_info__functions.h
[1.804s] -- Up-to-date: /ros_ws/install/turtlebot3_msgs/include/turtlebot3_msgs/turtlebot3_msgs/action
[1.805s] -- Up-to-date: /ros_ws/install/turtlebot3_msgs/include/turtlebot3_msgs/turtlebot3_msgs/action/detail
[1.806s] -- Up-to-date: /ros_ws/install/turtlebot3_msgs/include/turtlebot3_msgs/turtlebot3_msgs/action/detail/patrol__struct.h
[1.806s] -- Up-to-date: /ros_ws/install/turtlebot3_msgs/include/turtlebot3_msgs/turtlebot3_msgs/action/detail/patrol__type_support.h
[1.806s] -- Up-to-date: /ros_ws/install/turtlebot3_msgs/include/turtlebot3_msgs/turtlebot3_msgs/action/detail/patrol__functions.h
[1.807s] -- Up-to-date: /ros_ws/install/turtlebot3_msgs/include/turtlebot3_msgs/turtlebot3_msgs/action/detail/patrol__description.c
[1.807s] -- Up-to-date: /ros_ws/install/turtlebot3_msgs/include/turtlebot3_msgs/turtlebot3_msgs/action/detail/patrol__functions.c
[1.807s] -- Installing: /ros_ws/install/turtlebot3_msgs/include/turtlebot3_msgs/turtlebot3_msgs/action/detail/patrol__type_support.c
[1.807s] -- Up-to-date: /ros_ws/install/turtlebot3_msgs/include/turtlebot3_msgs/turtlebot3_msgs/action/patrol.h
[1.807s] -- Up-to-date: /ros_ws/install/turtlebot3_msgs/share/turtlebot3_msgs/environment/library_path.sh
[1.807s] -- Up-to-date: /ros_ws/install/turtlebot3_msgs/share/turtlebot3_msgs/environment/library_path.dsv
[1.808s] -- Up-to-date: /ros_ws/install/turtlebot3_msgs/lib/libturtlebot3_msgs__rosidl_generator_c.so
[1.808s] -- Up-to-date: /ros_ws/install/turtlebot3_msgs/include/turtlebot3_msgs/turtlebot3_msgs
[1.808s] -- Up-to-date: /ros_ws/install/turtlebot3_msgs/include/turtlebot3_msgs/turtlebot3_msgs/srv
[1.808s] -- Up-to-date: /ros_ws/install/turtlebot3_msgs/include/turtlebot3_msgs/turtlebot3_msgs/srv/detail
[1.808s] -- Up-to-date: /ros_ws/install/turtlebot3_msgs/include/turtlebot3_msgs/turtlebot3_msgs/srv/detail/goal__rosidl_typesupport_fastrtps_c.h
[1.815s] -- Up-to-date: /ros_ws/install/turtlebot3_msgs/include/turtlebot3_msgs/turtlebot3_msgs/srv/detail/dqn__rosidl_typesupport_fastrtps_c.h
[1.815s] -- Up-to-date: /ros_ws/install/turtlebot3_msgs/include/turtlebot3_msgs/turtlebot3_msgs/srv/detail/sound__rosidl_typesupport_fastrtps_c.h
[1.815s] -- Up-to-date: /ros_ws/install/turtlebot3_msgs/include/turtlebot3_msgs/turtlebot3_msgs/msg
[1.816s] -- Up-to-date: /ros_ws/install/turtlebot3_msgs/include/turtlebot3_msgs/turtlebot3_msgs/msg/detail
[1.817s] -- Up-to-date: /ros_ws/install/turtlebot3_msgs/include/turtlebot3_msgs/turtlebot3_msgs/msg/detail/sensor_state__rosidl_typesupport_fastrtps_c.h
[1.817s] -- Up-to-date: /ros_ws/install/turtlebot3_msgs/include/turtlebot3_msgs/turtlebot3_msgs/msg/detail/sound__rosidl_typesupport_fastrtps_c.h
[1.817s] -- Up-to-date: /ros_ws/install/turtlebot3_msgs/include/turtlebot3_msgs/turtlebot3_msgs/msg/detail/version_info__rosidl_typesupport_fastrtps_c.h
[1.817s] -- Up-to-date: /ros_ws/install/turtlebot3_msgs/include/turtlebot3_msgs/turtlebot3_msgs/msg/rosidl_typesupport_fastrtps_c__visibility_control.h
[1.818s] -- Up-to-date: /ros_ws/install/turtlebot3_msgs/include/turtlebot3_msgs/turtlebot3_msgs/action
[1.819s] -- Up-to-date: /ros_ws/install/turtlebot3_msgs/include/turtlebot3_msgs/turtlebot3_msgs/action/detail
[1.820s] -- Up-to-date: /ros_ws/install/turtlebot3_msgs/include/turtlebot3_msgs/turtlebot3_msgs/action/detail/patrol__rosidl_typesupport_fastrtps_c.h
[1.821s] -- Up-to-date: /ros_ws/install/turtlebot3_msgs/lib/libturtlebot3_msgs__rosidl_typesupport_fastrtps_c.so
[1.821s] -- Up-to-date: /ros_ws/install/turtlebot3_msgs/include/turtlebot3_msgs/turtlebot3_msgs
[1.821s] -- Up-to-date: /ros_ws/install/turtlebot3_msgs/include/turtlebot3_msgs/turtlebot3_msgs/srv
[1.821s] -- Up-to-date: /ros_ws/install/turtlebot3_msgs/include/turtlebot3_msgs/turtlebot3_msgs/srv/goal.hpp
[1.821s] -- Up-to-date: /ros_ws/install/turtlebot3_msgs/include/turtlebot3_msgs/turtlebot3_msgs/srv/sound.hpp
[1.821s] -- Up-to-date: /ros_ws/install/turtlebot3_msgs/include/turtlebot3_msgs/turtlebot3_msgs/srv/dqn.hpp
[1.822s] -- Up-to-date: /ros_ws/install/turtlebot3_msgs/include/turtlebot3_msgs/turtlebot3_msgs/srv/detail
[1.822s] -- Up-to-date: /ros_ws/install/turtlebot3_msgs/include/turtlebot3_msgs/turtlebot3_msgs/srv/detail/dqn__type_support.hpp
[1.822s] -- Up-to-date: /ros_ws/install/turtlebot3_msgs/include/turtlebot3_msgs/turtlebot3_msgs/srv/detail/goal__struct.hpp
[1.822s] -- Up-to-date: /ros_ws/install/turtlebot3_msgs/include/turtlebot3_msgs/turtlebot3_msgs/srv/detail/sound__struct.hpp
[1.822s] -- Up-to-date: /ros_ws/install/turtlebot3_msgs/include/turtlebot3_msgs/turtlebot3_msgs/srv/detail/sound__traits.hpp
[1.822s] -- Up-to-date: /ros_ws/install/turtlebot3_msgs/include/turtlebot3_msgs/turtlebot3_msgs/srv/detail/goal__type_support.hpp
[1.823s] -- Up-to-date: /ros_ws/install/turtlebot3_msgs/include/turtlebot3_msgs/turtlebot3_msgs/srv/detail/dqn__struct.hpp
[1.823s] -- Up-to-date: /ros_ws/install/turtlebot3_msgs/include/turtlebot3_msgs/turtlebot3_msgs/srv/detail/goal__builder.hpp
[1.823s] -- Up-to-date: /ros_ws/install/turtlebot3_msgs/include/turtlebot3_msgs/turtlebot3_msgs/srv/detail/sound__type_support.hpp
[1.824s] -- Up-to-date: /ros_ws/install/turtlebot3_msgs/include/turtlebot3_msgs/turtlebot3_msgs/srv/detail/dqn__traits.hpp
[1.824s] -- Up-to-date: /ros_ws/install/turtlebot3_msgs/include/turtlebot3_msgs/turtlebot3_msgs/srv/detail/sound__builder.hpp
[1.824s] -- Up-to-date: /ros_ws/install/turtlebot3_msgs/include/turtlebot3_msgs/turtlebot3_msgs/srv/detail/dqn__builder.hpp
[1.824s] -- Up-to-date: /ros_ws/install/turtlebot3_msgs/include/turtlebot3_msgs/turtlebot3_msgs/srv/detail/goal__traits.hpp
[1.824s] -- Up-to-date: /ros_ws/install/turtlebot3_msgs/include/turtlebot3_msgs/turtlebot3_msgs/msg
[1.825s] -- Up-to-date: /ros_ws/install/turtlebot3_msgs/include/turtlebot3_msgs/turtlebot3_msgs/msg/rosidl_generator_cpp__visibility_control.hpp
[1.825s] -- Up-to-date: /ros_ws/install/turtlebot3_msgs/include/turtlebot3_msgs/turtlebot3_msgs/msg/version_info.hpp
[1.825s] -- Up-to-date: /ros_ws/install/turtlebot3_msgs/include/turtlebot3_msgs/turtlebot3_msgs/msg/sound.hpp
[1.825s] -- Up-to-date: /ros_ws/install/turtlebot3_msgs/include/turtlebot3_msgs/turtlebot3_msgs/msg/sensor_state.hpp
[1.825s] -- Up-to-date: /ros_ws/install/turtlebot3_msgs/include/turtlebot3_msgs/turtlebot3_msgs/msg/detail
[1.826s] -- Up-to-date: /ros_ws/install/turtlebot3_msgs/include/turtlebot3_msgs/turtlebot3_msgs/msg/detail/sensor_state__builder.hpp
[1.827s] -- Up-to-date: /ros_ws/install/turtlebot3_msgs/include/turtlebot3_msgs/turtlebot3_msgs/msg/detail/version_info__struct.hpp
[1.827s] -- Up-to-date: /ros_ws/install/turtlebot3_msgs/include/turtlebot3_msgs/turtlebot3_msgs/msg/detail/sensor_state__struct.hpp
[1.827s] -- Up-to-date: /ros_ws/install/turtlebot3_msgs/include/turtlebot3_msgs/turtlebot3_msgs/msg/detail/sound__struct.hpp
[1.827s] -- Up-to-date: /ros_ws/install/turtlebot3_msgs/include/turtlebot3_msgs/turtlebot3_msgs/msg/detail/sound__traits.hpp
[1.827s] -- Up-to-date: /ros_ws/install/turtlebot3_msgs/include/turtlebot3_msgs/turtlebot3_msgs/msg/detail/version_info__traits.hpp
[1.827s] -- Up-to-date: /ros_ws/install/turtlebot3_msgs/include/turtlebot3_msgs/turtlebot3_msgs/msg/detail/version_info__builder.hpp
[1.827s] -- Up-to-date: /ros_ws/install/turtlebot3_msgs/include/turtlebot3_msgs/turtlebot3_msgs/msg/detail/sensor_state__type_support.hpp
[1.828s] -- Up-to-date: /ros_ws/install/turtlebot3_msgs/include/turtlebot3_msgs/turtlebot3_msgs/msg/detail/version_info__type_support.hpp
[1.828s] -- Up-to-date: /ros_ws/install/turtlebot3_msgs/include/turtlebot3_msgs/turtlebot3_msgs/msg/detail/sound__type_support.hpp
[1.828s] -- Up-to-date: /ros_ws/install/turtlebot3_msgs/include/turtlebot3_msgs/turtlebot3_msgs/msg/detail/sound__builder.hpp
[1.828s] -- Up-to-date: /ros_ws/install/turtlebot3_msgs/include/turtlebot3_msgs/turtlebot3_msgs/msg/detail/sensor_state__traits.hpp
[1.828s] -- Up-to-date: /ros_ws/install/turtlebot3_msgs/include/turtlebot3_msgs/turtlebot3_msgs/action
[1.828s] -- Up-to-date: /ros_ws/install/turtlebot3_msgs/include/turtlebot3_msgs/turtlebot3_msgs/action/patrol.hpp
[1.828s] -- Up-to-date: /ros_ws/install/turtlebot3_msgs/include/turtlebot3_msgs/turtlebot3_msgs/action/detail
[1.829s] -- Up-to-date: /ros_ws/install/turtlebot3_msgs/include/turtlebot3_msgs/turtlebot3_msgs/action/detail/patrol__builder.hpp
[1.829s] -- Up-to-date: /ros_ws/install/turtlebot3_msgs/include/turtlebot3_msgs/turtlebot3_msgs/action/detail/patrol__struct.hpp
[1.829s] -- Up-to-date: /ros_ws/install/turtlebot3_msgs/include/turtlebot3_msgs/turtlebot3_msgs/action/detail/patrol__type_support.hpp
[1.831s] -- Up-to-date: /ros_ws/install/turtlebot3_msgs/include/turtlebot3_msgs/turtlebot3_msgs/action/detail/patrol__traits.hpp
[1.831s] -- Up-to-date: /ros_ws/install/turtlebot3_msgs/include/turtlebot3_msgs/turtlebot3_msgs
[1.831s] -- Up-to-date: /ros_ws/install/turtlebot3_msgs/include/turtlebot3_msgs/turtlebot3_msgs/srv
[1.832s] -- Up-to-date: /ros_ws/install/turtlebot3_msgs/include/turtlebot3_msgs/turtlebot3_msgs/srv/detail
[1.832s] -- Up-to-date: /ros_ws/install/turtlebot3_msgs/include/turtlebot3_msgs/turtlebot3_msgs/srv/detail/dds_fastrtps
[1.832s] -- Up-to-date: /ros_ws/install/turtlebot3_msgs/include/turtlebot3_msgs/turtlebot3_msgs/srv/detail/sound__rosidl_typesupport_fastrtps_cpp.hpp
[1.832s] -- Up-to-date: /ros_ws/install/turtlebot3_msgs/include/turtlebot3_msgs/turtlebot3_msgs/srv/detail/goal__rosidl_typesupport_fastrtps_cpp.hpp
[1.832s] -- Up-to-date: /ros_ws/install/turtlebot3_msgs/include/turtlebot3_msgs/turtlebot3_msgs/srv/detail/dqn__rosidl_typesupport_fastrtps_cpp.hpp
[1.833s] -- Up-to-date: /ros_ws/install/turtlebot3_msgs/include/turtlebot3_msgs/turtlebot3_msgs/msg
[1.833s] -- Up-to-date: /ros_ws/install/turtlebot3_msgs/include/turtlebot3_msgs/turtlebot3_msgs/msg/rosidl_typesupport_fastrtps_cpp__visibility_control.h
[1.833s] -- Up-to-date: /ros_ws/install/turtlebot3_msgs/include/turtlebot3_msgs/turtlebot3_msgs/msg/detail
[1.833s] -- Up-to-date: /ros_ws/install/turtlebot3_msgs/include/turtlebot3_msgs/turtlebot3_msgs/msg/detail/dds_fastrtps
[1.834s] -- Up-to-date: /ros_ws/install/turtlebot3_msgs/include/turtlebot3_msgs/turtlebot3_msgs/msg/detail/version_info__rosidl_typesupport_fastrtps_cpp.hpp
[1.835s] -- Up-to-date: /ros_ws/install/turtlebot3_msgs/include/turtlebot3_msgs/turtlebot3_msgs/msg/detail/sound__rosidl_typesupport_fastrtps_cpp.hpp
[1.835s] -- Up-to-date: /ros_ws/install/turtlebot3_msgs/include/turtlebot3_msgs/turtlebot3_msgs/msg/detail/sensor_state__rosidl_typesupport_fastrtps_cpp.hpp
[1.836s] -- Up-to-date: /ros_ws/install/turtlebot3_msgs/include/turtlebot3_msgs/turtlebot3_msgs/action
[1.836s] -- Up-to-date: /ros_ws/install/turtlebot3_msgs/include/turtlebot3_msgs/turtlebot3_msgs/action/detail
[1.836s] -- Up-to-date: /ros_ws/install/turtlebot3_msgs/include/turtlebot3_msgs/turtlebot3_msgs/action/detail/dds_fastrtps
[1.836s] -- Up-to-date: /ros_ws/install/turtlebot3_msgs/include/turtlebot3_msgs/turtlebot3_msgs/action/detail/patrol__rosidl_typesupport_fastrtps_cpp.hpp
[1.837s] -- Up-to-date: /ros_ws/install/turtlebot3_msgs/lib/libturtlebot3_msgs__rosidl_typesupport_fastrtps_cpp.so
[1.837s] -- Up-to-date: /ros_ws/install/turtlebot3_msgs/include/turtlebot3_msgs/turtlebot3_msgs
[1.838s] -- Up-to-date: /ros_ws/install/turtlebot3_msgs/include/turtlebot3_msgs/turtlebot3_msgs/srv
[1.839s] -- Up-to-date: /ros_ws/install/turtlebot3_msgs/include/turtlebot3_msgs/turtlebot3_msgs/srv/detail
[1.840s] -- Up-to-date: /ros_ws/install/turtlebot3_msgs/include/turtlebot3_msgs/turtlebot3_msgs/srv/detail/dqn__rosidl_typesupport_introspection_c.h
[1.841s] -- Up-to-date: /ros_ws/install/turtlebot3_msgs/include/turtlebot3_msgs/turtlebot3_msgs/srv/detail/goal__rosidl_typesupport_introspection_c.h
[1.841s] -- Up-to-date: /ros_ws/install/turtlebot3_msgs/include/turtlebot3_msgs/turtlebot3_msgs/srv/detail/dqn__type_support.c
[1.841s] -- Up-to-date: /ros_ws/install/turtlebot3_msgs/include/turtlebot3_msgs/turtlebot3_msgs/srv/detail/sound__rosidl_typesupport_introspection_c.h
[1.841s] -- Up-to-date: /ros_ws/install/turtlebot3_msgs/include/turtlebot3_msgs/turtlebot3_msgs/srv/detail/sound__type_support.c
[1.841s] -- Up-to-date: /ros_ws/install/turtlebot3_msgs/include/turtlebot3_msgs/turtlebot3_msgs/srv/detail/goal__type_support.c
[1.841s] -- Up-to-date: /ros_ws/install/turtlebot3_msgs/include/turtlebot3_msgs/turtlebot3_msgs/msg
[1.842s] -- Up-to-date: /ros_ws/install/turtlebot3_msgs/include/turtlebot3_msgs/turtlebot3_msgs/msg/detail
[1.842s] -- Up-to-date: /ros_ws/install/turtlebot3_msgs/include/turtlebot3_msgs/turtlebot3_msgs/msg/detail/sensor_state__rosidl_typesupport_introspection_c.h
[1.842s] -- Installing: /ros_ws/install/turtlebot3_msgs/include/turtlebot3_msgs/turtlebot3_msgs/msg/detail/sensor_state__type_support.c
[1.842s] -- Up-to-date: /ros_ws/install/turtlebot3_msgs/include/turtlebot3_msgs/turtlebot3_msgs/msg/detail/version_info__rosidl_typesupport_introspection_c.h
[1.842s] -- Up-to-date: /ros_ws/install/turtlebot3_msgs/include/turtlebot3_msgs/turtlebot3_msgs/msg/detail/sound__rosidl_typesupport_introspection_c.h
[1.842s] -- Installing: /ros_ws/install/turtlebot3_msgs/include/turtlebot3_msgs/turtlebot3_msgs/msg/detail/sound__type_support.c
[1.842s] -- Up-to-date: /ros_ws/install/turtlebot3_msgs/include/turtlebot3_msgs/turtlebot3_msgs/msg/detail/version_info__type_support.c
[1.843s] -- Up-to-date: /ros_ws/install/turtlebot3_msgs/include/turtlebot3_msgs/turtlebot3_msgs/msg/rosidl_typesupport_introspection_c__visibility_control.h
[1.843s] -- Up-to-date: /ros_ws/install/turtlebot3_msgs/include/turtlebot3_msgs/turtlebot3_msgs/action
[1.843s] -- Up-to-date: /ros_ws/install/turtlebot3_msgs/include/turtlebot3_msgs/turtlebot3_msgs/action/detail
[1.844s] -- Up-to-date: /ros_ws/install/turtlebot3_msgs/include/turtlebot3_msgs/turtlebot3_msgs/action/detail/patrol__rosidl_typesupport_introspection_c.h
[1.844s] -- Installing: /ros_ws/install/turtlebot3_msgs/include/turtlebot3_msgs/turtlebot3_msgs/action/detail/patrol__type_support.c
[1.868s] -- Up-to-date: /ros_ws/install/turtlebot3_msgs/lib/libturtlebot3_msgs__rosidl_typesupport_introspection_c.so
[1.869s] -- Up-to-date: /ros_ws/install/turtlebot3_msgs/lib/libturtlebot3_msgs__rosidl_typesupport_c.so
[1.869s] -- Up-to-date: /ros_ws/install/turtlebot3_msgs/include/turtlebot3_msgs/turtlebot3_msgs
[1.870s] -- Up-to-date: /ros_ws/install/turtlebot3_msgs/include/turtlebot3_msgs/turtlebot3_msgs/srv
[1.870s] -- Up-to-date: /ros_ws/install/turtlebot3_msgs/include/turtlebot3_msgs/turtlebot3_msgs/srv/detail
[1.870s] -- Up-to-date: /ros_ws/install/turtlebot3_msgs/include/turtlebot3_msgs/turtlebot3_msgs/srv/detail/dqn__rosidl_typesupport_introspection_cpp.hpp
[1.870s] -- Up-to-date: /ros_ws/install/turtlebot3_msgs/include/turtlebot3_msgs/turtlebot3_msgs/srv/detail/goal__rosidl_typesupport_introspection_cpp.hpp
[1.870s] -- Up-to-date: /ros_ws/install/turtlebot3_msgs/include/turtlebot3_msgs/turtlebot3_msgs/srv/detail/dqn__type_support.cpp
[1.871s] -- Up-to-date: /ros_ws/install/turtlebot3_msgs/include/turtlebot3_msgs/turtlebot3_msgs/srv/detail/goal__type_support.cpp
[1.871s] -- Up-to-date: /ros_ws/install/turtlebot3_msgs/include/turtlebot3_msgs/turtlebot3_msgs/srv/detail/sound__rosidl_typesupport_introspection_cpp.hpp
[1.871s] -- Up-to-date: /ros_ws/install/turtlebot3_msgs/include/turtlebot3_msgs/turtlebot3_msgs/srv/detail/sound__type_support.cpp
[1.872s] -- Up-to-date: /ros_ws/install/turtlebot3_msgs/include/turtlebot3_msgs/turtlebot3_msgs/msg
[1.872s] -- Up-to-date: /ros_ws/install/turtlebot3_msgs/include/turtlebot3_msgs/turtlebot3_msgs/msg/detail
[1.872s] -- Up-to-date: /ros_ws/install/turtlebot3_msgs/include/turtlebot3_msgs/turtlebot3_msgs/msg/detail/sensor_state__type_support.cpp
[1.872s] -- Up-to-date: /ros_ws/install/turtlebot3_msgs/include/turtlebot3_msgs/turtlebot3_msgs/msg/detail/sensor_state__rosidl_typesupport_introspection_cpp.hpp
[1.872s] -- Up-to-date: /ros_ws/install/turtlebot3_msgs/include/turtlebot3_msgs/turtlebot3_msgs/msg/detail/version_info__type_support.cpp
[1.872s] -- Up-to-date: /ros_ws/install/turtlebot3_msgs/include/turtlebot3_msgs/turtlebot3_msgs/msg/detail/version_info__rosidl_typesupport_introspection_cpp.hpp
[1.872s] -- Up-to-date: /ros_ws/install/turtlebot3_msgs/include/turtlebot3_msgs/turtlebot3_msgs/msg/detail/sound__rosidl_typesupport_introspection_cpp.hpp
[1.873s] -- Up-to-date: /ros_ws/install/turtlebot3_msgs/include/turtlebot3_msgs/turtlebot3_msgs/msg/detail/sound__type_support.cpp
[1.873s] -- Up-to-date: /ros_ws/install/turtlebot3_msgs/include/turtlebot3_msgs/turtlebot3_msgs/action
[1.873s] -- Up-to-date: /ros_ws/install/turtlebot3_msgs/include/turtlebot3_msgs/turtlebot3_msgs/action/detail
[1.873s] -- Up-to-date: /ros_ws/install/turtlebot3_msgs/include/turtlebot3_msgs/turtlebot3_msgs/action/detail/patrol__rosidl_typesupport_introspection_cpp.hpp
[1.873s] -- Up-to-date: /ros_ws/install/turtlebot3_msgs/include/turtlebot3_msgs/turtlebot3_msgs/action/detail/patrol__type_support.cpp
[1.873s] -- Up-to-date: /ros_ws/install/turtlebot3_msgs/lib/libturtlebot3_msgs__rosidl_typesupport_introspection_cpp.so
[1.874s] -- Up-to-date: /ros_ws/install/turtlebot3_msgs/lib/libturtlebot3_msgs__rosidl_typesupport_cpp.so
[1.874s] -- Up-to-date: /ros_ws/install/turtlebot3_msgs/share/turtlebot3_msgs/environment/pythonpath.sh
[1.874s] -- Up-to-date: /ros_ws/install/turtlebot3_msgs/share/turtlebot3_msgs/environment/pythonpath.dsv
[1.874s] -- Up-to-date: /ros_ws/install/turtlebot3_msgs/lib/python3.12/site-packages/turtlebot3_msgs-2.4.0-py3.12.egg-info
[1.874s] -- Installing: /ros_ws/install/turtlebot3_msgs/lib/python3.12/site-packages/turtlebot3_msgs-2.4.0-py3.12.egg-info/PKG-INFO
[1.875s] -- Installing: /ros_ws/install/turtlebot3_msgs/lib/python3.12/site-packages/turtlebot3_msgs-2.4.0-py3.12.egg-info/dependency_links.txt
[1.875s] -- Installing: /ros_ws/install/turtlebot3_msgs/lib/python3.12/site-packages/turtlebot3_msgs-2.4.0-py3.12.egg-info/SOURCES.txt
[1.876s] -- Installing: /ros_ws/install/turtlebot3_msgs/lib/python3.12/site-packages/turtlebot3_msgs-2.4.0-py3.12.egg-info/top_level.txt
[1.876s] -- Up-to-date: /ros_ws/install/turtlebot3_msgs/lib/python3.12/site-packages/turtlebot3_msgs
[1.876s] -- Up-to-date: /ros_ws/install/turtlebot3_msgs/lib/python3.12/site-packages/turtlebot3_msgs/_turtlebot3_msgs_s.ep.rosidl_typesupport_c.c
[1.877s] -- Up-to-date: /ros_ws/install/turtlebot3_msgs/lib/python3.12/site-packages/turtlebot3_msgs/__init__.py
[1.877s] -- Up-to-date: /ros_ws/install/turtlebot3_msgs/lib/python3.12/site-packages/turtlebot3_msgs/_turtlebot3_msgs_s.ep.rosidl_typesupport_introspection_c.c
[1.877s] -- Up-to-date: /ros_ws/install/turtlebot3_msgs/lib/python3.12/site-packages/turtlebot3_msgs/turtlebot3_msgs_s__rosidl_typesupport_fastrtps_c.so
[1.877s] -- Up-to-date: /ros_ws/install/turtlebot3_msgs/lib/python3.12/site-packages/turtlebot3_msgs/srv
[1.878s] -- Up-to-date: /ros_ws/install/turtlebot3_msgs/lib/python3.12/site-packages/turtlebot3_msgs/srv/_dqn.py
[1.878s] -- Up-to-date: /ros_ws/install/turtlebot3_msgs/lib/python3.12/site-packages/turtlebot3_msgs/srv/_sound.py
[1.878s] -- Up-to-date: /ros_ws/install/turtlebot3_msgs/lib/python3.12/site-packages/turtlebot3_msgs/srv/_sound_s.c
[1.878s] -- Up-to-date: /ros_ws/install/turtlebot3_msgs/lib/python3.12/site-packages/turtlebot3_msgs/srv/__init__.py
[1.878s] -- Up-to-date: /ros_ws/install/turtlebot3_msgs/lib/python3.12/site-packages/turtlebot3_msgs/srv/_goal_s.c
[1.879s] -- Up-to-date: /ros_ws/install/turtlebot3_msgs/lib/python3.12/site-packages/turtlebot3_msgs/srv/_goal.py
[1.879s] -- Up-to-date: /ros_ws/install/turtlebot3_msgs/lib/python3.12/site-packages/turtlebot3_msgs/srv/_dqn_s.c
[1.879s] -- Up-to-date: /ros_ws/install/turtlebot3_msgs/lib/python3.12/site-packages/turtlebot3_msgs/msg
[1.879s] -- Up-to-date: /ros_ws/install/turtlebot3_msgs/lib/python3.12/site-packages/turtlebot3_msgs/msg/_version_info.py
[1.879s] -- Up-to-date: /ros_ws/install/turtlebot3_msgs/lib/python3.12/site-packages/turtlebot3_msgs/msg/_sound.py
[1.880s] -- Up-to-date: /ros_ws/install/turtlebot3_msgs/lib/python3.12/site-packages/turtlebot3_msgs/msg/_sound_s.c
[1.880s] -- Up-to-date: /ros_ws/install/turtlebot3_msgs/lib/python3.12/site-packages/turtlebot3_msgs/msg/__init__.py
[1.880s] -- Up-to-date: /ros_ws/install/turtlebot3_msgs/lib/python3.12/site-packages/turtlebot3_msgs/msg/_version_info_s.c
[1.880s] -- Up-to-date: /ros_ws/install/turtlebot3_msgs/lib/python3.12/site-packages/turtlebot3_msgs/msg/_sensor_state_s.c
[1.880s] -- Up-to-date: /ros_ws/install/turtlebot3_msgs/lib/python3.12/site-packages/turtlebot3_msgs/msg/_sensor_state.py
[1.880s] -- Up-to-date: /ros_ws/install/turtlebot3_msgs/lib/python3.12/site-packages/turtlebot3_msgs/turtlebot3_msgs_s__rosidl_typesupport_c.so
[1.880s] -- Up-to-date: /ros_ws/install/turtlebot3_msgs/lib/python3.12/site-packages/turtlebot3_msgs/_turtlebot3_msgs_s.ep.rosidl_typesupport_fastrtps_c.c
[1.881s] -- Up-to-date: /ros_ws/install/turtlebot3_msgs/lib/python3.12/site-packages/turtlebot3_msgs/action
[1.881s] -- Up-to-date: /ros_ws/install/turtlebot3_msgs/lib/python3.12/site-packages/turtlebot3_msgs/action/__init__.py
[1.881s] -- Up-to-date: /ros_ws/install/turtlebot3_msgs/lib/python3.12/site-packages/turtlebot3_msgs/action/_patrol_s.c
[1.881s] -- Up-to-date: /ros_ws/install/turtlebot3_msgs/lib/python3.12/site-packages/turtlebot3_msgs/action/_patrol.py
[1.881s] -- Up-to-date: /ros_ws/install/turtlebot3_msgs/lib/python3.12/site-packages/turtlebot3_msgs/turtlebot3_msgs_s__rosidl_typesupport_introspection_c.so
[1.887s] Listing '/ros_ws/install/turtlebot3_msgs/lib/python3.12/site-packages/turtlebot3_msgs'...
[1.888s] Listing '/ros_ws/install/turtlebot3_msgs/lib/python3.12/site-packages/turtlebot3_msgs/action'...
[1.888s] Listing '/ros_ws/install/turtlebot3_msgs/lib/python3.12/site-packages/turtlebot3_msgs/msg'...
[1.888s] Listing '/ros_ws/install/turtlebot3_msgs/lib/python3.12/site-packages/turtlebot3_msgs/srv'...
[1.888s] -- Up-to-date: /ros_ws/install/turtlebot3_msgs/lib/python3.12/site-packages/turtlebot3_msgs/turtlebot3_msgs_s__rosidl_typesupport_fastrtps_c.so
[1.888s] -- Up-to-date: /ros_ws/install/turtlebot3_msgs/lib/python3.12/site-packages/turtlebot3_msgs/turtlebot3_msgs_s__rosidl_typesupport_introspection_c.so
[1.889s] -- Up-to-date: /ros_ws/install/turtlebot3_msgs/lib/python3.12/site-packages/turtlebot3_msgs/turtlebot3_msgs_s__rosidl_typesupport_c.so
[1.889s] -- Up-to-date: /ros_ws/install/turtlebot3_msgs/lib/libturtlebot3_msgs__rosidl_generator_py.so
[1.890s] -- Up-to-date: /ros_ws/install/turtlebot3_msgs/share/ament_index/resource_index/rust_packages/turtlebot3_msgs
[1.890s] -- Up-to-date: /ros_ws/install/turtlebot3_msgs/share/turtlebot3_msgs/rust
[1.890s] -- Up-to-date: /ros_ws/install/turtlebot3_msgs/share/turtlebot3_msgs/rust/build.rs
[1.890s] -- Up-to-date: /ros_ws/install/turtlebot3_msgs/share/turtlebot3_msgs/rust/src
[1.890s] -- Up-to-date: /ros_ws/install/turtlebot3_msgs/share/turtlebot3_msgs/rust/src/srv
[1.890s] -- Up-to-date: /ros_ws/install/turtlebot3_msgs/share/turtlebot3_msgs/rust/src/srv/rmw.rs
[1.890s] -- Up-to-date: /ros_ws/install/turtlebot3_msgs/share/turtlebot3_msgs/rust/src/lib.rs
[1.891s] -- Up-to-date: /ros_ws/install/turtlebot3_msgs/share/turtlebot3_msgs/rust/src/msg
[1.891s] -- Up-to-date: /ros_ws/install/turtlebot3_msgs/share/turtlebot3_msgs/rust/src/msg/rmw.rs
[1.891s] -- Up-to-date: /ros_ws/install/turtlebot3_msgs/share/turtlebot3_msgs/rust/src/srv.rs
[1.891s] -- Up-to-date: /ros_ws/install/turtlebot3_msgs/share/turtlebot3_msgs/rust/src/action
[1.891s] -- Up-to-date: /ros_ws/install/turtlebot3_msgs/share/turtlebot3_msgs/rust/src/action/rmw.rs
[1.892s] -- Up-to-date: /ros_ws/install/turtlebot3_msgs/share/turtlebot3_msgs/rust/src/msg.rs
[1.893s] -- Up-to-date: /ros_ws/install/turtlebot3_msgs/share/turtlebot3_msgs/rust/src/action.rs
[1.893s] -- Up-to-date: /ros_ws/install/turtlebot3_msgs/share/turtlebot3_msgs/rust/Cargo.toml
[1.893s] -- Up-to-date: /ros_ws/install/turtlebot3_msgs/share/turtlebot3_msgs/msg/SensorState.idl
[1.893s] -- Up-to-date: /ros_ws/install/turtlebot3_msgs/share/turtlebot3_msgs/msg/Sound.idl
[1.893s] -- Up-to-date: /ros_ws/install/turtlebot3_msgs/share/turtlebot3_msgs/msg/VersionInfo.idl
[1.893s] -- Up-to-date: /ros_ws/install/turtlebot3_msgs/share/turtlebot3_msgs/srv/Sound.idl
[1.894s] -- Up-to-date: /ros_ws/install/turtlebot3_msgs/share/turtlebot3_msgs/srv/Dqn.idl
[1.894s] -- Up-to-date: /ros_ws/install/turtlebot3_msgs/share/turtlebot3_msgs/srv/Goal.idl
[1.895s] -- Up-to-date: /ros_ws/install/turtlebot3_msgs/share/turtlebot3_msgs/action/Patrol.idl
[1.895s] -- Up-to-date: /ros_ws/install/turtlebot3_msgs/share/turtlebot3_msgs/msg/SensorState.msg
[1.895s] -- Up-to-date: /ros_ws/install/turtlebot3_msgs/share/turtlebot3_msgs/msg/Sound.msg
[1.895s] -- Up-to-date: /ros_ws/install/turtlebot3_msgs/share/turtlebot3_msgs/msg/VersionInfo.msg
[1.895s] -- Up-to-date: /ros_ws/install/turtlebot3_msgs/share/turtlebot3_msgs/srv/Sound.srv
[1.895s] -- Up-to-date: /ros_ws/install/turtlebot3_msgs/share/turtlebot3_msgs/srv/Dqn.srv
[1.895s] -- Up-to-date: /ros_ws/install/turtlebot3_msgs/share/turtlebot3_msgs/srv/Goal.srv
[1.896s] -- Up-to-date: /ros_ws/install/turtlebot3_msgs/share/turtlebot3_msgs/action/Patrol.action
[1.896s] -- Up-to-date: /ros_ws/install/turtlebot3_msgs/share/ament_index/resource_index/package_run_dependencies/turtlebot3_msgs
[1.896s] -- Up-to-date: /ros_ws/install/turtlebot3_msgs/share/ament_index/resource_index/parent_prefix_path/turtlebot3_msgs
[1.896s] -- Up-to-date: /ros_ws/install/turtlebot3_msgs/share/turtlebot3_msgs/environment/ament_prefix_path.sh
[1.896s] -- Up-to-date: /ros_ws/install/turtlebot3_msgs/share/turtlebot3_msgs/environment/ament_prefix_path.dsv
[1.896s] -- Up-to-date: /ros_ws/install/turtlebot3_msgs/share/turtlebot3_msgs/environment/path.sh
[1.896s] -- Up-to-date: /ros_ws/install/turtlebot3_msgs/share/turtlebot3_msgs/environment/path.dsv
[1.897s] -- Up-to-date: /ros_ws/install/turtlebot3_msgs/share/turtlebot3_msgs/local_setup.bash
[1.897s] -- Up-to-date: /ros_ws/install/turtlebot3_msgs/share/turtlebot3_msgs/local_setup.sh
[1.897s] -- Up-to-date: /ros_ws/install/turtlebot3_msgs/share/turtlebot3_msgs/local_setup.zsh
[1.897s] -- Up-to-date: /ros_ws/install/turtlebot3_msgs/share/turtlebot3_msgs/local_setup.dsv
[1.897s] -- Installing: /ros_ws/install/turtlebot3_msgs/share/turtlebot3_msgs/package.dsv
[1.897s] -- Up-to-date: /ros_ws/install/turtlebot3_msgs/share/ament_index/resource_index/packages/turtlebot3_msgs
[1.897s] -- Up-to-date: /ros_ws/install/turtlebot3_msgs/share/turtlebot3_msgs/cmake/export_turtlebot3_msgs__rosidl_generator_cExport.cmake
[1.898s] -- Up-to-date: /ros_ws/install/turtlebot3_msgs/share/turtlebot3_msgs/cmake/export_turtlebot3_msgs__rosidl_generator_cExport-noconfig.cmake
[1.898s] -- Up-to-date: /ros_ws/install/turtlebot3_msgs/share/turtlebot3_msgs/cmake/export_turtlebot3_msgs__rosidl_typesupport_fastrtps_cExport.cmake
[1.898s] -- Up-to-date: /ros_ws/install/turtlebot3_msgs/share/turtlebot3_msgs/cmake/export_turtlebot3_msgs__rosidl_typesupport_fastrtps_cExport-noconfig.cmake
[1.898s] -- Up-to-date: /ros_ws/install/turtlebot3_msgs/share/turtlebot3_msgs/cmake/export_turtlebot3_msgs__rosidl_generator_cppExport.cmake
[1.898s] -- Up-to-date: /ros_ws/install/turtlebot3_msgs/share/turtlebot3_msgs/cmake/export_turtlebot3_msgs__rosidl_typesupport_fastrtps_cppExport.cmake
[1.898s] -- Up-to-date: /ros_ws/install/turtlebot3_msgs/share/turtlebot3_msgs/cmake/export_turtlebot3_msgs__rosidl_typesupport_fastrtps_cppExport-noconfig.cmake
[1.898s] -- Up-to-date: /ros_ws/install/turtlebot3_msgs/share/turtlebot3_msgs/cmake/turtlebot3_msgs__rosidl_typesupport_introspection_cExport.cmake
[1.899s] -- Up-to-date: /ros_ws/install/turtlebot3_msgs/share/turtlebot3_msgs/cmake/turtlebot3_msgs__rosidl_typesupport_introspection_cExport-noconfig.cmake
[1.899s] -- Up-to-date: /ros_ws/install/turtlebot3_msgs/share/turtlebot3_msgs/cmake/turtlebot3_msgs__rosidl_typesupport_cExport.cmake
[1.899s] -- Up-to-date: /ros_ws/install/turtlebot3_msgs/share/turtlebot3_msgs/cmake/turtlebot3_msgs__rosidl_typesupport_cExport-noconfig.cmake
[1.900s] -- Up-to-date: /ros_ws/install/turtlebot3_msgs/share/turtlebot3_msgs/cmake/turtlebot3_msgs__rosidl_typesupport_introspection_cppExport.cmake
[1.900s] -- Up-to-date: /ros_ws/install/turtlebot3_msgs/share/turtlebot3_msgs/cmake/turtlebot3_msgs__rosidl_typesupport_introspection_cppExport-noconfig.cmake
[1.900s] -- Up-to-date: /ros_ws/install/turtlebot3_msgs/share/turtlebot3_msgs/cmake/turtlebot3_msgs__rosidl_typesupport_cppExport.cmake
[1.900s] -- Up-to-date: /ros_ws/install/turtlebot3_msgs/share/turtlebot3_msgs/cmake/turtlebot3_msgs__rosidl_typesupport_cppExport-noconfig.cmake
[1.900s] -- Up-to-date: /ros_ws/install/turtlebot3_msgs/share/turtlebot3_msgs/cmake/export_turtlebot3_msgs__rosidl_generator_pyExport.cmake
[1.900s] -- Up-to-date: /ros_ws/install/turtlebot3_msgs/share/turtlebot3_msgs/cmake/export_turtlebot3_msgs__rosidl_generator_pyExport-noconfig.cmake
[1.900s] -- Up-to-date: /ros_ws/install/turtlebot3_msgs/share/turtlebot3_msgs/cmake/rosidl_cmake-extras.cmake
[1.901s] -- Up-to-date: /ros_ws/install/turtlebot3_msgs/share/turtlebot3_msgs/cmake/ament_cmake_export_dependencies-extras.cmake
[1.901s] -- Up-to-date: /ros_ws/install/turtlebot3_msgs/share/turtlebot3_msgs/cmake/ament_cmake_export_include_directories-extras.cmake
[1.901s] -- Up-to-date: /ros_ws/install/turtlebot3_msgs/share/turtlebot3_msgs/cmake/ament_cmake_export_libraries-extras.cmake
[1.901s] -- Up-to-date: /ros_ws/install/turtlebot3_msgs/share/turtlebot3_msgs/cmake/ament_cmake_export_targets-extras.cmake
[1.901s] -- Up-to-date: /ros_ws/install/turtlebot3_msgs/share/turtlebot3_msgs/cmake/rosidl_cmake_export_typesupport_targets-extras.cmake
[1.901s] -- Up-to-date: /ros_ws/install/turtlebot3_msgs/share/turtlebot3_msgs/cmake/rosidl_cmake_export_typesupport_libraries-extras.cmake
[1.901s] -- Up-to-date: /ros_ws/install/turtlebot3_msgs/share/turtlebot3_msgs/cmake/rosidl_cmake_aggregate_target-extras.cmake
[1.902s] -- Up-to-date: /ros_ws/install/turtlebot3_msgs/share/turtlebot3_msgs/cmake/turtlebot3_msgsConfig.cmake
[1.902s] -- Up-to-date: /ros_ws/install/turtlebot3_msgs/share/turtlebot3_msgs/cmake/turtlebot3_msgsConfig-version.cmake
[1.902s] -- Up-to-date: /ros_ws/install/turtlebot3_msgs/share/turtlebot3_msgs/package.xml
[2.010s] Invoked command in '/ros_ws/build/turtlebot3_msgs' returned '0': CMAKE_PREFIX_PATH=${CMAKE_PREFIX_PATH}:/ros_ws/install/turtlebot_logic:/ros_ws/install/turtlebot3_teleop:/ros_ws/install/turtlebot3_example:/opt/ros/jazzy /usr/bin/cmake --install /ros_ws/build/turtlebot3_msgs
