[0.091s] Invoking command in '/ros_ws/build/dynamixel_sdk_custom_interfaces': CMAKE_PREFIX_PATH=${CMAKE_PREFIX_PATH}:/ros_ws/install/turtlebot_logic:/ros_ws/install/turtlebot3_teleop:/ros_ws/install/turtlebot3_example:/opt/ros/jazzy /usr/bin/cmake --build /ros_ws/build/dynamixel_sdk_custom_interfaces -- -j12 -l12
[0.774s] [  2%] Built target dynamixel_sdk_custom_interfaces__rs
[0.774s] [  4%] Built target dynamixel_sdk_custom_interfaces__rosidl_generator_type_description
[0.774s] [  4%] Built target ament_cmake_python_copy_dynamixel_sdk_custom_interfaces
[0.774s] [  6%] Built target dynamixel_sdk_custom_interfaces__cpp
[0.774s] [ 24%] Built target dynamixel_sdk_custom_interfaces__rosidl_generator_c
[0.774s] [ 33%] Built target dynamixel_sdk_custom_interfaces__rosidl_typesupport_fastrtps_c
[0.774s] [ 42%] Built target dynamixel_sdk_custom_interfaces__rosidl_typesupport_introspection_cpp
[0.775s] [ 51%] Built target dynamixel_sdk_custom_interfaces__rosidl_typesupport_c
[0.775s] [ 60%] Built target dynamixel_sdk_custom_interfaces__rosidl_typesupport_introspection_c
[0.775s] [ 68%] Built target dynamixel_sdk_custom_interfaces__rosidl_typesupport_fastrtps_cpp
[0.775s] [ 77%] Built target dynamixel_sdk_custom_interfaces__rosidl_typesupport_cpp
[0.775s] [ 77%] Built target dynamixel_sdk_custom_interfaces
[0.775s] [ 80%] Built target dynamixel_sdk_custom_interfaces__py
[0.775s] [ 86%] Built target dynamixel_sdk_custom_interfaces__rosidl_generator_py
[0.775s] [ 91%] Built target dynamixel_sdk_custom_interfaces_s__rosidl_typesupport_introspection_c
[0.775s] [ 97%] Built target dynamixel_sdk_custom_interfaces_s__rosidl_typesupport_fastrtps_c
[0.776s] [100%] Built target dynamixel_sdk_custom_interfaces_s__rosidl_typesupport_c
[0.776s] running egg_info
[0.776s] writing dynamixel_sdk_custom_interfaces.egg-info/PKG-INFO
[0.776s] writing dependency_links to dynamixel_sdk_custom_interfaces.egg-info/dependency_links.txt
[0.776s] writing top-level names to dynamixel_sdk_custom_interfaces.egg-info/top_level.txt
[0.776s] reading manifest file 'dynamixel_sdk_custom_interfaces.egg-info/SOURCES.txt'
[0.776s] writing manifest file 'dynamixel_sdk_custom_interfaces.egg-info/SOURCES.txt'
[0.776s] [100%] Built target ament_cmake_python_build_dynamixel_sdk_custom_interfaces_egg
