[0.042s] Invoking command in '/ros_ws/build/explore_lite': AMENT_PREFIX_PATH=/ros_ws/install/explore_lite_msgs:${AMENT_PREFIX_PATH} CMAKE_PREFIX_PATH=/ros_ws/install/explore_lite_msgs:/ros_ws/install/turtlebot_maze:/ros_ws/install/turtlebot3:/ros_ws/install/turtlebot3_simulations:/ros_ws/install/turtlebot3_bringup:/ros_ws/install/turtlebot3_node:/ros_ws/install/turtlebot3_navigation2:/ros_ws/install/turtlebot3_fake_node:/ros_ws/install/turtlebot3_msgs:/ros_ws/install/turtlebot3_gazebo:/ros_ws/install/turtlebot3_description:/ros_ws/install/turtlebot3_cartographer:/ros_ws/install/dynamixel_sdk_examples:/ros_ws/install/dynamixel_sdk_custom_interfaces:/ros_ws/install/dynamixel_sdk:/opt/ros/jazzy/opt/gz_sim_vendor:/opt/ros/jazzy/opt/gz_sensors_vendor:/opt/ros/jazzy/opt/gz_physics_vendor:/opt/ros/jazzy/opt/sdformat_vendor:/opt/ros/jazzy/opt/gz_gui_vendor:/opt/ros/jazzy/opt/gz_transport_vendor:/opt/ros/jazzy/opt/gz_rendering_vendor:/opt/ros/jazzy/opt/gz_plugin_vendor:/opt/ros/jazzy/opt/gz_fuel_tools_vendor:/opt/ros/jazzy/opt/gz_msgs_vendor:/opt/ros/jazzy/opt/gz_common_vendor:/opt/ros/jazzy/opt/gz_math_vendor:/opt/ros/jazzy/opt/gz_utils_vendor:/opt/ros/jazzy/opt/gz_tools_vendor:/opt/ros/jazzy/opt/gz_ogre_next_vendor:/opt/ros/jazzy/opt/gz_dartsim_vendor:/opt/ros/jazzy/opt/gz_cmake_vendor:/ros_ws/install/turtlebot_logic:/ros_ws/install/turtlebot3_teleop:/ros_ws/install/turtlebot3_example:/opt/ros/jazzy LD_LIBRARY_PATH=/ros_ws/install/explore_lite_msgs/lib:${LD_LIBRARY_PATH} PYTHONPATH=/ros_ws/install/explore_lite_msgs/lib/python3.12/site-packages:${PYTHONPATH} /usr/bin/cmake /ros_ws/src/m-explore-ros2/explore -DCMAKE_INSTALL_PREFIX=/ros_ws/install/explore_lite
[0.226s] -- The C compiler identification is GNU 13.3.0
[0.479s] -- The CXX compiler identification is GNU 13.3.0
[0.589s] -- Detecting C compiler ABI info
[1.111s] -- Detecting C compiler ABI info - done
[1.151s] -- Check for working C compiler: /usr/bin/cc - skipped
[1.151s] -- Detecting C compile features
[1.152s] -- Detecting C compile features - done
[1.189s] -- Detecting CXX compiler ABI info
[1.618s] -- Detecting CXX compiler ABI info - done
[1.663s] -- Check for working CXX compiler: /usr/bin/c++ - skipped
[1.664s] -- Detecting CXX compile features
[1.670s] -- Detecting CXX compile features - done
[1.673s] -- BuilD for ROS2: jazzy
[1.696s] -- Found ament_cmake: 2.5.6 (/opt/ros/jazzy/share/ament_cmake/cmake)
[2.311s] -- Found Python3: /usr/bin/python3 (found version "3.12.3") found components: Interpreter 
[2.911s] -- Found rclcpp: 28.1.21 (/opt/ros/jazzy/share/rclcpp/cmake)
[3.180s] -- Found rosidl_generator_c: 4.6.9 (/opt/ros/jazzy/share/rosidl_generator_c/cmake)
[3.258s] -- Found rosidl_generator_cpp: 4.6.9 (/opt/ros/jazzy/share/rosidl_generator_cpp/cmake)
[3.363s] -- Using all available rosidl_typesupport_c: rosidl_typesupport_fastrtps_c;rosidl_typesupport_introspection_c
[3.444s] -- Using all available rosidl_typesupport_cpp: rosidl_typesupport_fastrtps_cpp;rosidl_typesupport_introspection_cpp
[3.754s] -- Found rmw_implementation_cmake: 7.3.3 (/opt/ros/jazzy/share/rmw_implementation_cmake/cmake)
[3.770s] -- Found rmw_fastrtps_cpp: 8.4.4 (/opt/ros/jazzy/share/rmw_fastrtps_cpp/cmake)
[4.075s] -- Found OpenSSL: /usr/lib/x86_64-linux-gnu/libcrypto.so (found version "3.0.13")  
[4.130s] -- Found FastRTPS: /opt/ros/jazzy/include (Required is at least version "2.13") 
[4.188s] -- Using RMW implementation 'rmw_fastrtps_cpp' as default
[4.535s] -- Found std_msgs: 5.3.8 (/opt/ros/jazzy/share/std_msgs/cmake)
[4.598s] -- Found sensor_msgs: 5.3.8 (/opt/ros/jazzy/share/sensor_msgs/cmake)
[4.735s] -- Found tf2_ros: 0.36.21 (/opt/ros/jazzy/share/tf2_ros/cmake)
[5.166s] -- Found tf2_geometry_msgs: 0.36.21 (/opt/ros/jazzy/share/tf2_geometry_msgs/cmake)
[5.291s] -- Found eigen3_cmake_module: 0.3.1 (/opt/ros/jazzy/share/eigen3_cmake_module/cmake)
[5.296s] -- Found Eigen3: TRUE (found version "3.4.0") 
[5.300s] -- Ensuring Eigen3 include directory is part of orocos-kdl CMake target
[5.327s] -- Found nav2_msgs: 1.3.12 (/opt/ros/jazzy/share/nav2_msgs/cmake)
[5.833s] -- Found map_msgs: 2.4.1 (/opt/ros/jazzy/share/map_msgs/cmake)
[5.955s] -- Found visualization_msgs: 5.3.8 (/opt/ros/jazzy/share/visualization_msgs/cmake)
[6.109s] -- Found nav2_costmap_2d: 1.3.12 (/opt/ros/jazzy/share/nav2_costmap_2d/cmake)
[7.000s] -- Found explore_lite_msgs: 1.0.0 (/ros_ws/install/explore_lite_msgs/share/explore_lite_msgs/cmake)
[7.053s] -- Found ament_lint_auto: 0.17.5 (/opt/ros/jazzy/share/ament_lint_auto/cmake)
[7.453s] -- Found ament_cmake_gtest: 2.5.6 (/opt/ros/jazzy/share/ament_cmake_gtest/cmake)
[7.471s] -- Found gtest sources under '/opt/ros/jazzy/src/gtest_vendor': C++ tests using 'Google Test' will be built
[7.490s] -- Performing Test CMAKE_HAVE_LIBC_PTHREAD
[7.741s] -- Performing Test CMAKE_HAVE_LIBC_PTHREAD - Success
[7.744s] -- Found Threads: TRUE  
[7.761s] -- Added test 'cppcheck' to perform static code analysis on C / C++ code
[7.762s] -- Configured cppcheck include dirs: /ros_ws/src/m-explore-ros2/explore/include;$<BUILD_INTERFACE:/ros_ws/src/m-explore-ros2/explore/include>
[7.762s] -- Configured cppcheck exclude dirs and/or files: 
[7.766s] -- Added test 'flake8' to check Python code syntax and style conventions
[7.767s] -- Configured 'flake8' exclude dirs and/or files: 
[7.772s] -- Added test 'lint_cmake' to check CMake code style
[7.776s] -- Added test 'pep257' to check Python code against some of the docstring style conventions in PEP 257
[7.780s] -- Added test 'uncrustify' to check C / C++ code style
[7.780s] -- Configured uncrustify additional arguments: 
[7.782s] -- Added test 'xmllint' to check XML markup files
[7.788s] -- Configuring done (7.7s)
[7.863s] -- Generating done (0.0s)
[7.882s] -- Build files have been written to: /ros_ws/build/explore_lite
[7.913s] Invoked command in '/ros_ws/build/explore_lite' returned '0': AMENT_PREFIX_PATH=/ros_ws/install/explore_lite_msgs:${AMENT_PREFIX_PATH} CMAKE_PREFIX_PATH=/ros_ws/install/explore_lite_msgs:/ros_ws/install/turtlebot_maze:/ros_ws/install/turtlebot3:/ros_ws/install/turtlebot3_simulations:/ros_ws/install/turtlebot3_bringup:/ros_ws/install/turtlebot3_node:/ros_ws/install/turtlebot3_navigation2:/ros_ws/install/turtlebot3_fake_node:/ros_ws/install/turtlebot3_msgs:/ros_ws/install/turtlebot3_gazebo:/ros_ws/install/turtlebot3_description:/ros_ws/install/turtlebot3_cartographer:/ros_ws/install/dynamixel_sdk_examples:/ros_ws/install/dynamixel_sdk_custom_interfaces:/ros_ws/install/dynamixel_sdk:/opt/ros/jazzy/opt/gz_sim_vendor:/opt/ros/jazzy/opt/gz_sensors_vendor:/opt/ros/jazzy/opt/gz_physics_vendor:/opt/ros/jazzy/opt/sdformat_vendor:/opt/ros/jazzy/opt/gz_gui_vendor:/opt/ros/jazzy/opt/gz_transport_vendor:/opt/ros/jazzy/opt/gz_rendering_vendor:/opt/ros/jazzy/opt/gz_plugin_vendor:/opt/ros/jazzy/opt/gz_fuel_tools_vendor:/opt/ros/jazzy/opt/gz_msgs_vendor:/opt/ros/jazzy/opt/gz_common_vendor:/opt/ros/jazzy/opt/gz_math_vendor:/opt/ros/jazzy/opt/gz_utils_vendor:/opt/ros/jazzy/opt/gz_tools_vendor:/opt/ros/jazzy/opt/gz_ogre_next_vendor:/opt/ros/jazzy/opt/gz_dartsim_vendor:/opt/ros/jazzy/opt/gz_cmake_vendor:/ros_ws/install/turtlebot_logic:/ros_ws/install/turtlebot3_teleop:/ros_ws/install/turtlebot3_example:/opt/ros/jazzy LD_LIBRARY_PATH=/ros_ws/install/explore_lite_msgs/lib:${LD_LIBRARY_PATH} PYTHONPATH=/ros_ws/install/explore_lite_msgs/lib/python3.12/site-packages:${PYTHONPATH} /usr/bin/cmake /ros_ws/src/m-explore-ros2/explore -DCMAKE_INSTALL_PREFIX=/ros_ws/install/explore_lite
[7.917s] Invoking command in '/ros_ws/build/explore_lite': AMENT_PREFIX_PATH=/ros_ws/install/explore_lite_msgs:${AMENT_PREFIX_PATH} CMAKE_PREFIX_PATH=/ros_ws/install/explore_lite_msgs:/ros_ws/install/turtlebot_maze:/ros_ws/install/turtlebot3:/ros_ws/install/turtlebot3_simulations:/ros_ws/install/turtlebot3_bringup:/ros_ws/install/turtlebot3_node:/ros_ws/install/turtlebot3_navigation2:/ros_ws/install/turtlebot3_fake_node:/ros_ws/install/turtlebot3_msgs:/ros_ws/install/turtlebot3_gazebo:/ros_ws/install/turtlebot3_description:/ros_ws/install/turtlebot3_cartographer:/ros_ws/install/dynamixel_sdk_examples:/ros_ws/install/dynamixel_sdk_custom_interfaces:/ros_ws/install/dynamixel_sdk:/opt/ros/jazzy/opt/gz_sim_vendor:/opt/ros/jazzy/opt/gz_sensors_vendor:/opt/ros/jazzy/opt/gz_physics_vendor:/opt/ros/jazzy/opt/sdformat_vendor:/opt/ros/jazzy/opt/gz_gui_vendor:/opt/ros/jazzy/opt/gz_transport_vendor:/opt/ros/jazzy/opt/gz_rendering_vendor:/opt/ros/jazzy/opt/gz_plugin_vendor:/opt/ros/jazzy/opt/gz_fuel_tools_vendor:/opt/ros/jazzy/opt/gz_msgs_vendor:/opt/ros/jazzy/opt/gz_common_vendor:/opt/ros/jazzy/opt/gz_math_vendor:/opt/ros/jazzy/opt/gz_utils_vendor:/opt/ros/jazzy/opt/gz_tools_vendor:/opt/ros/jazzy/opt/gz_ogre_next_vendor:/opt/ros/jazzy/opt/gz_dartsim_vendor:/opt/ros/jazzy/opt/gz_cmake_vendor:/ros_ws/install/turtlebot_logic:/ros_ws/install/turtlebot3_teleop:/ros_ws/install/turtlebot3_example:/opt/ros/jazzy LD_LIBRARY_PATH=/ros_ws/install/explore_lite_msgs/lib:${LD_LIBRARY_PATH} PYTHONPATH=/ros_ws/install/explore_lite_msgs/lib/python3.12/site-packages:${PYTHONPATH} /usr/bin/cmake --build /ros_ws/build/explore_lite -- -j12 -l12
[8.063s] [ 10%] [32mBuilding CXX object gtest/CMakeFiles/gtest_main.dir/src/gtest_main.cc.o[0m
[8.069s] [ 20%] [32mBuilding CXX object CMakeFiles/explore.dir/src/frontier_search.cpp.o[0m
[8.070s] [ 30%] [32mBuilding CXX object gtest/CMakeFiles/gtest.dir/src/gtest-all.cc.o[0m
[8.074s] [ 40%] [32mBuilding CXX object CMakeFiles/explore.dir/src/costmap_client.cpp.o[0m
[8.082s] [ 50%] [32mBuilding CXX object CMakeFiles/explore.dir/src/explore.cpp.o[0m
[10.030s] [ 60%] [32m[1mLinking CXX static library libgtest_main.a[0m
[10.128s] [ 60%] Built target gtest_main
[17.261s] [ 70%] [32m[1mLinking CXX static library libgtest.a[0m
[17.411s] [ 70%] Built target gtest
[17.475s] [ 80%] [32mBuilding CXX object CMakeFiles/test_explore.dir/test/test_explore.cpp.o[0m
[20.377s] [ 90%] [32m[1mLinking CXX executable test_explore[0m
[20.657s] [ 90%] Built target test_explore
[34.092s] [100%] [32m[1mLinking CXX executable explore[0m
[35.444s] [100%] Built target explore
[35.459s] Invoked command in '/ros_ws/build/explore_lite' returned '0': AMENT_PREFIX_PATH=/ros_ws/install/explore_lite_msgs:${AMENT_PREFIX_PATH} CMAKE_PREFIX_PATH=/ros_ws/install/explore_lite_msgs:/ros_ws/install/turtlebot_maze:/ros_ws/install/turtlebot3:/ros_ws/install/turtlebot3_simulations:/ros_ws/install/turtlebot3_bringup:/ros_ws/install/turtlebot3_node:/ros_ws/install/turtlebot3_navigation2:/ros_ws/install/turtlebot3_fake_node:/ros_ws/install/turtlebot3_msgs:/ros_ws/install/turtlebot3_gazebo:/ros_ws/install/turtlebot3_description:/ros_ws/install/turtlebot3_cartographer:/ros_ws/install/dynamixel_sdk_examples:/ros_ws/install/dynamixel_sdk_custom_interfaces:/ros_ws/install/dynamixel_sdk:/opt/ros/jazzy/opt/gz_sim_vendor:/opt/ros/jazzy/opt/gz_sensors_vendor:/opt/ros/jazzy/opt/gz_physics_vendor:/opt/ros/jazzy/opt/sdformat_vendor:/opt/ros/jazzy/opt/gz_gui_vendor:/opt/ros/jazzy/opt/gz_transport_vendor:/opt/ros/jazzy/opt/gz_rendering_vendor:/opt/ros/jazzy/opt/gz_plugin_vendor:/opt/ros/jazzy/opt/gz_fuel_tools_vendor:/opt/ros/jazzy/opt/gz_msgs_vendor:/opt/ros/jazzy/opt/gz_common_vendor:/opt/ros/jazzy/opt/gz_math_vendor:/opt/ros/jazzy/opt/gz_utils_vendor:/opt/ros/jazzy/opt/gz_tools_vendor:/opt/ros/jazzy/opt/gz_ogre_next_vendor:/opt/ros/jazzy/opt/gz_dartsim_vendor:/opt/ros/jazzy/opt/gz_cmake_vendor:/ros_ws/install/turtlebot_logic:/ros_ws/install/turtlebot3_teleop:/ros_ws/install/turtlebot3_example:/opt/ros/jazzy LD_LIBRARY_PATH=/ros_ws/install/explore_lite_msgs/lib:${LD_LIBRARY_PATH} PYTHONPATH=/ros_ws/install/explore_lite_msgs/lib/python3.12/site-packages:${PYTHONPATH} /usr/bin/cmake --build /ros_ws/build/explore_lite -- -j12 -l12
[35.461s] Invoking command in '/ros_ws/build/explore_lite': AMENT_PREFIX_PATH=/ros_ws/install/explore_lite_msgs:${AMENT_PREFIX_PATH} CMAKE_PREFIX_PATH=/ros_ws/install/explore_lite_msgs:/ros_ws/install/turtlebot_maze:/ros_ws/install/turtlebot3:/ros_ws/install/turtlebot3_simulations:/ros_ws/install/turtlebot3_bringup:/ros_ws/install/turtlebot3_node:/ros_ws/install/turtlebot3_navigation2:/ros_ws/install/turtlebot3_fake_node:/ros_ws/install/turtlebot3_msgs:/ros_ws/install/turtlebot3_gazebo:/ros_ws/install/turtlebot3_description:/ros_ws/install/turtlebot3_cartographer:/ros_ws/install/dynamixel_sdk_examples:/ros_ws/install/dynamixel_sdk_custom_interfaces:/ros_ws/install/dynamixel_sdk:/opt/ros/jazzy/opt/gz_sim_vendor:/opt/ros/jazzy/opt/gz_sensors_vendor:/opt/ros/jazzy/opt/gz_physics_vendor:/opt/ros/jazzy/opt/sdformat_vendor:/opt/ros/jazzy/opt/gz_gui_vendor:/opt/ros/jazzy/opt/gz_transport_vendor:/opt/ros/jazzy/opt/gz_rendering_vendor:/opt/ros/jazzy/opt/gz_plugin_vendor:/opt/ros/jazzy/opt/gz_fuel_tools_vendor:/opt/ros/jazzy/opt/gz_msgs_vendor:/opt/ros/jazzy/opt/gz_common_vendor:/opt/ros/jazzy/opt/gz_math_vendor:/opt/ros/jazzy/opt/gz_utils_vendor:/opt/ros/jazzy/opt/gz_tools_vendor:/opt/ros/jazzy/opt/gz_ogre_next_vendor:/opt/ros/jazzy/opt/gz_dartsim_vendor:/opt/ros/jazzy/opt/gz_cmake_vendor:/ros_ws/install/turtlebot_logic:/ros_ws/install/turtlebot3_teleop:/ros_ws/install/turtlebot3_example:/opt/ros/jazzy LD_LIBRARY_PATH=/ros_ws/install/explore_lite_msgs/lib:${LD_LIBRARY_PATH} PYTHONPATH=/ros_ws/install/explore_lite_msgs/lib/python3.12/site-packages:${PYTHONPATH} /usr/bin/cmake --install /ros_ws/build/explore_lite
[35.473s] -- Install configuration: ""
[35.474s] -- Installing: /ros_ws/install/explore_lite/include/explore/
[35.474s] -- Installing: /ros_ws/install/explore_lite/include/explore//explore.h
[35.474s] -- Installing: /ros_ws/install/explore_lite/include/explore//costmap_client.h
[35.474s] -- Installing: /ros_ws/install/explore_lite/include/explore//frontier_search.h
[35.475s] -- Installing: /ros_ws/install/explore_lite/include/explore//costmap_tools.h
[35.475s] -- Installing: /ros_ws/install/explore_lite/share/explore_lite/config
[35.475s] -- Installing: /ros_ws/install/explore_lite/share/explore_lite/config/params.yaml
[35.476s] -- Installing: /ros_ws/install/explore_lite/share/explore_lite/config/params_costmap.yaml
[35.477s] -- Installing: /ros_ws/install/explore_lite/share/explore_lite/launch
[35.477s] -- Installing: /ros_ws/install/explore_lite/share/explore_lite/launch/explore.launch.py
[35.478s] -- Installing: /ros_ws/install/explore_lite/lib/explore_lite/explore
[35.488s] -- Set non-toolchain portion of runtime path of "/ros_ws/install/explore_lite/lib/explore_lite/explore" to ""
[35.489s] -- Installing: /ros_ws/install/explore_lite/share/ament_index/resource_index/package_run_dependencies/explore_lite
[35.490s] -- Installing: /ros_ws/install/explore_lite/share/ament_index/resource_index/parent_prefix_path/explore_lite
[35.490s] -- Installing: /ros_ws/install/explore_lite/share/explore_lite/environment/ament_prefix_path.sh
[35.491s] -- Installing: /ros_ws/install/explore_lite/share/explore_lite/environment/ament_prefix_path.dsv
[35.491s] -- Installing: /ros_ws/install/explore_lite/share/explore_lite/environment/path.sh
[35.492s] -- Installing: /ros_ws/install/explore_lite/share/explore_lite/environment/path.dsv
[35.492s] -- Installing: /ros_ws/install/explore_lite/share/explore_lite/local_setup.bash
[35.492s] -- Installing: /ros_ws/install/explore_lite/share/explore_lite/local_setup.sh
[35.492s] -- Installing: /ros_ws/install/explore_lite/share/explore_lite/local_setup.zsh
[35.492s] -- Installing: /ros_ws/install/explore_lite/share/explore_lite/local_setup.dsv
[35.492s] -- Installing: /ros_ws/install/explore_lite/share/explore_lite/package.dsv
[35.493s] -- Installing: /ros_ws/install/explore_lite/share/ament_index/resource_index/packages/explore_lite
[35.493s] -- Installing: /ros_ws/install/explore_lite/share/explore_lite/cmake/ament_cmake_export_dependencies-extras.cmake
[35.493s] -- Installing: /ros_ws/install/explore_lite/share/explore_lite/cmake/ament_cmake_export_include_directories-extras.cmake
[35.493s] -- Installing: /ros_ws/install/explore_lite/share/explore_lite/cmake/explore_liteConfig.cmake
[35.493s] -- Installing: /ros_ws/install/explore_lite/share/explore_lite/cmake/explore_liteConfig-version.cmake
[35.494s] -- Installing: /ros_ws/install/explore_lite/share/explore_lite/package.xml
[35.496s] Invoked command in '/ros_ws/build/explore_lite' returned '0': AMENT_PREFIX_PATH=/ros_ws/install/explore_lite_msgs:${AMENT_PREFIX_PATH} CMAKE_PREFIX_PATH=/ros_ws/install/explore_lite_msgs:/ros_ws/install/turtlebot_maze:/ros_ws/install/turtlebot3:/ros_ws/install/turtlebot3_simulations:/ros_ws/install/turtlebot3_bringup:/ros_ws/install/turtlebot3_node:/ros_ws/install/turtlebot3_navigation2:/ros_ws/install/turtlebot3_fake_node:/ros_ws/install/turtlebot3_msgs:/ros_ws/install/turtlebot3_gazebo:/ros_ws/install/turtlebot3_description:/ros_ws/install/turtlebot3_cartographer:/ros_ws/install/dynamixel_sdk_examples:/ros_ws/install/dynamixel_sdk_custom_interfaces:/ros_ws/install/dynamixel_sdk:/opt/ros/jazzy/opt/gz_sim_vendor:/opt/ros/jazzy/opt/gz_sensors_vendor:/opt/ros/jazzy/opt/gz_physics_vendor:/opt/ros/jazzy/opt/sdformat_vendor:/opt/ros/jazzy/opt/gz_gui_vendor:/opt/ros/jazzy/opt/gz_transport_vendor:/opt/ros/jazzy/opt/gz_rendering_vendor:/opt/ros/jazzy/opt/gz_plugin_vendor:/opt/ros/jazzy/opt/gz_fuel_tools_vendor:/opt/ros/jazzy/opt/gz_msgs_vendor:/opt/ros/jazzy/opt/gz_common_vendor:/opt/ros/jazzy/opt/gz_math_vendor:/opt/ros/jazzy/opt/gz_utils_vendor:/opt/ros/jazzy/opt/gz_tools_vendor:/opt/ros/jazzy/opt/gz_ogre_next_vendor:/opt/ros/jazzy/opt/gz_dartsim_vendor:/opt/ros/jazzy/opt/gz_cmake_vendor:/ros_ws/install/turtlebot_logic:/ros_ws/install/turtlebot3_teleop:/ros_ws/install/turtlebot3_example:/opt/ros/jazzy LD_LIBRARY_PATH=/ros_ws/install/explore_lite_msgs/lib:${LD_LIBRARY_PATH} PYTHONPATH=/ros_ws/install/explore_lite_msgs/lib/python3.12/site-packages:${PYTHONPATH} /usr/bin/cmake --install /ros_ws/build/explore_lite
