[0.083s] Invoking command in '/ros_ws/build/turtlebot3_msgs': CMAKE_PREFIX_PATH=${CMAKE_PREFIX_PATH}:/ros_ws/install/turtlebot_logic:/ros_ws/install/turtlebot3_teleop:/ros_ws/install/turtlebot3_example:/opt/ros/jazzy /usr/bin/cmake --build /ros_ws/build/turtlebot3_msgs -- -j12 -l12
[0.785s] [  1%] Built target turtlebot3_msgs__rosidl_generator_type_description
[0.786s] [  2%] Built target turtlebot3_msgs__rs
[0.786s] [  2%] Built target ament_cmake_python_copy_turtlebot3_msgs
[0.786s] [  3%] Built target turtlebot3_msgs__cpp
[0.788s] [ 27%] Built target turtlebot3_msgs__rosidl_generator_c
[0.788s] [ 36%] Built target turtlebot3_msgs__rosidl_typesupport_introspection_c
[0.788s] [ 46%] Built target turtlebot3_msgs__rosidl_typesupport_fastrtps_cpp
[0.789s] [ 65%] Built target turtlebot3_msgs__rosidl_typesupport_c
[0.789s] [ 65%] Built target turtlebot3_msgs__rosidl_typesupport_fastrtps_c
[0.789s] [ 74%] Built target turtlebot3_msgs__rosidl_typesupport_introspection_cpp
[0.789s] [ 84%] Built target turtlebot3_msgs__rosidl_typesupport_cpp
[0.789s] [ 84%] Built target turtlebot3_msgs
[0.789s] [ 85%] Built target turtlebot3_msgs__py
[0.789s] [ 93%] Built target turtlebot3_msgs__rosidl_generator_py
[0.789s] [ 95%] Built target turtlebot3_msgs_s__rosidl_typesupport_introspection_c
[0.790s] [ 97%] Built target turtlebot3_msgs_s__rosidl_typesupport_fastrtps_c
[0.790s] [100%] Built target turtlebot3_msgs_s__rosidl_typesupport_c
[0.790s] running egg_info
[0.790s] writing turtlebot3_msgs.egg-info/PKG-INFO
[0.790s] writing dependency_links to turtlebot3_msgs.egg-info/dependency_links.txt
[0.790s] writing top-level names to turtlebot3_msgs.egg-info/top_level.txt
[0.791s] reading manifest file 'turtlebot3_msgs.egg-info/SOURCES.txt'
[0.791s] writing manifest file 'turtlebot3_msgs.egg-info/SOURCES.txt'
[0.791s] [100%] Built target ament_cmake_python_build_turtlebot3_msgs_egg
