[0.494s] Invoking command in '/ros_ws/build/multirobot_map_merge': CMAKE_PREFIX_PATH=${CMAKE_PREFIX_PATH}:/ros_ws/install/turtlebot_logic:/ros_ws/install/turtlebot3_teleop:/ros_ws/install/turtlebot3_example:/opt/ros/jazzy /usr/bin/cmake --build /ros_ws/build/multirobot_map_merge -- -j12 -l12
[0.950s] [ 33%] Built target combine_grids
[0.951s] [ 50%] Built target gtest
[0.951s] [ 66%] Built target map_merge
[0.952s] [ 83%] Built target gtest_main
[0.953s] [100%] Built target test_merging_pipeline
[0.992s] Invoked command in '/ros_ws/build/multirobot_map_merge' returned '0': CMAKE_PREFIX_PATH=${CMAKE_PREFIX_PATH}:/ros_ws/install/turtlebot_logic:/ros_ws/install/turtlebot3_teleop:/ros_ws/install/turtlebot3_example:/opt/ros/jazzy /usr/bin/cmake --build /ros_ws/build/multirobot_map_merge -- -j12 -l12
[0.995s] Invoking command in '/ros_ws/build/multirobot_map_merge': CMAKE_PREFIX_PATH=${CMAKE_PREFIX_PATH}:/ros_ws/install/turtlebot_logic:/ros_ws/install/turtlebot3_teleop:/ros_ws/install/turtlebot3_example:/opt/ros/jazzy /usr/bin/cmake --install /ros_ws/build/multirobot_map_merge
[1.133s] -- Install configuration: ""
[1.133s] -- Up-to-date: /ros_ws/install/multirobot_map_merge/include/map_merge/
[1.133s] -- Up-to-date: /ros_ws/install/multirobot_map_merge/include/map_merge//map_merge.h
[1.134s] -- Up-to-date: /ros_ws/install/multirobot_map_merge/include/map_merge//ros1_names.hpp
[1.134s] -- Up-to-date: /ros_ws/install/multirobot_map_merge/share/multirobot_map_merge/launch
[1.134s] -- Up-to-date: /ros_ws/install/multirobot_map_merge/share/multirobot_map_merge/launch/map_merge.launch.py
[1.135s] -- Up-to-date: /ros_ws/install/multirobot_map_merge/share/multirobot_map_merge/launch/map_merge.rviz
[1.136s] -- Up-to-date: /ros_ws/install/multirobot_map_merge/share/multirobot_map_merge/launch/tb3_simulation
[1.136s] -- Up-to-date: /ros_ws/install/multirobot_map_merge/share/multirobot_map_merge/launch/tb3_simulation/worlds
[1.137s] -- Up-to-date: /ros_ws/install/multirobot_map_merge/share/multirobot_map_merge/launch/tb3_simulation/worlds/world_only.model
[1.137s] -- Up-to-date: /ros_ws/install/multirobot_map_merge/share/multirobot_map_merge/launch/tb3_simulation/slam_toolbox.py
[1.138s] -- Up-to-date: /ros_ws/install/multirobot_map_merge/share/multirobot_map_merge/launch/tb3_simulation/bringup_launch.py
[1.138s] -- Up-to-date: /ros_ws/install/multirobot_map_merge/share/multirobot_map_merge/launch/tb3_simulation/tb3_simulation_launch.py
[1.138s] -- Up-to-date: /ros_ws/install/multirobot_map_merge/share/multirobot_map_merge/launch/tb3_simulation/multi_tb3_simulation_launch.py
[1.139s] -- Up-to-date: /ros_ws/install/multirobot_map_merge/share/multirobot_map_merge/launch/tb3_simulation/config
[1.140s] -- Up-to-date: /ros_ws/install/multirobot_map_merge/share/multirobot_map_merge/launch/tb3_simulation/config/nav2_multirobot_params_2.yaml
[1.140s] -- Up-to-date: /ros_ws/install/multirobot_map_merge/share/multirobot_map_merge/launch/tb3_simulation/config/nav2_multirobot_params_1.yaml
[1.140s] -- Up-to-date: /ros_ws/install/multirobot_map_merge/share/multirobot_map_merge/launch/from_map_server.launch.py
[1.140s] -- Up-to-date: /ros_ws/install/multirobot_map_merge/share/multirobot_map_merge/config
[1.140s] -- Up-to-date: /ros_ws/install/multirobot_map_merge/share/multirobot_map_merge/config/params.yaml
[1.141s] -- Up-to-date: /ros_ws/install/multirobot_map_merge/lib/libcombine_grids.a
[1.141s] -- Up-to-date: /ros_ws/install/multirobot_map_merge/lib/multirobot_map_merge/map_merge
[1.141s] -- Up-to-date: /ros_ws/install/multirobot_map_merge/share/multirobot_map_merge/environment/library_path.sh
[1.142s] -- Up-to-date: /ros_ws/install/multirobot_map_merge/share/multirobot_map_merge/environment/library_path.dsv
[1.142s] -- Up-to-date: /ros_ws/install/multirobot_map_merge/share/ament_index/resource_index/package_run_dependencies/multirobot_map_merge
[1.143s] -- Up-to-date: /ros_ws/install/multirobot_map_merge/share/ament_index/resource_index/parent_prefix_path/multirobot_map_merge
[1.143s] -- Up-to-date: /ros_ws/install/multirobot_map_merge/share/multirobot_map_merge/environment/ament_prefix_path.sh
[1.144s] -- Up-to-date: /ros_ws/install/multirobot_map_merge/share/multirobot_map_merge/environment/ament_prefix_path.dsv
[1.144s] -- Up-to-date: /ros_ws/install/multirobot_map_merge/share/multirobot_map_merge/environment/path.sh
[1.144s] -- Up-to-date: /ros_ws/install/multirobot_map_merge/share/multirobot_map_merge/environment/path.dsv
[1.145s] -- Up-to-date: /ros_ws/install/multirobot_map_merge/share/multirobot_map_merge/local_setup.bash
[1.145s] -- Up-to-date: /ros_ws/install/multirobot_map_merge/share/multirobot_map_merge/local_setup.sh
[1.145s] -- Up-to-date: /ros_ws/install/multirobot_map_merge/share/multirobot_map_merge/local_setup.zsh
[1.145s] -- Up-to-date: /ros_ws/install/multirobot_map_merge/share/multirobot_map_merge/local_setup.dsv
[1.146s] -- Installing: /ros_ws/install/multirobot_map_merge/share/multirobot_map_merge/package.dsv
[1.146s] -- Up-to-date: /ros_ws/install/multirobot_map_merge/share/ament_index/resource_index/packages/multirobot_map_merge
[1.147s] -- Up-to-date: /ros_ws/install/multirobot_map_merge/share/multirobot_map_merge/cmake/ament_cmake_export_include_directories-extras.cmake
[1.148s] -- Up-to-date: /ros_ws/install/multirobot_map_merge/share/multirobot_map_merge/cmake/ament_cmake_export_libraries-extras.cmake
[1.148s] -- Up-to-date: /ros_ws/install/multirobot_map_merge/share/multirobot_map_merge/cmake/multirobot_map_mergeConfig.cmake
[1.149s] -- Up-to-date: /ros_ws/install/multirobot_map_merge/share/multirobot_map_merge/cmake/multirobot_map_mergeConfig-version.cmake
[1.149s] -- Up-to-date: /ros_ws/install/multirobot_map_merge/share/multirobot_map_merge/package.xml
[1.290s] Invoked command in '/ros_ws/build/multirobot_map_merge' returned '0': CMAKE_PREFIX_PATH=${CMAKE_PREFIX_PATH}:/ros_ws/install/turtlebot_logic:/ros_ws/install/turtlebot3_teleop:/ros_ws/install/turtlebot3_example:/opt/ros/jazzy /usr/bin/cmake --install /ros_ws/build/multirobot_map_merge
