[2.575s] Invoking command in '/ros_ws/src/turtlebot_logic': PYTHONPATH=/ros_ws/build/turtlebot_logic/prefix_override:/usr/lib/python3/dist-packages/colcon_core/task/python/colcon_distutils_commands:/ros_ws/install/turtlebot_logic/lib/python3.12/site-packages:${PYTHONPATH} /usr/bin/python3 -W ignore:setup.py install is deprecated -W ignore:easy_install command is deprecated setup.py egg_info --egg-base ../../build/turtlebot_logic build --build-base /ros_ws/build/turtlebot_logic/build install --record /ros_ws/build/turtlebot_logic/install.log --install-scripts $base/lib/turtlebot_logic --single-version-externally-managed install_data
[3.133s] running egg_info
[3.156s] writing ../../build/turtlebot_logic/turtlebot_logic.egg-info/PKG-INFO
[3.157s] writing dependency_links to ../../build/turtlebot_logic/turtlebot_logic.egg-info/dependency_links.txt
[3.157s] writing entry points to ../../build/turtlebot_logic/turtlebot_logic.egg-info/entry_points.txt
[3.158s] writing requirements to ../../build/turtlebot_logic/turtlebot_logic.egg-info/requires.txt
[3.159s] writing top-level names to ../../build/turtlebot_logic/turtlebot_logic.egg-info/top_level.txt
[3.193s] reading manifest file '../../build/turtlebot_logic/turtlebot_logic.egg-info/SOURCES.txt'
[3.195s] writing manifest file '../../build/turtlebot_logic/turtlebot_logic.egg-info/SOURCES.txt'
[3.195s] running build
[3.195s] running build_py
[3.197s] running install
[3.205s] running install_lib
[3.223s] running install_data
[3.225s] running install_egg_info
[3.252s] removing '/ros_ws/install/turtlebot_logic/lib/python3.12/site-packages/turtlebot_logic-0.0.0-py3.12.egg-info' (and everything under it)
[3.253s] Copying ../../build/turtlebot_logic/turtlebot_logic.egg-info to /ros_ws/install/turtlebot_logic/lib/python3.12/site-packages/turtlebot_logic-0.0.0-py3.12.egg-info
[3.255s] running install_scripts
[3.400s] Installing maze_solver script to /ros_ws/install/turtlebot_logic/lib/turtlebot_logic
[3.401s] writing list of installed files to '/ros_ws/build/turtlebot_logic/install.log'
[3.443s] Invoked command in '/ros_ws/src/turtlebot_logic' returned '0': PYTHONPATH=/ros_ws/build/turtlebot_logic/prefix_override:/usr/lib/python3/dist-packages/colcon_core/task/python/colcon_distutils_commands:/ros_ws/install/turtlebot_logic/lib/python3.12/site-packages:${PYTHONPATH} /usr/bin/python3 -W ignore:setup.py install is deprecated -W ignore:easy_install command is deprecated setup.py egg_info --egg-base ../../build/turtlebot_logic build --build-base /ros_ws/build/turtlebot_logic/build install --record /ros_ws/build/turtlebot_logic/install.log --install-scripts $base/lib/turtlebot_logic --single-version-externally-managed install_data
