[0.499s] Invoking command in '/ros_ws/src/turtlebot_logic': PYTHONPATH=/ros_ws/build/turtlebot_logic/prefix_override:/usr/lib/python3/dist-packages/colcon_core/task/python/colcon_distutils_commands:/ros_ws/install/turtlebot_logic/lib/python3.12/site-packages:${PYTHONPATH} /usr/bin/python3 -W ignore:setup.py install is deprecated -W ignore:easy_install command is deprecated setup.py egg_info --egg-base ../../build/turtlebot_logic build --build-base /ros_ws/build/turtlebot_logic/build install --record /ros_ws/build/turtlebot_logic/install.log --install-scripts $base/lib/turtlebot_logic --single-version-externally-managed install_data
[0.611s] running egg_info
[0.617s] writing ../../build/turtlebot_logic/turtlebot_logic.egg-info/PKG-INFO
[0.617s] writing dependency_links to ../../build/turtlebot_logic/turtlebot_logic.egg-info/dependency_links.txt
[0.617s] writing entry points to ../../build/turtlebot_logic/turtlebot_logic.egg-info/entry_points.txt
[0.617s] writing requirements to ../../build/turtlebot_logic/turtlebot_logic.egg-info/requires.txt
[0.617s] writing top-level names to ../../build/turtlebot_logic/turtlebot_logic.egg-info/top_level.txt
[0.630s] reading manifest file '../../build/turtlebot_logic/turtlebot_logic.egg-info/SOURCES.txt'
[0.631s] writing manifest file '../../build/turtlebot_logic/turtlebot_logic.egg-info/SOURCES.txt'
[0.631s] running build
[0.631s] running build_py
[0.631s] copying turtlebot_logic/data_logger.py -> /ros_ws/build/turtlebot_logic/build/lib/turtlebot_logic
[0.631s] running install
[0.636s] running install_lib
[0.641s] copying /ros_ws/build/turtlebot_logic/build/lib/turtlebot_logic/data_logger.py -> /ros_ws/install/turtlebot_logic/lib/python3.12/site-packages/turtlebot_logic
[0.641s] byte-compiling /ros_ws/install/turtlebot_logic/lib/python3.12/site-packages/turtlebot_logic/data_logger.py to data_logger.cpython-312.pyc
[0.642s] Sorry: IndentationError: expected an indented block after function definition on line 110 (data_logger.py, line 111)
[0.642s] running install_data
[0.642s] running install_egg_info
[0.649s] removing '/ros_ws/install/turtlebot_logic/lib/python3.12/site-packages/turtlebot_logic-0.0.0-py3.12.egg-info' (and everything under it)
[0.649s] Copying ../../build/turtlebot_logic/turtlebot_logic.egg-info to /ros_ws/install/turtlebot_logic/lib/python3.12/site-packages/turtlebot_logic-0.0.0-py3.12.egg-info
[0.650s] running install_scripts
[0.701s] Installing data_logger script to /ros_ws/install/turtlebot_logic/lib/turtlebot_logic
[0.701s] Installing maze_solver script to /ros_ws/install/turtlebot_logic/lib/turtlebot_logic
[0.701s] writing list of installed files to '/ros_ws/build/turtlebot_logic/install.log'
[0.715s] Invoked command in '/ros_ws/src/turtlebot_logic' returned '0': PYTHONPATH=/ros_ws/build/turtlebot_logic/prefix_override:/usr/lib/python3/dist-packages/colcon_core/task/python/colcon_distutils_commands:/ros_ws/install/turtlebot_logic/lib/python3.12/site-packages:${PYTHONPATH} /usr/bin/python3 -W ignore:setup.py install is deprecated -W ignore:easy_install command is deprecated setup.py egg_info --egg-base ../../build/turtlebot_logic build --build-base /ros_ws/build/turtlebot_logic/build install --record /ros_ws/build/turtlebot_logic/install.log --install-scripts $base/lib/turtlebot_logic --single-version-externally-managed install_data
