[0.635s] Invoking command in '/ros_ws/build/multirobot_map_merge': CMAKE_PREFIX_PATH=${CMAKE_PREFIX_PATH}:/ros_ws/install/turtlebot_logic:/ros_ws/install/turtlebot3_teleop:/ros_ws/install/turtlebot3_example:/opt/ros/jazzy /usr/bin/cmake --build /ros_ws/build/multirobot_map_merge -- -j12 -l12
[1.024s] [ 16%] Built target gtest_main
[1.024s] [ 33%] Built target gtest
[1.024s] [ 66%] Built target combine_grids
[1.024s] [ 83%] Built target test_merging_pipeline
[1.024s] [100%] Built target map_merge
[1.259s] Invoked command in '/ros_ws/build/multirobot_map_merge' returned '0': CMAKE_PREFIX_PATH=${CMAKE_PREFIX_PATH}:/ros_ws/install/turtlebot_logic:/ros_ws/install/turtlebot3_teleop:/ros_ws/install/turtlebot3_example:/opt/ros/jazzy /usr/bin/cmake --build /ros_ws/build/multirobot_map_merge -- -j12 -l12
[1.316s] Invoking command in '/ros_ws/build/multirobot_map_merge': CMAKE_PREFIX_PATH=${CMAKE_PREFIX_PATH}:/ros_ws/install/turtlebot_logic:/ros_ws/install/turtlebot3_teleop:/ros_ws/install/turtlebot3_example:/opt/ros/jazzy /usr/bin/cmake --install /ros_ws/build/multirobot_map_merge
[1.394s] -- Install configuration: ""
[1.394s] -- Up-to-date: /ros_ws/install/multirobot_map_merge/include/map_merge/
[1.395s] -- Up-to-date: /ros_ws/install/multirobot_map_merge/include/map_merge//map_merge.h
[1.395s] -- Up-to-date: /ros_ws/install/multirobot_map_merge/include/map_merge//ros1_names.hpp
[1.395s] -- Up-to-date: /ros_ws/install/multirobot_map_merge/share/multirobot_map_merge/launch
[1.396s] -- Up-to-date: /ros_ws/install/multirobot_map_merge/share/multirobot_map_merge/launch/map_merge.launch.py
[1.396s] -- Up-to-date: /ros_ws/install/multirobot_map_merge/share/multirobot_map_merge/launch/map_merge.rviz
[1.397s] -- Up-to-date: /ros_ws/install/multirobot_map_merge/share/multirobot_map_merge/launch/tb3_simulation
[1.397s] -- Up-to-date: /ros_ws/install/multirobot_map_merge/share/multirobot_map_merge/launch/tb3_simulation/worlds
[1.398s] -- Up-to-date: /ros_ws/install/multirobot_map_merge/share/multirobot_map_merge/launch/tb3_simulation/worlds/world_only.model
[1.398s] -- Up-to-date: /ros_ws/install/multirobot_map_merge/share/multirobot_map_merge/launch/tb3_simulation/slam_toolbox.py
[1.398s] -- Up-to-date: /ros_ws/install/multirobot_map_merge/share/multirobot_map_merge/launch/tb3_simulation/bringup_launch.py
[1.398s] -- Up-to-date: /ros_ws/install/multirobot_map_merge/share/multirobot_map_merge/launch/tb3_simulation/tb3_simulation_launch.py
[1.398s] -- Up-to-date: /ros_ws/install/multirobot_map_merge/share/multirobot_map_merge/launch/tb3_simulation/multi_tb3_simulation_launch.py
[1.399s] -- Up-to-date: /ros_ws/install/multirobot_map_merge/share/multirobot_map_merge/launch/tb3_simulation/config
[1.399s] -- Up-to-date: /ros_ws/install/multirobot_map_merge/share/multirobot_map_merge/launch/tb3_simulation/config/nav2_multirobot_params_2.yaml
[1.399s] -- Up-to-date: /ros_ws/install/multirobot_map_merge/share/multirobot_map_merge/launch/tb3_simulation/config/nav2_multirobot_params_1.yaml
[1.400s] -- Up-to-date: /ros_ws/install/multirobot_map_merge/share/multirobot_map_merge/launch/from_map_server.launch.py
[1.400s] -- Up-to-date: /ros_ws/install/multirobot_map_merge/share/multirobot_map_merge/config
[1.400s] -- Up-to-date: /ros_ws/install/multirobot_map_merge/share/multirobot_map_merge/config/params.yaml
[1.401s] -- Up-to-date: /ros_ws/install/multirobot_map_merge/lib/libcombine_grids.a
[1.401s] -- Up-to-date: /ros_ws/install/multirobot_map_merge/lib/multirobot_map_merge/map_merge
[1.401s] -- Up-to-date: /ros_ws/install/multirobot_map_merge/share/multirobot_map_merge/environment/library_path.sh
[1.401s] -- Up-to-date: /ros_ws/install/multirobot_map_merge/share/multirobot_map_merge/environment/library_path.dsv
[1.402s] -- Up-to-date: /ros_ws/install/multirobot_map_merge/share/ament_index/resource_index/package_run_dependencies/multirobot_map_merge
[1.402s] -- Up-to-date: /ros_ws/install/multirobot_map_merge/share/ament_index/resource_index/parent_prefix_path/multirobot_map_merge
[1.402s] -- Up-to-date: /ros_ws/install/multirobot_map_merge/share/multirobot_map_merge/environment/ament_prefix_path.sh
[1.403s] -- Up-to-date: /ros_ws/install/multirobot_map_merge/share/multirobot_map_merge/environment/ament_prefix_path.dsv
[1.403s] -- Up-to-date: /ros_ws/install/multirobot_map_merge/share/multirobot_map_merge/environment/path.sh
[1.403s] -- Up-to-date: /ros_ws/install/multirobot_map_merge/share/multirobot_map_merge/environment/path.dsv
[1.404s] -- Up-to-date: /ros_ws/install/multirobot_map_merge/share/multirobot_map_merge/local_setup.bash
[1.404s] -- Up-to-date: /ros_ws/install/multirobot_map_merge/share/multirobot_map_merge/local_setup.sh
[1.404s] -- Up-to-date: /ros_ws/install/multirobot_map_merge/share/multirobot_map_merge/local_setup.zsh
[1.405s] -- Up-to-date: /ros_ws/install/multirobot_map_merge/share/multirobot_map_merge/local_setup.dsv
[1.405s] -- Installing: /ros_ws/install/multirobot_map_merge/share/multirobot_map_merge/package.dsv
[1.405s] -- Up-to-date: /ros_ws/install/multirobot_map_merge/share/ament_index/resource_index/packages/multirobot_map_merge
[1.406s] -- Up-to-date: /ros_ws/install/multirobot_map_merge/share/multirobot_map_merge/cmake/ament_cmake_export_include_directories-extras.cmake
[1.406s] -- Up-to-date: /ros_ws/install/multirobot_map_merge/share/multirobot_map_merge/cmake/ament_cmake_export_libraries-extras.cmake
[1.406s] -- Up-to-date: /ros_ws/install/multirobot_map_merge/share/multirobot_map_merge/cmake/multirobot_map_mergeConfig.cmake
[1.406s] -- Up-to-date: /ros_ws/install/multirobot_map_merge/share/multirobot_map_merge/cmake/multirobot_map_mergeConfig-version.cmake
[1.407s] -- Up-to-date: /ros_ws/install/multirobot_map_merge/share/multirobot_map_merge/package.xml
[1.487s] Invoked command in '/ros_ws/build/multirobot_map_merge' returned '0': CMAKE_PREFIX_PATH=${CMAKE_PREFIX_PATH}:/ros_ws/install/turtlebot_logic:/ros_ws/install/turtlebot3_teleop:/ros_ws/install/turtlebot3_example:/opt/ros/jazzy /usr/bin/cmake --install /ros_ws/build/multirobot_map_merge
