-- Found ament_cmake: 2.5.6 (/opt/ros/jazzy/share/ament_cmake/cmake)
-- Configuring done (1.0s)
-- Generating done (0.0s)
-- Build files have been written to: /ros_ws/build/turtlebot3_cartographer
-- Install configuration: ""
-- Up-to-date: /ros_ws/install/turtlebot3_cartographer/share/turtlebot3_cartographer/config
-- Installing: /ros_ws/install/turtlebot3_cartographer/share/turtlebot3_cartographer/config/turtlebot3_lds_2d.lua
-- Up-to-date: /ros_ws/install/turtlebot3_cartographer/share/turtlebot3_cartographer/launch
-- Installing: /ros_ws/install/turtlebot3_cartographer/share/turtlebot3_cartographer/launch/occupancy_grid.launch.py
-- Installing: /ros_ws/install/turtlebot3_cartographer/share/turtlebot3_cartographer/launch/cartographer.launch.py
-- Up-to-date: /ros_ws/install/turtlebot3_cartographer/share/turtlebot3_cartographer/rviz
-- Installing: /ros_ws/install/turtlebot3_cartographer/share/turtlebot3_cartographer/rviz/tb3_cartographer.rviz
-- Installing: /ros_ws/install/turtlebot3_cartographer/share/ament_index/resource_index/package_run_dependencies/turtlebot3_cartographer
-- Installing: /ros_ws/install/turtlebot3_cartographer/share/ament_index/resource_index/parent_prefix_path/turtlebot3_cartographer
-- Installing: /ros_ws/install/turtlebot3_cartographer/share/turtlebot3_cartographer/environment/ament_prefix_path.sh
-- Installing: /ros_ws/install/turtlebot3_cartographer/share/turtlebot3_cartographer/environment/ament_prefix_path.dsv
-- Installing: /ros_ws/install/turtlebot3_cartographer/share/turtlebot3_cartographer/environment/path.sh
-- Installing: /ros_ws/install/turtlebot3_cartographer/share/turtlebot3_cartographer/environment/path.dsv
-- Installing: /ros_ws/install/turtlebot3_cartographer/share/turtlebot3_cartographer/local_setup.bash
-- Installing: /ros_ws/install/turtlebot3_cartographer/share/turtlebot3_cartographer/local_setup.sh
-- Installing: /ros_ws/install/turtlebot3_cartographer/share/turtlebot3_cartographer/local_setup.zsh
-- Installing: /ros_ws/install/turtlebot3_cartographer/share/turtlebot3_cartographer/local_setup.dsv
-- Installing: /ros_ws/install/turtlebot3_cartographer/share/turtlebot3_cartographer/package.dsv
-- Installing: /ros_ws/install/turtlebot3_cartographer/share/ament_index/resource_index/packages/turtlebot3_cartographer
-- Installing: /ros_ws/install/turtlebot3_cartographer/share/turtlebot3_cartographer/cmake/turtlebot3_cartographerConfig.cmake
-- Installing: /ros_ws/install/turtlebot3_cartographer/share/turtlebot3_cartographer/cmake/turtlebot3_cartographerConfig-version.cmake
-- Installing: /ros_ws/install/turtlebot3_cartographer/share/turtlebot3_cartographer/package.xml
