[0.158s] Invoking command in '/ros_ws/build/turtlebot3_cartographer': CMAKE_PREFIX_PATH=${CMAKE_PREFIX_PATH}:/ros_ws/install/turtlebot_logic:/ros_ws/install/turtlebot3_teleop:/ros_ws/install/turtlebot3_example:/opt/ros/jazzy /usr/bin/cmake --build /ros_ws/build/turtlebot3_cartographer -- -j12 -l12
[1.430s] -- Found ament_cmake: 2.5.6 (/opt/ros/jazzy/share/ament_cmake/cmake)
[1.430s] -- Configuring done (1.0s)
[1.431s] -- Generating done (0.0s)
[1.431s] -- Build files have been written to: /ros_ws/build/turtlebot3_cartographer
[1.505s] Invoked command in '/ros_ws/build/turtlebot3_cartographer' returned '0': CMAKE_PREFIX_PATH=${CMAKE_PREFIX_PATH}:/ros_ws/install/turtlebot_logic:/ros_ws/install/turtlebot3_teleop:/ros_ws/install/turtlebot3_example:/opt/ros/jazzy /usr/bin/cmake --build /ros_ws/build/turtlebot3_cartographer -- -j12 -l12
[1.508s] Invoking command in '/ros_ws/build/turtlebot3_cartographer': CMAKE_PREFIX_PATH=${CMAKE_PREFIX_PATH}:/ros_ws/install/turtlebot_logic:/ros_ws/install/turtlebot3_teleop:/ros_ws/install/turtlebot3_example:/opt/ros/jazzy /usr/bin/cmake --install /ros_ws/build/turtlebot3_cartographer
[1.613s] -- Install configuration: ""
[1.613s] -- Up-to-date: /ros_ws/install/turtlebot3_cartographer/share/turtlebot3_cartographer/config
[1.613s] -- Installing: /ros_ws/install/turtlebot3_cartographer/share/turtlebot3_cartographer/config/turtlebot3_lds_2d.lua
[1.614s] -- Up-to-date: /ros_ws/install/turtlebot3_cartographer/share/turtlebot3_cartographer/launch
[1.615s] -- Installing: /ros_ws/install/turtlebot3_cartographer/share/turtlebot3_cartographer/launch/occupancy_grid.launch.py
[1.616s] -- Installing: /ros_ws/install/turtlebot3_cartographer/share/turtlebot3_cartographer/launch/cartographer.launch.py
[1.616s] -- Up-to-date: /ros_ws/install/turtlebot3_cartographer/share/turtlebot3_cartographer/rviz
[1.617s] -- Installing: /ros_ws/install/turtlebot3_cartographer/share/turtlebot3_cartographer/rviz/tb3_cartographer.rviz
[1.618s] -- Installing: /ros_ws/install/turtlebot3_cartographer/share/ament_index/resource_index/package_run_dependencies/turtlebot3_cartographer
[1.618s] -- Installing: /ros_ws/install/turtlebot3_cartographer/share/ament_index/resource_index/parent_prefix_path/turtlebot3_cartographer
[1.618s] -- Installing: /ros_ws/install/turtlebot3_cartographer/share/turtlebot3_cartographer/environment/ament_prefix_path.sh
[1.618s] -- Installing: /ros_ws/install/turtlebot3_cartographer/share/turtlebot3_cartographer/environment/ament_prefix_path.dsv
[1.619s] -- Installing: /ros_ws/install/turtlebot3_cartographer/share/turtlebot3_cartographer/environment/path.sh
[1.619s] -- Installing: /ros_ws/install/turtlebot3_cartographer/share/turtlebot3_cartographer/environment/path.dsv
[1.619s] -- Installing: /ros_ws/install/turtlebot3_cartographer/share/turtlebot3_cartographer/local_setup.bash
[1.620s] -- Installing: /ros_ws/install/turtlebot3_cartographer/share/turtlebot3_cartographer/local_setup.sh
[1.620s] -- Installing: /ros_ws/install/turtlebot3_cartographer/share/turtlebot3_cartographer/local_setup.zsh
[1.620s] -- Installing: /ros_ws/install/turtlebot3_cartographer/share/turtlebot3_cartographer/local_setup.dsv
[1.620s] -- Installing: /ros_ws/install/turtlebot3_cartographer/share/turtlebot3_cartographer/package.dsv
[1.620s] -- Installing: /ros_ws/install/turtlebot3_cartographer/share/ament_index/resource_index/packages/turtlebot3_cartographer
[1.621s] -- Installing: /ros_ws/install/turtlebot3_cartographer/share/turtlebot3_cartographer/cmake/turtlebot3_cartographerConfig.cmake
[1.621s] -- Installing: /ros_ws/install/turtlebot3_cartographer/share/turtlebot3_cartographer/cmake/turtlebot3_cartographerConfig-version.cmake
[1.621s] -- Installing: /ros_ws/install/turtlebot3_cartographer/share/turtlebot3_cartographer/package.xml
[1.703s] Invoked command in '/ros_ws/build/turtlebot3_cartographer' returned '0': CMAKE_PREFIX_PATH=${CMAKE_PREFIX_PATH}:/ros_ws/install/turtlebot_logic:/ros_ws/install/turtlebot3_teleop:/ros_ws/install/turtlebot3_example:/opt/ros/jazzy /usr/bin/cmake --install /ros_ws/build/turtlebot3_cartographer
