-- Found ament_cmake: 2.5.6 (/opt/ros/jazzy/share/ament_cmake/cmake)
-- Configuring done (0.2s)
-- Generating done (0.0s)
-- Build files have been written to: /ros_ws/build/turtlebot3_simulations
-- Install configuration: ""
-- Up-to-date: /ros_ws/install/turtlebot3_simulations/share/ament_index/resource_index/package_run_dependencies/turtlebot3_simulations
-- Installing: /ros_ws/install/turtlebot3_simulations/share/ament_index/resource_index/parent_prefix_path/turtlebot3_simulations
-- Installing: /ros_ws/install/turtlebot3_simulations/share/turtlebot3_simulations/environment/ament_prefix_path.sh
-- Up-to-date: /ros_ws/install/turtlebot3_simulations/share/turtlebot3_simulations/environment/ament_prefix_path.dsv
-- Installing: /ros_ws/install/turtlebot3_simulations/share/turtlebot3_simulations/environment/path.sh
-- Up-to-date: /ros_ws/install/turtlebot3_simulations/share/turtlebot3_simulations/environment/path.dsv
-- Up-to-date: /ros_ws/install/turtlebot3_simulations/share/turtlebot3_simulations/local_setup.bash
-- Up-to-date: /ros_ws/install/turtlebot3_simulations/share/turtlebot3_simulations/local_setup.sh
-- Up-to-date: /ros_ws/install/turtlebot3_simulations/share/turtlebot3_simulations/local_setup.zsh
-- Up-to-date: /ros_ws/install/turtlebot3_simulations/share/turtlebot3_simulations/local_setup.dsv
-- Up-to-date: /ros_ws/install/turtlebot3_simulations/share/turtlebot3_simulations/package.dsv
-- Up-to-date: /ros_ws/install/turtlebot3_simulations/share/ament_index/resource_index/packages/turtlebot3_simulations
-- Up-to-date: /ros_ws/install/turtlebot3_simulations/share/turtlebot3_simulations/cmake/turtlebot3_simulationsConfig.cmake
-- Up-to-date: /ros_ws/install/turtlebot3_simulations/share/turtlebot3_simulations/cmake/turtlebot3_simulationsConfig-version.cmake
-- Installing: /ros_ws/install/turtlebot3_simulations/share/turtlebot3_simulations/package.xml
