[0.065s] Invoking command in '/ros_ws/build/turtlebot3_navigation2': CMAKE_PREFIX_PATH=${CMAKE_PREFIX_PATH}:/ros_ws/install/turtlebot_logic:/ros_ws/install/turtlebot3_teleop:/ros_ws/install/turtlebot3_example:/opt/ros/jazzy /usr/bin/cmake --build /ros_ws/build/turtlebot3_navigation2 -- -j12 -l12
[0.787s] Invoked command in '/ros_ws/build/turtlebot3_navigation2' returned '0': CMAKE_PREFIX_PATH=${CMAKE_PREFIX_PATH}:/ros_ws/install/turtlebot_logic:/ros_ws/install/turtlebot3_teleop:/ros_ws/install/turtlebot3_example:/opt/ros/jazzy /usr/bin/cmake --build /ros_ws/build/turtlebot3_navigation2 -- -j12 -l12
[0.790s] Invoking command in '/ros_ws/build/turtlebot3_navigation2': CMAKE_PREFIX_PATH=${CMAKE_PREFIX_PATH}:/ros_ws/install/turtlebot_logic:/ros_ws/install/turtlebot3_teleop:/ros_ws/install/turtlebot3_example:/opt/ros/jazzy /usr/bin/cmake --install /ros_ws/build/turtlebot3_navigation2
[0.818s] -- Install configuration: ""
[0.819s] -- Up-to-date: /ros_ws/install/turtlebot3_navigation2/share/turtlebot3_navigation2/launch
[0.819s] -- Up-to-date: /ros_ws/install/turtlebot3_navigation2/share/turtlebot3_navigation2/launch/navigation2.launch.py
[0.819s] -- Up-to-date: /ros_ws/install/turtlebot3_navigation2/share/turtlebot3_navigation2/map
[0.820s] -- Up-to-date: /ros_ws/install/turtlebot3_navigation2/share/turtlebot3_navigation2/map/map.yaml
[0.820s] -- Up-to-date: /ros_ws/install/turtlebot3_navigation2/share/turtlebot3_navigation2/map/map.pgm
[0.821s] -- Up-to-date: /ros_ws/install/turtlebot3_navigation2/share/turtlebot3_navigation2/param
[0.821s] -- Up-to-date: /ros_ws/install/turtlebot3_navigation2/share/turtlebot3_navigation2/param/burger_cam.yaml
[0.821s] -- Up-to-date: /ros_ws/install/turtlebot3_navigation2/share/turtlebot3_navigation2/param/waffle.yaml
[0.821s] -- Up-to-date: /ros_ws/install/turtlebot3_navigation2/share/turtlebot3_navigation2/param/burger.yaml
[0.822s] -- Up-to-date: /ros_ws/install/turtlebot3_navigation2/share/turtlebot3_navigation2/param/waffle_pi.yaml
[0.822s] -- Up-to-date: /ros_ws/install/turtlebot3_navigation2/share/turtlebot3_navigation2/param/humble
[0.823s] -- Up-to-date: /ros_ws/install/turtlebot3_navigation2/share/turtlebot3_navigation2/param/humble/burger_cam.yaml
[0.823s] -- Up-to-date: /ros_ws/install/turtlebot3_navigation2/share/turtlebot3_navigation2/param/humble/waffle.yaml
[0.824s] -- Up-to-date: /ros_ws/install/turtlebot3_navigation2/share/turtlebot3_navigation2/param/humble/burger.yaml
[0.824s] -- Up-to-date: /ros_ws/install/turtlebot3_navigation2/share/turtlebot3_navigation2/param/humble/waffle_pi.yaml
[0.824s] -- Up-to-date: /ros_ws/install/turtlebot3_navigation2/share/turtlebot3_navigation2/rviz
[0.824s] -- Up-to-date: /ros_ws/install/turtlebot3_navigation2/share/turtlebot3_navigation2/rviz/tb3_navigation2.rviz
[0.824s] -- Up-to-date: /ros_ws/install/turtlebot3_navigation2/share/ament_index/resource_index/package_run_dependencies/turtlebot3_navigation2
[0.825s] -- Up-to-date: /ros_ws/install/turtlebot3_navigation2/share/ament_index/resource_index/parent_prefix_path/turtlebot3_navigation2
[0.825s] -- Up-to-date: /ros_ws/install/turtlebot3_navigation2/share/turtlebot3_navigation2/environment/ament_prefix_path.sh
[0.825s] -- Up-to-date: /ros_ws/install/turtlebot3_navigation2/share/turtlebot3_navigation2/environment/ament_prefix_path.dsv
[0.825s] -- Up-to-date: /ros_ws/install/turtlebot3_navigation2/share/turtlebot3_navigation2/environment/path.sh
[0.825s] -- Up-to-date: /ros_ws/install/turtlebot3_navigation2/share/turtlebot3_navigation2/environment/path.dsv
[0.826s] -- Up-to-date: /ros_ws/install/turtlebot3_navigation2/share/turtlebot3_navigation2/local_setup.bash
[0.827s] -- Up-to-date: /ros_ws/install/turtlebot3_navigation2/share/turtlebot3_navigation2/local_setup.sh
[0.827s] -- Up-to-date: /ros_ws/install/turtlebot3_navigation2/share/turtlebot3_navigation2/local_setup.zsh
[0.827s] -- Up-to-date: /ros_ws/install/turtlebot3_navigation2/share/turtlebot3_navigation2/local_setup.dsv
[0.836s] -- Installing: /ros_ws/install/turtlebot3_navigation2/share/turtlebot3_navigation2/package.dsv
[0.837s] -- Up-to-date: /ros_ws/install/turtlebot3_navigation2/share/ament_index/resource_index/packages/turtlebot3_navigation2
[0.837s] -- Up-to-date: /ros_ws/install/turtlebot3_navigation2/share/turtlebot3_navigation2/cmake/turtlebot3_navigation2Config.cmake
[0.837s] -- Up-to-date: /ros_ws/install/turtlebot3_navigation2/share/turtlebot3_navigation2/cmake/turtlebot3_navigation2Config-version.cmake
[0.838s] -- Up-to-date: /ros_ws/install/turtlebot3_navigation2/share/turtlebot3_navigation2/package.xml
[0.903s] Invoked command in '/ros_ws/build/turtlebot3_navigation2' returned '0': CMAKE_PREFIX_PATH=${CMAKE_PREFIX_PATH}:/ros_ws/install/turtlebot_logic:/ros_ws/install/turtlebot3_teleop:/ros_ws/install/turtlebot3_example:/opt/ros/jazzy /usr/bin/cmake --install /ros_ws/build/turtlebot3_navigation2
