[0.096s] Invoking command in '/ros_ws/build/turtlebot3_msgs': CMAKE_PREFIX_PATH=${CMAKE_PREFIX_PATH}:/ros_ws/install/turtlebot_logic:/ros_ws/install/turtlebot3_teleop:/ros_ws/install/turtlebot3_example:/opt/ros/jazzy /usr/bin/cmake --build /ros_ws/build/turtlebot3_msgs -- -j12 -l12
[0.963s] [  1%] Built target turtlebot3_msgs__rosidl_generator_type_description
[0.963s] [  2%] Built target turtlebot3_msgs__rs
[0.963s] [  2%] Built target ament_cmake_python_copy_turtlebot3_msgs
[0.964s] [  3%] Built target turtlebot3_msgs__cpp
[0.964s] [ 27%] Built target turtlebot3_msgs__rosidl_generator_c
[0.964s] [ 36%] Built target turtlebot3_msgs__rosidl_typesupport_c
[0.964s] [ 54%] Built target turtlebot3_msgs__rosidl_typesupport_introspection_c
[0.964s] [ 55%] Built target turtlebot3_msgs__rosidl_typesupport_fastrtps_cpp
[0.965s] [ 65%] Built target turtlebot3_msgs__rosidl_typesupport_fastrtps_c
[0.965s] [ 74%] Built target turtlebot3_msgs__rosidl_typesupport_introspection_cpp
[0.965s] [ 84%] Built target turtlebot3_msgs__rosidl_typesupport_cpp
[0.965s] [ 84%] Built target turtlebot3_msgs
[0.965s] [ 85%] Built target turtlebot3_msgs__py
[0.965s] [ 93%] Built target turtlebot3_msgs__rosidl_generator_py
[0.965s] running egg_info
[0.965s] [ 95%] Built target turtlebot3_msgs_s__rosidl_typesupport_fastrtps_c
[0.965s] [ 97%] Built target turtlebot3_msgs_s__rosidl_typesupport_introspection_c
[0.965s] [100%] Built target turtlebot3_msgs_s__rosidl_typesupport_c
[0.966s] writing turtlebot3_msgs.egg-info/PKG-INFO
[0.967s] writing dependency_links to turtlebot3_msgs.egg-info/dependency_links.txt
[0.967s] writing top-level names to turtlebot3_msgs.egg-info/top_level.txt
[0.968s] reading manifest file 'turtlebot3_msgs.egg-info/SOURCES.txt'
[0.968s] writing manifest file 'turtlebot3_msgs.egg-info/SOURCES.txt'
[0.968s] [100%] Built target ament_cmake_python_build_turtlebot3_msgs_egg
[0.974s] Invoked command in '/ros_ws/build/turtlebot3_msgs' returned '0': CMAKE_PREFIX_PATH=${CMAKE_PREFIX_PATH}:/ros_ws/install/turtlebot_logic:/ros_ws/install/turtlebot3_teleop:/ros_ws/install/turtlebot3_example:/opt/ros/jazzy /usr/bin/cmake --build /ros_ws/build/turtlebot3_msgs -- -j12 -l12
[0.986s] Invoking command in '/ros_ws/build/turtlebot3_msgs': CMAKE_PREFIX_PATH=${CMAKE_PREFIX_PATH}:/ros_ws/install/turtlebot_logic:/ros_ws/install/turtlebot3_teleop:/ros_ws/install/turtlebot3_example:/opt/ros/jazzy /usr/bin/cmake --install /ros_ws/build/turtlebot3_msgs
[1.029s] -- Install configuration: ""
[1.029s] -- Up-to-date: /ros_ws/install/turtlebot3_msgs/share/ament_index/resource_index/rosidl_interfaces/turtlebot3_msgs
[1.032s] -- Up-to-date: /ros_ws/install/turtlebot3_msgs/share/turtlebot3_msgs/msg/SensorState.json
[1.033s] -- Up-to-date: /ros_ws/install/turtlebot3_msgs/share/turtlebot3_msgs/msg/Sound.json
[1.033s] -- Up-to-date: /ros_ws/install/turtlebot3_msgs/share/turtlebot3_msgs/msg/VersionInfo.json
[1.036s] -- Up-to-date: /ros_ws/install/turtlebot3_msgs/share/turtlebot3_msgs/srv/Sound.json
[1.037s] -- Up-to-date: /ros_ws/install/turtlebot3_msgs/share/turtlebot3_msgs/srv/Dqn.json
[1.038s] -- Up-to-date: /ros_ws/install/turtlebot3_msgs/share/turtlebot3_msgs/srv/Goal.json
[1.038s] -- Up-to-date: /ros_ws/install/turtlebot3_msgs/share/turtlebot3_msgs/action/Patrol.json
[1.039s] -- Up-to-date: /ros_ws/install/turtlebot3_msgs/include/turtlebot3_msgs/turtlebot3_msgs
[1.042s] -- Up-to-date: /ros_ws/install/turtlebot3_msgs/include/turtlebot3_msgs/turtlebot3_msgs/srv
[1.043s] -- Up-to-date: /ros_ws/install/turtlebot3_msgs/include/turtlebot3_msgs/turtlebot3_msgs/srv/goal.h
[1.043s] -- Up-to-date: /ros_ws/install/turtlebot3_msgs/include/turtlebot3_msgs/turtlebot3_msgs/srv/dqn.h
[1.046s] -- Up-to-date: /ros_ws/install/turtlebot3_msgs/include/turtlebot3_msgs/turtlebot3_msgs/srv/sound.h
[1.047s] -- Up-to-date: /ros_ws/install/turtlebot3_msgs/include/turtlebot3_msgs/turtlebot3_msgs/srv/detail
[1.047s] -- Up-to-date: /ros_ws/install/turtlebot3_msgs/include/turtlebot3_msgs/turtlebot3_msgs/srv/detail/dqn__functions.c
[1.048s] -- Up-to-date: /ros_ws/install/turtlebot3_msgs/include/turtlebot3_msgs/turtlebot3_msgs/srv/detail/sound__type_support.h
[1.048s] -- Installing: /ros_ws/install/turtlebot3_msgs/include/turtlebot3_msgs/turtlebot3_msgs/srv/detail/dqn__type_support.c
[1.048s] -- Up-to-date: /ros_ws/install/turtlebot3_msgs/include/turtlebot3_msgs/turtlebot3_msgs/srv/detail/sound__description.c
[1.048s] -- Up-to-date: /ros_ws/install/turtlebot3_msgs/include/turtlebot3_msgs/turtlebot3_msgs/srv/detail/goal__description.c
[1.048s] -- Installing: /ros_ws/install/turtlebot3_msgs/include/turtlebot3_msgs/turtlebot3_msgs/srv/detail/sound__type_support.c
[1.048s] -- Up-to-date: /ros_ws/install/turtlebot3_msgs/include/turtlebot3_msgs/turtlebot3_msgs/srv/detail/dqn__struct.h
[1.048s] -- Up-to-date: /ros_ws/install/turtlebot3_msgs/include/turtlebot3_msgs/turtlebot3_msgs/srv/detail/goal__type_support.h
[1.049s] -- Up-to-date: /ros_ws/install/turtlebot3_msgs/include/turtlebot3_msgs/turtlebot3_msgs/srv/detail/goal__functions.h
[1.049s] -- Up-to-date: /ros_ws/install/turtlebot3_msgs/include/turtlebot3_msgs/turtlebot3_msgs/srv/detail/goal__functions.c
[1.049s] -- Installing: /ros_ws/install/turtlebot3_msgs/include/turtlebot3_msgs/turtlebot3_msgs/srv/detail/goal__type_support.c
[1.049s] -- Up-to-date: /ros_ws/install/turtlebot3_msgs/include/turtlebot3_msgs/turtlebot3_msgs/srv/detail/dqn__functions.h
[1.049s] -- Up-to-date: /ros_ws/install/turtlebot3_msgs/include/turtlebot3_msgs/turtlebot3_msgs/srv/detail/dqn__description.c
[1.049s] -- Up-to-date: /ros_ws/install/turtlebot3_msgs/include/turtlebot3_msgs/turtlebot3_msgs/srv/detail/dqn__type_support.h
[1.049s] -- Up-to-date: /ros_ws/install/turtlebot3_msgs/include/turtlebot3_msgs/turtlebot3_msgs/srv/detail/goal__struct.h
[1.049s] -- Up-to-date: /ros_ws/install/turtlebot3_msgs/include/turtlebot3_msgs/turtlebot3_msgs/srv/detail/sound__struct.h
[1.050s] -- Up-to-date: /ros_ws/install/turtlebot3_msgs/include/turtlebot3_msgs/turtlebot3_msgs/srv/detail/sound__functions.h
[1.050s] -- Up-to-date: /ros_ws/install/turtlebot3_msgs/include/turtlebot3_msgs/turtlebot3_msgs/srv/detail/sound__functions.c
[1.050s] -- Up-to-date: /ros_ws/install/turtlebot3_msgs/include/turtlebot3_msgs/turtlebot3_msgs/msg
[1.052s] -- Up-to-date: /ros_ws/install/turtlebot3_msgs/include/turtlebot3_msgs/turtlebot3_msgs/msg/rosidl_generator_c__visibility_control.h
[1.053s] -- Up-to-date: /ros_ws/install/turtlebot3_msgs/include/turtlebot3_msgs/turtlebot3_msgs/msg/version_info.h
[1.053s] -- Up-to-date: /ros_ws/install/turtlebot3_msgs/include/turtlebot3_msgs/turtlebot3_msgs/msg/sound.h
[1.053s] -- Up-to-date: /ros_ws/install/turtlebot3_msgs/include/turtlebot3_msgs/turtlebot3_msgs/msg/sensor_state.h
[1.053s] -- Up-to-date: /ros_ws/install/turtlebot3_msgs/include/turtlebot3_msgs/turtlebot3_msgs/msg/detail
[1.054s] -- Up-to-date: /ros_ws/install/turtlebot3_msgs/include/turtlebot3_msgs/turtlebot3_msgs/msg/detail/sound__type_support.h
[1.055s] -- Installing: /ros_ws/install/turtlebot3_msgs/include/turtlebot3_msgs/turtlebot3_msgs/msg/detail/sensor_state__type_support.c
[1.055s] -- Up-to-date: /ros_ws/install/turtlebot3_msgs/include/turtlebot3_msgs/turtlebot3_msgs/msg/detail/version_info__struct.h
[1.055s] -- Up-to-date: /ros_ws/install/turtlebot3_msgs/include/turtlebot3_msgs/turtlebot3_msgs/msg/detail/sensor_state__description.c
[1.056s] -- Up-to-date: /ros_ws/install/turtlebot3_msgs/include/turtlebot3_msgs/turtlebot3_msgs/msg/detail/sound__description.c
[1.056s] -- Up-to-date: /ros_ws/install/turtlebot3_msgs/include/turtlebot3_msgs/turtlebot3_msgs/msg/detail/sensor_state__functions.c
[1.056s] -- Installing: /ros_ws/install/turtlebot3_msgs/include/turtlebot3_msgs/turtlebot3_msgs/msg/detail/sound__type_support.c
[1.057s] -- Up-to-date: /ros_ws/install/turtlebot3_msgs/include/turtlebot3_msgs/turtlebot3_msgs/msg/detail/version_info__functions.c
[1.057s] -- Up-to-date: /ros_ws/install/turtlebot3_msgs/include/turtlebot3_msgs/turtlebot3_msgs/msg/detail/sensor_state__type_support.h
[1.057s] -- Up-to-date: /ros_ws/install/turtlebot3_msgs/include/turtlebot3_msgs/turtlebot3_msgs/msg/detail/sound__struct.h
[1.058s] -- Up-to-date: /ros_ws/install/turtlebot3_msgs/include/turtlebot3_msgs/turtlebot3_msgs/msg/detail/sensor_state__functions.h
[1.058s] -- Up-to-date: /ros_ws/install/turtlebot3_msgs/include/turtlebot3_msgs/turtlebot3_msgs/msg/detail/version_info__type_support.h
[1.058s] -- Up-to-date: /ros_ws/install/turtlebot3_msgs/include/turtlebot3_msgs/turtlebot3_msgs/msg/detail/version_info__description.c
[1.059s] -- Up-to-date: /ros_ws/install/turtlebot3_msgs/include/turtlebot3_msgs/turtlebot3_msgs/msg/detail/sensor_state__struct.h
[1.059s] -- Up-to-date: /ros_ws/install/turtlebot3_msgs/include/turtlebot3_msgs/turtlebot3_msgs/msg/detail/sound__functions.h
[1.059s] -- Up-to-date: /ros_ws/install/turtlebot3_msgs/include/turtlebot3_msgs/turtlebot3_msgs/msg/detail/sound__functions.c
[1.060s] -- Installing: /ros_ws/install/turtlebot3_msgs/include/turtlebot3_msgs/turtlebot3_msgs/msg/detail/version_info__type_support.c
[1.060s] -- Up-to-date: /ros_ws/install/turtlebot3_msgs/include/turtlebot3_msgs/turtlebot3_msgs/msg/detail/version_info__functions.h
[1.062s] -- Up-to-date: /ros_ws/install/turtlebot3_msgs/include/turtlebot3_msgs/turtlebot3_msgs/action
[1.063s] -- Up-to-date: /ros_ws/install/turtlebot3_msgs/include/turtlebot3_msgs/turtlebot3_msgs/action/detail
[1.063s] -- Up-to-date: /ros_ws/install/turtlebot3_msgs/include/turtlebot3_msgs/turtlebot3_msgs/action/detail/patrol__struct.h
[1.064s] -- Up-to-date: /ros_ws/install/turtlebot3_msgs/include/turtlebot3_msgs/turtlebot3_msgs/action/detail/patrol__type_support.h
[1.064s] -- Up-to-date: /ros_ws/install/turtlebot3_msgs/include/turtlebot3_msgs/turtlebot3_msgs/action/detail/patrol__functions.h
[1.065s] -- Up-to-date: /ros_ws/install/turtlebot3_msgs/include/turtlebot3_msgs/turtlebot3_msgs/action/detail/patrol__description.c
[1.065s] -- Up-to-date: /ros_ws/install/turtlebot3_msgs/include/turtlebot3_msgs/turtlebot3_msgs/action/detail/patrol__functions.c
[1.066s] -- Installing: /ros_ws/install/turtlebot3_msgs/include/turtlebot3_msgs/turtlebot3_msgs/action/detail/patrol__type_support.c
[1.066s] -- Up-to-date: /ros_ws/install/turtlebot3_msgs/include/turtlebot3_msgs/turtlebot3_msgs/action/patrol.h
[1.067s] -- Up-to-date: /ros_ws/install/turtlebot3_msgs/share/turtlebot3_msgs/environment/library_path.sh
[1.067s] -- Up-to-date: /ros_ws/install/turtlebot3_msgs/share/turtlebot3_msgs/environment/library_path.dsv
[1.067s] -- Up-to-date: /ros_ws/install/turtlebot3_msgs/lib/libturtlebot3_msgs__rosidl_generator_c.so
[1.068s] -- Up-to-date: /ros_ws/install/turtlebot3_msgs/include/turtlebot3_msgs/turtlebot3_msgs
[1.068s] -- Up-to-date: /ros_ws/install/turtlebot3_msgs/include/turtlebot3_msgs/turtlebot3_msgs/srv
[1.068s] -- Up-to-date: /ros_ws/install/turtlebot3_msgs/include/turtlebot3_msgs/turtlebot3_msgs/srv/detail
[1.068s] -- Up-to-date: /ros_ws/install/turtlebot3_msgs/include/turtlebot3_msgs/turtlebot3_msgs/srv/detail/goal__rosidl_typesupport_fastrtps_c.h
[1.068s] -- Up-to-date: /ros_ws/install/turtlebot3_msgs/include/turtlebot3_msgs/turtlebot3_msgs/srv/detail/dqn__rosidl_typesupport_fastrtps_c.h
[1.069s] -- Up-to-date: /ros_ws/install/turtlebot3_msgs/include/turtlebot3_msgs/turtlebot3_msgs/srv/detail/sound__rosidl_typesupport_fastrtps_c.h
[1.069s] -- Up-to-date: /ros_ws/install/turtlebot3_msgs/include/turtlebot3_msgs/turtlebot3_msgs/msg
[1.069s] -- Up-to-date: /ros_ws/install/turtlebot3_msgs/include/turtlebot3_msgs/turtlebot3_msgs/msg/detail
[1.070s] -- Up-to-date: /ros_ws/install/turtlebot3_msgs/include/turtlebot3_msgs/turtlebot3_msgs/msg/detail/sensor_state__rosidl_typesupport_fastrtps_c.h
[1.070s] -- Up-to-date: /ros_ws/install/turtlebot3_msgs/include/turtlebot3_msgs/turtlebot3_msgs/msg/detail/sound__rosidl_typesupport_fastrtps_c.h
[1.071s] -- Up-to-date: /ros_ws/install/turtlebot3_msgs/include/turtlebot3_msgs/turtlebot3_msgs/msg/detail/version_info__rosidl_typesupport_fastrtps_c.h
[1.071s] -- Up-to-date: /ros_ws/install/turtlebot3_msgs/include/turtlebot3_msgs/turtlebot3_msgs/msg/rosidl_typesupport_fastrtps_c__visibility_control.h
[1.071s] -- Up-to-date: /ros_ws/install/turtlebot3_msgs/include/turtlebot3_msgs/turtlebot3_msgs/action
[1.071s] -- Up-to-date: /ros_ws/install/turtlebot3_msgs/include/turtlebot3_msgs/turtlebot3_msgs/action/detail
[1.071s] -- Up-to-date: /ros_ws/install/turtlebot3_msgs/include/turtlebot3_msgs/turtlebot3_msgs/action/detail/patrol__rosidl_typesupport_fastrtps_c.h
[1.072s] -- Up-to-date: /ros_ws/install/turtlebot3_msgs/lib/libturtlebot3_msgs__rosidl_typesupport_fastrtps_c.so
[1.072s] -- Up-to-date: /ros_ws/install/turtlebot3_msgs/include/turtlebot3_msgs/turtlebot3_msgs
[1.072s] -- Up-to-date: /ros_ws/install/turtlebot3_msgs/include/turtlebot3_msgs/turtlebot3_msgs/srv
[1.072s] -- Up-to-date: /ros_ws/install/turtlebot3_msgs/include/turtlebot3_msgs/turtlebot3_msgs/srv/goal.hpp
[1.072s] -- Up-to-date: /ros_ws/install/turtlebot3_msgs/include/turtlebot3_msgs/turtlebot3_msgs/srv/sound.hpp
[1.073s] -- Up-to-date: /ros_ws/install/turtlebot3_msgs/include/turtlebot3_msgs/turtlebot3_msgs/srv/dqn.hpp
[1.073s] -- Up-to-date: /ros_ws/install/turtlebot3_msgs/include/turtlebot3_msgs/turtlebot3_msgs/srv/detail
[1.073s] -- Up-to-date: /ros_ws/install/turtlebot3_msgs/include/turtlebot3_msgs/turtlebot3_msgs/srv/detail/dqn__type_support.hpp
[1.074s] -- Up-to-date: /ros_ws/install/turtlebot3_msgs/include/turtlebot3_msgs/turtlebot3_msgs/srv/detail/goal__struct.hpp
[1.074s] -- Up-to-date: /ros_ws/install/turtlebot3_msgs/include/turtlebot3_msgs/turtlebot3_msgs/srv/detail/sound__struct.hpp
[1.076s] -- Up-to-date: /ros_ws/install/turtlebot3_msgs/include/turtlebot3_msgs/turtlebot3_msgs/srv/detail/sound__traits.hpp
[1.076s] -- Up-to-date: /ros_ws/install/turtlebot3_msgs/include/turtlebot3_msgs/turtlebot3_msgs/srv/detail/goal__type_support.hpp
[1.076s] -- Up-to-date: /ros_ws/install/turtlebot3_msgs/include/turtlebot3_msgs/turtlebot3_msgs/srv/detail/dqn__struct.hpp
[1.077s] -- Up-to-date: /ros_ws/install/turtlebot3_msgs/include/turtlebot3_msgs/turtlebot3_msgs/srv/detail/goal__builder.hpp
[1.077s] -- Up-to-date: /ros_ws/install/turtlebot3_msgs/include/turtlebot3_msgs/turtlebot3_msgs/srv/detail/sound__type_support.hpp
[1.077s] -- Up-to-date: /ros_ws/install/turtlebot3_msgs/include/turtlebot3_msgs/turtlebot3_msgs/srv/detail/dqn__traits.hpp
[1.077s] -- Up-to-date: /ros_ws/install/turtlebot3_msgs/include/turtlebot3_msgs/turtlebot3_msgs/srv/detail/sound__builder.hpp
[1.078s] -- Up-to-date: /ros_ws/install/turtlebot3_msgs/include/turtlebot3_msgs/turtlebot3_msgs/srv/detail/dqn__builder.hpp
[1.078s] -- Up-to-date: /ros_ws/install/turtlebot3_msgs/include/turtlebot3_msgs/turtlebot3_msgs/srv/detail/goal__traits.hpp
[1.079s] -- Up-to-date: /ros_ws/install/turtlebot3_msgs/include/turtlebot3_msgs/turtlebot3_msgs/msg
[1.079s] -- Up-to-date: /ros_ws/install/turtlebot3_msgs/include/turtlebot3_msgs/turtlebot3_msgs/msg/rosidl_generator_cpp__visibility_control.hpp
[1.079s] -- Up-to-date: /ros_ws/install/turtlebot3_msgs/include/turtlebot3_msgs/turtlebot3_msgs/msg/version_info.hpp
[1.080s] -- Up-to-date: /ros_ws/install/turtlebot3_msgs/include/turtlebot3_msgs/turtlebot3_msgs/msg/sound.hpp
[1.080s] -- Up-to-date: /ros_ws/install/turtlebot3_msgs/include/turtlebot3_msgs/turtlebot3_msgs/msg/sensor_state.hpp
[1.080s] -- Up-to-date: /ros_ws/install/turtlebot3_msgs/include/turtlebot3_msgs/turtlebot3_msgs/msg/detail
[1.081s] -- Up-to-date: /ros_ws/install/turtlebot3_msgs/include/turtlebot3_msgs/turtlebot3_msgs/msg/detail/sensor_state__builder.hpp
[1.081s] -- Up-to-date: /ros_ws/install/turtlebot3_msgs/include/turtlebot3_msgs/turtlebot3_msgs/msg/detail/version_info__struct.hpp
[1.081s] -- Up-to-date: /ros_ws/install/turtlebot3_msgs/include/turtlebot3_msgs/turtlebot3_msgs/msg/detail/sensor_state__struct.hpp
[1.081s] -- Up-to-date: /ros_ws/install/turtlebot3_msgs/include/turtlebot3_msgs/turtlebot3_msgs/msg/detail/sound__struct.hpp
[1.082s] -- Up-to-date: /ros_ws/install/turtlebot3_msgs/include/turtlebot3_msgs/turtlebot3_msgs/msg/detail/sound__traits.hpp
[1.082s] -- Up-to-date: /ros_ws/install/turtlebot3_msgs/include/turtlebot3_msgs/turtlebot3_msgs/msg/detail/version_info__traits.hpp
[1.082s] -- Up-to-date: /ros_ws/install/turtlebot3_msgs/include/turtlebot3_msgs/turtlebot3_msgs/msg/detail/version_info__builder.hpp
[1.086s] -- Up-to-date: /ros_ws/install/turtlebot3_msgs/include/turtlebot3_msgs/turtlebot3_msgs/msg/detail/sensor_state__type_support.hpp
[1.087s] -- Up-to-date: /ros_ws/install/turtlebot3_msgs/include/turtlebot3_msgs/turtlebot3_msgs/msg/detail/version_info__type_support.hpp
[1.087s] -- Up-to-date: /ros_ws/install/turtlebot3_msgs/include/turtlebot3_msgs/turtlebot3_msgs/msg/detail/sound__type_support.hpp
[1.087s] -- Up-to-date: /ros_ws/install/turtlebot3_msgs/include/turtlebot3_msgs/turtlebot3_msgs/msg/detail/sound__builder.hpp
[1.088s] -- Up-to-date: /ros_ws/install/turtlebot3_msgs/include/turtlebot3_msgs/turtlebot3_msgs/msg/detail/sensor_state__traits.hpp
[1.088s] -- Up-to-date: /ros_ws/install/turtlebot3_msgs/include/turtlebot3_msgs/turtlebot3_msgs/action
[1.088s] -- Up-to-date: /ros_ws/install/turtlebot3_msgs/include/turtlebot3_msgs/turtlebot3_msgs/action/patrol.hpp
[1.089s] -- Up-to-date: /ros_ws/install/turtlebot3_msgs/include/turtlebot3_msgs/turtlebot3_msgs/action/detail
[1.089s] -- Up-to-date: /ros_ws/install/turtlebot3_msgs/include/turtlebot3_msgs/turtlebot3_msgs/action/detail/patrol__builder.hpp
[1.090s] -- Up-to-date: /ros_ws/install/turtlebot3_msgs/include/turtlebot3_msgs/turtlebot3_msgs/action/detail/patrol__struct.hpp
[1.090s] -- Up-to-date: /ros_ws/install/turtlebot3_msgs/include/turtlebot3_msgs/turtlebot3_msgs/action/detail/patrol__type_support.hpp
[1.092s] -- Up-to-date: /ros_ws/install/turtlebot3_msgs/include/turtlebot3_msgs/turtlebot3_msgs/action/detail/patrol__traits.hpp
[1.092s] -- Up-to-date: /ros_ws/install/turtlebot3_msgs/include/turtlebot3_msgs/turtlebot3_msgs
[1.093s] -- Up-to-date: /ros_ws/install/turtlebot3_msgs/include/turtlebot3_msgs/turtlebot3_msgs/srv
[1.093s] -- Up-to-date: /ros_ws/install/turtlebot3_msgs/include/turtlebot3_msgs/turtlebot3_msgs/srv/detail
[1.094s] -- Up-to-date: /ros_ws/install/turtlebot3_msgs/include/turtlebot3_msgs/turtlebot3_msgs/srv/detail/dds_fastrtps
[1.094s] -- Up-to-date: /ros_ws/install/turtlebot3_msgs/include/turtlebot3_msgs/turtlebot3_msgs/srv/detail/sound__rosidl_typesupport_fastrtps_cpp.hpp
[1.095s] -- Up-to-date: /ros_ws/install/turtlebot3_msgs/include/turtlebot3_msgs/turtlebot3_msgs/srv/detail/goal__rosidl_typesupport_fastrtps_cpp.hpp
[1.095s] -- Up-to-date: /ros_ws/install/turtlebot3_msgs/include/turtlebot3_msgs/turtlebot3_msgs/srv/detail/dqn__rosidl_typesupport_fastrtps_cpp.hpp
[1.096s] -- Up-to-date: /ros_ws/install/turtlebot3_msgs/include/turtlebot3_msgs/turtlebot3_msgs/msg
[1.099s] -- Up-to-date: /ros_ws/install/turtlebot3_msgs/include/turtlebot3_msgs/turtlebot3_msgs/msg/rosidl_typesupport_fastrtps_cpp__visibility_control.h
[1.100s] -- Up-to-date: /ros_ws/install/turtlebot3_msgs/include/turtlebot3_msgs/turtlebot3_msgs/msg/detail
[1.100s] -- Up-to-date: /ros_ws/install/turtlebot3_msgs/include/turtlebot3_msgs/turtlebot3_msgs/msg/detail/dds_fastrtps
[1.100s] -- Up-to-date: /ros_ws/install/turtlebot3_msgs/include/turtlebot3_msgs/turtlebot3_msgs/msg/detail/version_info__rosidl_typesupport_fastrtps_cpp.hpp
[1.100s] -- Up-to-date: /ros_ws/install/turtlebot3_msgs/include/turtlebot3_msgs/turtlebot3_msgs/msg/detail/sound__rosidl_typesupport_fastrtps_cpp.hpp
[1.100s] -- Up-to-date: /ros_ws/install/turtlebot3_msgs/include/turtlebot3_msgs/turtlebot3_msgs/msg/detail/sensor_state__rosidl_typesupport_fastrtps_cpp.hpp
[1.101s] -- Up-to-date: /ros_ws/install/turtlebot3_msgs/include/turtlebot3_msgs/turtlebot3_msgs/action
[1.102s] -- Up-to-date: /ros_ws/install/turtlebot3_msgs/include/turtlebot3_msgs/turtlebot3_msgs/action/detail
[1.102s] -- Up-to-date: /ros_ws/install/turtlebot3_msgs/include/turtlebot3_msgs/turtlebot3_msgs/action/detail/dds_fastrtps
[1.102s] -- Up-to-date: /ros_ws/install/turtlebot3_msgs/include/turtlebot3_msgs/turtlebot3_msgs/action/detail/patrol__rosidl_typesupport_fastrtps_cpp.hpp
[1.102s] -- Up-to-date: /ros_ws/install/turtlebot3_msgs/lib/libturtlebot3_msgs__rosidl_typesupport_fastrtps_cpp.so
[1.102s] -- Up-to-date: /ros_ws/install/turtlebot3_msgs/include/turtlebot3_msgs/turtlebot3_msgs
[1.102s] -- Up-to-date: /ros_ws/install/turtlebot3_msgs/include/turtlebot3_msgs/turtlebot3_msgs/srv
[1.102s] -- Up-to-date: /ros_ws/install/turtlebot3_msgs/include/turtlebot3_msgs/turtlebot3_msgs/srv/detail
[1.102s] -- Up-to-date: /ros_ws/install/turtlebot3_msgs/include/turtlebot3_msgs/turtlebot3_msgs/srv/detail/dqn__rosidl_typesupport_introspection_c.h
[1.102s] -- Up-to-date: /ros_ws/install/turtlebot3_msgs/include/turtlebot3_msgs/turtlebot3_msgs/srv/detail/goal__rosidl_typesupport_introspection_c.h
[1.103s] -- Installing: /ros_ws/install/turtlebot3_msgs/include/turtlebot3_msgs/turtlebot3_msgs/srv/detail/dqn__type_support.c
[1.103s] -- Up-to-date: /ros_ws/install/turtlebot3_msgs/include/turtlebot3_msgs/turtlebot3_msgs/srv/detail/sound__rosidl_typesupport_introspection_c.h
[1.103s] -- Installing: /ros_ws/install/turtlebot3_msgs/include/turtlebot3_msgs/turtlebot3_msgs/srv/detail/sound__type_support.c
[1.103s] -- Installing: /ros_ws/install/turtlebot3_msgs/include/turtlebot3_msgs/turtlebot3_msgs/srv/detail/goal__type_support.c
[1.103s] -- Up-to-date: /ros_ws/install/turtlebot3_msgs/include/turtlebot3_msgs/turtlebot3_msgs/msg
[1.103s] -- Up-to-date: /ros_ws/install/turtlebot3_msgs/include/turtlebot3_msgs/turtlebot3_msgs/msg/detail
[1.103s] -- Up-to-date: /ros_ws/install/turtlebot3_msgs/include/turtlebot3_msgs/turtlebot3_msgs/msg/detail/sensor_state__rosidl_typesupport_introspection_c.h
[1.103s] -- Installing: /ros_ws/install/turtlebot3_msgs/include/turtlebot3_msgs/turtlebot3_msgs/msg/detail/sensor_state__type_support.c
[1.103s] -- Up-to-date: /ros_ws/install/turtlebot3_msgs/include/turtlebot3_msgs/turtlebot3_msgs/msg/detail/version_info__rosidl_typesupport_introspection_c.h
[1.104s] -- Up-to-date: /ros_ws/install/turtlebot3_msgs/include/turtlebot3_msgs/turtlebot3_msgs/msg/detail/sound__rosidl_typesupport_introspection_c.h
[1.104s] -- Installing: /ros_ws/install/turtlebot3_msgs/include/turtlebot3_msgs/turtlebot3_msgs/msg/detail/sound__type_support.c
[1.104s] -- Installing: /ros_ws/install/turtlebot3_msgs/include/turtlebot3_msgs/turtlebot3_msgs/msg/detail/version_info__type_support.c
[1.104s] -- Up-to-date: /ros_ws/install/turtlebot3_msgs/include/turtlebot3_msgs/turtlebot3_msgs/msg/rosidl_typesupport_introspection_c__visibility_control.h
[1.104s] -- Up-to-date: /ros_ws/install/turtlebot3_msgs/include/turtlebot3_msgs/turtlebot3_msgs/action
[1.104s] -- Up-to-date: /ros_ws/install/turtlebot3_msgs/include/turtlebot3_msgs/turtlebot3_msgs/action/detail
[1.105s] -- Up-to-date: /ros_ws/install/turtlebot3_msgs/include/turtlebot3_msgs/turtlebot3_msgs/action/detail/patrol__rosidl_typesupport_introspection_c.h
[1.105s] -- Installing: /ros_ws/install/turtlebot3_msgs/include/turtlebot3_msgs/turtlebot3_msgs/action/detail/patrol__type_support.c
[1.163s] -- Up-to-date: /ros_ws/install/turtlebot3_msgs/lib/libturtlebot3_msgs__rosidl_typesupport_introspection_c.so
[1.163s] -- Up-to-date: /ros_ws/install/turtlebot3_msgs/lib/libturtlebot3_msgs__rosidl_typesupport_c.so
[1.164s] -- Up-to-date: /ros_ws/install/turtlebot3_msgs/include/turtlebot3_msgs/turtlebot3_msgs
[1.164s] -- Up-to-date: /ros_ws/install/turtlebot3_msgs/include/turtlebot3_msgs/turtlebot3_msgs/srv
[1.164s] -- Up-to-date: /ros_ws/install/turtlebot3_msgs/include/turtlebot3_msgs/turtlebot3_msgs/srv/detail
[1.164s] -- Up-to-date: /ros_ws/install/turtlebot3_msgs/include/turtlebot3_msgs/turtlebot3_msgs/srv/detail/dqn__rosidl_typesupport_introspection_cpp.hpp
[1.164s] -- Up-to-date: /ros_ws/install/turtlebot3_msgs/include/turtlebot3_msgs/turtlebot3_msgs/srv/detail/goal__rosidl_typesupport_introspection_cpp.hpp
[1.164s] -- Up-to-date: /ros_ws/install/turtlebot3_msgs/include/turtlebot3_msgs/turtlebot3_msgs/srv/detail/dqn__type_support.cpp
[1.164s] -- Up-to-date: /ros_ws/install/turtlebot3_msgs/include/turtlebot3_msgs/turtlebot3_msgs/srv/detail/goal__type_support.cpp
[1.164s] -- Up-to-date: /ros_ws/install/turtlebot3_msgs/include/turtlebot3_msgs/turtlebot3_msgs/srv/detail/sound__rosidl_typesupport_introspection_cpp.hpp
[1.164s] -- Up-to-date: /ros_ws/install/turtlebot3_msgs/include/turtlebot3_msgs/turtlebot3_msgs/srv/detail/sound__type_support.cpp
[1.164s] -- Up-to-date: /ros_ws/install/turtlebot3_msgs/include/turtlebot3_msgs/turtlebot3_msgs/msg
[1.165s] -- Up-to-date: /ros_ws/install/turtlebot3_msgs/include/turtlebot3_msgs/turtlebot3_msgs/msg/detail
[1.165s] -- Up-to-date: /ros_ws/install/turtlebot3_msgs/include/turtlebot3_msgs/turtlebot3_msgs/msg/detail/sensor_state__type_support.cpp
[1.165s] -- Up-to-date: /ros_ws/install/turtlebot3_msgs/include/turtlebot3_msgs/turtlebot3_msgs/msg/detail/sensor_state__rosidl_typesupport_introspection_cpp.hpp
[1.165s] -- Up-to-date: /ros_ws/install/turtlebot3_msgs/include/turtlebot3_msgs/turtlebot3_msgs/msg/detail/version_info__type_support.cpp
[1.165s] -- Up-to-date: /ros_ws/install/turtlebot3_msgs/include/turtlebot3_msgs/turtlebot3_msgs/msg/detail/version_info__rosidl_typesupport_introspection_cpp.hpp
[1.165s] -- Up-to-date: /ros_ws/install/turtlebot3_msgs/include/turtlebot3_msgs/turtlebot3_msgs/msg/detail/sound__rosidl_typesupport_introspection_cpp.hpp
[1.165s] -- Up-to-date: /ros_ws/install/turtlebot3_msgs/include/turtlebot3_msgs/turtlebot3_msgs/msg/detail/sound__type_support.cpp
[1.165s] -- Up-to-date: /ros_ws/install/turtlebot3_msgs/include/turtlebot3_msgs/turtlebot3_msgs/action
[1.165s] -- Up-to-date: /ros_ws/install/turtlebot3_msgs/include/turtlebot3_msgs/turtlebot3_msgs/action/detail
[1.165s] -- Up-to-date: /ros_ws/install/turtlebot3_msgs/include/turtlebot3_msgs/turtlebot3_msgs/action/detail/patrol__rosidl_typesupport_introspection_cpp.hpp
[1.166s] -- Up-to-date: /ros_ws/install/turtlebot3_msgs/include/turtlebot3_msgs/turtlebot3_msgs/action/detail/patrol__type_support.cpp
[1.166s] -- Up-to-date: /ros_ws/install/turtlebot3_msgs/lib/libturtlebot3_msgs__rosidl_typesupport_introspection_cpp.so
[1.166s] -- Up-to-date: /ros_ws/install/turtlebot3_msgs/lib/libturtlebot3_msgs__rosidl_typesupport_cpp.so
[1.177s] -- Up-to-date: /ros_ws/install/turtlebot3_msgs/share/turtlebot3_msgs/environment/pythonpath.sh
[1.177s] -- Up-to-date: /ros_ws/install/turtlebot3_msgs/share/turtlebot3_msgs/environment/pythonpath.dsv
[1.177s] -- Up-to-date: /ros_ws/install/turtlebot3_msgs/lib/python3.12/site-packages/turtlebot3_msgs-2.4.0-py3.12.egg-info
[1.177s] -- Installing: /ros_ws/install/turtlebot3_msgs/lib/python3.12/site-packages/turtlebot3_msgs-2.4.0-py3.12.egg-info/PKG-INFO
[1.177s] -- Installing: /ros_ws/install/turtlebot3_msgs/lib/python3.12/site-packages/turtlebot3_msgs-2.4.0-py3.12.egg-info/dependency_links.txt
[1.177s] -- Installing: /ros_ws/install/turtlebot3_msgs/lib/python3.12/site-packages/turtlebot3_msgs-2.4.0-py3.12.egg-info/SOURCES.txt
[1.178s] -- Installing: /ros_ws/install/turtlebot3_msgs/lib/python3.12/site-packages/turtlebot3_msgs-2.4.0-py3.12.egg-info/top_level.txt
[1.179s] -- Up-to-date: /ros_ws/install/turtlebot3_msgs/lib/python3.12/site-packages/turtlebot3_msgs
[1.179s] -- Up-to-date: /ros_ws/install/turtlebot3_msgs/lib/python3.12/site-packages/turtlebot3_msgs/_turtlebot3_msgs_s.ep.rosidl_typesupport_c.c
[1.179s] -- Up-to-date: /ros_ws/install/turtlebot3_msgs/lib/python3.12/site-packages/turtlebot3_msgs/__init__.py
[1.179s] -- Up-to-date: /ros_ws/install/turtlebot3_msgs/lib/python3.12/site-packages/turtlebot3_msgs/_turtlebot3_msgs_s.ep.rosidl_typesupport_introspection_c.c
[1.180s] -- Up-to-date: /ros_ws/install/turtlebot3_msgs/lib/python3.12/site-packages/turtlebot3_msgs/turtlebot3_msgs_s__rosidl_typesupport_fastrtps_c.so
[1.180s] -- Up-to-date: /ros_ws/install/turtlebot3_msgs/lib/python3.12/site-packages/turtlebot3_msgs/srv
[1.180s] -- Up-to-date: /ros_ws/install/turtlebot3_msgs/lib/python3.12/site-packages/turtlebot3_msgs/srv/_dqn.py
[1.181s] -- Up-to-date: /ros_ws/install/turtlebot3_msgs/lib/python3.12/site-packages/turtlebot3_msgs/srv/_sound.py
[1.181s] -- Up-to-date: /ros_ws/install/turtlebot3_msgs/lib/python3.12/site-packages/turtlebot3_msgs/srv/_sound_s.c
[1.181s] -- Up-to-date: /ros_ws/install/turtlebot3_msgs/lib/python3.12/site-packages/turtlebot3_msgs/srv/__init__.py
[1.182s] -- Up-to-date: /ros_ws/install/turtlebot3_msgs/lib/python3.12/site-packages/turtlebot3_msgs/srv/_goal_s.c
[1.182s] -- Up-to-date: /ros_ws/install/turtlebot3_msgs/lib/python3.12/site-packages/turtlebot3_msgs/srv/_goal.py
[1.182s] -- Up-to-date: /ros_ws/install/turtlebot3_msgs/lib/python3.12/site-packages/turtlebot3_msgs/srv/_dqn_s.c
[1.182s] -- Up-to-date: /ros_ws/install/turtlebot3_msgs/lib/python3.12/site-packages/turtlebot3_msgs/msg
[1.182s] -- Up-to-date: /ros_ws/install/turtlebot3_msgs/lib/python3.12/site-packages/turtlebot3_msgs/msg/_version_info.py
[1.182s] -- Up-to-date: /ros_ws/install/turtlebot3_msgs/lib/python3.12/site-packages/turtlebot3_msgs/msg/_sound.py
[1.182s] -- Up-to-date: /ros_ws/install/turtlebot3_msgs/lib/python3.12/site-packages/turtlebot3_msgs/msg/_sound_s.c
[1.182s] -- Up-to-date: /ros_ws/install/turtlebot3_msgs/lib/python3.12/site-packages/turtlebot3_msgs/msg/__init__.py
[1.183s] -- Up-to-date: /ros_ws/install/turtlebot3_msgs/lib/python3.12/site-packages/turtlebot3_msgs/msg/_version_info_s.c
[1.183s] -- Up-to-date: /ros_ws/install/turtlebot3_msgs/lib/python3.12/site-packages/turtlebot3_msgs/msg/_sensor_state_s.c
[1.183s] -- Up-to-date: /ros_ws/install/turtlebot3_msgs/lib/python3.12/site-packages/turtlebot3_msgs/msg/_sensor_state.py
[1.183s] -- Up-to-date: /ros_ws/install/turtlebot3_msgs/lib/python3.12/site-packages/turtlebot3_msgs/turtlebot3_msgs_s__rosidl_typesupport_c.so
[1.183s] -- Up-to-date: /ros_ws/install/turtlebot3_msgs/lib/python3.12/site-packages/turtlebot3_msgs/_turtlebot3_msgs_s.ep.rosidl_typesupport_fastrtps_c.c
[1.183s] -- Up-to-date: /ros_ws/install/turtlebot3_msgs/lib/python3.12/site-packages/turtlebot3_msgs/action
[1.183s] -- Up-to-date: /ros_ws/install/turtlebot3_msgs/lib/python3.12/site-packages/turtlebot3_msgs/action/__init__.py
[1.183s] -- Up-to-date: /ros_ws/install/turtlebot3_msgs/lib/python3.12/site-packages/turtlebot3_msgs/action/_patrol_s.c
[1.183s] -- Up-to-date: /ros_ws/install/turtlebot3_msgs/lib/python3.12/site-packages/turtlebot3_msgs/action/_patrol.py
[1.184s] -- Up-to-date: /ros_ws/install/turtlebot3_msgs/lib/python3.12/site-packages/turtlebot3_msgs/turtlebot3_msgs_s__rosidl_typesupport_introspection_c.so
[1.278s] Listing '/ros_ws/install/turtlebot3_msgs/lib/python3.12/site-packages/turtlebot3_msgs'...
[1.278s] Listing '/ros_ws/install/turtlebot3_msgs/lib/python3.12/site-packages/turtlebot3_msgs/action'...
[1.278s] Listing '/ros_ws/install/turtlebot3_msgs/lib/python3.12/site-packages/turtlebot3_msgs/msg'...
[1.278s] Listing '/ros_ws/install/turtlebot3_msgs/lib/python3.12/site-packages/turtlebot3_msgs/srv'...
[1.287s] -- Up-to-date: /ros_ws/install/turtlebot3_msgs/lib/python3.12/site-packages/turtlebot3_msgs/turtlebot3_msgs_s__rosidl_typesupport_fastrtps_c.so
[1.299s] -- Up-to-date: /ros_ws/install/turtlebot3_msgs/lib/python3.12/site-packages/turtlebot3_msgs/turtlebot3_msgs_s__rosidl_typesupport_introspection_c.so
[1.299s] -- Up-to-date: /ros_ws/install/turtlebot3_msgs/lib/python3.12/site-packages/turtlebot3_msgs/turtlebot3_msgs_s__rosidl_typesupport_c.so
[1.300s] -- Up-to-date: /ros_ws/install/turtlebot3_msgs/lib/libturtlebot3_msgs__rosidl_generator_py.so
[1.300s] -- Up-to-date: /ros_ws/install/turtlebot3_msgs/share/ament_index/resource_index/rust_packages/turtlebot3_msgs
[1.300s] -- Up-to-date: /ros_ws/install/turtlebot3_msgs/share/turtlebot3_msgs/rust
[1.301s] -- Up-to-date: /ros_ws/install/turtlebot3_msgs/share/turtlebot3_msgs/rust/build.rs
[1.301s] -- Up-to-date: /ros_ws/install/turtlebot3_msgs/share/turtlebot3_msgs/rust/src
[1.301s] -- Up-to-date: /ros_ws/install/turtlebot3_msgs/share/turtlebot3_msgs/rust/src/srv
[1.302s] -- Up-to-date: /ros_ws/install/turtlebot3_msgs/share/turtlebot3_msgs/rust/src/srv/rmw.rs
[1.302s] -- Up-to-date: /ros_ws/install/turtlebot3_msgs/share/turtlebot3_msgs/rust/src/lib.rs
[1.302s] -- Up-to-date: /ros_ws/install/turtlebot3_msgs/share/turtlebot3_msgs/rust/src/msg
[1.302s] -- Up-to-date: /ros_ws/install/turtlebot3_msgs/share/turtlebot3_msgs/rust/src/msg/rmw.rs
[1.302s] -- Up-to-date: /ros_ws/install/turtlebot3_msgs/share/turtlebot3_msgs/rust/src/srv.rs
[1.302s] -- Up-to-date: /ros_ws/install/turtlebot3_msgs/share/turtlebot3_msgs/rust/src/action
[1.302s] -- Up-to-date: /ros_ws/install/turtlebot3_msgs/share/turtlebot3_msgs/rust/src/action/rmw.rs
[1.303s] -- Up-to-date: /ros_ws/install/turtlebot3_msgs/share/turtlebot3_msgs/rust/src/msg.rs
[1.303s] -- Up-to-date: /ros_ws/install/turtlebot3_msgs/share/turtlebot3_msgs/rust/src/action.rs
[1.303s] -- Up-to-date: /ros_ws/install/turtlebot3_msgs/share/turtlebot3_msgs/rust/Cargo.toml
[1.303s] -- Up-to-date: /ros_ws/install/turtlebot3_msgs/share/turtlebot3_msgs/msg/SensorState.idl
[1.303s] -- Up-to-date: /ros_ws/install/turtlebot3_msgs/share/turtlebot3_msgs/msg/Sound.idl
[1.303s] -- Up-to-date: /ros_ws/install/turtlebot3_msgs/share/turtlebot3_msgs/msg/VersionInfo.idl
[1.303s] -- Up-to-date: /ros_ws/install/turtlebot3_msgs/share/turtlebot3_msgs/srv/Sound.idl
[1.303s] -- Up-to-date: /ros_ws/install/turtlebot3_msgs/share/turtlebot3_msgs/srv/Dqn.idl
[1.303s] -- Up-to-date: /ros_ws/install/turtlebot3_msgs/share/turtlebot3_msgs/srv/Goal.idl
[1.304s] -- Up-to-date: /ros_ws/install/turtlebot3_msgs/share/turtlebot3_msgs/action/Patrol.idl
[1.304s] -- Up-to-date: /ros_ws/install/turtlebot3_msgs/share/turtlebot3_msgs/msg/SensorState.msg
[1.304s] -- Up-to-date: /ros_ws/install/turtlebot3_msgs/share/turtlebot3_msgs/msg/Sound.msg
[1.304s] -- Up-to-date: /ros_ws/install/turtlebot3_msgs/share/turtlebot3_msgs/msg/VersionInfo.msg
[1.304s] -- Up-to-date: /ros_ws/install/turtlebot3_msgs/share/turtlebot3_msgs/srv/Sound.srv
[1.304s] -- Up-to-date: /ros_ws/install/turtlebot3_msgs/share/turtlebot3_msgs/srv/Dqn.srv
[1.304s] -- Up-to-date: /ros_ws/install/turtlebot3_msgs/share/turtlebot3_msgs/srv/Goal.srv
[1.304s] -- Up-to-date: /ros_ws/install/turtlebot3_msgs/share/turtlebot3_msgs/action/Patrol.action
[1.304s] -- Up-to-date: /ros_ws/install/turtlebot3_msgs/share/ament_index/resource_index/package_run_dependencies/turtlebot3_msgs
[1.305s] -- Up-to-date: /ros_ws/install/turtlebot3_msgs/share/ament_index/resource_index/parent_prefix_path/turtlebot3_msgs
[1.305s] -- Up-to-date: /ros_ws/install/turtlebot3_msgs/share/turtlebot3_msgs/environment/ament_prefix_path.sh
[1.305s] -- Up-to-date: /ros_ws/install/turtlebot3_msgs/share/turtlebot3_msgs/environment/ament_prefix_path.dsv
[1.305s] -- Up-to-date: /ros_ws/install/turtlebot3_msgs/share/turtlebot3_msgs/environment/path.sh
[1.305s] -- Up-to-date: /ros_ws/install/turtlebot3_msgs/share/turtlebot3_msgs/environment/path.dsv
[1.306s] -- Up-to-date: /ros_ws/install/turtlebot3_msgs/share/turtlebot3_msgs/local_setup.bash
[1.306s] -- Up-to-date: /ros_ws/install/turtlebot3_msgs/share/turtlebot3_msgs/local_setup.sh
[1.307s] -- Up-to-date: /ros_ws/install/turtlebot3_msgs/share/turtlebot3_msgs/local_setup.zsh
[1.307s] -- Up-to-date: /ros_ws/install/turtlebot3_msgs/share/turtlebot3_msgs/local_setup.dsv
[1.308s] -- Installing: /ros_ws/install/turtlebot3_msgs/share/turtlebot3_msgs/package.dsv
[1.308s] -- Up-to-date: /ros_ws/install/turtlebot3_msgs/share/ament_index/resource_index/packages/turtlebot3_msgs
[1.308s] -- Up-to-date: /ros_ws/install/turtlebot3_msgs/share/turtlebot3_msgs/cmake/export_turtlebot3_msgs__rosidl_generator_cExport.cmake
[1.309s] -- Up-to-date: /ros_ws/install/turtlebot3_msgs/share/turtlebot3_msgs/cmake/export_turtlebot3_msgs__rosidl_generator_cExport-noconfig.cmake
[1.309s] -- Up-to-date: /ros_ws/install/turtlebot3_msgs/share/turtlebot3_msgs/cmake/export_turtlebot3_msgs__rosidl_typesupport_fastrtps_cExport.cmake
[1.310s] -- Up-to-date: /ros_ws/install/turtlebot3_msgs/share/turtlebot3_msgs/cmake/export_turtlebot3_msgs__rosidl_typesupport_fastrtps_cExport-noconfig.cmake
[1.311s] -- Up-to-date: /ros_ws/install/turtlebot3_msgs/share/turtlebot3_msgs/cmake/export_turtlebot3_msgs__rosidl_generator_cppExport.cmake
[1.312s] -- Up-to-date: /ros_ws/install/turtlebot3_msgs/share/turtlebot3_msgs/cmake/export_turtlebot3_msgs__rosidl_typesupport_fastrtps_cppExport.cmake
[1.312s] -- Up-to-date: /ros_ws/install/turtlebot3_msgs/share/turtlebot3_msgs/cmake/export_turtlebot3_msgs__rosidl_typesupport_fastrtps_cppExport-noconfig.cmake
[1.312s] -- Up-to-date: /ros_ws/install/turtlebot3_msgs/share/turtlebot3_msgs/cmake/turtlebot3_msgs__rosidl_typesupport_introspection_cExport.cmake
[1.312s] -- Up-to-date: /ros_ws/install/turtlebot3_msgs/share/turtlebot3_msgs/cmake/turtlebot3_msgs__rosidl_typesupport_introspection_cExport-noconfig.cmake
[1.313s] -- Up-to-date: /ros_ws/install/turtlebot3_msgs/share/turtlebot3_msgs/cmake/turtlebot3_msgs__rosidl_typesupport_cExport.cmake
[1.313s] -- Up-to-date: /ros_ws/install/turtlebot3_msgs/share/turtlebot3_msgs/cmake/turtlebot3_msgs__rosidl_typesupport_cExport-noconfig.cmake
[1.313s] -- Up-to-date: /ros_ws/install/turtlebot3_msgs/share/turtlebot3_msgs/cmake/turtlebot3_msgs__rosidl_typesupport_introspection_cppExport.cmake
[1.313s] -- Up-to-date: /ros_ws/install/turtlebot3_msgs/share/turtlebot3_msgs/cmake/turtlebot3_msgs__rosidl_typesupport_introspection_cppExport-noconfig.cmake
[1.313s] -- Up-to-date: /ros_ws/install/turtlebot3_msgs/share/turtlebot3_msgs/cmake/turtlebot3_msgs__rosidl_typesupport_cppExport.cmake
[1.313s] -- Up-to-date: /ros_ws/install/turtlebot3_msgs/share/turtlebot3_msgs/cmake/turtlebot3_msgs__rosidl_typesupport_cppExport-noconfig.cmake
[1.313s] -- Up-to-date: /ros_ws/install/turtlebot3_msgs/share/turtlebot3_msgs/cmake/export_turtlebot3_msgs__rosidl_generator_pyExport.cmake
[1.313s] -- Up-to-date: /ros_ws/install/turtlebot3_msgs/share/turtlebot3_msgs/cmake/export_turtlebot3_msgs__rosidl_generator_pyExport-noconfig.cmake
[1.313s] -- Up-to-date: /ros_ws/install/turtlebot3_msgs/share/turtlebot3_msgs/cmake/rosidl_cmake-extras.cmake
[1.313s] -- Up-to-date: /ros_ws/install/turtlebot3_msgs/share/turtlebot3_msgs/cmake/ament_cmake_export_dependencies-extras.cmake
[1.313s] -- Up-to-date: /ros_ws/install/turtlebot3_msgs/share/turtlebot3_msgs/cmake/ament_cmake_export_include_directories-extras.cmake
[1.314s] -- Up-to-date: /ros_ws/install/turtlebot3_msgs/share/turtlebot3_msgs/cmake/ament_cmake_export_libraries-extras.cmake
[1.314s] -- Up-to-date: /ros_ws/install/turtlebot3_msgs/share/turtlebot3_msgs/cmake/ament_cmake_export_targets-extras.cmake
[1.314s] -- Up-to-date: /ros_ws/install/turtlebot3_msgs/share/turtlebot3_msgs/cmake/rosidl_cmake_export_typesupport_targets-extras.cmake
[1.314s] -- Up-to-date: /ros_ws/install/turtlebot3_msgs/share/turtlebot3_msgs/cmake/rosidl_cmake_export_typesupport_libraries-extras.cmake
[1.314s] -- Up-to-date: /ros_ws/install/turtlebot3_msgs/share/turtlebot3_msgs/cmake/rosidl_cmake_aggregate_target-extras.cmake
[1.315s] -- Up-to-date: /ros_ws/install/turtlebot3_msgs/share/turtlebot3_msgs/cmake/turtlebot3_msgsConfig.cmake
[1.315s] -- Up-to-date: /ros_ws/install/turtlebot3_msgs/share/turtlebot3_msgs/cmake/turtlebot3_msgsConfig-version.cmake
[1.316s] -- Up-to-date: /ros_ws/install/turtlebot3_msgs/share/turtlebot3_msgs/package.xml
[1.450s] Invoked command in '/ros_ws/build/turtlebot3_msgs' returned '0': CMAKE_PREFIX_PATH=${CMAKE_PREFIX_PATH}:/ros_ws/install/turtlebot_logic:/ros_ws/install/turtlebot3_teleop:/ros_ws/install/turtlebot3_example:/opt/ros/jazzy /usr/bin/cmake --install /ros_ws/build/turtlebot3_msgs
