-- The C compiler identification is GNU 13.3.0
-- The CXX compiler identification is GNU 13.3.0
-- Detecting C compiler ABI info
-- Detecting C compiler ABI info - done
-- Check for working C compiler: /usr/bin/cc - skipped
-- Detecting C compile features
-- Detecting C compile features - done
-- Detecting CXX compiler ABI info
-- Detecting CXX compiler ABI info - done
-- Check for working CXX compiler: /usr/bin/c++ - skipped
-- Detecting CXX compile features
-- Detecting CXX compile features - done
-- Found ament_cmake: 2.5.6 (/opt/ros/jazzy/share/ament_cmake/cmake)
-- Found Python3: /usr/bin/python3 (found version "3.12.3") found components: Interpreter 
-- Found ament_lint_auto: 0.17.5 (/opt/ros/jazzy/share/ament_lint_auto/cmake)
-- Added test 'flake8' to check Python code syntax and style conventions
-- Configured 'flake8' exclude dirs and/or files: 
-- Added test 'lint_cmake' to check CMake code style
-- Added test 'pep257' to check Python code against some of the docstring style conventions in PEP 257
-- Added test 'xmllint' to check XML markup files
-- Configuring done (1.7s)
-- Generating done (0.0s)
-- Build files have been written to: /ros_ws/build/turtlebot_maze
-- Install configuration: ""
-- Installing: /ros_ws/install/turtlebot_maze/share/turtlebot_maze/launch
-- Installing: /ros_ws/install/turtlebot_maze/share/turtlebot_maze/launch/maze_sim.launch.py
-- Installing: /ros_ws/install/turtlebot_maze/share/turtlebot_maze/models
-- Installing: /ros_ws/install/turtlebot_maze/share/turtlebot_maze/models/aruco_textures
-- Installing: /ros_ws/install/turtlebot_maze/share/turtlebot_maze/models/aruco_textures/marker_4.png.svg
-- Installing: /ros_ws/install/turtlebot_maze/share/turtlebot_maze/models/aruco_textures/marker_1.png.svg:Zone.Identifier
-- Installing: /ros_ws/install/turtlebot_maze/share/turtlebot_maze/models/aruco_textures/marker_8.png.svg:Zone.Identifier
-- Installing: /ros_ws/install/turtlebot_maze/share/turtlebot_maze/models/aruco_textures/marker_3.png.svg
-- Installing: /ros_ws/install/turtlebot_maze/share/turtlebot_maze/models/aruco_textures/marker_9.png.svg
-- Installing: /ros_ws/install/turtlebot_maze/share/turtlebot_maze/models/aruco_textures/marker_1.png.svg
-- Installing: /ros_ws/install/turtlebot_maze/share/turtlebot_maze/models/aruco_textures/marker_6.png.svg:Zone.Identifier
-- Installing: /ros_ws/install/turtlebot_maze/share/turtlebot_maze/models/aruco_textures/marker_2.png.svg:Zone.Identifier
-- Installing: /ros_ws/install/turtlebot_maze/share/turtlebot_maze/models/aruco_textures/marker_3.png.svg:Zone.Identifier
-- Installing: /ros_ws/install/turtlebot_maze/share/turtlebot_maze/models/aruco_textures/marker_5.png.svg:Zone.Identifier
-- Installing: /ros_ws/install/turtlebot_maze/share/turtlebot_maze/models/aruco_textures/marker_8.png.svg
-- Installing: /ros_ws/install/turtlebot_maze/share/turtlebot_maze/models/aruco_textures/marker_2.png.svg
-- Installing: /ros_ws/install/turtlebot_maze/share/turtlebot_maze/models/aruco_textures/marker_6.png.svg
-- Installing: /ros_ws/install/turtlebot_maze/share/turtlebot_maze/models/aruco_textures/marker_5.png.svg
-- Installing: /ros_ws/install/turtlebot_maze/share/turtlebot_maze/models/aruco_textures/marker_7.png.svg
-- Installing: /ros_ws/install/turtlebot_maze/share/turtlebot_maze/models/aruco_textures/marker_9.png.svg:Zone.Identifier
-- Installing: /ros_ws/install/turtlebot_maze/share/turtlebot_maze/models/aruco_textures/marker_7.png.svg:Zone.Identifier
-- Installing: /ros_ws/install/turtlebot_maze/share/turtlebot_maze/models/aruco_textures/marker_4.png.svg:Zone.Identifier
-- Installing: /ros_ws/install/turtlebot_maze/share/turtlebot_maze/worlds
-- Installing: /ros_ws/install/turtlebot_maze/share/turtlebot_maze/worlds/maze.sdf
-- Installing: /ros_ws/install/turtlebot_maze/share/ament_index/resource_index/package_run_dependencies/turtlebot_maze
-- Installing: /ros_ws/install/turtlebot_maze/share/ament_index/resource_index/parent_prefix_path/turtlebot_maze
-- Installing: /ros_ws/install/turtlebot_maze/share/turtlebot_maze/environment/ament_prefix_path.sh
-- Installing: /ros_ws/install/turtlebot_maze/share/turtlebot_maze/environment/ament_prefix_path.dsv
-- Installing: /ros_ws/install/turtlebot_maze/share/turtlebot_maze/environment/path.sh
-- Installing: /ros_ws/install/turtlebot_maze/share/turtlebot_maze/environment/path.dsv
-- Installing: /ros_ws/install/turtlebot_maze/share/turtlebot_maze/local_setup.bash
-- Installing: /ros_ws/install/turtlebot_maze/share/turtlebot_maze/local_setup.sh
-- Installing: /ros_ws/install/turtlebot_maze/share/turtlebot_maze/local_setup.zsh
-- Installing: /ros_ws/install/turtlebot_maze/share/turtlebot_maze/local_setup.dsv
-- Installing: /ros_ws/install/turtlebot_maze/share/turtlebot_maze/package.dsv
-- Installing: /ros_ws/install/turtlebot_maze/share/ament_index/resource_index/packages/turtlebot_maze
-- Installing: /ros_ws/install/turtlebot_maze/share/turtlebot_maze/cmake/turtlebot_mazeConfig.cmake
-- Installing: /ros_ws/install/turtlebot_maze/share/turtlebot_maze/cmake/turtlebot_mazeConfig-version.cmake
-- Installing: /ros_ws/install/turtlebot_maze/share/turtlebot_maze/package.xml
