[0.839s] Invoking command in '/ros_ws/build/turtlebot_maze': CMAKE_PREFIX_PATH=${CMAKE_PREFIX_PATH}:/ros_ws/install/turtlebot3_teleop:/ros_ws/install/turtlebot3_example:/opt/ros/jazzy /usr/bin/cmake /ros_ws/src/turtlebot_maze -DCMAKE_INSTALL_PREFIX=/ros_ws/install/turtlebot_maze
[1.108s] -- The C compiler identification is GNU 13.3.0
[1.298s] -- The CXX compiler identification is GNU 13.3.0
[1.340s] -- Detecting C compiler ABI info
[1.474s] -- Detecting C compiler ABI info - done
[1.486s] -- Check for working C compiler: /usr/bin/cc - skipped
[1.487s] -- Detecting C compile features
[1.488s] -- Detecting C compile features - done
[1.504s] -- Detecting CXX compiler ABI info
[1.665s] -- Detecting CXX compiler ABI info - done
[1.681s] -- Check for working CXX compiler: /usr/bin/c++ - skipped
[1.681s] -- Detecting CXX compile features
[1.682s] -- Detecting CXX compile features - done
[1.709s] -- Found ament_cmake: 2.5.6 (/opt/ros/jazzy/share/ament_cmake/cmake)
[2.015s] -- Found Python3: /usr/bin/python3 (found version "3.12.3") found components: Interpreter 
[2.293s] -- Found ament_lint_auto: 0.17.5 (/opt/ros/jazzy/share/ament_lint_auto/cmake)
[2.508s] -- Added test 'flake8' to check Python code syntax and style conventions
[2.508s] -- Configured 'flake8' exclude dirs and/or files: 
[2.512s] -- Added test 'lint_cmake' to check CMake code style
[2.517s] -- Added test 'pep257' to check Python code against some of the docstring style conventions in PEP 257
[2.521s] -- Added test 'xmllint' to check XML markup files
[2.527s] -- Configuring done (1.7s)
[2.536s] -- Generating done (0.0s)
[2.539s] -- Build files have been written to: /ros_ws/build/turtlebot_maze
[2.545s] Invoked command in '/ros_ws/build/turtlebot_maze' returned '0': CMAKE_PREFIX_PATH=${CMAKE_PREFIX_PATH}:/ros_ws/install/turtlebot3_teleop:/ros_ws/install/turtlebot3_example:/opt/ros/jazzy /usr/bin/cmake /ros_ws/src/turtlebot_maze -DCMAKE_INSTALL_PREFIX=/ros_ws/install/turtlebot_maze
[2.547s] Invoking command in '/ros_ws/build/turtlebot_maze': CMAKE_PREFIX_PATH=${CMAKE_PREFIX_PATH}:/ros_ws/install/turtlebot3_teleop:/ros_ws/install/turtlebot3_example:/opt/ros/jazzy /usr/bin/cmake --build /ros_ws/build/turtlebot_maze -- -j12 -l12
[2.623s] Invoked command in '/ros_ws/build/turtlebot_maze' returned '0': CMAKE_PREFIX_PATH=${CMAKE_PREFIX_PATH}:/ros_ws/install/turtlebot3_teleop:/ros_ws/install/turtlebot3_example:/opt/ros/jazzy /usr/bin/cmake --build /ros_ws/build/turtlebot_maze -- -j12 -l12
[2.625s] Invoking command in '/ros_ws/build/turtlebot_maze': CMAKE_PREFIX_PATH=${CMAKE_PREFIX_PATH}:/ros_ws/install/turtlebot3_teleop:/ros_ws/install/turtlebot3_example:/opt/ros/jazzy /usr/bin/cmake --install /ros_ws/build/turtlebot_maze
[2.641s] -- Install configuration: ""
[2.641s] -- Installing: /ros_ws/install/turtlebot_maze/share/turtlebot_maze/launch
[2.641s] -- Installing: /ros_ws/install/turtlebot_maze/share/turtlebot_maze/launch/maze_sim.launch.py
[2.642s] -- Installing: /ros_ws/install/turtlebot_maze/share/turtlebot_maze/models
[2.642s] -- Installing: /ros_ws/install/turtlebot_maze/share/turtlebot_maze/models/aruco_textures
[2.642s] -- Installing: /ros_ws/install/turtlebot_maze/share/turtlebot_maze/models/aruco_textures/marker_4.png.svg
[2.643s] -- Installing: /ros_ws/install/turtlebot_maze/share/turtlebot_maze/models/aruco_textures/marker_1.png.svg:Zone.Identifier
[2.643s] -- Installing: /ros_ws/install/turtlebot_maze/share/turtlebot_maze/models/aruco_textures/marker_8.png.svg:Zone.Identifier
[2.644s] -- Installing: /ros_ws/install/turtlebot_maze/share/turtlebot_maze/models/aruco_textures/marker_3.png.svg
[2.644s] -- Installing: /ros_ws/install/turtlebot_maze/share/turtlebot_maze/models/aruco_textures/marker_9.png.svg
[2.645s] -- Installing: /ros_ws/install/turtlebot_maze/share/turtlebot_maze/models/aruco_textures/marker_1.png.svg
[2.645s] -- Installing: /ros_ws/install/turtlebot_maze/share/turtlebot_maze/models/aruco_textures/marker_6.png.svg:Zone.Identifier
[2.646s] -- Installing: /ros_ws/install/turtlebot_maze/share/turtlebot_maze/models/aruco_textures/marker_2.png.svg:Zone.Identifier
[2.648s] -- Installing: /ros_ws/install/turtlebot_maze/share/turtlebot_maze/models/aruco_textures/marker_3.png.svg:Zone.Identifier
[2.649s] -- Installing: /ros_ws/install/turtlebot_maze/share/turtlebot_maze/models/aruco_textures/marker_5.png.svg:Zone.Identifier
[2.649s] -- Installing: /ros_ws/install/turtlebot_maze/share/turtlebot_maze/models/aruco_textures/marker_8.png.svg
[2.650s] -- Installing: /ros_ws/install/turtlebot_maze/share/turtlebot_maze/models/aruco_textures/marker_2.png.svg
[2.651s] -- Installing: /ros_ws/install/turtlebot_maze/share/turtlebot_maze/models/aruco_textures/marker_6.png.svg
[2.651s] -- Installing: /ros_ws/install/turtlebot_maze/share/turtlebot_maze/models/aruco_textures/marker_5.png.svg
[2.652s] -- Installing: /ros_ws/install/turtlebot_maze/share/turtlebot_maze/models/aruco_textures/marker_7.png.svg
[2.653s] -- Installing: /ros_ws/install/turtlebot_maze/share/turtlebot_maze/models/aruco_textures/marker_9.png.svg:Zone.Identifier
[2.653s] -- Installing: /ros_ws/install/turtlebot_maze/share/turtlebot_maze/models/aruco_textures/marker_7.png.svg:Zone.Identifier
[2.654s] -- Installing: /ros_ws/install/turtlebot_maze/share/turtlebot_maze/models/aruco_textures/marker_4.png.svg:Zone.Identifier
[2.654s] -- Installing: /ros_ws/install/turtlebot_maze/share/turtlebot_maze/worlds
[2.654s] -- Installing: /ros_ws/install/turtlebot_maze/share/turtlebot_maze/worlds/maze.sdf
[2.656s] -- Installing: /ros_ws/install/turtlebot_maze/share/ament_index/resource_index/package_run_dependencies/turtlebot_maze
[2.657s] -- Installing: /ros_ws/install/turtlebot_maze/share/ament_index/resource_index/parent_prefix_path/turtlebot_maze
[2.657s] -- Installing: /ros_ws/install/turtlebot_maze/share/turtlebot_maze/environment/ament_prefix_path.sh
[2.658s] -- Installing: /ros_ws/install/turtlebot_maze/share/turtlebot_maze/environment/ament_prefix_path.dsv
[2.658s] -- Installing: /ros_ws/install/turtlebot_maze/share/turtlebot_maze/environment/path.sh
[2.659s] -- Installing: /ros_ws/install/turtlebot_maze/share/turtlebot_maze/environment/path.dsv
[2.659s] -- Installing: /ros_ws/install/turtlebot_maze/share/turtlebot_maze/local_setup.bash
[2.659s] -- Installing: /ros_ws/install/turtlebot_maze/share/turtlebot_maze/local_setup.sh
[2.660s] -- Installing: /ros_ws/install/turtlebot_maze/share/turtlebot_maze/local_setup.zsh
[2.660s] -- Installing: /ros_ws/install/turtlebot_maze/share/turtlebot_maze/local_setup.dsv
[2.660s] -- Installing: /ros_ws/install/turtlebot_maze/share/turtlebot_maze/package.dsv
[2.661s] -- Installing: /ros_ws/install/turtlebot_maze/share/ament_index/resource_index/packages/turtlebot_maze
[2.662s] -- Installing: /ros_ws/install/turtlebot_maze/share/turtlebot_maze/cmake/turtlebot_mazeConfig.cmake
[2.662s] -- Installing: /ros_ws/install/turtlebot_maze/share/turtlebot_maze/cmake/turtlebot_mazeConfig-version.cmake
[2.662s] -- Installing: /ros_ws/install/turtlebot_maze/share/turtlebot_maze/package.xml
[2.667s] Invoked command in '/ros_ws/build/turtlebot_maze' returned '0': CMAKE_PREFIX_PATH=${CMAKE_PREFIX_PATH}:/ros_ws/install/turtlebot3_teleop:/ros_ws/install/turtlebot3_example:/opt/ros/jazzy /usr/bin/cmake --install /ros_ws/build/turtlebot_maze
