[0.019s] Invoking command in '/ros_ws/build/turtlebot3_gazebo': CMAKE_PREFIX_PATH=${CMAKE_PREFIX_PATH}:/ros_ws/install/turtlebot_logic:/ros_ws/install/turtlebot3_teleop:/ros_ws/install/turtlebot3_example:/opt/ros/jazzy /usr/bin/cmake --build /ros_ws/build/turtlebot3_gazebo -- -j28 -l28
[0.225s] -- Found ament_cmake: 2.5.6 (/opt/ros/jazzy/share/ament_cmake/cmake)
[0.225s] -- Found ros_gz_sim: 1.0.24 (/opt/ros/jazzy/share/ros_gz_sim/cmake)
[0.225s] -- Found rosidl_generator_c: 4.6.9 (/opt/ros/jazzy/share/rosidl_generator_c/cmake)
[0.225s] -- Found rosidl_generator_cpp: 4.6.9 (/opt/ros/jazzy/share/rosidl_generator_cpp/cmake)
[0.225s] -- Using all available rosidl_typesupport_c: rosidl_typesupport_fastrtps_c;rosidl_typesupport_introspection_c
[0.225s] -- Using all available rosidl_typesupport_cpp: rosidl_typesupport_fastrtps_cpp;rosidl_typesupport_introspection_cpp
[0.261s] -- Found rmw_implementation_cmake: 7.3.3 (/opt/ros/jazzy/share/rmw_implementation_cmake/cmake)
[0.263s] -- Found rmw_fastrtps_cpp: 8.4.4 (/opt/ros/jazzy/share/rmw_fastrtps_cpp/cmake)
[0.313s] -- Using RMW implementation 'rmw_fastrtps_cpp' as default
[0.489s] -- Found nav_msgs: 5.3.8 (/opt/ros/jazzy/share/nav_msgs/cmake)
[0.510s] -- Found sensor_msgs: 5.3.8 (/opt/ros/jazzy/share/sensor_msgs/cmake)
[0.526s] -- Found gz_math_vendor: 0.0.11 (/opt/ros/jazzy/share/gz_math_vendor/cmake)
[0.528s] -- Looking for gz-math7 -- found version 7.7.0
[0.531s] -- Searching for dependencies of gz-math7
[0.531s] -- Looking for gz-utils2 -- found version 2.2.1
[0.531s] -- Searching for dependencies of gz-utils2
[0.532s] -- Found gz_sim_vendor: 0.0.13 (/opt/ros/jazzy/share/gz_sim_vendor/cmake)
[0.541s] -- Looking for gz-sim8 -- found version 8.15.0
[0.541s] -- Searching for dependencies of gz-sim8
[0.541s] -- Looking for sdformat14 -- found version 14.9.0
[0.541s] -- Searching for dependencies of sdformat14
[0.545s] -- Checking for module 'tinyxml2'
[0.555s] --   Found tinyxml2, version 10.0.0
[0.572s] -- Looking for gz-math7 -- found version 7.7.0
[0.573s] -- Looking for gz-utils2 -- found version 2.2.1
[0.573s] -- Searching for dependencies of gz-utils2
[0.573s] -- Searching for <gz-utils2> component [cli]
[0.573s] -- Looking for gz-utils2-cli -- found version 2.2.1
[0.573s] -- Searching for dependencies of gz-utils2-cli
[0.573s] -- Looking for gz-plugin2 -- found version 2.0.4
[0.573s] -- Searching for dependencies of gz-plugin2
[0.573s] -- Looking for gz-utils2 -- found version 2.2.1
[0.573s] -- Searching for <gz-plugin2> component [loader]
[0.574s] -- Looking for gz-plugin2-loader -- found version 2.0.4
[0.574s] -- Searching for dependencies of gz-plugin2-loader
[0.574s] -- Searching for <gz-plugin2> component [register]
[0.574s] -- Looking for gz-plugin2-register -- found version 2.0.4
[0.574s] -- Searching for dependencies of gz-plugin2-register
[0.575s] -- Looking for gz-transport13 -- found version 13.6.0
[0.575s] -- Searching for dependencies of gz-transport13
[0.601s] -- Config-file not installed for ZeroMQ -- checking for pkg-config
[0.604s] -- Checking for module 'libzmq >= 4'
[0.613s] --   Found libzmq, version 4.3.5
[0.644s] -- Checking for module 'uuid'
[0.656s] --   Found uuid, version 2.39.3
[0.679s] -- Looking for gz-utils2 -- found version 2.2.1
[0.679s] -- Looking for gz-msgs10 -- found version 10.4.0
[0.680s] -- Searching for dependencies of gz-msgs10
[0.700s] -- Looking for gz-utils2 -- found version 2.2.1
[0.701s] -- Looking for gz-math7 -- found version 7.7.0
[0.706s] -- Searching for <gz-transport13> component [log]
[0.706s] -- Looking for gz-transport13-log -- found version 13.6.0
[0.706s] -- Searching for dependencies of gz-transport13-log
[0.706s] -- Searching for <gz-transport13> component [parameters]
[0.707s] -- Looking for gz-transport13-parameters -- found version 13.6.0
[0.707s] -- Searching for dependencies of gz-transport13-parameters
[0.707s] -- Looking for gz-msgs10 -- found version 10.4.0
[0.707s] -- Looking for gz-common5 -- found version 5.9.0
[0.707s] -- Searching for dependencies of gz-common5
[0.708s] -- Looking for gz-utils2 -- found version 2.2.1
[0.708s] -- Looking for dlfcn.h - found
[0.708s] -- Looking for libdl - found
[0.713s] -- Searching for <gz-common5> component [av]
[0.714s] -- Looking for gz-common5-av -- found version 5.9.0
[0.714s] -- Searching for dependencies of gz-common5-av
[0.719s] -- Checking for module 'libswscale'
[0.730s] --   Found libswscale, version 7.5.100
[0.757s] -- Checking for module 'libavdevice >= 56.4.100'
[0.767s] --   Found libavdevice, version 60.3.100
[0.804s] -- Checking for module 'libavformat'
[0.815s] --   Found libavformat, version 60.16.100
[0.839s] -- Checking for module 'libavcodec'
[0.851s] --   Found libavcodec, version 60.31.102
[0.879s] -- Checking for module 'libavutil'
[0.890s] --   Found libavutil, version 58.29.100
[0.912s] -- Searching for <gz-common5> component [events]
[0.913s] -- Looking for gz-common5-events -- found version 5.9.0
[0.913s] -- Searching for dependencies of gz-common5-events
[0.913s] -- Looking for gz-math7 -- found version 7.7.0
[0.914s] -- Searching for <gz-common5> component [graphics]
[0.914s] -- Looking for gz-common5-graphics -- found version 5.9.0
[0.914s] -- Searching for dependencies of gz-common5-graphics
[0.914s] -- Looking for gz-math7 -- found version 7.7.0
[0.917s] -- Searching for <gz-common5> component [io]
[0.917s] -- Looking for gz-common5-io -- found version 5.9.0
[0.917s] -- Searching for dependencies of gz-common5-io
[0.917s] -- Searching for <gz-common5> component [profiler]
[0.917s] -- Looking for gz-common5-profiler -- found version 5.9.0
[0.918s] -- Searching for dependencies of gz-common5-profiler
[0.918s] -- Looking for gz-fuel_tools9 -- found version 9.1.1
[0.918s] -- Searching for dependencies of gz-fuel_tools9
[0.955s] -- Checking for module 'jsoncpp'
[0.964s] --   Found jsoncpp, version 1.9.5
[1.020s] -- Checking for module 'yaml-0.1'
[1.035s] --   Found yaml-0.1, version 0.2.5
[1.064s] -- Checking for module 'libzip'
[1.077s] --   Found libzip, version 1.7.3
[1.100s] -- Looking for gz-utils2 -- found version 2.2.1
[1.100s] -- Looking for gz-common5 -- found version 5.9.0
[1.100s] -- Searching for dependencies of gz-common5
[1.100s] -- Looking for gz-utils2 -- found version 2.2.1
[1.100s] -- Looking for dlfcn.h - found
[1.100s] -- Looking for libdl - found
[1.104s] -- Searching for <gz-common5> component [testing]
[1.104s] -- Looking for gz-common5-testing -- found version 5.9.0
[1.105s] -- Searching for dependencies of gz-common5-testing
[1.105s] -- Looking for gz-math7 -- found version 7.7.0
[1.105s] -- Looking for gz-msgs10 -- found version 10.4.0
[1.106s] -- Looking for gz-gui8 -- found version 8.4.0
[1.106s] -- Searching for dependencies of gz-gui8
[1.124s] -- Looking for gz-utils2 -- found version 2.2.1
[1.124s] -- Looking for gz-math7 -- found version 7.7.0
[1.125s] -- Looking for gz-common5 -- found version 5.9.0
[1.125s] -- Looking for gz-plugin2 -- found version 2.0.4
[1.125s] -- Looking for gz-transport13 -- found version 13.6.0
[1.125s] -- Looking for gz-rendering8 -- found version 8.2.3
[1.125s] -- Searching for dependencies of gz-rendering8
[1.125s] -- Looking for gz-math7 -- found version 7.7.0
[1.125s] -- Searching for dependencies of gz-math7
[1.126s] -- Looking for gz-utils2 -- found version 2.2.1
[1.126s] -- Searching for <gz-math7> component [eigen3]
[1.126s] -- Looking for gz-math7-eigen3 -- found version 7.7.0
[1.126s] -- Searching for dependencies of gz-math7-eigen3
[1.127s] -- Looking for gz-common5 -- found version 5.9.0
[1.127s] -- Searching for dependencies of gz-common5
[1.127s] -- Looking for gz-utils2 -- found version 2.2.1
[1.127s] -- Looking for dlfcn.h - found
[1.127s] -- Looking for libdl - found
[1.132s] -- Searching for <gz-common5> component [graphics]
[1.132s] -- Searching for <gz-common5> component [events]
[1.132s] -- Searching for <gz-common5> component [geospatial]
[1.132s] -- Looking for gz-common5-geospatial -- found version 5.9.0
[1.132s] -- Searching for dependencies of gz-common5-geospatial
[1.132s] -- Looking for gz-math7 -- found version 7.7.0
[1.132s] -- Looking for gz-common5 -- found version 5.9.0
[1.133s] -- Looking for gz-plugin2 -- found version 2.0.4
[1.133s] -- Searching for dependencies of gz-plugin2
[1.133s] -- Looking for gz-utils2 -- found version 2.2.1
[1.133s] -- Searching for <gz-plugin2> component [all]
[1.134s] -- Looking for all libraries of gz-plugin2 -- found version 2.0.4
[1.134s] -- Looking for gz-plugin2 -- found version 2.0.4
[1.134s] -- Looking for gz-utils2 -- found version 2.2.1
[1.138s] -- Looking for gz-msgs10 -- found version 10.4.0
[1.149s] -- Looking for gz-physics7 -- found version 7.8.0
[1.149s] -- Searching for dependencies of gz-physics7
[1.149s] -- Looking for gz-common5 -- found version 5.9.0
[1.150s] -- Looking for gz-math7 -- found version 7.7.0
[1.150s] -- Looking for gz-plugin2 -- found version 2.0.4
[1.150s] -- Looking for gz-utils2 -- found version 2.2.1
[1.151s] -- Searching for <gz-physics7> component [heightmap]
[1.151s] -- Looking for gz-physics7-heightmap -- found version 7.8.0
[1.151s] -- Searching for dependencies of gz-physics7-heightmap
[1.151s] -- Looking for gz-common5 -- found version 5.9.0
[1.152s] -- Searching for <gz-physics7> component [mesh]
[1.152s] -- Looking for gz-physics7-mesh -- found version 7.8.0
[1.152s] -- Searching for dependencies of gz-physics7-mesh
[1.152s] -- Looking for gz-common5 -- found version 5.9.0
[1.152s] -- Searching for <gz-physics7> component [sdf]
[1.153s] -- Looking for gz-physics7-sdf -- found version 7.8.0
[1.153s] -- Searching for dependencies of gz-physics7-sdf
[1.153s] -- Looking for sdformat14 -- found version 14.9.0
[1.153s] -- Looking for gz-sensors8 -- found version 8.2.2
[1.153s] -- Searching for dependencies of gz-sensors8
[1.173s] -- Looking for gz-math7 -- found version 7.7.0
[1.174s] -- Looking for gz-common5 -- found version 5.9.0
[1.174s] -- Looking for gz-transport13 -- found version 13.6.0
[1.174s] -- Looking for gz-rendering8 -- found version 8.2.3
[1.174s] -- Looking for gz-msgs10 -- found version 10.4.0
[1.174s] -- Looking for sdformat14 -- found version 14.9.0
[1.174s] -- Searching for <gz-sensors8> component [air_pressure]
[1.175s] -- Looking for gz-sensors8-air_pressure -- found version 8.2.2
[1.175s] -- Searching for dependencies of gz-sensors8-air_pressure
[1.175s] -- Searching for <gz-sensors8> component [air_speed]
[1.177s] -- Looking for gz-sensors8-air_speed -- found version 8.2.2
[1.177s] -- Searching for dependencies of gz-sensors8-air_speed
[1.177s] -- Searching for <gz-sensors8> component [altimeter]
[1.177s] -- Looking for gz-sensors8-altimeter -- found version 8.2.2
[1.177s] -- Searching for dependencies of gz-sensors8-altimeter
[1.178s] -- Searching for <gz-sensors8> component [imu]
[1.178s] -- Looking for gz-sensors8-imu -- found version 8.2.2
[1.178s] -- Searching for dependencies of gz-sensors8-imu
[1.181s] -- Searching for <gz-sensors8> component [force_torque]
[1.181s] -- Looking for gz-sensors8-force_torque -- found version 8.2.2
[1.181s] -- Searching for dependencies of gz-sensors8-force_torque
[1.181s] -- Searching for <gz-sensors8> component [logical_camera]
[1.181s] -- Looking for gz-sensors8-logical_camera -- found version 8.2.2
[1.181s] -- Searching for dependencies of gz-sensors8-logical_camera
[1.182s] -- Searching for <gz-sensors8> component [magnetometer]
[1.182s] -- Looking for gz-sensors8-magnetometer -- found version 8.2.2
[1.182s] -- Searching for dependencies of gz-sensors8-magnetometer
[1.182s] -- Searching for <gz-sensors8> component [navsat]
[1.182s] -- Looking for gz-sensors8-navsat -- found version 8.2.2
[1.182s] -- Searching for dependencies of gz-sensors8-navsat
[1.182s] -- Searching for <gz-sensors8> component [dvl]
[1.182s] -- Looking for gz-sensors8-dvl -- found version 8.2.2
[1.186s] -- Searching for dependencies of gz-sensors8-dvl
[1.187s] -- Looking for gz-sensors8 -- found version 8.2.2
[1.187s] -- Searching for dependencies of gz-sensors8
[1.223s] -- Looking for gz-math7 -- found version 7.7.0
[1.224s] -- Looking for gz-common5 -- found version 5.9.0
[1.224s] -- Looking for gz-transport13 -- found version 13.6.0
[1.224s] -- Looking for gz-rendering8 -- found version 8.2.3
[1.225s] -- Looking for gz-msgs10 -- found version 10.4.0
[1.225s] -- Looking for sdformat14 -- found version 14.9.0
[1.225s] -- Searching for <gz-sensors8> component [rendering]
[1.226s] -- Looking for gz-sensors8-rendering -- found version 8.2.2
[1.228s] -- Searching for dependencies of gz-sensors8-rendering
[1.229s] -- Searching for <gz-sensors8> component [rendering]
[1.229s] -- Searching for <gz-sensors8> component [lidar]
[1.229s] -- Looking for gz-sensors8-lidar -- found version 8.2.2
[1.229s] -- Searching for dependencies of gz-sensors8-lidar
[1.229s] -- Looking for gz-sensors8 -- found version 8.2.2
[1.230s] -- Searching for <gz-sensors8> component [gpu_lidar]
[1.230s] -- Looking for gz-sensors8-gpu_lidar -- found version 8.2.2
[1.230s] -- Searching for dependencies of gz-sensors8-gpu_lidar
[1.230s] -- Looking for gz-sensors8 -- found version 8.2.2
[1.231s] -- Searching for <gz-sensors8> component [camera]
[1.234s] -- Looking for gz-sensors8-camera -- found version 8.2.2
[1.234s] -- Searching for dependencies of gz-sensors8-camera
[1.234s] -- Looking for gz-sensors8 -- found version 8.2.2
[1.234s] -- Searching for <gz-sensors8> component [boundingbox_camera]
[1.234s] -- Looking for gz-sensors8-boundingbox_camera -- found version 8.2.2
[1.234s] -- Searching for dependencies of gz-sensors8-boundingbox_camera
[1.234s] -- Searching for <gz-sensors8> component [segmentation_camera]
[1.234s] -- Looking for gz-sensors8-segmentation_camera -- found version 8.2.2
[1.235s] -- Searching for dependencies of gz-sensors8-segmentation_camera
[1.235s] -- Searching for <gz-sensors8> component [depth_camera]
[1.235s] -- Looking for gz-sensors8-depth_camera -- found version 8.2.2
[1.235s] -- Searching for dependencies of gz-sensors8-depth_camera
[1.235s] -- Looking for gz-sensors8 -- found version 8.2.2
[1.236s] -- Searching for <gz-sensors8> component [rgbd_camera]
[1.236s] -- Looking for gz-sensors8-rgbd_camera -- found version 8.2.2
[1.236s] -- Searching for dependencies of gz-sensors8-rgbd_camera
[1.237s] -- Looking for gz-sensors8 -- found version 8.2.2
[1.237s] -- Searching for <gz-sensors8> component [thermal_camera]
[1.238s] -- Looking for gz-sensors8-thermal_camera -- found version 8.2.2
[1.238s] -- Searching for dependencies of gz-sensors8-thermal_camera
[1.238s] -- Looking for gz-sensors8 -- found version 8.2.2
[1.239s] -- Searching for <gz-sensors8> component [wide_angle_camera]
[1.239s] -- Looking for gz-sensors8-wide_angle_camera -- found version 8.2.2
[1.239s] -- Searching for dependencies of gz-sensors8-wide_angle_camera
[1.240s] -- Looking for gz-rendering8 -- found version 8.2.3
[1.241s] -- Looking for gz-math7 -- found version 7.7.0
[1.241s] -- Looking for gz-utils2 -- found version 2.2.1
[1.273s] -- Looking for gz-plugin2 -- found version 2.0.4
[1.486s] -- Configuring done (1.4s)
[1.568s] -- Generating done (0.1s)
[1.573s] -- Build files have been written to: /ros_ws/build/turtlebot3_gazebo
[1.627s] [ 25%] [32mBuilding CXX object CMakeFiles/obstacle1.dir/src/obstacle1.cpp.o[0m
[1.627s] [ 25%] [32mBuilding CXX object CMakeFiles/obstacles.dir/src/obstacles.cpp.o[0m
[1.633s] [ 50%] [32mBuilding CXX object CMakeFiles/turtlebot3_drive.dir/src/turtlebot3_drive.cpp.o[0m
[1.633s] [ 50%] [32mBuilding CXX object CMakeFiles/obstacle2.dir/src/obstacle2.cpp.o[0m
[2.699s] [ 62%] [32m[1mLinking CXX shared library libobstacle1.so[0m
[2.794s] [ 75%] [32m[1mLinking CXX shared library libobstacle2.so[0m
[2.803s] [ 75%] Built target obstacle1
[2.892s] [ 75%] Built target obstacle2
[2.909s] [ 87%] [32m[1mLinking CXX shared library libobstacles.so[0m
[3.007s] [ 87%] Built target obstacles
[7.065s] [100%] [32m[1mLinking CXX executable turtlebot3_drive[0m
[7.282s] [100%] Built target turtlebot3_drive
[7.292s] Invoked command in '/ros_ws/build/turtlebot3_gazebo' returned '0': CMAKE_PREFIX_PATH=${CMAKE_PREFIX_PATH}:/ros_ws/install/turtlebot_logic:/ros_ws/install/turtlebot3_teleop:/ros_ws/install/turtlebot3_example:/opt/ros/jazzy /usr/bin/cmake --build /ros_ws/build/turtlebot3_gazebo -- -j28 -l28
[7.293s] Invoking command in '/ros_ws/build/turtlebot3_gazebo': CMAKE_PREFIX_PATH=${CMAKE_PREFIX_PATH}:/ros_ws/install/turtlebot_logic:/ros_ws/install/turtlebot3_teleop:/ros_ws/install/turtlebot3_example:/opt/ros/jazzy /usr/bin/cmake --install /ros_ws/build/turtlebot3_gazebo
[7.299s] -- Install configuration: ""
[7.299s] -- Installing: /ros_ws/install/turtlebot3_gazebo/lib/turtlebot3_gazebo/turtlebot3_drive
[7.303s] -- Set non-toolchain portion of runtime path of "/ros_ws/install/turtlebot3_gazebo/lib/turtlebot3_gazebo/turtlebot3_drive" to ""
[7.303s] -- Installing: /ros_ws/install/turtlebot3_gazebo/lib/turtlebot3_gazebo/libobstacles.so
[7.303s] -- Set non-toolchain portion of runtime path of "/ros_ws/install/turtlebot3_gazebo/lib/turtlebot3_gazebo/libobstacles.so" to ""
[7.303s] -- Installing: /ros_ws/install/turtlebot3_gazebo/lib/turtlebot3_gazebo/libobstacle1.so
[7.304s] -- Set non-toolchain portion of runtime path of "/ros_ws/install/turtlebot3_gazebo/lib/turtlebot3_gazebo/libobstacle1.so" to ""
[7.304s] -- Installing: /ros_ws/install/turtlebot3_gazebo/lib/turtlebot3_gazebo/libobstacle2.so
[7.304s] -- Set non-toolchain portion of runtime path of "/ros_ws/install/turtlebot3_gazebo/lib/turtlebot3_gazebo/libobstacle2.so" to ""
[7.304s] -- Up-to-date: /ros_ws/install/turtlebot3_gazebo/share/turtlebot3_gazebo//launch
[7.304s] -- Installing: /ros_ws/install/turtlebot3_gazebo/share/turtlebot3_gazebo//launch/turtlebot3_dqn_stage2.launch.py
[7.304s] -- Installing: /ros_ws/install/turtlebot3_gazebo/share/turtlebot3_gazebo//launch/turtlebot3_dqn_stage1.launch.py
[7.304s] -- Installing: /ros_ws/install/turtlebot3_gazebo/share/turtlebot3_gazebo//launch/spawn_turtlebot3.launch.py
[7.304s] -- Installing: /ros_ws/install/turtlebot3_gazebo/share/turtlebot3_gazebo//launch/turtlebot3_dqn_stage4.launch.py
[7.304s] -- Installing: /ros_ws/install/turtlebot3_gazebo/share/turtlebot3_gazebo//launch/empty_world.launch.py
[7.304s] -- Installing: /ros_ws/install/turtlebot3_gazebo/share/turtlebot3_gazebo//launch/turtlebot3_world.launch.py
[7.304s] -- Installing: /ros_ws/install/turtlebot3_gazebo/share/turtlebot3_gazebo//launch/turtlebot3_house.launch.py
[7.304s] -- Installing: /ros_ws/install/turtlebot3_gazebo/share/turtlebot3_gazebo//launch/robot_state_publisher.launch.py
[7.304s] -- Installing: /ros_ws/install/turtlebot3_gazebo/share/turtlebot3_gazebo//launch/turtlebot3_dqn_stage3.launch.py
[7.304s] -- Up-to-date: /ros_ws/install/turtlebot3_gazebo/share/turtlebot3_gazebo//models
[7.304s] -- Up-to-date: /ros_ws/install/turtlebot3_gazebo/share/turtlebot3_gazebo//models/turtlebot3_world
[7.304s] -- Installing: /ros_ws/install/turtlebot3_gazebo/share/turtlebot3_gazebo//models/turtlebot3_world/model.sdf
[7.304s] -- Installing: /ros_ws/install/turtlebot3_gazebo/share/turtlebot3_gazebo//models/turtlebot3_world/model.config
[7.304s] -- Installing: /ros_ws/install/turtlebot3_gazebo/share/turtlebot3_gazebo//models/turtlebot3_world/model-1_4.sdf
[7.304s] -- Up-to-date: /ros_ws/install/turtlebot3_gazebo/share/turtlebot3_gazebo//models/turtlebot3_world/meshes
[7.304s] -- Installing: /ros_ws/install/turtlebot3_gazebo/share/turtlebot3_gazebo//models/turtlebot3_world/meshes/hexagon.dae
[7.305s] -- Installing: /ros_ws/install/turtlebot3_gazebo/share/turtlebot3_gazebo//models/turtlebot3_world/meshes/wall.dae
[7.305s] -- Up-to-date: /ros_ws/install/turtlebot3_gazebo/share/turtlebot3_gazebo//models/turtlebot3_waffle
[7.305s] -- Installing: /ros_ws/install/turtlebot3_gazebo/share/turtlebot3_gazebo//models/turtlebot3_waffle/model.sdf
[7.305s] -- Installing: /ros_ws/install/turtlebot3_gazebo/share/turtlebot3_gazebo//models/turtlebot3_waffle/model.config
[7.305s] -- Installing: /ros_ws/install/turtlebot3_gazebo/share/turtlebot3_gazebo//models/turtlebot3_waffle/model-1_4.sdf
[7.305s] -- Up-to-date: /ros_ws/install/turtlebot3_gazebo/share/turtlebot3_gazebo//models/turtlebot3_burger_cam
[7.305s] -- Installing: /ros_ws/install/turtlebot3_gazebo/share/turtlebot3_gazebo//models/turtlebot3_burger_cam/model.sdf
[7.305s] -- Installing: /ros_ws/install/turtlebot3_gazebo/share/turtlebot3_gazebo//models/turtlebot3_burger_cam/model.config
[7.305s] -- Installing: /ros_ws/install/turtlebot3_gazebo/share/turtlebot3_gazebo//models/turtlebot3_burger_cam/model-1_4.sdf
[7.305s] -- Up-to-date: /ros_ws/install/turtlebot3_gazebo/share/turtlebot3_gazebo//models/turtlebot3_dqn_world
[7.305s] -- Up-to-date: /ros_ws/install/turtlebot3_gazebo/share/turtlebot3_gazebo//models/turtlebot3_dqn_world/goal_box
[7.305s] -- Installing: /ros_ws/install/turtlebot3_gazebo/share/turtlebot3_gazebo//models/turtlebot3_dqn_world/goal_box/model.sdf
[7.305s] -- Installing: /ros_ws/install/turtlebot3_gazebo/share/turtlebot3_gazebo//models/turtlebot3_dqn_world/goal_box/model.config
[7.305s] -- Up-to-date: /ros_ws/install/turtlebot3_gazebo/share/turtlebot3_gazebo//models/turtlebot3_dqn_world/obstacles
[7.305s] -- Installing: /ros_ws/install/turtlebot3_gazebo/share/turtlebot3_gazebo//models/turtlebot3_dqn_world/obstacles/model.sdf
[7.305s] -- Installing: /ros_ws/install/turtlebot3_gazebo/share/turtlebot3_gazebo//models/turtlebot3_dqn_world/obstacles/model.config
[7.305s] -- Up-to-date: /ros_ws/install/turtlebot3_gazebo/share/turtlebot3_gazebo//models/turtlebot3_dqn_world/inner_walls
[7.305s] -- Installing: /ros_ws/install/turtlebot3_gazebo/share/turtlebot3_gazebo//models/turtlebot3_dqn_world/inner_walls/model.sdf
[7.305s] -- Installing: /ros_ws/install/turtlebot3_gazebo/share/turtlebot3_gazebo//models/turtlebot3_dqn_world/inner_walls/model.config
[7.305s] -- Up-to-date: /ros_ws/install/turtlebot3_gazebo/share/turtlebot3_gazebo//models/turtlebot3_dqn_world/inner_walls/textures
[7.305s] -- Installing: /ros_ws/install/turtlebot3_gazebo/share/turtlebot3_gazebo//models/turtlebot3_dqn_world/inner_walls/textures/wood.png
[7.305s] -- Installing: /ros_ws/install/turtlebot3_gazebo/share/turtlebot3_gazebo//models/turtlebot3_dqn_world/model.sdf
[7.305s] -- Installing: /ros_ws/install/turtlebot3_gazebo/share/turtlebot3_gazebo//models/turtlebot3_dqn_world/model.config
[7.305s] -- Up-to-date: /ros_ws/install/turtlebot3_gazebo/share/turtlebot3_gazebo//models/turtlebot3_dqn_world/obstacle2
[7.305s] -- Installing: /ros_ws/install/turtlebot3_gazebo/share/turtlebot3_gazebo//models/turtlebot3_dqn_world/obstacle2/model.sdf
[7.305s] -- Installing: /ros_ws/install/turtlebot3_gazebo/share/turtlebot3_gazebo//models/turtlebot3_dqn_world/obstacle2/model.config
[7.305s] -- Up-to-date: /ros_ws/install/turtlebot3_gazebo/share/turtlebot3_gazebo//models/turtlebot3_dqn_world/textures
[7.305s] -- Installing: /ros_ws/install/turtlebot3_gazebo/share/turtlebot3_gazebo//models/turtlebot3_dqn_world/textures/wood.png
[7.305s] -- Up-to-date: /ros_ws/install/turtlebot3_gazebo/share/turtlebot3_gazebo//models/turtlebot3_dqn_world/obstacle1
[7.305s] -- Installing: /ros_ws/install/turtlebot3_gazebo/share/turtlebot3_gazebo//models/turtlebot3_dqn_world/obstacle1/model.sdf
[7.306s] -- Installing: /ros_ws/install/turtlebot3_gazebo/share/turtlebot3_gazebo//models/turtlebot3_dqn_world/obstacle1/model.config
[7.306s] -- Up-to-date: /ros_ws/install/turtlebot3_gazebo/share/turtlebot3_gazebo//models/turtlebot3_common
[7.306s] -- Installing: /ros_ws/install/turtlebot3_gazebo/share/turtlebot3_gazebo//models/turtlebot3_common/model.config
[7.306s] -- Up-to-date: /ros_ws/install/turtlebot3_gazebo/share/turtlebot3_gazebo//models/turtlebot3_common/meshes
[7.306s] -- Installing: /ros_ws/install/turtlebot3_gazebo/share/turtlebot3_gazebo//models/turtlebot3_common/meshes/burger_base.dae
[7.306s] -- Up-to-date: /ros_ws/install/turtlebot3_gazebo/share/turtlebot3_gazebo//models/turtlebot3_common/meshes/wheels
[7.306s] -- Installing: /ros_ws/install/turtlebot3_gazebo/share/turtlebot3_gazebo//models/turtlebot3_common/meshes/wheels/right_tire.stl
[7.306s] -- Installing: /ros_ws/install/turtlebot3_gazebo/share/turtlebot3_gazebo//models/turtlebot3_common/meshes/wheels/left_tire.stl
[7.307s] -- Installing: /ros_ws/install/turtlebot3_gazebo/share/turtlebot3_gazebo//models/turtlebot3_common/meshes/tire.dae
[7.307s] -- Installing: /ros_ws/install/turtlebot3_gazebo/share/turtlebot3_gazebo//models/turtlebot3_common/meshes/waffle_pi_base.dae
[7.307s] -- Installing: /ros_ws/install/turtlebot3_gazebo/share/turtlebot3_gazebo//models/turtlebot3_common/meshes/waffle_base.dae
[7.307s] -- Up-to-date: /ros_ws/install/turtlebot3_gazebo/share/turtlebot3_gazebo//models/turtlebot3_common/meshes/bases
[7.307s] -- Installing: /ros_ws/install/turtlebot3_gazebo/share/turtlebot3_gazebo//models/turtlebot3_common/meshes/bases/waffle_pi_base.stl
[7.311s] -- Installing: /ros_ws/install/turtlebot3_gazebo/share/turtlebot3_gazebo//models/turtlebot3_common/meshes/bases/waffle_base.stl
[7.321s] -- Installing: /ros_ws/install/turtlebot3_gazebo/share/turtlebot3_gazebo//models/turtlebot3_common/meshes/bases/burger_base.stl
[7.324s] -- Up-to-date: /ros_ws/install/turtlebot3_gazebo/share/turtlebot3_gazebo//models/turtlebot3_common/meshes/sensors
[7.324s] -- Installing: /ros_ws/install/turtlebot3_gazebo/share/turtlebot3_gazebo//models/turtlebot3_common/meshes/sensors/astra.jpg
[7.324s] -- Installing: /ros_ws/install/turtlebot3_gazebo/share/turtlebot3_gazebo//models/turtlebot3_common/meshes/sensors/r200.jpg
[7.324s] -- Installing: /ros_ws/install/turtlebot3_gazebo/share/turtlebot3_gazebo//models/turtlebot3_common/meshes/sensors/astra.dae
[7.330s] -- Installing: /ros_ws/install/turtlebot3_gazebo/share/turtlebot3_gazebo//models/turtlebot3_common/meshes/sensors/lds.stl
[7.330s] -- Installing: /ros_ws/install/turtlebot3_gazebo/share/turtlebot3_gazebo//models/turtlebot3_common/meshes/sensors/r200.dae
[7.330s] -- Installing: /ros_ws/install/turtlebot3_gazebo/share/turtlebot3_gazebo//models/turtlebot3_common/meshes/r200.dae
[7.330s] -- Installing: /ros_ws/install/turtlebot3_gazebo/share/turtlebot3_gazebo//models/turtlebot3_common/meshes/lds.dae
[7.330s] -- Up-to-date: /ros_ws/install/turtlebot3_gazebo/share/turtlebot3_gazebo//models/turtlebot3_burger
[7.330s] -- Installing: /ros_ws/install/turtlebot3_gazebo/share/turtlebot3_gazebo//models/turtlebot3_burger/model.sdf
[7.330s] -- Installing: /ros_ws/install/turtlebot3_gazebo/share/turtlebot3_gazebo//models/turtlebot3_burger/model.config
[7.330s] -- Installing: /ros_ws/install/turtlebot3_gazebo/share/turtlebot3_gazebo//models/turtlebot3_burger/model-1_4.sdf
[7.331s] -- Up-to-date: /ros_ws/install/turtlebot3_gazebo/share/turtlebot3_gazebo//models/turtlebot3_house
[7.331s] -- Up-to-date: /ros_ws/install/turtlebot3_gazebo/share/turtlebot3_gazebo//models/turtlebot3_house/mailbox
[7.331s] -- Up-to-date: /ros_ws/install/turtlebot3_gazebo/share/turtlebot3_gazebo//models/turtlebot3_house/mailbox/materials
[7.331s] -- Up-to-date: /ros_ws/install/turtlebot3_gazebo/share/turtlebot3_gazebo//models/turtlebot3_house/mailbox/materials/textures
[7.331s] -- Installing: /ros_ws/install/turtlebot3_gazebo/share/turtlebot3_gazebo//models/turtlebot3_house/mailbox/materials/textures/Mailbox_Spec.png
[7.331s] -- Installing: /ros_ws/install/turtlebot3_gazebo/share/turtlebot3_gazebo//models/turtlebot3_house/mailbox/materials/textures/Mailbox_Diffuse.png
[7.331s] -- Installing: /ros_ws/install/turtlebot3_gazebo/share/turtlebot3_gazebo//models/turtlebot3_house/mailbox/materials/textures/Mailbox_Diffuse.tga.orig
[7.331s] -- Up-to-date: /ros_ws/install/turtlebot3_gazebo/share/turtlebot3_gazebo//models/turtlebot3_house/mailbox/materials/scripts
[7.331s] -- Installing: /ros_ws/install/turtlebot3_gazebo/share/turtlebot3_gazebo//models/turtlebot3_house/mailbox/materials/scripts/mailbox.material
[7.331s] -- Installing: /ros_ws/install/turtlebot3_gazebo/share/turtlebot3_gazebo//models/turtlebot3_house/mailbox/model.sdf
[7.331s] -- Installing: /ros_ws/install/turtlebot3_gazebo/share/turtlebot3_gazebo//models/turtlebot3_house/mailbox/model.config
[7.331s] -- Installing: /ros_ws/install/turtlebot3_gazebo/share/turtlebot3_gazebo//models/turtlebot3_house/mailbox/model-1_4.sdf
[7.332s] -- Up-to-date: /ros_ws/install/turtlebot3_gazebo/share/turtlebot3_gazebo//models/turtlebot3_house/mailbox/meshes
[7.332s] -- Installing: /ros_ws/install/turtlebot3_gazebo/share/turtlebot3_gazebo//models/turtlebot3_house/mailbox/meshes/mailbox.dae
[7.332s] -- Installing: /ros_ws/install/turtlebot3_gazebo/share/turtlebot3_gazebo//models/turtlebot3_house/mailbox/model-1_3.sdf
[7.332s] -- Up-to-date: /ros_ws/install/turtlebot3_gazebo/share/turtlebot3_gazebo//models/turtlebot3_house/first_2015_trash_can
[7.332s] -- Installing: /ros_ws/install/turtlebot3_gazebo/share/turtlebot3_gazebo//models/turtlebot3_house/first_2015_trash_can/model.sdf
[7.332s] -- Installing: /ros_ws/install/turtlebot3_gazebo/share/turtlebot3_gazebo//models/turtlebot3_house/first_2015_trash_can/model.config
[7.332s] -- Up-to-date: /ros_ws/install/turtlebot3_gazebo/share/turtlebot3_gazebo//models/turtlebot3_house/first_2015_trash_can/meshes
[7.332s] -- Installing: /ros_ws/install/turtlebot3_gazebo/share/turtlebot3_gazebo//models/turtlebot3_house/first_2015_trash_can/meshes/trash_can.dae
[7.332s] -- Installing: /ros_ws/install/turtlebot3_gazebo/share/turtlebot3_gazebo//models/turtlebot3_house/model.sdf
[7.332s] -- Installing: /ros_ws/install/turtlebot3_gazebo/share/turtlebot3_gazebo//models/turtlebot3_house/model.config
[7.332s] -- Up-to-date: /ros_ws/install/turtlebot3_gazebo/share/turtlebot3_gazebo//models/turtlebot3_house/cafe_table
[7.332s] -- Up-to-date: /ros_ws/install/turtlebot3_gazebo/share/turtlebot3_gazebo//models/turtlebot3_house/cafe_table/materials
[7.332s] -- Up-to-date: /ros_ws/install/turtlebot3_gazebo/share/turtlebot3_gazebo//models/turtlebot3_house/cafe_table/materials/textures
[7.332s] -- Installing: /ros_ws/install/turtlebot3_gazebo/share/turtlebot3_gazebo//models/turtlebot3_house/cafe_table/materials/textures/Wood_Floor_Dark.jpg
[7.333s] -- Installing: /ros_ws/install/turtlebot3_gazebo/share/turtlebot3_gazebo//models/turtlebot3_house/cafe_table/materials/textures/Maple.jpg
[7.333s] -- Installing: /ros_ws/install/turtlebot3_gazebo/share/turtlebot3_gazebo//models/turtlebot3_house/cafe_table/model.sdf
[7.333s] -- Installing: /ros_ws/install/turtlebot3_gazebo/share/turtlebot3_gazebo//models/turtlebot3_house/cafe_table/model.config
[7.333s] -- Installing: /ros_ws/install/turtlebot3_gazebo/share/turtlebot3_gazebo//models/turtlebot3_house/cafe_table/model-1_4.sdf
[7.333s] -- Up-to-date: /ros_ws/install/turtlebot3_gazebo/share/turtlebot3_gazebo//models/turtlebot3_house/cafe_table/meshes
[7.333s] -- Installing: /ros_ws/install/turtlebot3_gazebo/share/turtlebot3_gazebo//models/turtlebot3_house/cafe_table/meshes/cafe_table.dae
[7.333s] -- Up-to-date: /ros_ws/install/turtlebot3_gazebo/share/turtlebot3_gazebo//models/turtlebot3_house/textures
[7.333s] -- Installing: /ros_ws/install/turtlebot3_gazebo/share/turtlebot3_gazebo//models/turtlebot3_house/textures/bricks.png
[7.334s] -- Installing: /ros_ws/install/turtlebot3_gazebo/share/turtlebot3_gazebo//models/turtlebot3_house/textures/wood.png
[7.334s] -- Up-to-date: /ros_ws/install/turtlebot3_gazebo/share/turtlebot3_gazebo//models/turtlebot3_house/table_marble
[7.334s] -- Up-to-date: /ros_ws/install/turtlebot3_gazebo/share/turtlebot3_gazebo//models/turtlebot3_house/table_marble/materials
[7.334s] -- Up-to-date: /ros_ws/install/turtlebot3_gazebo/share/turtlebot3_gazebo//models/turtlebot3_house/table_marble/materials/textures
[7.334s] -- Installing: /ros_ws/install/turtlebot3_gazebo/share/turtlebot3_gazebo//models/turtlebot3_house/table_marble/materials/textures/marble.png
[7.334s] -- Installing: /ros_ws/install/turtlebot3_gazebo/share/turtlebot3_gazebo//models/turtlebot3_house/table_marble/materials/textures/table_lightmap.png
[7.334s] -- Up-to-date: /ros_ws/install/turtlebot3_gazebo/share/turtlebot3_gazebo//models/turtlebot3_house/table_marble/materials/scripts
[7.334s] -- Installing: /ros_ws/install/turtlebot3_gazebo/share/turtlebot3_gazebo//models/turtlebot3_house/table_marble/materials/scripts/table_lightmap.material
[7.334s] -- Installing: /ros_ws/install/turtlebot3_gazebo/share/turtlebot3_gazebo//models/turtlebot3_house/table_marble/model.sdf
[7.334s] -- Installing: /ros_ws/install/turtlebot3_gazebo/share/turtlebot3_gazebo//models/turtlebot3_house/table_marble/model.config
[7.334s] -- Installing: /ros_ws/install/turtlebot3_gazebo/share/turtlebot3_gazebo//models/turtlebot3_house/table_marble/model-1_4.sdf
[7.334s] -- Up-to-date: /ros_ws/install/turtlebot3_gazebo/share/turtlebot3_gazebo//models/turtlebot3_house/table_marble/meshes
[7.335s] -- Installing: /ros_ws/install/turtlebot3_gazebo/share/turtlebot3_gazebo//models/turtlebot3_house/table_marble/meshes/table_lightmap.dae
[7.335s] -- Up-to-date: /ros_ws/install/turtlebot3_gazebo/share/turtlebot3_gazebo//models/turtlebot3_waffle_pi
[7.335s] -- Installing: /ros_ws/install/turtlebot3_gazebo/share/turtlebot3_gazebo//models/turtlebot3_waffle_pi/model.sdf
[7.335s] -- Installing: /ros_ws/install/turtlebot3_gazebo/share/turtlebot3_gazebo//models/turtlebot3_waffle_pi/model.config
[7.335s] -- Installing: /ros_ws/install/turtlebot3_gazebo/share/turtlebot3_gazebo//models/turtlebot3_waffle_pi/model-1_4_.sdf
[7.335s] -- Up-to-date: /ros_ws/install/turtlebot3_gazebo/share/turtlebot3_gazebo//params
[7.335s] -- Installing: /ros_ws/install/turtlebot3_gazebo/share/turtlebot3_gazebo//params/turtlebot3_burger_cam_bridge.yaml
[7.335s] -- Installing: /ros_ws/install/turtlebot3_gazebo/share/turtlebot3_gazebo//params/turtlebot3_waffle_pi_bridge.yaml
[7.335s] -- Installing: /ros_ws/install/turtlebot3_gazebo/share/turtlebot3_gazebo//params/turtlebot3_waffle_bridge.yaml
[7.335s] -- Installing: /ros_ws/install/turtlebot3_gazebo/share/turtlebot3_gazebo//params/turtlebot3_burger_bridge.yaml
[7.335s] -- Up-to-date: /ros_ws/install/turtlebot3_gazebo/share/turtlebot3_gazebo//rviz
[7.335s] -- Installing: /ros_ws/install/turtlebot3_gazebo/share/turtlebot3_gazebo//rviz/tb3_gazebo.rviz
[7.335s] -- Up-to-date: /ros_ws/install/turtlebot3_gazebo/share/turtlebot3_gazebo//urdf
[7.335s] -- Installing: /ros_ws/install/turtlebot3_gazebo/share/turtlebot3_gazebo//urdf/turtlebot3_waffle.urdf
[7.335s] -- Installing: /ros_ws/install/turtlebot3_gazebo/share/turtlebot3_gazebo//urdf/turtlebot3_burger.urdf
[7.335s] -- Installing: /ros_ws/install/turtlebot3_gazebo/share/turtlebot3_gazebo//urdf/common_properties.urdf
[7.335s] -- Installing: /ros_ws/install/turtlebot3_gazebo/share/turtlebot3_gazebo//urdf/turtlebot3_waffle_pi.urdf
[7.335s] -- Installing: /ros_ws/install/turtlebot3_gazebo/share/turtlebot3_gazebo//urdf/turtlebot3_burger_cam.urdf
[7.335s] -- Up-to-date: /ros_ws/install/turtlebot3_gazebo/share/turtlebot3_gazebo//worlds
[7.335s] -- Installing: /ros_ws/install/turtlebot3_gazebo/share/turtlebot3_gazebo//worlds/turtlebot3_world.world
[7.335s] -- Installing: /ros_ws/install/turtlebot3_gazebo/share/turtlebot3_gazebo//worlds/turtlebot3_dqn_stage1.world
[7.335s] -- Installing: /ros_ws/install/turtlebot3_gazebo/share/turtlebot3_gazebo//worlds/turtlebot3_autorace_2020.world
[7.335s] -- Installing: /ros_ws/install/turtlebot3_gazebo/share/turtlebot3_gazebo//worlds/turtlebot3_house.world
[7.335s] -- Installing: /ros_ws/install/turtlebot3_gazebo/share/turtlebot3_gazebo//worlds/empty_world.world
[7.335s] -- Installing: /ros_ws/install/turtlebot3_gazebo/share/turtlebot3_gazebo//worlds/turtlebot3_dqn_stage2.world
[7.336s] -- Installing: /ros_ws/install/turtlebot3_gazebo/share/turtlebot3_gazebo//worlds/turtlebot3_dqn_stage4.world
[7.336s] -- Installing: /ros_ws/install/turtlebot3_gazebo/share/turtlebot3_gazebo//worlds/turtlebot3_dqn_stage3.world
[7.336s] -- Up-to-date: /ros_ws/install/turtlebot3_gazebo/include/
[7.336s] -- Up-to-date: /ros_ws/install/turtlebot3_gazebo/include//turtlebot3_gazebo
[7.336s] -- Installing: /ros_ws/install/turtlebot3_gazebo/include//turtlebot3_gazebo/turtlebot3_drive.hpp
[7.336s] -- Installing: /ros_ws/install/turtlebot3_gazebo/include//turtlebot3_gazebo/obstacle2.hpp
[7.336s] -- Installing: /ros_ws/install/turtlebot3_gazebo/include//turtlebot3_gazebo/traffic_bar_plugin.hpp
[7.336s] -- Installing: /ros_ws/install/turtlebot3_gazebo/include//turtlebot3_gazebo/obstacles.hpp
[7.336s] -- Installing: /ros_ws/install/turtlebot3_gazebo/include//turtlebot3_gazebo/obstacle1.hpp
[7.336s] -- Installing: /ros_ws/install/turtlebot3_gazebo/include//turtlebot3_gazebo/traffic_light_plugin.hpp
[7.336s] -- Up-to-date: /ros_ws/install/turtlebot3_gazebo/share/ament_index/resource_index/package_run_dependencies/turtlebot3_gazebo
[7.336s] -- Installing: /ros_ws/install/turtlebot3_gazebo/share/ament_index/resource_index/parent_prefix_path/turtlebot3_gazebo
[7.336s] -- Installing: /ros_ws/install/turtlebot3_gazebo/share/turtlebot3_gazebo/environment/ament_prefix_path.sh
[7.336s] -- Up-to-date: /ros_ws/install/turtlebot3_gazebo/share/turtlebot3_gazebo/environment/ament_prefix_path.dsv
[7.336s] -- Installing: /ros_ws/install/turtlebot3_gazebo/share/turtlebot3_gazebo/environment/path.sh
[7.336s] -- Up-to-date: /ros_ws/install/turtlebot3_gazebo/share/turtlebot3_gazebo/environment/path.dsv
[7.336s] -- Up-to-date: /ros_ws/install/turtlebot3_gazebo/share/turtlebot3_gazebo/local_setup.bash
[7.336s] -- Up-to-date: /ros_ws/install/turtlebot3_gazebo/share/turtlebot3_gazebo/local_setup.sh
[7.336s] -- Up-to-date: /ros_ws/install/turtlebot3_gazebo/share/turtlebot3_gazebo/local_setup.zsh
[7.336s] -- Up-to-date: /ros_ws/install/turtlebot3_gazebo/share/turtlebot3_gazebo/local_setup.dsv
[7.336s] -- Up-to-date: /ros_ws/install/turtlebot3_gazebo/share/turtlebot3_gazebo/package.dsv
[7.336s] -- Up-to-date: /ros_ws/install/turtlebot3_gazebo/share/ament_index/resource_index/packages/turtlebot3_gazebo
[7.336s] -- Up-to-date: /ros_ws/install/turtlebot3_gazebo/share/turtlebot3_gazebo/cmake/ament_cmake_export_include_directories-extras.cmake
[7.336s] -- Up-to-date: /ros_ws/install/turtlebot3_gazebo/share/turtlebot3_gazebo/cmake/ament_cmake_export_dependencies-extras.cmake
[7.336s] -- Up-to-date: /ros_ws/install/turtlebot3_gazebo/share/turtlebot3_gazebo/cmake/turtlebot3_gazeboConfig.cmake
[7.336s] -- Up-to-date: /ros_ws/install/turtlebot3_gazebo/share/turtlebot3_gazebo/cmake/turtlebot3_gazeboConfig-version.cmake
[7.336s] -- Installing: /ros_ws/install/turtlebot3_gazebo/share/turtlebot3_gazebo/package.xml
[7.338s] Invoked command in '/ros_ws/build/turtlebot3_gazebo' returned '0': CMAKE_PREFIX_PATH=${CMAKE_PREFIX_PATH}:/ros_ws/install/turtlebot_logic:/ros_ws/install/turtlebot3_teleop:/ros_ws/install/turtlebot3_example:/opt/ros/jazzy /usr/bin/cmake --install /ros_ws/build/turtlebot3_gazebo
