[1.638s] Invoking command in '/ros_ws/src/turtlebot_logic': PYTHONPATH=/ros_ws/build/turtlebot_logic/prefix_override:/usr/lib/python3/dist-packages/colcon_core/task/python/colcon_distutils_commands:/ros_ws/install/turtlebot_logic/lib/python3.12/site-packages:${PYTHONPATH} /usr/bin/python3 -W ignore:setup.py install is deprecated -W ignore:easy_install command is deprecated setup.py egg_info --egg-base ../../build/turtlebot_logic build --build-base /ros_ws/build/turtlebot_logic/build install --record /ros_ws/build/turtlebot_logic/install.log --install-scripts $base/lib/turtlebot_logic --single-version-externally-managed install_data
[1.953s] running egg_info
[1.970s] writing ../../build/turtlebot_logic/turtlebot_logic.egg-info/PKG-INFO
[1.970s] writing dependency_links to ../../build/turtlebot_logic/turtlebot_logic.egg-info/dependency_links.txt
[1.970s] writing entry points to ../../build/turtlebot_logic/turtlebot_logic.egg-info/entry_points.txt
[1.971s] writing requirements to ../../build/turtlebot_logic/turtlebot_logic.egg-info/requires.txt
[1.971s] writing top-level names to ../../build/turtlebot_logic/turtlebot_logic.egg-info/top_level.txt
[2.003s] reading manifest file '../../build/turtlebot_logic/turtlebot_logic.egg-info/SOURCES.txt'
[2.004s] writing manifest file '../../build/turtlebot_logic/turtlebot_logic.egg-info/SOURCES.txt'
[2.004s] running build
[2.004s] running build_py
[2.005s] copying turtlebot_logic/maze_solver.py -> /ros_ws/build/turtlebot_logic/build/lib/turtlebot_logic
[2.005s] running install
[2.010s] running install_lib
[2.039s] copying /ros_ws/build/turtlebot_logic/build/lib/turtlebot_logic/maze_solver.py -> /ros_ws/install/turtlebot_logic/lib/python3.12/site-packages/turtlebot_logic
[2.040s] byte-compiling /ros_ws/install/turtlebot_logic/lib/python3.12/site-packages/turtlebot_logic/maze_solver.py to maze_solver.cpython-312.pyc
[2.043s] running install_data
[2.043s] copying launch/explore.launch.py -> /ros_ws/install/turtlebot_logic/share/turtlebot_logic/launch
[2.044s] running install_egg_info
[2.070s] removing '/ros_ws/install/turtlebot_logic/lib/python3.12/site-packages/turtlebot_logic-0.0.0-py3.12.egg-info' (and everything under it)
[2.070s] Copying ../../build/turtlebot_logic/turtlebot_logic.egg-info to /ros_ws/install/turtlebot_logic/lib/python3.12/site-packages/turtlebot_logic-0.0.0-py3.12.egg-info
[2.071s] running install_scripts
[2.186s] Installing maze_solver script to /ros_ws/install/turtlebot_logic/lib/turtlebot_logic
[2.186s] writing list of installed files to '/ros_ws/build/turtlebot_logic/install.log'
[2.216s] Invoked command in '/ros_ws/src/turtlebot_logic' returned '0': PYTHONPATH=/ros_ws/build/turtlebot_logic/prefix_override:/usr/lib/python3/dist-packages/colcon_core/task/python/colcon_distutils_commands:/ros_ws/install/turtlebot_logic/lib/python3.12/site-packages:${PYTHONPATH} /usr/bin/python3 -W ignore:setup.py install is deprecated -W ignore:easy_install command is deprecated setup.py egg_info --egg-base ../../build/turtlebot_logic build --build-base /ros_ws/build/turtlebot_logic/build install --record /ros_ws/build/turtlebot_logic/install.log --install-scripts $base/lib/turtlebot_logic --single-version-externally-managed install_data
