[3.700s] Invoking command in '/ros_ws/src/turtlebot_logic': PYTHONPATH=/ros_ws/build/turtlebot_logic/prefix_override:/usr/lib/python3/dist-packages/colcon_core/task/python/colcon_distutils_commands:/ros_ws/install/turtlebot_logic/lib/python3.12/site-packages:${PYTHONPATH} /usr/bin/python3 -W ignore:setup.py install is deprecated -W ignore:easy_install command is deprecated setup.py egg_info --egg-base ../../build/turtlebot_logic build --build-base /ros_ws/build/turtlebot_logic/build install --record /ros_ws/build/turtlebot_logic/install.log --install-scripts $base/lib/turtlebot_logic --single-version-externally-managed install_data
[4.635s] running egg_info
[4.684s] writing ../../build/turtlebot_logic/turtlebot_logic.egg-info/PKG-INFO
[4.684s] writing dependency_links to ../../build/turtlebot_logic/turtlebot_logic.egg-info/dependency_links.txt
[4.687s] writing entry points to ../../build/turtlebot_logic/turtlebot_logic.egg-info/entry_points.txt
[4.687s] writing requirements to ../../build/turtlebot_logic/turtlebot_logic.egg-info/requires.txt
[4.689s] writing top-level names to ../../build/turtlebot_logic/turtlebot_logic.egg-info/top_level.txt
[4.826s] reading manifest file '../../build/turtlebot_logic/turtlebot_logic.egg-info/SOURCES.txt'
[4.828s] writing manifest file '../../build/turtlebot_logic/turtlebot_logic.egg-info/SOURCES.txt'
[4.829s] running build
[4.829s] running build_py
[4.830s] running install
[4.847s] running install_lib
[4.905s] running install_data
[4.906s] running install_egg_info
[4.952s] removing '/ros_ws/install/turtlebot_logic/lib/python3.12/site-packages/turtlebot_logic-0.0.0-py3.12.egg-info' (and everything under it)
[4.952s] Copying ../../build/turtlebot_logic/turtlebot_logic.egg-info to /ros_ws/install/turtlebot_logic/lib/python3.12/site-packages/turtlebot_logic-0.0.0-py3.12.egg-info
[4.955s] running install_scripts
[5.443s] Installing maze_solver script to /ros_ws/install/turtlebot_logic/lib/turtlebot_logic
[5.443s] writing list of installed files to '/ros_ws/build/turtlebot_logic/install.log'
[5.548s] Invoked command in '/ros_ws/src/turtlebot_logic' returned '0': PYTHONPATH=/ros_ws/build/turtlebot_logic/prefix_override:/usr/lib/python3/dist-packages/colcon_core/task/python/colcon_distutils_commands:/ros_ws/install/turtlebot_logic/lib/python3.12/site-packages:${PYTHONPATH} /usr/bin/python3 -W ignore:setup.py install is deprecated -W ignore:easy_install command is deprecated setup.py egg_info --egg-base ../../build/turtlebot_logic build --build-base /ros_ws/build/turtlebot_logic/build install --record /ros_ws/build/turtlebot_logic/install.log --install-scripts $base/lib/turtlebot_logic --single-version-externally-managed install_data
