[0.017s] Invoking command in '/ros_ws/build/turtlebot3_navigation2': CMAKE_PREFIX_PATH=${CMAKE_PREFIX_PATH}:/ros_ws/install/turtlebot_logic:/ros_ws/install/turtlebot3_teleop:/ros_ws/install/turtlebot3_example:/opt/ros/jazzy /usr/bin/cmake --build /ros_ws/build/turtlebot3_navigation2 -- -j28 -l28
[0.253s] Invoked command in '/ros_ws/build/turtlebot3_navigation2' returned '0': CMAKE_PREFIX_PATH=${CMAKE_PREFIX_PATH}:/ros_ws/install/turtlebot_logic:/ros_ws/install/turtlebot3_teleop:/ros_ws/install/turtlebot3_example:/opt/ros/jazzy /usr/bin/cmake --build /ros_ws/build/turtlebot3_navigation2 -- -j28 -l28
[0.253s] Invoking command in '/ros_ws/build/turtlebot3_navigation2': CMAKE_PREFIX_PATH=${CMAKE_PREFIX_PATH}:/ros_ws/install/turtlebot_logic:/ros_ws/install/turtlebot3_teleop:/ros_ws/install/turtlebot3_example:/opt/ros/jazzy /usr/bin/cmake --install /ros_ws/build/turtlebot3_navigation2
[0.270s] -- Install configuration: ""
[0.270s] -- Up-to-date: /ros_ws/install/turtlebot3_navigation2/share/turtlebot3_navigation2/launch
[0.270s] -- Up-to-date: /ros_ws/install/turtlebot3_navigation2/share/turtlebot3_navigation2/launch/navigation2.launch.py
[0.270s] -- Up-to-date: /ros_ws/install/turtlebot3_navigation2/share/turtlebot3_navigation2/map
[0.270s] -- Up-to-date: /ros_ws/install/turtlebot3_navigation2/share/turtlebot3_navigation2/map/map.yaml
[0.270s] -- Up-to-date: /ros_ws/install/turtlebot3_navigation2/share/turtlebot3_navigation2/map/map.pgm
[0.270s] -- Up-to-date: /ros_ws/install/turtlebot3_navigation2/share/turtlebot3_navigation2/param
[0.270s] -- Up-to-date: /ros_ws/install/turtlebot3_navigation2/share/turtlebot3_navigation2/param/waffle_pi.yaml
[0.270s] -- Up-to-date: /ros_ws/install/turtlebot3_navigation2/share/turtlebot3_navigation2/param/waffle.yaml
[0.270s] -- Up-to-date: /ros_ws/install/turtlebot3_navigation2/share/turtlebot3_navigation2/param/burger.yaml
[0.270s] -- Up-to-date: /ros_ws/install/turtlebot3_navigation2/share/turtlebot3_navigation2/param/humble
[0.270s] -- Up-to-date: /ros_ws/install/turtlebot3_navigation2/share/turtlebot3_navigation2/param/humble/waffle_pi.yaml
[0.270s] -- Up-to-date: /ros_ws/install/turtlebot3_navigation2/share/turtlebot3_navigation2/param/humble/waffle.yaml
[0.270s] -- Up-to-date: /ros_ws/install/turtlebot3_navigation2/share/turtlebot3_navigation2/param/humble/burger.yaml
[0.271s] -- Up-to-date: /ros_ws/install/turtlebot3_navigation2/share/turtlebot3_navigation2/param/humble/burger_cam.yaml
[0.271s] -- Up-to-date: /ros_ws/install/turtlebot3_navigation2/share/turtlebot3_navigation2/param/burger_cam.yaml
[0.271s] -- Up-to-date: /ros_ws/install/turtlebot3_navigation2/share/turtlebot3_navigation2/rviz
[0.271s] -- Up-to-date: /ros_ws/install/turtlebot3_navigation2/share/turtlebot3_navigation2/rviz/tb3_navigation2.rviz
[0.271s] -- Up-to-date: /ros_ws/install/turtlebot3_navigation2/share/ament_index/resource_index/package_run_dependencies/turtlebot3_navigation2
[0.271s] -- Up-to-date: /ros_ws/install/turtlebot3_navigation2/share/ament_index/resource_index/parent_prefix_path/turtlebot3_navigation2
[0.271s] -- Up-to-date: /ros_ws/install/turtlebot3_navigation2/share/turtlebot3_navigation2/environment/ament_prefix_path.sh
[0.271s] -- Up-to-date: /ros_ws/install/turtlebot3_navigation2/share/turtlebot3_navigation2/environment/ament_prefix_path.dsv
[0.271s] -- Up-to-date: /ros_ws/install/turtlebot3_navigation2/share/turtlebot3_navigation2/environment/path.sh
[0.272s] -- Up-to-date: /ros_ws/install/turtlebot3_navigation2/share/turtlebot3_navigation2/environment/path.dsv
[0.276s] -- Up-to-date: /ros_ws/install/turtlebot3_navigation2/share/turtlebot3_navigation2/local_setup.bash
[0.276s] -- Up-to-date: /ros_ws/install/turtlebot3_navigation2/share/turtlebot3_navigation2/local_setup.sh
[0.276s] -- Up-to-date: /ros_ws/install/turtlebot3_navigation2/share/turtlebot3_navigation2/local_setup.zsh
[0.276s] -- Up-to-date: /ros_ws/install/turtlebot3_navigation2/share/turtlebot3_navigation2/local_setup.dsv
[0.276s] -- Installing: /ros_ws/install/turtlebot3_navigation2/share/turtlebot3_navigation2/package.dsv
[0.276s] -- Up-to-date: /ros_ws/install/turtlebot3_navigation2/share/ament_index/resource_index/packages/turtlebot3_navigation2
[0.276s] -- Up-to-date: /ros_ws/install/turtlebot3_navigation2/share/turtlebot3_navigation2/cmake/turtlebot3_navigation2Config.cmake
[0.276s] -- Up-to-date: /ros_ws/install/turtlebot3_navigation2/share/turtlebot3_navigation2/cmake/turtlebot3_navigation2Config-version.cmake
[0.276s] -- Up-to-date: /ros_ws/install/turtlebot3_navigation2/share/turtlebot3_navigation2/package.xml
[0.304s] Invoked command in '/ros_ws/build/turtlebot3_navigation2' returned '0': CMAKE_PREFIX_PATH=${CMAKE_PREFIX_PATH}:/ros_ws/install/turtlebot_logic:/ros_ws/install/turtlebot3_teleop:/ros_ws/install/turtlebot3_example:/opt/ros/jazzy /usr/bin/cmake --install /ros_ws/build/turtlebot3_navigation2
