[0.022s] Invoking command in '/ros_ws/build/turtlebot3_description': CMAKE_PREFIX_PATH=${CMAKE_PREFIX_PATH}:/ros_ws/install/turtlebot_logic:/ros_ws/install/turtlebot3_teleop:/ros_ws/install/turtlebot3_example:/opt/ros/jazzy /usr/bin/cmake --build /ros_ws/build/turtlebot3_description -- -j28 -l28
[0.230s] -- Found ament_cmake: 2.5.6 (/opt/ros/jazzy/share/ament_cmake/cmake)
[0.230s] -- Found urdf: 2.10.1 (/opt/ros/jazzy/share/urdf/cmake)
[0.230s] -- Found TinyXML2 via Config file: /usr/lib/x86_64-linux-gnu/cmake/tinyxml2
[0.288s] -- Configuring done (0.2s)
[0.289s] -- Generating done (0.0s)
[0.290s] -- Build files have been written to: /ros_ws/build/turtlebot3_description
[0.307s] Invoked command in '/ros_ws/build/turtlebot3_description' returned '0': CMAKE_PREFIX_PATH=${CMAKE_PREFIX_PATH}:/ros_ws/install/turtlebot_logic:/ros_ws/install/turtlebot3_teleop:/ros_ws/install/turtlebot3_example:/opt/ros/jazzy /usr/bin/cmake --build /ros_ws/build/turtlebot3_description -- -j28 -l28
[0.307s] Invoking command in '/ros_ws/build/turtlebot3_description': CMAKE_PREFIX_PATH=${CMAKE_PREFIX_PATH}:/ros_ws/install/turtlebot_logic:/ros_ws/install/turtlebot3_teleop:/ros_ws/install/turtlebot3_example:/opt/ros/jazzy /usr/bin/cmake --install /ros_ws/build/turtlebot3_description
[0.315s] -- Install configuration: ""
[0.316s] -- Up-to-date: /ros_ws/install/turtlebot3_description/share/turtlebot3_description/meshes
[0.316s] -- Up-to-date: /ros_ws/install/turtlebot3_description/share/turtlebot3_description/meshes/wheels
[0.316s] -- Installing: /ros_ws/install/turtlebot3_description/share/turtlebot3_description/meshes/wheels/right_tire.stl
[0.316s] -- Installing: /ros_ws/install/turtlebot3_description/share/turtlebot3_description/meshes/wheels/left_tire.stl
[0.317s] -- Up-to-date: /ros_ws/install/turtlebot3_description/share/turtlebot3_description/meshes/bases
[0.317s] -- Installing: /ros_ws/install/turtlebot3_description/share/turtlebot3_description/meshes/bases/waffle_pi_base.stl
[0.321s] -- Installing: /ros_ws/install/turtlebot3_description/share/turtlebot3_description/meshes/bases/waffle_base.stl
[0.328s] -- Installing: /ros_ws/install/turtlebot3_description/share/turtlebot3_description/meshes/bases/burger_base.stl
[0.330s] -- Up-to-date: /ros_ws/install/turtlebot3_description/share/turtlebot3_description/meshes/sensors
[0.330s] -- Installing: /ros_ws/install/turtlebot3_description/share/turtlebot3_description/meshes/sensors/astra.jpg
[0.330s] -- Installing: /ros_ws/install/turtlebot3_description/share/turtlebot3_description/meshes/sensors/r200.jpg
[0.330s] -- Installing: /ros_ws/install/turtlebot3_description/share/turtlebot3_description/meshes/sensors/astra.dae
[0.335s] -- Installing: /ros_ws/install/turtlebot3_description/share/turtlebot3_description/meshes/sensors/lds.stl
[0.335s] -- Installing: /ros_ws/install/turtlebot3_description/share/turtlebot3_description/meshes/sensors/r200.dae
[0.335s] -- Up-to-date: /ros_ws/install/turtlebot3_description/share/turtlebot3_description/rviz
[0.335s] -- Installing: /ros_ws/install/turtlebot3_description/share/turtlebot3_description/rviz/model.rviz
[0.335s] -- Up-to-date: /ros_ws/install/turtlebot3_description/share/turtlebot3_description/urdf
[0.335s] -- Installing: /ros_ws/install/turtlebot3_description/share/turtlebot3_description/urdf/turtlebot3_waffle.urdf
[0.335s] -- Installing: /ros_ws/install/turtlebot3_description/share/turtlebot3_description/urdf/turtlebot3_burger.urdf
[0.335s] -- Installing: /ros_ws/install/turtlebot3_description/share/turtlebot3_description/urdf/common_properties.urdf
[0.335s] -- Installing: /ros_ws/install/turtlebot3_description/share/turtlebot3_description/urdf/turtlebot3_waffle_pi.urdf
[0.335s] -- Up-to-date: /ros_ws/install/turtlebot3_description/share/ament_index/resource_index/package_run_dependencies/turtlebot3_description
[0.335s] -- Installing: /ros_ws/install/turtlebot3_description/share/ament_index/resource_index/parent_prefix_path/turtlebot3_description
[0.335s] -- Installing: /ros_ws/install/turtlebot3_description/share/turtlebot3_description/environment/ament_prefix_path.sh
[0.335s] -- Up-to-date: /ros_ws/install/turtlebot3_description/share/turtlebot3_description/environment/ament_prefix_path.dsv
[0.335s] -- Installing: /ros_ws/install/turtlebot3_description/share/turtlebot3_description/environment/path.sh
[0.335s] -- Up-to-date: /ros_ws/install/turtlebot3_description/share/turtlebot3_description/environment/path.dsv
[0.335s] -- Up-to-date: /ros_ws/install/turtlebot3_description/share/turtlebot3_description/local_setup.bash
[0.335s] -- Up-to-date: /ros_ws/install/turtlebot3_description/share/turtlebot3_description/local_setup.sh
[0.335s] -- Up-to-date: /ros_ws/install/turtlebot3_description/share/turtlebot3_description/local_setup.zsh
[0.336s] -- Up-to-date: /ros_ws/install/turtlebot3_description/share/turtlebot3_description/local_setup.dsv
[0.336s] -- Up-to-date: /ros_ws/install/turtlebot3_description/share/turtlebot3_description/package.dsv
[0.336s] -- Up-to-date: /ros_ws/install/turtlebot3_description/share/ament_index/resource_index/packages/turtlebot3_description
[0.336s] -- Up-to-date: /ros_ws/install/turtlebot3_description/share/turtlebot3_description/cmake/turtlebot3_descriptionConfig.cmake
[0.336s] -- Up-to-date: /ros_ws/install/turtlebot3_description/share/turtlebot3_description/cmake/turtlebot3_descriptionConfig-version.cmake
[0.336s] -- Installing: /ros_ws/install/turtlebot3_description/share/turtlebot3_description/package.xml
[0.337s] Invoked command in '/ros_ws/build/turtlebot3_description' returned '0': CMAKE_PREFIX_PATH=${CMAKE_PREFIX_PATH}:/ros_ws/install/turtlebot_logic:/ros_ws/install/turtlebot3_teleop:/ros_ws/install/turtlebot3_example:/opt/ros/jazzy /usr/bin/cmake --install /ros_ws/build/turtlebot3_description
