[0.094s] Invoking command in '/ros_ws/build/turtlebot3_description': CMAKE_PREFIX_PATH=${CMAKE_PREFIX_PATH}:/ros_ws/install/turtlebot_logic:/ros_ws/install/turtlebot3_teleop:/ros_ws/install/turtlebot3_example:/opt/ros/jazzy /usr/bin/cmake --build /ros_ws/build/turtlebot3_description -- -j12 -l12
[0.958s] Invoked command in '/ros_ws/build/turtlebot3_description' returned '0': CMAKE_PREFIX_PATH=${CMAKE_PREFIX_PATH}:/ros_ws/install/turtlebot_logic:/ros_ws/install/turtlebot3_teleop:/ros_ws/install/turtlebot3_example:/opt/ros/jazzy /usr/bin/cmake --build /ros_ws/build/turtlebot3_description -- -j12 -l12
[0.959s] Invoking command in '/ros_ws/build/turtlebot3_description': CMAKE_PREFIX_PATH=${CMAKE_PREFIX_PATH}:/ros_ws/install/turtlebot_logic:/ros_ws/install/turtlebot3_teleop:/ros_ws/install/turtlebot3_example:/opt/ros/jazzy /usr/bin/cmake --install /ros_ws/build/turtlebot3_description
[1.019s] -- Install configuration: ""
[1.022s] -- Up-to-date: /ros_ws/install/turtlebot3_description/share/turtlebot3_description/meshes
[1.022s] -- Up-to-date: /ros_ws/install/turtlebot3_description/share/turtlebot3_description/meshes/bases
[1.022s] -- Up-to-date: /ros_ws/install/turtlebot3_description/share/turtlebot3_description/meshes/bases/burger_base.stl
[1.023s] -- Up-to-date: /ros_ws/install/turtlebot3_description/share/turtlebot3_description/meshes/bases/waffle_base.stl
[1.023s] -- Up-to-date: /ros_ws/install/turtlebot3_description/share/turtlebot3_description/meshes/bases/waffle_pi_base.stl
[1.024s] -- Up-to-date: /ros_ws/install/turtlebot3_description/share/turtlebot3_description/meshes/wheels
[1.024s] -- Up-to-date: /ros_ws/install/turtlebot3_description/share/turtlebot3_description/meshes/wheels/left_tire.stl
[1.024s] -- Up-to-date: /ros_ws/install/turtlebot3_description/share/turtlebot3_description/meshes/wheels/right_tire.stl
[1.025s] -- Up-to-date: /ros_ws/install/turtlebot3_description/share/turtlebot3_description/meshes/sensors
[1.025s] -- Up-to-date: /ros_ws/install/turtlebot3_description/share/turtlebot3_description/meshes/sensors/r200.dae
[1.025s] -- Up-to-date: /ros_ws/install/turtlebot3_description/share/turtlebot3_description/meshes/sensors/astra.dae
[1.026s] -- Up-to-date: /ros_ws/install/turtlebot3_description/share/turtlebot3_description/meshes/sensors/r200.jpg
[1.026s] -- Up-to-date: /ros_ws/install/turtlebot3_description/share/turtlebot3_description/meshes/sensors/astra.jpg
[1.027s] -- Up-to-date: /ros_ws/install/turtlebot3_description/share/turtlebot3_description/meshes/sensors/lds.stl
[1.027s] -- Up-to-date: /ros_ws/install/turtlebot3_description/share/turtlebot3_description/rviz
[1.027s] -- Up-to-date: /ros_ws/install/turtlebot3_description/share/turtlebot3_description/rviz/model.rviz
[1.028s] -- Up-to-date: /ros_ws/install/turtlebot3_description/share/turtlebot3_description/urdf
[1.028s] -- Up-to-date: /ros_ws/install/turtlebot3_description/share/turtlebot3_description/urdf/common_properties.urdf
[1.028s] -- Up-to-date: /ros_ws/install/turtlebot3_description/share/turtlebot3_description/urdf/turtlebot3_burger.urdf
[1.029s] -- Up-to-date: /ros_ws/install/turtlebot3_description/share/turtlebot3_description/urdf/turtlebot3_waffle_pi.urdf
[1.029s] -- Up-to-date: /ros_ws/install/turtlebot3_description/share/turtlebot3_description/urdf/turtlebot3_waffle.urdf
[1.030s] -- Up-to-date: /ros_ws/install/turtlebot3_description/share/ament_index/resource_index/package_run_dependencies/turtlebot3_description
[1.030s] -- Up-to-date: /ros_ws/install/turtlebot3_description/share/ament_index/resource_index/parent_prefix_path/turtlebot3_description
[1.030s] -- Up-to-date: /ros_ws/install/turtlebot3_description/share/turtlebot3_description/environment/ament_prefix_path.sh
[1.031s] -- Up-to-date: /ros_ws/install/turtlebot3_description/share/turtlebot3_description/environment/ament_prefix_path.dsv
[1.031s] -- Up-to-date: /ros_ws/install/turtlebot3_description/share/turtlebot3_description/environment/path.sh
[1.032s] -- Up-to-date: /ros_ws/install/turtlebot3_description/share/turtlebot3_description/environment/path.dsv
[1.032s] -- Up-to-date: /ros_ws/install/turtlebot3_description/share/turtlebot3_description/local_setup.bash
[1.032s] -- Up-to-date: /ros_ws/install/turtlebot3_description/share/turtlebot3_description/local_setup.sh
[1.033s] -- Up-to-date: /ros_ws/install/turtlebot3_description/share/turtlebot3_description/local_setup.zsh
[1.033s] -- Up-to-date: /ros_ws/install/turtlebot3_description/share/turtlebot3_description/local_setup.dsv
[1.033s] -- Installing: /ros_ws/install/turtlebot3_description/share/turtlebot3_description/package.dsv
[1.034s] -- Up-to-date: /ros_ws/install/turtlebot3_description/share/ament_index/resource_index/packages/turtlebot3_description
[1.034s] -- Up-to-date: /ros_ws/install/turtlebot3_description/share/turtlebot3_description/cmake/turtlebot3_descriptionConfig.cmake
[1.034s] -- Up-to-date: /ros_ws/install/turtlebot3_description/share/turtlebot3_description/cmake/turtlebot3_descriptionConfig-version.cmake
[1.034s] -- Up-to-date: /ros_ws/install/turtlebot3_description/share/turtlebot3_description/package.xml
[1.248s] Invoked command in '/ros_ws/build/turtlebot3_description' returned '0': CMAKE_PREFIX_PATH=${CMAKE_PREFIX_PATH}:/ros_ws/install/turtlebot_logic:/ros_ws/install/turtlebot3_teleop:/ros_ws/install/turtlebot3_example:/opt/ros/jazzy /usr/bin/cmake --install /ros_ws/build/turtlebot3_description
