-- Found ament_cmake: 2.5.6 (/opt/ros/jazzy/share/ament_cmake/cmake)
-- Configuring done (0.2s)
-- Generating done (0.0s)
-- Build files have been written to: /ros_ws/build/turtlebot3
-- Install configuration: ""
-- Up-to-date: /ros_ws/install/turtlebot3/share/ament_index/resource_index/package_run_dependencies/turtlebot3
-- Installing: /ros_ws/install/turtlebot3/share/ament_index/resource_index/parent_prefix_path/turtlebot3
-- Installing: /ros_ws/install/turtlebot3/share/turtlebot3/environment/ament_prefix_path.sh
-- Up-to-date: /ros_ws/install/turtlebot3/share/turtlebot3/environment/ament_prefix_path.dsv
-- Installing: /ros_ws/install/turtlebot3/share/turtlebot3/environment/path.sh
-- Up-to-date: /ros_ws/install/turtlebot3/share/turtlebot3/environment/path.dsv
-- Up-to-date: /ros_ws/install/turtlebot3/share/turtlebot3/local_setup.bash
-- Up-to-date: /ros_ws/install/turtlebot3/share/turtlebot3/local_setup.sh
-- Up-to-date: /ros_ws/install/turtlebot3/share/turtlebot3/local_setup.zsh
-- Up-to-date: /ros_ws/install/turtlebot3/share/turtlebot3/local_setup.dsv
-- Up-to-date: /ros_ws/install/turtlebot3/share/turtlebot3/package.dsv
-- Up-to-date: /ros_ws/install/turtlebot3/share/ament_index/resource_index/packages/turtlebot3
-- Up-to-date: /ros_ws/install/turtlebot3/share/turtlebot3/cmake/turtlebot3Config.cmake
-- Up-to-date: /ros_ws/install/turtlebot3/share/turtlebot3/cmake/turtlebot3Config-version.cmake
-- Installing: /ros_ws/install/turtlebot3/share/turtlebot3/package.xml
