[0.104s] Invoking command in '/ros_ws/build/explore_lite_msgs': CMAKE_PREFIX_PATH=${CMAKE_PREFIX_PATH}:/ros_ws/install/turtlebot_logic:/ros_ws/install/turtlebot3_teleop:/ros_ws/install/turtlebot3_example:/opt/ros/jazzy /usr/bin/cmake --build /ros_ws/build/explore_lite_msgs -- -j12 -l12
[1.096s] [  2%] Built target explore_lite_msgs__rs
[1.097s] [  5%] Built target explore_lite_msgs__rosidl_generator_type_description
[1.097s] [  5%] Built target ament_cmake_python_copy_explore_lite_msgs
[1.097s] [  8%] Built target explore_lite_msgs__cpp
[1.097s] [ 22%] Built target explore_lite_msgs__rosidl_generator_c
[1.097s] [ 31%] Built target explore_lite_msgs__rosidl_typesupport_introspection_c
[1.097s] [ 40%] Built target explore_lite_msgs__rosidl_typesupport_fastrtps_cpp
[1.098s] [ 48%] Built target explore_lite_msgs__rosidl_typesupport_cpp
[1.098s] [ 57%] Built target explore_lite_msgs__rosidl_typesupport_c
[1.098s] [ 65%] Built target explore_lite_msgs__rosidl_typesupport_introspection_cpp
[1.098s] [ 74%] Built target explore_lite_msgs__rosidl_typesupport_fastrtps_c
[1.098s] [ 74%] Built target explore_lite_msgs
[1.099s] [ 77%] Built target explore_lite_msgs__py
[1.100s] [ 82%] Built target explore_lite_msgs__rosidl_generator_py
[1.100s] [ 88%] Built target explore_lite_msgs_s__rosidl_typesupport_fastrtps_c
[1.101s] [ 94%] Built target explore_lite_msgs_s__rosidl_typesupport_c
[1.101s] [100%] Built target explore_lite_msgs_s__rosidl_typesupport_introspection_c
[1.102s] running egg_info
[1.102s] writing explore_lite_msgs.egg-info/PKG-INFO
[1.102s] writing dependency_links to explore_lite_msgs.egg-info/dependency_links.txt
[1.102s] writing top-level names to explore_lite_msgs.egg-info/top_level.txt
[1.102s] reading manifest file 'explore_lite_msgs.egg-info/SOURCES.txt'
[1.103s] writing manifest file 'explore_lite_msgs.egg-info/SOURCES.txt'
[1.139s] [100%] Built target ament_cmake_python_build_explore_lite_msgs_egg
[1.319s] Invoked command in '/ros_ws/build/explore_lite_msgs' returned '0': CMAKE_PREFIX_PATH=${CMAKE_PREFIX_PATH}:/ros_ws/install/turtlebot_logic:/ros_ws/install/turtlebot3_teleop:/ros_ws/install/turtlebot3_example:/opt/ros/jazzy /usr/bin/cmake --build /ros_ws/build/explore_lite_msgs -- -j12 -l12
[1.331s] Invoking command in '/ros_ws/build/explore_lite_msgs': CMAKE_PREFIX_PATH=${CMAKE_PREFIX_PATH}:/ros_ws/install/turtlebot_logic:/ros_ws/install/turtlebot3_teleop:/ros_ws/install/turtlebot3_example:/opt/ros/jazzy /usr/bin/cmake --install /ros_ws/build/explore_lite_msgs
[1.553s] -- Install configuration: ""
[1.553s] -- Up-to-date: /ros_ws/install/explore_lite_msgs/share/ament_index/resource_index/rosidl_interfaces/explore_lite_msgs
[1.554s] -- Up-to-date: /ros_ws/install/explore_lite_msgs/share/explore_lite_msgs/msg/ExploreStatus.json
[1.554s] -- Up-to-date: /ros_ws/install/explore_lite_msgs/include/explore_lite_msgs/explore_lite_msgs
[1.555s] -- Up-to-date: /ros_ws/install/explore_lite_msgs/include/explore_lite_msgs/explore_lite_msgs/msg
[1.555s] -- Up-to-date: /ros_ws/install/explore_lite_msgs/include/explore_lite_msgs/explore_lite_msgs/msg/rosidl_generator_c__visibility_control.h
[1.556s] -- Up-to-date: /ros_ws/install/explore_lite_msgs/include/explore_lite_msgs/explore_lite_msgs/msg/explore_status.h
[1.556s] -- Up-to-date: /ros_ws/install/explore_lite_msgs/include/explore_lite_msgs/explore_lite_msgs/msg/detail
[1.556s] -- Up-to-date: /ros_ws/install/explore_lite_msgs/include/explore_lite_msgs/explore_lite_msgs/msg/detail/explore_status__type_support.h
[1.557s] -- Up-to-date: /ros_ws/install/explore_lite_msgs/include/explore_lite_msgs/explore_lite_msgs/msg/detail/explore_status__functions.c
[1.557s] -- Up-to-date: /ros_ws/install/explore_lite_msgs/include/explore_lite_msgs/explore_lite_msgs/msg/detail/explore_status__type_support.c
[1.558s] -- Up-to-date: /ros_ws/install/explore_lite_msgs/include/explore_lite_msgs/explore_lite_msgs/msg/detail/explore_status__functions.h
[1.558s] -- Up-to-date: /ros_ws/install/explore_lite_msgs/include/explore_lite_msgs/explore_lite_msgs/msg/detail/explore_status__struct.h
[1.559s] -- Up-to-date: /ros_ws/install/explore_lite_msgs/include/explore_lite_msgs/explore_lite_msgs/msg/detail/explore_status__description.c
[1.560s] -- Up-to-date: /ros_ws/install/explore_lite_msgs/share/explore_lite_msgs/environment/library_path.sh
[1.560s] -- Up-to-date: /ros_ws/install/explore_lite_msgs/share/explore_lite_msgs/environment/library_path.dsv
[1.561s] -- Up-to-date: /ros_ws/install/explore_lite_msgs/lib/libexplore_lite_msgs__rosidl_generator_c.so
[1.561s] -- Up-to-date: /ros_ws/install/explore_lite_msgs/include/explore_lite_msgs/explore_lite_msgs
[1.563s] -- Up-to-date: /ros_ws/install/explore_lite_msgs/include/explore_lite_msgs/explore_lite_msgs/msg
[1.563s] -- Up-to-date: /ros_ws/install/explore_lite_msgs/include/explore_lite_msgs/explore_lite_msgs/msg/detail
[1.564s] -- Up-to-date: /ros_ws/install/explore_lite_msgs/include/explore_lite_msgs/explore_lite_msgs/msg/detail/explore_status__rosidl_typesupport_fastrtps_c.h
[1.564s] -- Up-to-date: /ros_ws/install/explore_lite_msgs/include/explore_lite_msgs/explore_lite_msgs/msg/rosidl_typesupport_fastrtps_c__visibility_control.h
[1.564s] -- Up-to-date: /ros_ws/install/explore_lite_msgs/lib/libexplore_lite_msgs__rosidl_typesupport_fastrtps_c.so
[1.565s] -- Up-to-date: /ros_ws/install/explore_lite_msgs/include/explore_lite_msgs/explore_lite_msgs
[1.565s] -- Up-to-date: /ros_ws/install/explore_lite_msgs/include/explore_lite_msgs/explore_lite_msgs/msg
[1.565s] -- Up-to-date: /ros_ws/install/explore_lite_msgs/include/explore_lite_msgs/explore_lite_msgs/msg/detail
[1.565s] -- Up-to-date: /ros_ws/install/explore_lite_msgs/include/explore_lite_msgs/explore_lite_msgs/msg/detail/explore_status__type_support.c
[1.565s] -- Up-to-date: /ros_ws/install/explore_lite_msgs/include/explore_lite_msgs/explore_lite_msgs/msg/detail/explore_status__rosidl_typesupport_introspection_c.h
[1.566s] -- Up-to-date: /ros_ws/install/explore_lite_msgs/include/explore_lite_msgs/explore_lite_msgs/msg/rosidl_typesupport_introspection_c__visibility_control.h
[1.566s] -- Up-to-date: /ros_ws/install/explore_lite_msgs/lib/libexplore_lite_msgs__rosidl_typesupport_introspection_c.so
[1.567s] -- Up-to-date: /ros_ws/install/explore_lite_msgs/lib/libexplore_lite_msgs__rosidl_typesupport_c.so
[1.568s] -- Up-to-date: /ros_ws/install/explore_lite_msgs/include/explore_lite_msgs/explore_lite_msgs
[1.568s] -- Up-to-date: /ros_ws/install/explore_lite_msgs/include/explore_lite_msgs/explore_lite_msgs/msg
[1.569s] -- Up-to-date: /ros_ws/install/explore_lite_msgs/include/explore_lite_msgs/explore_lite_msgs/msg/rosidl_generator_cpp__visibility_control.hpp
[1.569s] -- Up-to-date: /ros_ws/install/explore_lite_msgs/include/explore_lite_msgs/explore_lite_msgs/msg/explore_status.hpp
[1.570s] -- Up-to-date: /ros_ws/install/explore_lite_msgs/include/explore_lite_msgs/explore_lite_msgs/msg/detail
[1.570s] -- Up-to-date: /ros_ws/install/explore_lite_msgs/include/explore_lite_msgs/explore_lite_msgs/msg/detail/explore_status__struct.hpp
[1.570s] -- Up-to-date: /ros_ws/install/explore_lite_msgs/include/explore_lite_msgs/explore_lite_msgs/msg/detail/explore_status__type_support.hpp
[1.571s] -- Up-to-date: /ros_ws/install/explore_lite_msgs/include/explore_lite_msgs/explore_lite_msgs/msg/detail/explore_status__traits.hpp
[1.571s] -- Up-to-date: /ros_ws/install/explore_lite_msgs/include/explore_lite_msgs/explore_lite_msgs/msg/detail/explore_status__builder.hpp
[1.573s] -- Up-to-date: /ros_ws/install/explore_lite_msgs/include/explore_lite_msgs/explore_lite_msgs
[1.574s] -- Up-to-date: /ros_ws/install/explore_lite_msgs/include/explore_lite_msgs/explore_lite_msgs/msg
[1.575s] -- Up-to-date: /ros_ws/install/explore_lite_msgs/include/explore_lite_msgs/explore_lite_msgs/msg/rosidl_typesupport_fastrtps_cpp__visibility_control.h
[1.575s] -- Up-to-date: /ros_ws/install/explore_lite_msgs/include/explore_lite_msgs/explore_lite_msgs/msg/detail
[1.576s] -- Up-to-date: /ros_ws/install/explore_lite_msgs/include/explore_lite_msgs/explore_lite_msgs/msg/detail/explore_status__rosidl_typesupport_fastrtps_cpp.hpp
[1.576s] -- Up-to-date: /ros_ws/install/explore_lite_msgs/include/explore_lite_msgs/explore_lite_msgs/msg/detail/dds_fastrtps
[1.577s] -- Up-to-date: /ros_ws/install/explore_lite_msgs/lib/libexplore_lite_msgs__rosidl_typesupport_fastrtps_cpp.so
[1.577s] -- Up-to-date: /ros_ws/install/explore_lite_msgs/include/explore_lite_msgs/explore_lite_msgs
[1.577s] -- Up-to-date: /ros_ws/install/explore_lite_msgs/include/explore_lite_msgs/explore_lite_msgs/msg
[1.578s] -- Up-to-date: /ros_ws/install/explore_lite_msgs/include/explore_lite_msgs/explore_lite_msgs/msg/detail
[1.578s] -- Up-to-date: /ros_ws/install/explore_lite_msgs/include/explore_lite_msgs/explore_lite_msgs/msg/detail/explore_status__rosidl_typesupport_introspection_cpp.hpp
[1.579s] -- Up-to-date: /ros_ws/install/explore_lite_msgs/include/explore_lite_msgs/explore_lite_msgs/msg/detail/explore_status__type_support.cpp
[1.579s] -- Up-to-date: /ros_ws/install/explore_lite_msgs/lib/libexplore_lite_msgs__rosidl_typesupport_introspection_cpp.so
[1.580s] -- Up-to-date: /ros_ws/install/explore_lite_msgs/lib/libexplore_lite_msgs__rosidl_typesupport_cpp.so
[1.580s] -- Up-to-date: /ros_ws/install/explore_lite_msgs/share/explore_lite_msgs/environment/pythonpath.sh
[1.580s] -- Up-to-date: /ros_ws/install/explore_lite_msgs/share/explore_lite_msgs/environment/pythonpath.dsv
[1.580s] -- Up-to-date: /ros_ws/install/explore_lite_msgs/lib/python3.12/site-packages/explore_lite_msgs-1.0.0-py3.12.egg-info
[1.581s] -- Installing: /ros_ws/install/explore_lite_msgs/lib/python3.12/site-packages/explore_lite_msgs-1.0.0-py3.12.egg-info/PKG-INFO
[1.581s] -- Installing: /ros_ws/install/explore_lite_msgs/lib/python3.12/site-packages/explore_lite_msgs-1.0.0-py3.12.egg-info/dependency_links.txt
[1.581s] -- Installing: /ros_ws/install/explore_lite_msgs/lib/python3.12/site-packages/explore_lite_msgs-1.0.0-py3.12.egg-info/SOURCES.txt
[1.581s] -- Installing: /ros_ws/install/explore_lite_msgs/lib/python3.12/site-packages/explore_lite_msgs-1.0.0-py3.12.egg-info/top_level.txt
[1.581s] -- Up-to-date: /ros_ws/install/explore_lite_msgs/lib/python3.12/site-packages/explore_lite_msgs
[1.581s] -- Up-to-date: /ros_ws/install/explore_lite_msgs/lib/python3.12/site-packages/explore_lite_msgs/__init__.py
[1.581s] -- Up-to-date: /ros_ws/install/explore_lite_msgs/lib/python3.12/site-packages/explore_lite_msgs/_explore_lite_msgs_s.ep.rosidl_typesupport_c.c
[1.581s] -- Up-to-date: /ros_ws/install/explore_lite_msgs/lib/python3.12/site-packages/explore_lite_msgs/_explore_lite_msgs_s.ep.rosidl_typesupport_introspection_c.c
[1.581s] -- Up-to-date: /ros_ws/install/explore_lite_msgs/lib/python3.12/site-packages/explore_lite_msgs/explore_lite_msgs_s__rosidl_typesupport_c.so
[1.582s] -- Up-to-date: /ros_ws/install/explore_lite_msgs/lib/python3.12/site-packages/explore_lite_msgs/explore_lite_msgs_s__rosidl_typesupport_introspection_c.so
[1.582s] -- Up-to-date: /ros_ws/install/explore_lite_msgs/lib/python3.12/site-packages/explore_lite_msgs/_explore_lite_msgs_s.ep.rosidl_typesupport_fastrtps_c.c
[1.582s] -- Up-to-date: /ros_ws/install/explore_lite_msgs/lib/python3.12/site-packages/explore_lite_msgs/msg
[1.582s] -- Up-to-date: /ros_ws/install/explore_lite_msgs/lib/python3.12/site-packages/explore_lite_msgs/msg/__init__.py
[1.582s] -- Up-to-date: /ros_ws/install/explore_lite_msgs/lib/python3.12/site-packages/explore_lite_msgs/msg/_explore_status.py
[1.582s] -- Up-to-date: /ros_ws/install/explore_lite_msgs/lib/python3.12/site-packages/explore_lite_msgs/msg/_explore_status_s.c
[1.583s] -- Up-to-date: /ros_ws/install/explore_lite_msgs/lib/python3.12/site-packages/explore_lite_msgs/explore_lite_msgs_s__rosidl_typesupport_fastrtps_c.so
[1.584s] Listing '/ros_ws/install/explore_lite_msgs/lib/python3.12/site-packages/explore_lite_msgs'...
[1.584s] Listing '/ros_ws/install/explore_lite_msgs/lib/python3.12/site-packages/explore_lite_msgs/msg'...
[1.584s] -- Up-to-date: /ros_ws/install/explore_lite_msgs/lib/python3.12/site-packages/explore_lite_msgs/explore_lite_msgs_s__rosidl_typesupport_fastrtps_c.so
[1.584s] -- Up-to-date: /ros_ws/install/explore_lite_msgs/lib/python3.12/site-packages/explore_lite_msgs/explore_lite_msgs_s__rosidl_typesupport_introspection_c.so
[1.585s] -- Up-to-date: /ros_ws/install/explore_lite_msgs/lib/python3.12/site-packages/explore_lite_msgs/explore_lite_msgs_s__rosidl_typesupport_c.so
[1.585s] -- Up-to-date: /ros_ws/install/explore_lite_msgs/lib/libexplore_lite_msgs__rosidl_generator_py.so
[1.586s] -- Up-to-date: /ros_ws/install/explore_lite_msgs/share/ament_index/resource_index/rust_packages/explore_lite_msgs
[1.586s] -- Up-to-date: /ros_ws/install/explore_lite_msgs/share/explore_lite_msgs/rust
[1.586s] -- Up-to-date: /ros_ws/install/explore_lite_msgs/share/explore_lite_msgs/rust/build.rs
[1.586s] -- Up-to-date: /ros_ws/install/explore_lite_msgs/share/explore_lite_msgs/rust/src
[1.586s] -- Up-to-date: /ros_ws/install/explore_lite_msgs/share/explore_lite_msgs/rust/src/lib.rs
[1.586s] -- Up-to-date: /ros_ws/install/explore_lite_msgs/share/explore_lite_msgs/rust/src/msg
[1.586s] -- Up-to-date: /ros_ws/install/explore_lite_msgs/share/explore_lite_msgs/rust/src/msg/rmw.rs
[1.586s] -- Up-to-date: /ros_ws/install/explore_lite_msgs/share/explore_lite_msgs/rust/src/msg.rs
[1.586s] -- Up-to-date: /ros_ws/install/explore_lite_msgs/share/explore_lite_msgs/rust/Cargo.toml
[1.587s] -- Up-to-date: /ros_ws/install/explore_lite_msgs/share/explore_lite_msgs/msg/ExploreStatus.idl
[1.587s] -- Up-to-date: /ros_ws/install/explore_lite_msgs/share/explore_lite_msgs/msg/ExploreStatus.msg
[1.587s] -- Up-to-date: /ros_ws/install/explore_lite_msgs/share/ament_index/resource_index/package_run_dependencies/explore_lite_msgs
[1.587s] -- Up-to-date: /ros_ws/install/explore_lite_msgs/share/ament_index/resource_index/parent_prefix_path/explore_lite_msgs
[1.587s] -- Up-to-date: /ros_ws/install/explore_lite_msgs/share/explore_lite_msgs/environment/ament_prefix_path.sh
[1.588s] -- Up-to-date: /ros_ws/install/explore_lite_msgs/share/explore_lite_msgs/environment/ament_prefix_path.dsv
[1.588s] -- Up-to-date: /ros_ws/install/explore_lite_msgs/share/explore_lite_msgs/environment/path.sh
[1.588s] -- Up-to-date: /ros_ws/install/explore_lite_msgs/share/explore_lite_msgs/environment/path.dsv
[1.588s] -- Up-to-date: /ros_ws/install/explore_lite_msgs/share/explore_lite_msgs/local_setup.bash
[1.588s] -- Up-to-date: /ros_ws/install/explore_lite_msgs/share/explore_lite_msgs/local_setup.sh
[1.588s] -- Up-to-date: /ros_ws/install/explore_lite_msgs/share/explore_lite_msgs/local_setup.zsh
[1.588s] -- Up-to-date: /ros_ws/install/explore_lite_msgs/share/explore_lite_msgs/local_setup.dsv
[1.588s] -- Installing: /ros_ws/install/explore_lite_msgs/share/explore_lite_msgs/package.dsv
[1.589s] -- Up-to-date: /ros_ws/install/explore_lite_msgs/share/ament_index/resource_index/packages/explore_lite_msgs
[1.589s] -- Up-to-date: /ros_ws/install/explore_lite_msgs/share/explore_lite_msgs/cmake/export_explore_lite_msgs__rosidl_generator_cExport.cmake
[1.589s] -- Up-to-date: /ros_ws/install/explore_lite_msgs/share/explore_lite_msgs/cmake/export_explore_lite_msgs__rosidl_generator_cExport-noconfig.cmake
[1.589s] -- Up-to-date: /ros_ws/install/explore_lite_msgs/share/explore_lite_msgs/cmake/export_explore_lite_msgs__rosidl_typesupport_fastrtps_cExport.cmake
[1.590s] -- Up-to-date: /ros_ws/install/explore_lite_msgs/share/explore_lite_msgs/cmake/export_explore_lite_msgs__rosidl_typesupport_fastrtps_cExport-noconfig.cmake
[1.590s] -- Up-to-date: /ros_ws/install/explore_lite_msgs/share/explore_lite_msgs/cmake/explore_lite_msgs__rosidl_typesupport_introspection_cExport.cmake
[1.590s] -- Up-to-date: /ros_ws/install/explore_lite_msgs/share/explore_lite_msgs/cmake/explore_lite_msgs__rosidl_typesupport_introspection_cExport-noconfig.cmake
[1.590s] -- Up-to-date: /ros_ws/install/explore_lite_msgs/share/explore_lite_msgs/cmake/explore_lite_msgs__rosidl_typesupport_cExport.cmake
[1.590s] -- Up-to-date: /ros_ws/install/explore_lite_msgs/share/explore_lite_msgs/cmake/explore_lite_msgs__rosidl_typesupport_cExport-noconfig.cmake
[1.590s] -- Up-to-date: /ros_ws/install/explore_lite_msgs/share/explore_lite_msgs/cmake/export_explore_lite_msgs__rosidl_generator_cppExport.cmake
[1.590s] -- Up-to-date: /ros_ws/install/explore_lite_msgs/share/explore_lite_msgs/cmake/export_explore_lite_msgs__rosidl_typesupport_fastrtps_cppExport.cmake
[1.590s] -- Up-to-date: /ros_ws/install/explore_lite_msgs/share/explore_lite_msgs/cmake/export_explore_lite_msgs__rosidl_typesupport_fastrtps_cppExport-noconfig.cmake
[1.591s] -- Up-to-date: /ros_ws/install/explore_lite_msgs/share/explore_lite_msgs/cmake/explore_lite_msgs__rosidl_typesupport_introspection_cppExport.cmake
[1.591s] -- Up-to-date: /ros_ws/install/explore_lite_msgs/share/explore_lite_msgs/cmake/explore_lite_msgs__rosidl_typesupport_introspection_cppExport-noconfig.cmake
[1.591s] -- Up-to-date: /ros_ws/install/explore_lite_msgs/share/explore_lite_msgs/cmake/explore_lite_msgs__rosidl_typesupport_cppExport.cmake
[1.591s] -- Up-to-date: /ros_ws/install/explore_lite_msgs/share/explore_lite_msgs/cmake/explore_lite_msgs__rosidl_typesupport_cppExport-noconfig.cmake
[1.591s] -- Up-to-date: /ros_ws/install/explore_lite_msgs/share/explore_lite_msgs/cmake/export_explore_lite_msgs__rosidl_generator_pyExport.cmake
[1.592s] -- Up-to-date: /ros_ws/install/explore_lite_msgs/share/explore_lite_msgs/cmake/export_explore_lite_msgs__rosidl_generator_pyExport-noconfig.cmake
[1.592s] -- Up-to-date: /ros_ws/install/explore_lite_msgs/share/explore_lite_msgs/cmake/rosidl_cmake-extras.cmake
[1.592s] -- Up-to-date: /ros_ws/install/explore_lite_msgs/share/explore_lite_msgs/cmake/ament_cmake_export_include_directories-extras.cmake
[1.592s] -- Up-to-date: /ros_ws/install/explore_lite_msgs/share/explore_lite_msgs/cmake/ament_cmake_export_libraries-extras.cmake
[1.592s] -- Up-to-date: /ros_ws/install/explore_lite_msgs/share/explore_lite_msgs/cmake/ament_cmake_export_targets-extras.cmake
[1.593s] -- Up-to-date: /ros_ws/install/explore_lite_msgs/share/explore_lite_msgs/cmake/rosidl_cmake_export_typesupport_targets-extras.cmake
[1.593s] -- Up-to-date: /ros_ws/install/explore_lite_msgs/share/explore_lite_msgs/cmake/ament_cmake_export_dependencies-extras.cmake
[1.593s] -- Up-to-date: /ros_ws/install/explore_lite_msgs/share/explore_lite_msgs/cmake/rosidl_cmake_export_typesupport_libraries-extras.cmake
[1.593s] -- Up-to-date: /ros_ws/install/explore_lite_msgs/share/explore_lite_msgs/cmake/rosidl_cmake_aggregate_target-extras.cmake
[1.594s] -- Up-to-date: /ros_ws/install/explore_lite_msgs/share/explore_lite_msgs/cmake/explore_lite_msgsConfig.cmake
[1.594s] -- Up-to-date: /ros_ws/install/explore_lite_msgs/share/explore_lite_msgs/cmake/explore_lite_msgsConfig-version.cmake
[1.594s] -- Up-to-date: /ros_ws/install/explore_lite_msgs/share/explore_lite_msgs/package.xml
[1.696s] Invoked command in '/ros_ws/build/explore_lite_msgs' returned '0': CMAKE_PREFIX_PATH=${CMAKE_PREFIX_PATH}:/ros_ws/install/turtlebot_logic:/ros_ws/install/turtlebot3_teleop:/ros_ws/install/turtlebot3_example:/opt/ros/jazzy /usr/bin/cmake --install /ros_ws/build/explore_lite_msgs
