[0.230s] Invoking command in '/ros_ws/build/turtlebot3_msgs': CMAKE_PREFIX_PATH=${CMAKE_PREFIX_PATH}:/ros_ws/install/turtlebot_logic:/ros_ws/install/turtlebot3_teleop:/ros_ws/install/turtlebot3_example:/opt/ros/jazzy /usr/bin/cmake --build /ros_ws/build/turtlebot3_msgs -- -j12 -l12
[1.836s] [  1%] Built target turtlebot3_msgs__rosidl_generator_type_description
[1.852s] [  2%] Built target turtlebot3_msgs__rs
[1.853s] [  2%] Built target ament_cmake_python_copy_turtlebot3_msgs
[1.855s] [  7%] Built target turtlebot3_msgs__cpp
[1.856s] [ 27%] Built target turtlebot3_msgs__rosidl_generator_c
[1.856s] [ 36%] Built target turtlebot3_msgs__rosidl_typesupport_c
[1.856s] [ 46%] Built target turtlebot3_msgs__rosidl_typesupport_fastrtps_cpp
[1.856s] [ 55%] Built target turtlebot3_msgs__rosidl_typesupport_fastrtps_c
[1.857s] [ 65%] Built target turtlebot3_msgs__rosidl_typesupport_introspection_c
[1.857s] [ 74%] Built target turtlebot3_msgs__rosidl_typesupport_cpp
[1.857s] [ 84%] Built target turtlebot3_msgs__rosidl_typesupport_introspection_cpp
[1.857s] [ 84%] Built target turtlebot3_msgs
[1.857s] [ 85%] Built target turtlebot3_msgs__py
[1.858s] [ 93%] Built target turtlebot3_msgs__rosidl_generator_py
[1.858s] [ 95%] Built target turtlebot3_msgs_s__rosidl_typesupport_fastrtps_c
[1.858s] [ 97%] Built target turtlebot3_msgs_s__rosidl_typesupport_introspection_c
[1.858s] [100%] Built target turtlebot3_msgs_s__rosidl_typesupport_c
[1.858s] running egg_info
[1.858s] writing turtlebot3_msgs.egg-info/PKG-INFO
[1.858s] writing dependency_links to turtlebot3_msgs.egg-info/dependency_links.txt
[1.858s] writing top-level names to turtlebot3_msgs.egg-info/top_level.txt
[1.859s] reading manifest file 'turtlebot3_msgs.egg-info/SOURCES.txt'
[1.859s] writing manifest file 'turtlebot3_msgs.egg-info/SOURCES.txt'
[1.859s] [100%] Built target ament_cmake_python_build_turtlebot3_msgs_egg
[1.869s] Invoked command in '/ros_ws/build/turtlebot3_msgs' returned '0': CMAKE_PREFIX_PATH=${CMAKE_PREFIX_PATH}:/ros_ws/install/turtlebot_logic:/ros_ws/install/turtlebot3_teleop:/ros_ws/install/turtlebot3_example:/opt/ros/jazzy /usr/bin/cmake --build /ros_ws/build/turtlebot3_msgs -- -j12 -l12
[1.885s] Invoking command in '/ros_ws/build/turtlebot3_msgs': CMAKE_PREFIX_PATH=${CMAKE_PREFIX_PATH}:/ros_ws/install/turtlebot_logic:/ros_ws/install/turtlebot3_teleop:/ros_ws/install/turtlebot3_example:/opt/ros/jazzy /usr/bin/cmake --install /ros_ws/build/turtlebot3_msgs
[2.121s] -- Install configuration: ""
[2.122s] -- Up-to-date: /ros_ws/install/turtlebot3_msgs/share/ament_index/resource_index/rosidl_interfaces/turtlebot3_msgs
[2.122s] -- Up-to-date: /ros_ws/install/turtlebot3_msgs/share/turtlebot3_msgs/msg/SensorState.json
[2.123s] -- Up-to-date: /ros_ws/install/turtlebot3_msgs/share/turtlebot3_msgs/msg/Sound.json
[2.124s] -- Up-to-date: /ros_ws/install/turtlebot3_msgs/share/turtlebot3_msgs/msg/VersionInfo.json
[2.125s] -- Up-to-date: /ros_ws/install/turtlebot3_msgs/share/turtlebot3_msgs/srv/Sound.json
[2.126s] -- Up-to-date: /ros_ws/install/turtlebot3_msgs/share/turtlebot3_msgs/srv/Dqn.json
[2.128s] -- Up-to-date: /ros_ws/install/turtlebot3_msgs/share/turtlebot3_msgs/srv/Goal.json
[2.128s] -- Up-to-date: /ros_ws/install/turtlebot3_msgs/share/turtlebot3_msgs/action/Patrol.json
[2.129s] -- Up-to-date: /ros_ws/install/turtlebot3_msgs/include/turtlebot3_msgs/turtlebot3_msgs
[2.129s] -- Up-to-date: /ros_ws/install/turtlebot3_msgs/include/turtlebot3_msgs/turtlebot3_msgs/srv
[2.130s] -- Up-to-date: /ros_ws/install/turtlebot3_msgs/include/turtlebot3_msgs/turtlebot3_msgs/srv/goal.h
[2.134s] -- Up-to-date: /ros_ws/install/turtlebot3_msgs/include/turtlebot3_msgs/turtlebot3_msgs/srv/dqn.h
[2.135s] -- Up-to-date: /ros_ws/install/turtlebot3_msgs/include/turtlebot3_msgs/turtlebot3_msgs/srv/sound.h
[2.139s] -- Up-to-date: /ros_ws/install/turtlebot3_msgs/include/turtlebot3_msgs/turtlebot3_msgs/srv/detail
[2.139s] -- Up-to-date: /ros_ws/install/turtlebot3_msgs/include/turtlebot3_msgs/turtlebot3_msgs/srv/detail/dqn__functions.c
[2.140s] -- Up-to-date: /ros_ws/install/turtlebot3_msgs/include/turtlebot3_msgs/turtlebot3_msgs/srv/detail/sound__type_support.h
[2.140s] -- Installing: /ros_ws/install/turtlebot3_msgs/include/turtlebot3_msgs/turtlebot3_msgs/srv/detail/dqn__type_support.c
[2.141s] -- Up-to-date: /ros_ws/install/turtlebot3_msgs/include/turtlebot3_msgs/turtlebot3_msgs/srv/detail/sound__description.c
[2.141s] -- Up-to-date: /ros_ws/install/turtlebot3_msgs/include/turtlebot3_msgs/turtlebot3_msgs/srv/detail/goal__description.c
[2.142s] -- Installing: /ros_ws/install/turtlebot3_msgs/include/turtlebot3_msgs/turtlebot3_msgs/srv/detail/sound__type_support.c
[2.142s] -- Up-to-date: /ros_ws/install/turtlebot3_msgs/include/turtlebot3_msgs/turtlebot3_msgs/srv/detail/dqn__struct.h
[2.143s] -- Up-to-date: /ros_ws/install/turtlebot3_msgs/include/turtlebot3_msgs/turtlebot3_msgs/srv/detail/goal__type_support.h
[2.143s] -- Up-to-date: /ros_ws/install/turtlebot3_msgs/include/turtlebot3_msgs/turtlebot3_msgs/srv/detail/goal__functions.h
[2.144s] -- Up-to-date: /ros_ws/install/turtlebot3_msgs/include/turtlebot3_msgs/turtlebot3_msgs/srv/detail/goal__functions.c
[2.145s] -- Installing: /ros_ws/install/turtlebot3_msgs/include/turtlebot3_msgs/turtlebot3_msgs/srv/detail/goal__type_support.c
[2.145s] -- Up-to-date: /ros_ws/install/turtlebot3_msgs/include/turtlebot3_msgs/turtlebot3_msgs/srv/detail/dqn__functions.h
[2.146s] -- Up-to-date: /ros_ws/install/turtlebot3_msgs/include/turtlebot3_msgs/turtlebot3_msgs/srv/detail/dqn__description.c
[2.146s] -- Up-to-date: /ros_ws/install/turtlebot3_msgs/include/turtlebot3_msgs/turtlebot3_msgs/srv/detail/dqn__type_support.h
[2.146s] -- Up-to-date: /ros_ws/install/turtlebot3_msgs/include/turtlebot3_msgs/turtlebot3_msgs/srv/detail/goal__struct.h
[2.146s] -- Up-to-date: /ros_ws/install/turtlebot3_msgs/include/turtlebot3_msgs/turtlebot3_msgs/srv/detail/sound__struct.h
[2.146s] -- Up-to-date: /ros_ws/install/turtlebot3_msgs/include/turtlebot3_msgs/turtlebot3_msgs/srv/detail/sound__functions.h
[2.147s] -- Up-to-date: /ros_ws/install/turtlebot3_msgs/include/turtlebot3_msgs/turtlebot3_msgs/srv/detail/sound__functions.c
[2.149s] -- Up-to-date: /ros_ws/install/turtlebot3_msgs/include/turtlebot3_msgs/turtlebot3_msgs/msg
[2.149s] -- Up-to-date: /ros_ws/install/turtlebot3_msgs/include/turtlebot3_msgs/turtlebot3_msgs/msg/rosidl_generator_c__visibility_control.h
[2.151s] -- Up-to-date: /ros_ws/install/turtlebot3_msgs/include/turtlebot3_msgs/turtlebot3_msgs/msg/version_info.h
[2.151s] -- Up-to-date: /ros_ws/install/turtlebot3_msgs/include/turtlebot3_msgs/turtlebot3_msgs/msg/sound.h
[2.152s] -- Up-to-date: /ros_ws/install/turtlebot3_msgs/include/turtlebot3_msgs/turtlebot3_msgs/msg/sensor_state.h
[2.152s] -- Up-to-date: /ros_ws/install/turtlebot3_msgs/include/turtlebot3_msgs/turtlebot3_msgs/msg/detail
[2.163s] -- Up-to-date: /ros_ws/install/turtlebot3_msgs/include/turtlebot3_msgs/turtlebot3_msgs/msg/detail/sound__type_support.h
[2.164s] -- Installing: /ros_ws/install/turtlebot3_msgs/include/turtlebot3_msgs/turtlebot3_msgs/msg/detail/sensor_state__type_support.c
[2.164s] -- Up-to-date: /ros_ws/install/turtlebot3_msgs/include/turtlebot3_msgs/turtlebot3_msgs/msg/detail/version_info__struct.h
[2.165s] -- Up-to-date: /ros_ws/install/turtlebot3_msgs/include/turtlebot3_msgs/turtlebot3_msgs/msg/detail/sensor_state__description.c
[2.167s] -- Up-to-date: /ros_ws/install/turtlebot3_msgs/include/turtlebot3_msgs/turtlebot3_msgs/msg/detail/sound__description.c
[2.168s] -- Up-to-date: /ros_ws/install/turtlebot3_msgs/include/turtlebot3_msgs/turtlebot3_msgs/msg/detail/sensor_state__functions.c
[2.168s] -- Installing: /ros_ws/install/turtlebot3_msgs/include/turtlebot3_msgs/turtlebot3_msgs/msg/detail/sound__type_support.c
[2.169s] -- Up-to-date: /ros_ws/install/turtlebot3_msgs/include/turtlebot3_msgs/turtlebot3_msgs/msg/detail/version_info__functions.c
[2.169s] -- Up-to-date: /ros_ws/install/turtlebot3_msgs/include/turtlebot3_msgs/turtlebot3_msgs/msg/detail/sensor_state__type_support.h
[2.171s] -- Up-to-date: /ros_ws/install/turtlebot3_msgs/include/turtlebot3_msgs/turtlebot3_msgs/msg/detail/sound__struct.h
[2.172s] -- Up-to-date: /ros_ws/install/turtlebot3_msgs/include/turtlebot3_msgs/turtlebot3_msgs/msg/detail/sensor_state__functions.h
[2.173s] -- Up-to-date: /ros_ws/install/turtlebot3_msgs/include/turtlebot3_msgs/turtlebot3_msgs/msg/detail/version_info__type_support.h
[2.173s] -- Up-to-date: /ros_ws/install/turtlebot3_msgs/include/turtlebot3_msgs/turtlebot3_msgs/msg/detail/version_info__description.c
[2.174s] -- Up-to-date: /ros_ws/install/turtlebot3_msgs/include/turtlebot3_msgs/turtlebot3_msgs/msg/detail/sensor_state__struct.h
[2.175s] -- Up-to-date: /ros_ws/install/turtlebot3_msgs/include/turtlebot3_msgs/turtlebot3_msgs/msg/detail/sound__functions.h
[2.175s] -- Up-to-date: /ros_ws/install/turtlebot3_msgs/include/turtlebot3_msgs/turtlebot3_msgs/msg/detail/sound__functions.c
[2.176s] -- Installing: /ros_ws/install/turtlebot3_msgs/include/turtlebot3_msgs/turtlebot3_msgs/msg/detail/version_info__type_support.c
[2.176s] -- Up-to-date: /ros_ws/install/turtlebot3_msgs/include/turtlebot3_msgs/turtlebot3_msgs/msg/detail/version_info__functions.h
[2.176s] -- Up-to-date: /ros_ws/install/turtlebot3_msgs/include/turtlebot3_msgs/turtlebot3_msgs/action
[2.177s] -- Up-to-date: /ros_ws/install/turtlebot3_msgs/include/turtlebot3_msgs/turtlebot3_msgs/action/detail
[2.178s] -- Up-to-date: /ros_ws/install/turtlebot3_msgs/include/turtlebot3_msgs/turtlebot3_msgs/action/detail/patrol__struct.h
[2.179s] -- Up-to-date: /ros_ws/install/turtlebot3_msgs/include/turtlebot3_msgs/turtlebot3_msgs/action/detail/patrol__type_support.h
[2.183s] -- Up-to-date: /ros_ws/install/turtlebot3_msgs/include/turtlebot3_msgs/turtlebot3_msgs/action/detail/patrol__functions.h
[2.185s] -- Up-to-date: /ros_ws/install/turtlebot3_msgs/include/turtlebot3_msgs/turtlebot3_msgs/action/detail/patrol__description.c
[2.186s] -- Up-to-date: /ros_ws/install/turtlebot3_msgs/include/turtlebot3_msgs/turtlebot3_msgs/action/detail/patrol__functions.c
[2.188s] -- Installing: /ros_ws/install/turtlebot3_msgs/include/turtlebot3_msgs/turtlebot3_msgs/action/detail/patrol__type_support.c
[2.188s] -- Up-to-date: /ros_ws/install/turtlebot3_msgs/include/turtlebot3_msgs/turtlebot3_msgs/action/patrol.h
[2.189s] -- Up-to-date: /ros_ws/install/turtlebot3_msgs/share/turtlebot3_msgs/environment/library_path.sh
[2.191s] -- Up-to-date: /ros_ws/install/turtlebot3_msgs/share/turtlebot3_msgs/environment/library_path.dsv
[2.192s] -- Up-to-date: /ros_ws/install/turtlebot3_msgs/lib/libturtlebot3_msgs__rosidl_generator_c.so
[2.193s] -- Up-to-date: /ros_ws/install/turtlebot3_msgs/include/turtlebot3_msgs/turtlebot3_msgs
[2.193s] -- Up-to-date: /ros_ws/install/turtlebot3_msgs/include/turtlebot3_msgs/turtlebot3_msgs/srv
[2.197s] -- Up-to-date: /ros_ws/install/turtlebot3_msgs/include/turtlebot3_msgs/turtlebot3_msgs/srv/detail
[2.198s] -- Up-to-date: /ros_ws/install/turtlebot3_msgs/include/turtlebot3_msgs/turtlebot3_msgs/srv/detail/goal__rosidl_typesupport_fastrtps_c.h
[2.199s] -- Up-to-date: /ros_ws/install/turtlebot3_msgs/include/turtlebot3_msgs/turtlebot3_msgs/srv/detail/dqn__rosidl_typesupport_fastrtps_c.h
[2.200s] -- Up-to-date: /ros_ws/install/turtlebot3_msgs/include/turtlebot3_msgs/turtlebot3_msgs/srv/detail/sound__rosidl_typesupport_fastrtps_c.h
[2.201s] -- Up-to-date: /ros_ws/install/turtlebot3_msgs/include/turtlebot3_msgs/turtlebot3_msgs/msg
[2.202s] -- Up-to-date: /ros_ws/install/turtlebot3_msgs/include/turtlebot3_msgs/turtlebot3_msgs/msg/detail
[2.204s] -- Up-to-date: /ros_ws/install/turtlebot3_msgs/include/turtlebot3_msgs/turtlebot3_msgs/msg/detail/sensor_state__rosidl_typesupport_fastrtps_c.h
[2.206s] -- Up-to-date: /ros_ws/install/turtlebot3_msgs/include/turtlebot3_msgs/turtlebot3_msgs/msg/detail/sound__rosidl_typesupport_fastrtps_c.h
[2.207s] -- Up-to-date: /ros_ws/install/turtlebot3_msgs/include/turtlebot3_msgs/turtlebot3_msgs/msg/detail/version_info__rosidl_typesupport_fastrtps_c.h
[2.214s] -- Up-to-date: /ros_ws/install/turtlebot3_msgs/include/turtlebot3_msgs/turtlebot3_msgs/msg/rosidl_typesupport_fastrtps_c__visibility_control.h
[2.214s] -- Up-to-date: /ros_ws/install/turtlebot3_msgs/include/turtlebot3_msgs/turtlebot3_msgs/action
[2.214s] -- Up-to-date: /ros_ws/install/turtlebot3_msgs/include/turtlebot3_msgs/turtlebot3_msgs/action/detail
[2.215s] -- Up-to-date: /ros_ws/install/turtlebot3_msgs/include/turtlebot3_msgs/turtlebot3_msgs/action/detail/patrol__rosidl_typesupport_fastrtps_c.h
[2.215s] -- Up-to-date: /ros_ws/install/turtlebot3_msgs/lib/libturtlebot3_msgs__rosidl_typesupport_fastrtps_c.so
[2.215s] -- Up-to-date: /ros_ws/install/turtlebot3_msgs/include/turtlebot3_msgs/turtlebot3_msgs
[2.216s] -- Up-to-date: /ros_ws/install/turtlebot3_msgs/include/turtlebot3_msgs/turtlebot3_msgs/srv
[2.216s] -- Up-to-date: /ros_ws/install/turtlebot3_msgs/include/turtlebot3_msgs/turtlebot3_msgs/srv/goal.hpp
[2.216s] -- Up-to-date: /ros_ws/install/turtlebot3_msgs/include/turtlebot3_msgs/turtlebot3_msgs/srv/sound.hpp
[2.216s] -- Up-to-date: /ros_ws/install/turtlebot3_msgs/include/turtlebot3_msgs/turtlebot3_msgs/srv/dqn.hpp
[2.216s] -- Up-to-date: /ros_ws/install/turtlebot3_msgs/include/turtlebot3_msgs/turtlebot3_msgs/srv/detail
[2.217s] -- Up-to-date: /ros_ws/install/turtlebot3_msgs/include/turtlebot3_msgs/turtlebot3_msgs/srv/detail/dqn__type_support.hpp
[2.217s] -- Up-to-date: /ros_ws/install/turtlebot3_msgs/include/turtlebot3_msgs/turtlebot3_msgs/srv/detail/goal__struct.hpp
[2.218s] -- Up-to-date: /ros_ws/install/turtlebot3_msgs/include/turtlebot3_msgs/turtlebot3_msgs/srv/detail/sound__struct.hpp
[2.218s] -- Up-to-date: /ros_ws/install/turtlebot3_msgs/include/turtlebot3_msgs/turtlebot3_msgs/srv/detail/sound__traits.hpp
[2.218s] -- Up-to-date: /ros_ws/install/turtlebot3_msgs/include/turtlebot3_msgs/turtlebot3_msgs/srv/detail/goal__type_support.hpp
[2.219s] -- Up-to-date: /ros_ws/install/turtlebot3_msgs/include/turtlebot3_msgs/turtlebot3_msgs/srv/detail/dqn__struct.hpp
[2.219s] -- Up-to-date: /ros_ws/install/turtlebot3_msgs/include/turtlebot3_msgs/turtlebot3_msgs/srv/detail/goal__builder.hpp
[2.219s] -- Up-to-date: /ros_ws/install/turtlebot3_msgs/include/turtlebot3_msgs/turtlebot3_msgs/srv/detail/sound__type_support.hpp
[2.219s] -- Up-to-date: /ros_ws/install/turtlebot3_msgs/include/turtlebot3_msgs/turtlebot3_msgs/srv/detail/dqn__traits.hpp
[2.219s] -- Up-to-date: /ros_ws/install/turtlebot3_msgs/include/turtlebot3_msgs/turtlebot3_msgs/srv/detail/sound__builder.hpp
[2.219s] -- Up-to-date: /ros_ws/install/turtlebot3_msgs/include/turtlebot3_msgs/turtlebot3_msgs/srv/detail/dqn__builder.hpp
[2.220s] -- Up-to-date: /ros_ws/install/turtlebot3_msgs/include/turtlebot3_msgs/turtlebot3_msgs/srv/detail/goal__traits.hpp
[2.224s] -- Up-to-date: /ros_ws/install/turtlebot3_msgs/include/turtlebot3_msgs/turtlebot3_msgs/msg
[2.224s] -- Up-to-date: /ros_ws/install/turtlebot3_msgs/include/turtlebot3_msgs/turtlebot3_msgs/msg/rosidl_generator_cpp__visibility_control.hpp
[2.225s] -- Up-to-date: /ros_ws/install/turtlebot3_msgs/include/turtlebot3_msgs/turtlebot3_msgs/msg/version_info.hpp
[2.226s] -- Up-to-date: /ros_ws/install/turtlebot3_msgs/include/turtlebot3_msgs/turtlebot3_msgs/msg/sound.hpp
[2.226s] -- Up-to-date: /ros_ws/install/turtlebot3_msgs/include/turtlebot3_msgs/turtlebot3_msgs/msg/sensor_state.hpp
[2.227s] -- Up-to-date: /ros_ws/install/turtlebot3_msgs/include/turtlebot3_msgs/turtlebot3_msgs/msg/detail
[2.227s] -- Up-to-date: /ros_ws/install/turtlebot3_msgs/include/turtlebot3_msgs/turtlebot3_msgs/msg/detail/sensor_state__builder.hpp
[2.228s] -- Up-to-date: /ros_ws/install/turtlebot3_msgs/include/turtlebot3_msgs/turtlebot3_msgs/msg/detail/version_info__struct.hpp
[2.228s] -- Up-to-date: /ros_ws/install/turtlebot3_msgs/include/turtlebot3_msgs/turtlebot3_msgs/msg/detail/sensor_state__struct.hpp
[2.229s] -- Up-to-date: /ros_ws/install/turtlebot3_msgs/include/turtlebot3_msgs/turtlebot3_msgs/msg/detail/sound__struct.hpp
[2.230s] -- Up-to-date: /ros_ws/install/turtlebot3_msgs/include/turtlebot3_msgs/turtlebot3_msgs/msg/detail/sound__traits.hpp
[2.230s] -- Up-to-date: /ros_ws/install/turtlebot3_msgs/include/turtlebot3_msgs/turtlebot3_msgs/msg/detail/version_info__traits.hpp
[2.231s] -- Up-to-date: /ros_ws/install/turtlebot3_msgs/include/turtlebot3_msgs/turtlebot3_msgs/msg/detail/version_info__builder.hpp
[2.232s] -- Up-to-date: /ros_ws/install/turtlebot3_msgs/include/turtlebot3_msgs/turtlebot3_msgs/msg/detail/sensor_state__type_support.hpp
[2.232s] -- Up-to-date: /ros_ws/install/turtlebot3_msgs/include/turtlebot3_msgs/turtlebot3_msgs/msg/detail/version_info__type_support.hpp
[2.233s] -- Up-to-date: /ros_ws/install/turtlebot3_msgs/include/turtlebot3_msgs/turtlebot3_msgs/msg/detail/sound__type_support.hpp
[2.234s] -- Up-to-date: /ros_ws/install/turtlebot3_msgs/include/turtlebot3_msgs/turtlebot3_msgs/msg/detail/sound__builder.hpp
[2.235s] -- Up-to-date: /ros_ws/install/turtlebot3_msgs/include/turtlebot3_msgs/turtlebot3_msgs/msg/detail/sensor_state__traits.hpp
[2.235s] -- Up-to-date: /ros_ws/install/turtlebot3_msgs/include/turtlebot3_msgs/turtlebot3_msgs/action
[2.236s] -- Up-to-date: /ros_ws/install/turtlebot3_msgs/include/turtlebot3_msgs/turtlebot3_msgs/action/patrol.hpp
[2.237s] -- Up-to-date: /ros_ws/install/turtlebot3_msgs/include/turtlebot3_msgs/turtlebot3_msgs/action/detail
[2.238s] -- Up-to-date: /ros_ws/install/turtlebot3_msgs/include/turtlebot3_msgs/turtlebot3_msgs/action/detail/patrol__builder.hpp
[2.239s] -- Up-to-date: /ros_ws/install/turtlebot3_msgs/include/turtlebot3_msgs/turtlebot3_msgs/action/detail/patrol__struct.hpp
[2.240s] -- Up-to-date: /ros_ws/install/turtlebot3_msgs/include/turtlebot3_msgs/turtlebot3_msgs/action/detail/patrol__type_support.hpp
[2.240s] -- Up-to-date: /ros_ws/install/turtlebot3_msgs/include/turtlebot3_msgs/turtlebot3_msgs/action/detail/patrol__traits.hpp
[2.241s] -- Up-to-date: /ros_ws/install/turtlebot3_msgs/include/turtlebot3_msgs/turtlebot3_msgs
[2.241s] -- Up-to-date: /ros_ws/install/turtlebot3_msgs/include/turtlebot3_msgs/turtlebot3_msgs/srv
[2.241s] -- Up-to-date: /ros_ws/install/turtlebot3_msgs/include/turtlebot3_msgs/turtlebot3_msgs/srv/detail
[2.242s] -- Up-to-date: /ros_ws/install/turtlebot3_msgs/include/turtlebot3_msgs/turtlebot3_msgs/srv/detail/dds_fastrtps
[2.242s] -- Up-to-date: /ros_ws/install/turtlebot3_msgs/include/turtlebot3_msgs/turtlebot3_msgs/srv/detail/sound__rosidl_typesupport_fastrtps_cpp.hpp
[2.243s] -- Up-to-date: /ros_ws/install/turtlebot3_msgs/include/turtlebot3_msgs/turtlebot3_msgs/srv/detail/goal__rosidl_typesupport_fastrtps_cpp.hpp
[2.243s] -- Up-to-date: /ros_ws/install/turtlebot3_msgs/include/turtlebot3_msgs/turtlebot3_msgs/srv/detail/dqn__rosidl_typesupport_fastrtps_cpp.hpp
[2.244s] -- Up-to-date: /ros_ws/install/turtlebot3_msgs/include/turtlebot3_msgs/turtlebot3_msgs/msg
[2.244s] -- Up-to-date: /ros_ws/install/turtlebot3_msgs/include/turtlebot3_msgs/turtlebot3_msgs/msg/rosidl_typesupport_fastrtps_cpp__visibility_control.h
[2.245s] -- Up-to-date: /ros_ws/install/turtlebot3_msgs/include/turtlebot3_msgs/turtlebot3_msgs/msg/detail
[2.246s] -- Up-to-date: /ros_ws/install/turtlebot3_msgs/include/turtlebot3_msgs/turtlebot3_msgs/msg/detail/dds_fastrtps
[2.246s] -- Up-to-date: /ros_ws/install/turtlebot3_msgs/include/turtlebot3_msgs/turtlebot3_msgs/msg/detail/version_info__rosidl_typesupport_fastrtps_cpp.hpp
[2.246s] -- Up-to-date: /ros_ws/install/turtlebot3_msgs/include/turtlebot3_msgs/turtlebot3_msgs/msg/detail/sound__rosidl_typesupport_fastrtps_cpp.hpp
[2.246s] -- Up-to-date: /ros_ws/install/turtlebot3_msgs/include/turtlebot3_msgs/turtlebot3_msgs/msg/detail/sensor_state__rosidl_typesupport_fastrtps_cpp.hpp
[2.247s] -- Up-to-date: /ros_ws/install/turtlebot3_msgs/include/turtlebot3_msgs/turtlebot3_msgs/action
[2.249s] -- Up-to-date: /ros_ws/install/turtlebot3_msgs/include/turtlebot3_msgs/turtlebot3_msgs/action/detail
[2.250s] -- Up-to-date: /ros_ws/install/turtlebot3_msgs/include/turtlebot3_msgs/turtlebot3_msgs/action/detail/dds_fastrtps
[2.250s] -- Up-to-date: /ros_ws/install/turtlebot3_msgs/include/turtlebot3_msgs/turtlebot3_msgs/action/detail/patrol__rosidl_typesupport_fastrtps_cpp.hpp
[2.251s] -- Up-to-date: /ros_ws/install/turtlebot3_msgs/lib/libturtlebot3_msgs__rosidl_typesupport_fastrtps_cpp.so
[2.251s] -- Up-to-date: /ros_ws/install/turtlebot3_msgs/include/turtlebot3_msgs/turtlebot3_msgs
[2.251s] -- Up-to-date: /ros_ws/install/turtlebot3_msgs/include/turtlebot3_msgs/turtlebot3_msgs/srv
[2.252s] -- Up-to-date: /ros_ws/install/turtlebot3_msgs/include/turtlebot3_msgs/turtlebot3_msgs/srv/detail
[2.253s] -- Up-to-date: /ros_ws/install/turtlebot3_msgs/include/turtlebot3_msgs/turtlebot3_msgs/srv/detail/dqn__rosidl_typesupport_introspection_c.h
[2.254s] -- Up-to-date: /ros_ws/install/turtlebot3_msgs/include/turtlebot3_msgs/turtlebot3_msgs/srv/detail/goal__rosidl_typesupport_introspection_c.h
[2.255s] -- Installing: /ros_ws/install/turtlebot3_msgs/include/turtlebot3_msgs/turtlebot3_msgs/srv/detail/dqn__type_support.c
[2.256s] -- Up-to-date: /ros_ws/install/turtlebot3_msgs/include/turtlebot3_msgs/turtlebot3_msgs/srv/detail/sound__rosidl_typesupport_introspection_c.h
[2.257s] -- Installing: /ros_ws/install/turtlebot3_msgs/include/turtlebot3_msgs/turtlebot3_msgs/srv/detail/sound__type_support.c
[2.257s] -- Installing: /ros_ws/install/turtlebot3_msgs/include/turtlebot3_msgs/turtlebot3_msgs/srv/detail/goal__type_support.c
[2.259s] -- Up-to-date: /ros_ws/install/turtlebot3_msgs/include/turtlebot3_msgs/turtlebot3_msgs/msg
[2.262s] -- Up-to-date: /ros_ws/install/turtlebot3_msgs/include/turtlebot3_msgs/turtlebot3_msgs/msg/detail
[2.262s] -- Up-to-date: /ros_ws/install/turtlebot3_msgs/include/turtlebot3_msgs/turtlebot3_msgs/msg/detail/sensor_state__rosidl_typesupport_introspection_c.h
[2.262s] -- Installing: /ros_ws/install/turtlebot3_msgs/include/turtlebot3_msgs/turtlebot3_msgs/msg/detail/sensor_state__type_support.c
[2.263s] -- Up-to-date: /ros_ws/install/turtlebot3_msgs/include/turtlebot3_msgs/turtlebot3_msgs/msg/detail/version_info__rosidl_typesupport_introspection_c.h
[2.264s] -- Up-to-date: /ros_ws/install/turtlebot3_msgs/include/turtlebot3_msgs/turtlebot3_msgs/msg/detail/sound__rosidl_typesupport_introspection_c.h
[2.265s] -- Installing: /ros_ws/install/turtlebot3_msgs/include/turtlebot3_msgs/turtlebot3_msgs/msg/detail/sound__type_support.c
[2.266s] -- Installing: /ros_ws/install/turtlebot3_msgs/include/turtlebot3_msgs/turtlebot3_msgs/msg/detail/version_info__type_support.c
[2.266s] -- Up-to-date: /ros_ws/install/turtlebot3_msgs/include/turtlebot3_msgs/turtlebot3_msgs/msg/rosidl_typesupport_introspection_c__visibility_control.h
[2.267s] -- Up-to-date: /ros_ws/install/turtlebot3_msgs/include/turtlebot3_msgs/turtlebot3_msgs/action
[2.267s] -- Up-to-date: /ros_ws/install/turtlebot3_msgs/include/turtlebot3_msgs/turtlebot3_msgs/action/detail
[2.267s] -- Up-to-date: /ros_ws/install/turtlebot3_msgs/include/turtlebot3_msgs/turtlebot3_msgs/action/detail/patrol__rosidl_typesupport_introspection_c.h
[2.267s] -- Installing: /ros_ws/install/turtlebot3_msgs/include/turtlebot3_msgs/turtlebot3_msgs/action/detail/patrol__type_support.c
[2.268s] -- Up-to-date: /ros_ws/install/turtlebot3_msgs/lib/libturtlebot3_msgs__rosidl_typesupport_introspection_c.so
[2.268s] -- Up-to-date: /ros_ws/install/turtlebot3_msgs/lib/libturtlebot3_msgs__rosidl_typesupport_c.so
[2.269s] -- Up-to-date: /ros_ws/install/turtlebot3_msgs/include/turtlebot3_msgs/turtlebot3_msgs
[2.269s] -- Up-to-date: /ros_ws/install/turtlebot3_msgs/include/turtlebot3_msgs/turtlebot3_msgs/srv
[2.270s] -- Up-to-date: /ros_ws/install/turtlebot3_msgs/include/turtlebot3_msgs/turtlebot3_msgs/srv/detail
[2.270s] -- Up-to-date: /ros_ws/install/turtlebot3_msgs/include/turtlebot3_msgs/turtlebot3_msgs/srv/detail/dqn__rosidl_typesupport_introspection_cpp.hpp
[2.272s] -- Up-to-date: /ros_ws/install/turtlebot3_msgs/include/turtlebot3_msgs/turtlebot3_msgs/srv/detail/goal__rosidl_typesupport_introspection_cpp.hpp
[2.274s] -- Up-to-date: /ros_ws/install/turtlebot3_msgs/include/turtlebot3_msgs/turtlebot3_msgs/srv/detail/dqn__type_support.cpp
[2.275s] -- Up-to-date: /ros_ws/install/turtlebot3_msgs/include/turtlebot3_msgs/turtlebot3_msgs/srv/detail/goal__type_support.cpp
[2.276s] -- Up-to-date: /ros_ws/install/turtlebot3_msgs/include/turtlebot3_msgs/turtlebot3_msgs/srv/detail/sound__rosidl_typesupport_introspection_cpp.hpp
[2.277s] -- Up-to-date: /ros_ws/install/turtlebot3_msgs/include/turtlebot3_msgs/turtlebot3_msgs/srv/detail/sound__type_support.cpp
[2.278s] -- Up-to-date: /ros_ws/install/turtlebot3_msgs/include/turtlebot3_msgs/turtlebot3_msgs/msg
[2.278s] -- Up-to-date: /ros_ws/install/turtlebot3_msgs/include/turtlebot3_msgs/turtlebot3_msgs/msg/detail
[2.321s] -- Up-to-date: /ros_ws/install/turtlebot3_msgs/include/turtlebot3_msgs/turtlebot3_msgs/msg/detail/sensor_state__type_support.cpp
[2.322s] -- Up-to-date: /ros_ws/install/turtlebot3_msgs/include/turtlebot3_msgs/turtlebot3_msgs/msg/detail/sensor_state__rosidl_typesupport_introspection_cpp.hpp
[2.323s] -- Up-to-date: /ros_ws/install/turtlebot3_msgs/include/turtlebot3_msgs/turtlebot3_msgs/msg/detail/version_info__type_support.cpp
[2.323s] -- Up-to-date: /ros_ws/install/turtlebot3_msgs/include/turtlebot3_msgs/turtlebot3_msgs/msg/detail/version_info__rosidl_typesupport_introspection_cpp.hpp
[2.324s] -- Up-to-date: /ros_ws/install/turtlebot3_msgs/include/turtlebot3_msgs/turtlebot3_msgs/msg/detail/sound__rosidl_typesupport_introspection_cpp.hpp
[2.324s] -- Up-to-date: /ros_ws/install/turtlebot3_msgs/include/turtlebot3_msgs/turtlebot3_msgs/msg/detail/sound__type_support.cpp
[2.325s] -- Up-to-date: /ros_ws/install/turtlebot3_msgs/include/turtlebot3_msgs/turtlebot3_msgs/action
[2.325s] -- Up-to-date: /ros_ws/install/turtlebot3_msgs/include/turtlebot3_msgs/turtlebot3_msgs/action/detail
[2.326s] -- Up-to-date: /ros_ws/install/turtlebot3_msgs/include/turtlebot3_msgs/turtlebot3_msgs/action/detail/patrol__rosidl_typesupport_introspection_cpp.hpp
[2.327s] -- Up-to-date: /ros_ws/install/turtlebot3_msgs/include/turtlebot3_msgs/turtlebot3_msgs/action/detail/patrol__type_support.cpp
[2.327s] -- Up-to-date: /ros_ws/install/turtlebot3_msgs/lib/libturtlebot3_msgs__rosidl_typesupport_introspection_cpp.so
[2.327s] -- Up-to-date: /ros_ws/install/turtlebot3_msgs/lib/libturtlebot3_msgs__rosidl_typesupport_cpp.so
[2.328s] -- Up-to-date: /ros_ws/install/turtlebot3_msgs/share/turtlebot3_msgs/environment/pythonpath.sh
[2.328s] -- Up-to-date: /ros_ws/install/turtlebot3_msgs/share/turtlebot3_msgs/environment/pythonpath.dsv
[2.329s] -- Up-to-date: /ros_ws/install/turtlebot3_msgs/lib/python3.12/site-packages/turtlebot3_msgs-2.4.0-py3.12.egg-info
[2.329s] -- Installing: /ros_ws/install/turtlebot3_msgs/lib/python3.12/site-packages/turtlebot3_msgs-2.4.0-py3.12.egg-info/PKG-INFO
[2.329s] -- Installing: /ros_ws/install/turtlebot3_msgs/lib/python3.12/site-packages/turtlebot3_msgs-2.4.0-py3.12.egg-info/dependency_links.txt
[2.329s] -- Installing: /ros_ws/install/turtlebot3_msgs/lib/python3.12/site-packages/turtlebot3_msgs-2.4.0-py3.12.egg-info/SOURCES.txt
[2.329s] -- Installing: /ros_ws/install/turtlebot3_msgs/lib/python3.12/site-packages/turtlebot3_msgs-2.4.0-py3.12.egg-info/top_level.txt
[2.330s] -- Up-to-date: /ros_ws/install/turtlebot3_msgs/lib/python3.12/site-packages/turtlebot3_msgs
[2.331s] -- Up-to-date: /ros_ws/install/turtlebot3_msgs/lib/python3.12/site-packages/turtlebot3_msgs/_turtlebot3_msgs_s.ep.rosidl_typesupport_c.c
[2.332s] -- Up-to-date: /ros_ws/install/turtlebot3_msgs/lib/python3.12/site-packages/turtlebot3_msgs/__init__.py
[2.332s] -- Up-to-date: /ros_ws/install/turtlebot3_msgs/lib/python3.12/site-packages/turtlebot3_msgs/_turtlebot3_msgs_s.ep.rosidl_typesupport_introspection_c.c
[2.341s] -- Up-to-date: /ros_ws/install/turtlebot3_msgs/lib/python3.12/site-packages/turtlebot3_msgs/turtlebot3_msgs_s__rosidl_typesupport_fastrtps_c.so
[2.342s] -- Up-to-date: /ros_ws/install/turtlebot3_msgs/lib/python3.12/site-packages/turtlebot3_msgs/srv
[2.342s] -- Up-to-date: /ros_ws/install/turtlebot3_msgs/lib/python3.12/site-packages/turtlebot3_msgs/srv/_dqn.py
[2.343s] -- Up-to-date: /ros_ws/install/turtlebot3_msgs/lib/python3.12/site-packages/turtlebot3_msgs/srv/_sound.py
[2.343s] -- Up-to-date: /ros_ws/install/turtlebot3_msgs/lib/python3.12/site-packages/turtlebot3_msgs/srv/_sound_s.c
[2.343s] -- Up-to-date: /ros_ws/install/turtlebot3_msgs/lib/python3.12/site-packages/turtlebot3_msgs/srv/__init__.py
[2.343s] -- Up-to-date: /ros_ws/install/turtlebot3_msgs/lib/python3.12/site-packages/turtlebot3_msgs/srv/_goal_s.c
[2.343s] -- Up-to-date: /ros_ws/install/turtlebot3_msgs/lib/python3.12/site-packages/turtlebot3_msgs/srv/_goal.py
[2.344s] -- Up-to-date: /ros_ws/install/turtlebot3_msgs/lib/python3.12/site-packages/turtlebot3_msgs/srv/_dqn_s.c
[2.344s] -- Up-to-date: /ros_ws/install/turtlebot3_msgs/lib/python3.12/site-packages/turtlebot3_msgs/msg
[2.344s] -- Up-to-date: /ros_ws/install/turtlebot3_msgs/lib/python3.12/site-packages/turtlebot3_msgs/msg/_version_info.py
[2.347s] -- Up-to-date: /ros_ws/install/turtlebot3_msgs/lib/python3.12/site-packages/turtlebot3_msgs/msg/_sound.py
[2.347s] -- Up-to-date: /ros_ws/install/turtlebot3_msgs/lib/python3.12/site-packages/turtlebot3_msgs/msg/_sound_s.c
[2.348s] -- Up-to-date: /ros_ws/install/turtlebot3_msgs/lib/python3.12/site-packages/turtlebot3_msgs/msg/__init__.py
[2.348s] -- Up-to-date: /ros_ws/install/turtlebot3_msgs/lib/python3.12/site-packages/turtlebot3_msgs/msg/_version_info_s.c
[2.348s] -- Up-to-date: /ros_ws/install/turtlebot3_msgs/lib/python3.12/site-packages/turtlebot3_msgs/msg/_sensor_state_s.c
[2.348s] -- Up-to-date: /ros_ws/install/turtlebot3_msgs/lib/python3.12/site-packages/turtlebot3_msgs/msg/_sensor_state.py
[2.356s] -- Up-to-date: /ros_ws/install/turtlebot3_msgs/lib/python3.12/site-packages/turtlebot3_msgs/turtlebot3_msgs_s__rosidl_typesupport_c.so
[2.356s] -- Up-to-date: /ros_ws/install/turtlebot3_msgs/lib/python3.12/site-packages/turtlebot3_msgs/_turtlebot3_msgs_s.ep.rosidl_typesupport_fastrtps_c.c
[2.357s] -- Up-to-date: /ros_ws/install/turtlebot3_msgs/lib/python3.12/site-packages/turtlebot3_msgs/action
[2.358s] -- Up-to-date: /ros_ws/install/turtlebot3_msgs/lib/python3.12/site-packages/turtlebot3_msgs/action/__init__.py
[2.358s] -- Up-to-date: /ros_ws/install/turtlebot3_msgs/lib/python3.12/site-packages/turtlebot3_msgs/action/_patrol_s.c
[2.359s] -- Up-to-date: /ros_ws/install/turtlebot3_msgs/lib/python3.12/site-packages/turtlebot3_msgs/action/_patrol.py
[2.359s] -- Up-to-date: /ros_ws/install/turtlebot3_msgs/lib/python3.12/site-packages/turtlebot3_msgs/turtlebot3_msgs_s__rosidl_typesupport_introspection_c.so
[2.479s] Listing '/ros_ws/install/turtlebot3_msgs/lib/python3.12/site-packages/turtlebot3_msgs'...
[2.479s] Listing '/ros_ws/install/turtlebot3_msgs/lib/python3.12/site-packages/turtlebot3_msgs/action'...
[2.480s] Listing '/ros_ws/install/turtlebot3_msgs/lib/python3.12/site-packages/turtlebot3_msgs/msg'...
[2.480s] Listing '/ros_ws/install/turtlebot3_msgs/lib/python3.12/site-packages/turtlebot3_msgs/srv'...
[2.485s] -- Up-to-date: /ros_ws/install/turtlebot3_msgs/lib/python3.12/site-packages/turtlebot3_msgs/turtlebot3_msgs_s__rosidl_typesupport_fastrtps_c.so
[2.506s] -- Up-to-date: /ros_ws/install/turtlebot3_msgs/lib/python3.12/site-packages/turtlebot3_msgs/turtlebot3_msgs_s__rosidl_typesupport_introspection_c.so
[2.506s] -- Up-to-date: /ros_ws/install/turtlebot3_msgs/lib/python3.12/site-packages/turtlebot3_msgs/turtlebot3_msgs_s__rosidl_typesupport_c.so
[2.508s] -- Up-to-date: /ros_ws/install/turtlebot3_msgs/lib/libturtlebot3_msgs__rosidl_generator_py.so
[2.509s] -- Up-to-date: /ros_ws/install/turtlebot3_msgs/share/ament_index/resource_index/rust_packages/turtlebot3_msgs
[2.510s] -- Up-to-date: /ros_ws/install/turtlebot3_msgs/share/turtlebot3_msgs/rust
[2.510s] -- Up-to-date: /ros_ws/install/turtlebot3_msgs/share/turtlebot3_msgs/rust/build.rs
[2.511s] -- Up-to-date: /ros_ws/install/turtlebot3_msgs/share/turtlebot3_msgs/rust/src
[2.512s] -- Up-to-date: /ros_ws/install/turtlebot3_msgs/share/turtlebot3_msgs/rust/src/srv
[2.512s] -- Up-to-date: /ros_ws/install/turtlebot3_msgs/share/turtlebot3_msgs/rust/src/srv/rmw.rs
[2.513s] -- Up-to-date: /ros_ws/install/turtlebot3_msgs/share/turtlebot3_msgs/rust/src/lib.rs
[2.513s] -- Up-to-date: /ros_ws/install/turtlebot3_msgs/share/turtlebot3_msgs/rust/src/msg
[2.513s] -- Up-to-date: /ros_ws/install/turtlebot3_msgs/share/turtlebot3_msgs/rust/src/msg/rmw.rs
[2.514s] -- Up-to-date: /ros_ws/install/turtlebot3_msgs/share/turtlebot3_msgs/rust/src/srv.rs
[2.514s] -- Up-to-date: /ros_ws/install/turtlebot3_msgs/share/turtlebot3_msgs/rust/src/action
[2.515s] -- Up-to-date: /ros_ws/install/turtlebot3_msgs/share/turtlebot3_msgs/rust/src/action/rmw.rs
[2.516s] -- Up-to-date: /ros_ws/install/turtlebot3_msgs/share/turtlebot3_msgs/rust/src/msg.rs
[2.517s] -- Up-to-date: /ros_ws/install/turtlebot3_msgs/share/turtlebot3_msgs/rust/src/action.rs
[2.518s] -- Up-to-date: /ros_ws/install/turtlebot3_msgs/share/turtlebot3_msgs/rust/Cargo.toml
[2.518s] -- Up-to-date: /ros_ws/install/turtlebot3_msgs/share/turtlebot3_msgs/msg/SensorState.idl
[2.519s] -- Up-to-date: /ros_ws/install/turtlebot3_msgs/share/turtlebot3_msgs/msg/Sound.idl
[2.520s] -- Up-to-date: /ros_ws/install/turtlebot3_msgs/share/turtlebot3_msgs/msg/VersionInfo.idl
[2.520s] -- Up-to-date: /ros_ws/install/turtlebot3_msgs/share/turtlebot3_msgs/srv/Sound.idl
[2.521s] -- Up-to-date: /ros_ws/install/turtlebot3_msgs/share/turtlebot3_msgs/srv/Dqn.idl
[2.521s] -- Up-to-date: /ros_ws/install/turtlebot3_msgs/share/turtlebot3_msgs/srv/Goal.idl
[2.522s] -- Up-to-date: /ros_ws/install/turtlebot3_msgs/share/turtlebot3_msgs/action/Patrol.idl
[2.522s] -- Up-to-date: /ros_ws/install/turtlebot3_msgs/share/turtlebot3_msgs/msg/SensorState.msg
[2.522s] -- Up-to-date: /ros_ws/install/turtlebot3_msgs/share/turtlebot3_msgs/msg/Sound.msg
[2.522s] -- Up-to-date: /ros_ws/install/turtlebot3_msgs/share/turtlebot3_msgs/msg/VersionInfo.msg
[2.523s] -- Up-to-date: /ros_ws/install/turtlebot3_msgs/share/turtlebot3_msgs/srv/Sound.srv
[2.523s] -- Up-to-date: /ros_ws/install/turtlebot3_msgs/share/turtlebot3_msgs/srv/Dqn.srv
[2.523s] -- Up-to-date: /ros_ws/install/turtlebot3_msgs/share/turtlebot3_msgs/srv/Goal.srv
[2.523s] -- Up-to-date: /ros_ws/install/turtlebot3_msgs/share/turtlebot3_msgs/action/Patrol.action
[2.523s] -- Up-to-date: /ros_ws/install/turtlebot3_msgs/share/ament_index/resource_index/package_run_dependencies/turtlebot3_msgs
[2.523s] -- Up-to-date: /ros_ws/install/turtlebot3_msgs/share/ament_index/resource_index/parent_prefix_path/turtlebot3_msgs
[2.524s] -- Up-to-date: /ros_ws/install/turtlebot3_msgs/share/turtlebot3_msgs/environment/ament_prefix_path.sh
[2.525s] -- Up-to-date: /ros_ws/install/turtlebot3_msgs/share/turtlebot3_msgs/environment/ament_prefix_path.dsv
[2.525s] -- Up-to-date: /ros_ws/install/turtlebot3_msgs/share/turtlebot3_msgs/environment/path.sh
[2.526s] -- Up-to-date: /ros_ws/install/turtlebot3_msgs/share/turtlebot3_msgs/environment/path.dsv
[2.527s] -- Up-to-date: /ros_ws/install/turtlebot3_msgs/share/turtlebot3_msgs/local_setup.bash
[2.527s] -- Up-to-date: /ros_ws/install/turtlebot3_msgs/share/turtlebot3_msgs/local_setup.sh
[2.528s] -- Up-to-date: /ros_ws/install/turtlebot3_msgs/share/turtlebot3_msgs/local_setup.zsh
[2.528s] -- Up-to-date: /ros_ws/install/turtlebot3_msgs/share/turtlebot3_msgs/local_setup.dsv
[2.529s] -- Installing: /ros_ws/install/turtlebot3_msgs/share/turtlebot3_msgs/package.dsv
[2.529s] -- Up-to-date: /ros_ws/install/turtlebot3_msgs/share/ament_index/resource_index/packages/turtlebot3_msgs
[2.530s] -- Up-to-date: /ros_ws/install/turtlebot3_msgs/share/turtlebot3_msgs/cmake/export_turtlebot3_msgs__rosidl_generator_cExport.cmake
[2.534s] -- Up-to-date: /ros_ws/install/turtlebot3_msgs/share/turtlebot3_msgs/cmake/export_turtlebot3_msgs__rosidl_generator_cExport-noconfig.cmake
[2.535s] -- Up-to-date: /ros_ws/install/turtlebot3_msgs/share/turtlebot3_msgs/cmake/export_turtlebot3_msgs__rosidl_typesupport_fastrtps_cExport.cmake
[2.536s] -- Up-to-date: /ros_ws/install/turtlebot3_msgs/share/turtlebot3_msgs/cmake/export_turtlebot3_msgs__rosidl_typesupport_fastrtps_cExport-noconfig.cmake
[2.539s] -- Up-to-date: /ros_ws/install/turtlebot3_msgs/share/turtlebot3_msgs/cmake/export_turtlebot3_msgs__rosidl_generator_cppExport.cmake
[2.540s] -- Up-to-date: /ros_ws/install/turtlebot3_msgs/share/turtlebot3_msgs/cmake/export_turtlebot3_msgs__rosidl_typesupport_fastrtps_cppExport.cmake
[2.540s] -- Up-to-date: /ros_ws/install/turtlebot3_msgs/share/turtlebot3_msgs/cmake/export_turtlebot3_msgs__rosidl_typesupport_fastrtps_cppExport-noconfig.cmake
[2.541s] -- Up-to-date: /ros_ws/install/turtlebot3_msgs/share/turtlebot3_msgs/cmake/turtlebot3_msgs__rosidl_typesupport_introspection_cExport.cmake
[2.541s] -- Up-to-date: /ros_ws/install/turtlebot3_msgs/share/turtlebot3_msgs/cmake/turtlebot3_msgs__rosidl_typesupport_introspection_cExport-noconfig.cmake
[2.543s] -- Up-to-date: /ros_ws/install/turtlebot3_msgs/share/turtlebot3_msgs/cmake/turtlebot3_msgs__rosidl_typesupport_cExport.cmake
[2.543s] -- Up-to-date: /ros_ws/install/turtlebot3_msgs/share/turtlebot3_msgs/cmake/turtlebot3_msgs__rosidl_typesupport_cExport-noconfig.cmake
[2.543s] -- Up-to-date: /ros_ws/install/turtlebot3_msgs/share/turtlebot3_msgs/cmake/turtlebot3_msgs__rosidl_typesupport_introspection_cppExport.cmake
[2.543s] -- Up-to-date: /ros_ws/install/turtlebot3_msgs/share/turtlebot3_msgs/cmake/turtlebot3_msgs__rosidl_typesupport_introspection_cppExport-noconfig.cmake
[2.543s] -- Up-to-date: /ros_ws/install/turtlebot3_msgs/share/turtlebot3_msgs/cmake/turtlebot3_msgs__rosidl_typesupport_cppExport.cmake
[2.543s] -- Up-to-date: /ros_ws/install/turtlebot3_msgs/share/turtlebot3_msgs/cmake/turtlebot3_msgs__rosidl_typesupport_cppExport-noconfig.cmake
[2.544s] -- Up-to-date: /ros_ws/install/turtlebot3_msgs/share/turtlebot3_msgs/cmake/export_turtlebot3_msgs__rosidl_generator_pyExport.cmake
[2.544s] -- Up-to-date: /ros_ws/install/turtlebot3_msgs/share/turtlebot3_msgs/cmake/export_turtlebot3_msgs__rosidl_generator_pyExport-noconfig.cmake
[2.544s] -- Up-to-date: /ros_ws/install/turtlebot3_msgs/share/turtlebot3_msgs/cmake/rosidl_cmake-extras.cmake
[2.544s] -- Up-to-date: /ros_ws/install/turtlebot3_msgs/share/turtlebot3_msgs/cmake/ament_cmake_export_dependencies-extras.cmake
[2.544s] -- Up-to-date: /ros_ws/install/turtlebot3_msgs/share/turtlebot3_msgs/cmake/ament_cmake_export_include_directories-extras.cmake
[2.544s] -- Up-to-date: /ros_ws/install/turtlebot3_msgs/share/turtlebot3_msgs/cmake/ament_cmake_export_libraries-extras.cmake
[2.545s] -- Up-to-date: /ros_ws/install/turtlebot3_msgs/share/turtlebot3_msgs/cmake/ament_cmake_export_targets-extras.cmake
[2.545s] -- Up-to-date: /ros_ws/install/turtlebot3_msgs/share/turtlebot3_msgs/cmake/rosidl_cmake_export_typesupport_targets-extras.cmake
[2.545s] -- Up-to-date: /ros_ws/install/turtlebot3_msgs/share/turtlebot3_msgs/cmake/rosidl_cmake_export_typesupport_libraries-extras.cmake
[2.545s] -- Up-to-date: /ros_ws/install/turtlebot3_msgs/share/turtlebot3_msgs/cmake/rosidl_cmake_aggregate_target-extras.cmake
[2.545s] -- Up-to-date: /ros_ws/install/turtlebot3_msgs/share/turtlebot3_msgs/cmake/turtlebot3_msgsConfig.cmake
[2.545s] -- Up-to-date: /ros_ws/install/turtlebot3_msgs/share/turtlebot3_msgs/cmake/turtlebot3_msgsConfig-version.cmake
[2.546s] -- Up-to-date: /ros_ws/install/turtlebot3_msgs/share/turtlebot3_msgs/package.xml
[2.660s] Invoked command in '/ros_ws/build/turtlebot3_msgs' returned '0': CMAKE_PREFIX_PATH=${CMAKE_PREFIX_PATH}:/ros_ws/install/turtlebot_logic:/ros_ws/install/turtlebot3_teleop:/ros_ws/install/turtlebot3_example:/opt/ros/jazzy /usr/bin/cmake --install /ros_ws/build/turtlebot3_msgs
