[0.085s] Invoking command in '/ros_ws/build/dynamixel_sdk': CMAKE_PREFIX_PATH=${CMAKE_PREFIX_PATH}:/ros_ws/install/turtlebot_logic:/ros_ws/install/turtlebot3_teleop:/ros_ws/install/turtlebot3_example:/opt/ros/jazzy /usr/bin/cmake --build /ros_ws/build/dynamixel_sdk -- -j12 -l12
[0.820s] [100%] Built target dynamixel_sdk
[0.820s] [100%] Built target ament_cmake_python_copy_dynamixel_easy_sdk
[0.821s] [100%] Built target ament_cmake_python_copy_dynamixel_sdk
[0.821s] running egg_info
[0.821s] running egg_info
[0.821s] writing dynamixel_sdk.egg-info/PKG-INFO
[0.821s] writing dependency_links to dynamixel_sdk.egg-info/dependency_links.txt
[0.821s] writing top-level names to dynamixel_sdk.egg-info/top_level.txt
[0.821s] writing dynamixel_easy_sdk.egg-info/PKG-INFO
[0.822s] writing dependency_links to dynamixel_easy_sdk.egg-info/dependency_links.txt
[0.822s] writing top-level names to dynamixel_easy_sdk.egg-info/top_level.txt
[0.822s] reading manifest file 'dynamixel_sdk.egg-info/SOURCES.txt'
[0.822s] reading manifest file 'dynamixel_easy_sdk.egg-info/SOURCES.txt'
[0.822s] writing manifest file 'dynamixel_easy_sdk.egg-info/SOURCES.txt'
[0.822s] writing manifest file 'dynamixel_sdk.egg-info/SOURCES.txt'
[0.822s] [100%] Built target ament_cmake_python_build_dynamixel_easy_sdk_egg
[0.822s] [100%] Built target ament_cmake_python_build_dynamixel_sdk_egg
[0.844s] Invoked command in '/ros_ws/build/dynamixel_sdk' returned '0': CMAKE_PREFIX_PATH=${CMAKE_PREFIX_PATH}:/ros_ws/install/turtlebot_logic:/ros_ws/install/turtlebot3_teleop:/ros_ws/install/turtlebot3_example:/opt/ros/jazzy /usr/bin/cmake --build /ros_ws/build/dynamixel_sdk -- -j12 -l12
[0.846s] Invoking command in '/ros_ws/build/dynamixel_sdk': CMAKE_PREFIX_PATH=${CMAKE_PREFIX_PATH}:/ros_ws/install/turtlebot_logic:/ros_ws/install/turtlebot3_teleop:/ros_ws/install/turtlebot3_example:/opt/ros/jazzy /usr/bin/cmake --install /ros_ws/build/dynamixel_sdk
[0.917s] -- Install configuration: ""
[0.917s] -- Up-to-date: /ros_ws/install/dynamixel_sdk/include/
[0.917s] -- Up-to-date: /ros_ws/install/dynamixel_sdk/include//dynamixel_sdk
[0.917s] -- Up-to-date: /ros_ws/install/dynamixel_sdk/include//dynamixel_sdk/dynamixel_sdk.h
[0.917s] -- Up-to-date: /ros_ws/install/dynamixel_sdk/include//dynamixel_sdk/group_fast_sync_read.h
[0.918s] -- Up-to-date: /ros_ws/install/dynamixel_sdk/include//dynamixel_sdk/port_handler_windows.h
[0.918s] -- Up-to-date: /ros_ws/install/dynamixel_sdk/include//dynamixel_sdk/group_fast_bulk_read.h
[0.918s] -- Up-to-date: /ros_ws/install/dynamixel_sdk/include//dynamixel_sdk/port_handler_mac.h
[0.919s] -- Up-to-date: /ros_ws/install/dynamixel_sdk/include//dynamixel_sdk/group_handler.h
[0.919s] -- Up-to-date: /ros_ws/install/dynamixel_sdk/include//dynamixel_sdk/port_handler.h
[0.920s] -- Up-to-date: /ros_ws/install/dynamixel_sdk/include//dynamixel_sdk/group_bulk_write.h
[0.920s] -- Up-to-date: /ros_ws/install/dynamixel_sdk/include//dynamixel_sdk/port_handler_arduino.h
[0.920s] -- Up-to-date: /ros_ws/install/dynamixel_sdk/include//dynamixel_sdk/group_sync_write.h
[0.921s] -- Up-to-date: /ros_ws/install/dynamixel_sdk/include//dynamixel_sdk/group_bulk_read.h
[0.921s] -- Up-to-date: /ros_ws/install/dynamixel_sdk/include//dynamixel_sdk/protocol1_packet_handler.h
[0.921s] -- Up-to-date: /ros_ws/install/dynamixel_sdk/include//dynamixel_sdk/protocol2_packet_handler.h
[0.922s] -- Up-to-date: /ros_ws/install/dynamixel_sdk/include//dynamixel_sdk/packet_handler.h
[0.922s] -- Up-to-date: /ros_ws/install/dynamixel_sdk/include//dynamixel_sdk/port_handler_linux.h
[0.922s] -- Up-to-date: /ros_ws/install/dynamixel_sdk/include//dynamixel_sdk/group_sync_read.h
[0.923s] -- Up-to-date: /ros_ws/install/dynamixel_sdk/include//dynamixel_easy_sdk
[0.923s] -- Up-to-date: /ros_ws/install/dynamixel_sdk/include//dynamixel_easy_sdk/group_executor.hpp
[0.923s] -- Up-to-date: /ros_ws/install/dynamixel_sdk/include//dynamixel_easy_sdk/control_table.hpp
[0.923s] -- Up-to-date: /ros_ws/install/dynamixel_sdk/include//dynamixel_easy_sdk/dynamixel_easy_sdk.hpp
[0.923s] -- Up-to-date: /ros_ws/install/dynamixel_sdk/include//dynamixel_easy_sdk/dynamixel_error.hpp
[0.923s] -- Up-to-date: /ros_ws/install/dynamixel_sdk/include//dynamixel_easy_sdk/data_types.hpp
[0.923s] -- Up-to-date: /ros_ws/install/dynamixel_sdk/include//dynamixel_easy_sdk/motor.hpp
[0.923s] -- Up-to-date: /ros_ws/install/dynamixel_sdk/include//dynamixel_easy_sdk/connector.hpp
[0.924s] -- Up-to-date: /ros_ws/install/dynamixel_sdk/lib/libdynamixel_sdk.so
[0.924s] -- Up-to-date: /ros_ws/install/dynamixel_sdk/share/dynamixel_sdk/control_table
[0.924s] -- Up-to-date: /ros_ws/install/dynamixel_sdk/share/dynamixel_sdk/control_table/xh430_v350.model
[0.924s] -- Up-to-date: /ros_ws/install/dynamixel_sdk/share/dynamixel_sdk/control_table/ym080_230_m001.model
[0.924s] -- Up-to-date: /ros_ws/install/dynamixel_sdk/share/dynamixel_sdk/control_table/ym080_230_a099.model
[0.925s] -- Up-to-date: /ros_ws/install/dynamixel_sdk/share/dynamixel_sdk/control_table/2xl430_w250.model
[0.925s] -- Up-to-date: /ros_ws/install/dynamixel_sdk/share/dynamixel_sdk/control_table/ym070_210_a099.model
[0.928s] -- Up-to-date: /ros_ws/install/dynamixel_sdk/share/dynamixel_sdk/control_table/xc330_m288_fw52.model
[0.928s] -- Up-to-date: /ros_ws/install/dynamixel_sdk/share/dynamixel_sdk/control_table/xh540_w270.model
[0.929s] -- Up-to-date: /ros_ws/install/dynamixel_sdk/share/dynamixel_sdk/control_table/pm54_060_s250.model
[0.929s] -- Up-to-date: /ros_ws/install/dynamixel_sdk/share/dynamixel_sdk/control_table/ym070_210_r051.model
[0.930s] -- Up-to-date: /ros_ws/install/dynamixel_sdk/share/dynamixel_sdk/control_table/h54_100_s500_ra.model
[0.930s] -- Up-to-date: /ros_ws/install/dynamixel_sdk/share/dynamixel_sdk/control_table/xh430_w350.model
[0.930s] -- Up-to-date: /ros_ws/install/dynamixel_sdk/share/dynamixel_sdk/control_table/mx_64.model
[0.931s] -- Up-to-date: /ros_ws/install/dynamixel_sdk/share/dynamixel_sdk/control_table/xm430_w210.model
[0.932s] -- Up-to-date: /ros_ws/install/dynamixel_sdk/share/dynamixel_sdk/control_table/xc430_w240.model
[0.932s] -- Up-to-date: /ros_ws/install/dynamixel_sdk/share/dynamixel_sdk/control_table/xd540_t150.model
[0.932s] -- Up-to-date: /ros_ws/install/dynamixel_sdk/share/dynamixel_sdk/control_table/ym070_210_a051.model
[0.933s] -- Up-to-date: /ros_ws/install/dynamixel_sdk/share/dynamixel_sdk/control_table/xc330_t181.model
[0.933s] -- Up-to-date: /ros_ws/install/dynamixel_sdk/share/dynamixel_sdk/control_table/xc430_w150.model
[0.934s] -- Up-to-date: /ros_ws/install/dynamixel_sdk/share/dynamixel_sdk/control_table/rh_p12_rn.model
[0.934s] -- Up-to-date: /ros_ws/install/dynamixel_sdk/share/dynamixel_sdk/control_table/ym080_230_r099.model
[0.934s] -- Up-to-date: /ros_ws/install/dynamixel_sdk/share/dynamixel_sdk/control_table/xh430_v210.model
[0.935s] -- Up-to-date: /ros_ws/install/dynamixel_sdk/share/dynamixel_sdk/control_table/xm540_w270.model
[0.964s] -- Up-to-date: /ros_ws/install/dynamixel_sdk/share/dynamixel_sdk/control_table/xl430_w250.model
[0.964s] -- Up-to-date: /ros_ws/install/dynamixel_sdk/share/dynamixel_sdk/control_table/ph54_200_s500.model
[0.965s] -- Up-to-date: /ros_ws/install/dynamixel_sdk/share/dynamixel_sdk/control_table/pm42_010_s260.model
[0.966s] -- Up-to-date: /ros_ws/install/dynamixel_sdk/share/dynamixel_sdk/control_table/m42_10_s260_ra.model
[0.966s] -- Up-to-date: /ros_ws/install/dynamixel_sdk/share/dynamixel_sdk/control_table/ph42_020_s300.model
[0.966s] -- Up-to-date: /ros_ws/install/dynamixel_sdk/share/dynamixel_sdk/control_table/xw540_t260.model
[0.967s] -- Up-to-date: /ros_ws/install/dynamixel_sdk/share/dynamixel_sdk/control_table/xw540_t140.model
[0.967s] -- Up-to-date: /ros_ws/install/dynamixel_sdk/share/dynamixel_sdk/control_table/xw540_h260.model
[0.968s] -- Up-to-date: /ros_ws/install/dynamixel_sdk/share/dynamixel_sdk/control_table/h54_200_s500_ra.model
[0.968s] -- Up-to-date: /ros_ws/install/dynamixel_sdk/share/dynamixel_sdk/control_table/xc330_m181_fw52.model
[0.968s] -- Up-to-date: /ros_ws/install/dynamixel_sdk/share/dynamixel_sdk/control_table/xh430_w210.model
[0.969s] -- Up-to-date: /ros_ws/install/dynamixel_sdk/share/dynamixel_sdk/control_table/ym070_210_b001.model
[0.970s] -- Up-to-date: /ros_ws/install/dynamixel_sdk/share/dynamixel_sdk/control_table/ym080_230_r051.model
[0.970s] -- Up-to-date: /ros_ws/install/dynamixel_sdk/share/dynamixel_sdk/control_table/xw430_t200.model
[0.971s] -- Up-to-date: /ros_ws/install/dynamixel_sdk/share/dynamixel_sdk/control_table/xc330_m181.model
[0.972s] -- Up-to-date: /ros_ws/install/dynamixel_sdk/share/dynamixel_sdk/control_table/xc330_t288.model
[0.972s] -- Up-to-date: /ros_ws/install/dynamixel_sdk/share/dynamixel_sdk/control_table/xw430_t333.model
[0.973s] -- Up-to-date: /ros_ws/install/dynamixel_sdk/share/dynamixel_sdk/control_table/xl320.model
[0.973s] -- Up-to-date: /ros_ws/install/dynamixel_sdk/share/dynamixel_sdk/control_table/ph54_100_s500.model
[0.973s] -- Up-to-date: /ros_ws/install/dynamixel_sdk/share/dynamixel_sdk/control_table/h42_20_s300_ra.model
[0.975s] -- Up-to-date: /ros_ws/install/dynamixel_sdk/share/dynamixel_sdk/control_table/xc330_m288.model
[0.975s] -- Up-to-date: /ros_ws/install/dynamixel_sdk/share/dynamixel_sdk/control_table/xc330_t288_fw52.model
[0.975s] -- Up-to-date: /ros_ws/install/dynamixel_sdk/share/dynamixel_sdk/control_table/ym070_210_r099.model
[0.976s] -- Up-to-date: /ros_ws/install/dynamixel_sdk/share/dynamixel_sdk/control_table/xh540_v150.model
[0.976s] -- Up-to-date: /ros_ws/install/dynamixel_sdk/share/dynamixel_sdk/control_table/xd430_t210.model
[0.976s] -- Up-to-date: /ros_ws/install/dynamixel_sdk/share/dynamixel_sdk/control_table/xd540_t270.model
[0.976s] -- Up-to-date: /ros_ws/install/dynamixel_sdk/share/dynamixel_sdk/control_table/m54_60_s250_ra.model
[0.977s] -- Up-to-date: /ros_ws/install/dynamixel_sdk/share/dynamixel_sdk/control_table/dynamixel.model
[0.978s] -- Up-to-date: /ros_ws/install/dynamixel_sdk/share/dynamixel_sdk/control_table/xd430_t350.model
[0.978s] -- Up-to-date: /ros_ws/install/dynamixel_sdk/share/dynamixel_sdk/control_table/xh540_v270.model
[0.978s] -- Up-to-date: /ros_ws/install/dynamixel_sdk/share/dynamixel_sdk/control_table/2xc430_w250.model
[0.979s] -- Up-to-date: /ros_ws/install/dynamixel_sdk/share/dynamixel_sdk/control_table/xl330_m288_fw52.model
[0.979s] -- Up-to-date: /ros_ws/install/dynamixel_sdk/share/dynamixel_sdk/control_table/mx_106.model
[0.979s] -- Up-to-date: /ros_ws/install/dynamixel_sdk/share/dynamixel_sdk/control_table/pm54_040_s250.model
[0.992s] -- Up-to-date: /ros_ws/install/dynamixel_sdk/share/dynamixel_sdk/control_table/xl330_m077.model
[0.992s] -- Up-to-date: /ros_ws/install/dynamixel_sdk/share/dynamixel_sdk/control_table/ym070_210_m001.model
[0.992s] -- Up-to-date: /ros_ws/install/dynamixel_sdk/share/dynamixel_sdk/control_table/xl330_m288.model
[0.993s] -- Up-to-date: /ros_ws/install/dynamixel_sdk/share/dynamixel_sdk/control_table/m54_40_s250_ra.model
[0.993s] -- Up-to-date: /ros_ws/install/dynamixel_sdk/share/dynamixel_sdk/control_table/xm540_w150.model
[0.994s] -- Up-to-date: /ros_ws/install/dynamixel_sdk/share/dynamixel_sdk/control_table/xc330_t181_fw52.model
[0.994s] -- Up-to-date: /ros_ws/install/dynamixel_sdk/share/dynamixel_sdk/control_table/xm430_w350.model
[0.994s] -- Up-to-date: /ros_ws/install/dynamixel_sdk/share/dynamixel_sdk/control_table/ym080_230_a051.model
[0.995s] -- Up-to-date: /ros_ws/install/dynamixel_sdk/share/dynamixel_sdk/control_table/xl330_m077_fw52.model
[0.995s] -- Up-to-date: /ros_ws/install/dynamixel_sdk/share/dynamixel_sdk/control_table/xh540_w150.model
[0.995s] -- Up-to-date: /ros_ws/install/dynamixel_sdk/share/dynamixel_sdk/control_table/ym080_230_b001.model
[0.995s] -- Up-to-date: /ros_ws/install/dynamixel_sdk/share/dynamixel_sdk/control_table/mx_28.model
[0.995s] -- Up-to-date: /ros_ws/install/dynamixel_sdk/share/dynamixel_sdk/environment/pythonpath.sh
[0.995s] -- Up-to-date: /ros_ws/install/dynamixel_sdk/share/dynamixel_sdk/environment/pythonpath.dsv
[0.996s] -- Up-to-date: /ros_ws/install/dynamixel_sdk/lib/python3.12/site-packages/dynamixel_sdk-4.0.5-py3.12.egg-info
[0.996s] -- Installing: /ros_ws/install/dynamixel_sdk/lib/python3.12/site-packages/dynamixel_sdk-4.0.5-py3.12.egg-info/PKG-INFO
[0.996s] -- Installing: /ros_ws/install/dynamixel_sdk/lib/python3.12/site-packages/dynamixel_sdk-4.0.5-py3.12.egg-info/dependency_links.txt
[0.996s] -- Installing: /ros_ws/install/dynamixel_sdk/lib/python3.12/site-packages/dynamixel_sdk-4.0.5-py3.12.egg-info/SOURCES.txt
[0.996s] -- Installing: /ros_ws/install/dynamixel_sdk/lib/python3.12/site-packages/dynamixel_sdk-4.0.5-py3.12.egg-info/top_level.txt
[0.997s] -- Up-to-date: /ros_ws/install/dynamixel_sdk/lib/python3.12/site-packages/dynamixel_sdk
[0.997s] -- Up-to-date: /ros_ws/install/dynamixel_sdk/lib/python3.12/site-packages/dynamixel_sdk/group_bulk_write.cpp
[0.998s] -- Up-to-date: /ros_ws/install/dynamixel_sdk/lib/python3.12/site-packages/dynamixel_sdk/packet_handler.py
[0.999s] -- Up-to-date: /ros_ws/install/dynamixel_sdk/lib/python3.12/site-packages/dynamixel_sdk/group_bulk_write.py
[0.999s] -- Up-to-date: /ros_ws/install/dynamixel_sdk/lib/python3.12/site-packages/dynamixel_sdk/__init__.py
[0.999s] -- Up-to-date: /ros_ws/install/dynamixel_sdk/lib/python3.12/site-packages/dynamixel_sdk/group_sync_read.py
[1.000s] -- Up-to-date: /ros_ws/install/dynamixel_sdk/lib/python3.12/site-packages/dynamixel_sdk/port_handler_linux.cpp
[1.000s] -- Up-to-date: /ros_ws/install/dynamixel_sdk/lib/python3.12/site-packages/dynamixel_sdk/packet_handler.cpp
[1.001s] -- Up-to-date: /ros_ws/install/dynamixel_sdk/lib/python3.12/site-packages/dynamixel_sdk/robotis_def.py
[1.001s] -- Up-to-date: /ros_ws/install/dynamixel_sdk/lib/python3.12/site-packages/dynamixel_sdk/port_handler_arduino.cpp
[1.001s] -- Up-to-date: /ros_ws/install/dynamixel_sdk/lib/python3.12/site-packages/dynamixel_sdk/port_handler_mac.cpp
[1.001s] -- Up-to-date: /ros_ws/install/dynamixel_sdk/lib/python3.12/site-packages/dynamixel_sdk/group_sync_write.py
[1.002s] -- Up-to-date: /ros_ws/install/dynamixel_sdk/lib/python3.12/site-packages/dynamixel_sdk/protocol1_packet_handler.cpp
[1.002s] -- Up-to-date: /ros_ws/install/dynamixel_sdk/lib/python3.12/site-packages/dynamixel_sdk/group_handler.cpp
[1.002s] -- Up-to-date: /ros_ws/install/dynamixel_sdk/lib/python3.12/site-packages/dynamixel_sdk/group_bulk_read.py
[1.002s] -- Up-to-date: /ros_ws/install/dynamixel_sdk/lib/python3.12/site-packages/dynamixel_sdk/port_handler.py
[1.002s] -- Up-to-date: /ros_ws/install/dynamixel_sdk/lib/python3.12/site-packages/dynamixel_sdk/group_sync_write.cpp
[1.003s] -- Up-to-date: /ros_ws/install/dynamixel_sdk/lib/python3.12/site-packages/dynamixel_sdk/group_fast_bulk_read.cpp
[1.003s] -- Up-to-date: /ros_ws/install/dynamixel_sdk/lib/python3.12/site-packages/dynamixel_sdk/port_handler.cpp
[1.003s] -- Up-to-date: /ros_ws/install/dynamixel_sdk/lib/python3.12/site-packages/dynamixel_sdk/protocol1_packet_handler.py
[1.003s] -- Up-to-date: /ros_ws/install/dynamixel_sdk/lib/python3.12/site-packages/dynamixel_sdk/protocol2_packet_handler.cpp
[1.003s] -- Up-to-date: /ros_ws/install/dynamixel_sdk/lib/python3.12/site-packages/dynamixel_sdk/group_sync_read.cpp
[1.003s] -- Up-to-date: /ros_ws/install/dynamixel_sdk/lib/python3.12/site-packages/dynamixel_sdk/group_fast_sync_read.cpp
[1.003s] -- Up-to-date: /ros_ws/install/dynamixel_sdk/lib/python3.12/site-packages/dynamixel_sdk/group_bulk_read.cpp
[1.003s] -- Up-to-date: /ros_ws/install/dynamixel_sdk/lib/python3.12/site-packages/dynamixel_sdk/port_handler_windows.cpp
[1.004s] -- Up-to-date: /ros_ws/install/dynamixel_sdk/lib/python3.12/site-packages/dynamixel_sdk/protocol2_packet_handler.py
[1.135s] Listing '/ros_ws/install/dynamixel_sdk/lib/python3.12/site-packages/dynamixel_sdk'...
[1.138s] -- Up-to-date: /ros_ws/install/dynamixel_sdk/lib/python3.12/site-packages/dynamixel_easy_sdk-4.0.5-py3.12.egg-info
[1.138s] -- Installing: /ros_ws/install/dynamixel_sdk/lib/python3.12/site-packages/dynamixel_easy_sdk-4.0.5-py3.12.egg-info/PKG-INFO
[1.138s] -- Installing: /ros_ws/install/dynamixel_sdk/lib/python3.12/site-packages/dynamixel_easy_sdk-4.0.5-py3.12.egg-info/dependency_links.txt
[1.138s] -- Installing: /ros_ws/install/dynamixel_sdk/lib/python3.12/site-packages/dynamixel_easy_sdk-4.0.5-py3.12.egg-info/SOURCES.txt
[1.139s] -- Installing: /ros_ws/install/dynamixel_sdk/lib/python3.12/site-packages/dynamixel_easy_sdk-4.0.5-py3.12.egg-info/top_level.txt
[1.139s] -- Up-to-date: /ros_ws/install/dynamixel_sdk/lib/python3.12/site-packages/dynamixel_easy_sdk
[1.140s] -- Up-to-date: /ros_ws/install/dynamixel_sdk/lib/python3.12/site-packages/dynamixel_easy_sdk/connector.cpp
[1.140s] -- Up-to-date: /ros_ws/install/dynamixel_sdk/lib/python3.12/site-packages/dynamixel_easy_sdk/group_executor.cpp
[1.140s] -- Up-to-date: /ros_ws/install/dynamixel_sdk/lib/python3.12/site-packages/dynamixel_easy_sdk/motor.py
[1.141s] -- Up-to-date: /ros_ws/install/dynamixel_sdk/lib/python3.12/site-packages/dynamixel_easy_sdk/data_types.py
[1.141s] -- Up-to-date: /ros_ws/install/dynamixel_sdk/lib/python3.12/site-packages/dynamixel_easy_sdk/motor.cpp
[1.142s] -- Up-to-date: /ros_ws/install/dynamixel_sdk/lib/python3.12/site-packages/dynamixel_easy_sdk/__init__.py
[1.142s] -- Up-to-date: /ros_ws/install/dynamixel_sdk/lib/python3.12/site-packages/dynamixel_easy_sdk/control_table.py
[1.143s] -- Up-to-date: /ros_ws/install/dynamixel_sdk/lib/python3.12/site-packages/dynamixel_easy_sdk/dynamixel_error.cpp
[1.143s] -- Up-to-date: /ros_ws/install/dynamixel_sdk/lib/python3.12/site-packages/dynamixel_easy_sdk/dynamixel_error.py
[1.143s] -- Up-to-date: /ros_ws/install/dynamixel_sdk/lib/python3.12/site-packages/dynamixel_easy_sdk/group_executor.py
[1.143s] -- Up-to-date: /ros_ws/install/dynamixel_sdk/lib/python3.12/site-packages/dynamixel_easy_sdk/connector.py
[1.144s] -- Up-to-date: /ros_ws/install/dynamixel_sdk/lib/python3.12/site-packages/dynamixel_easy_sdk/control_table.cpp
[1.190s] Listing '/ros_ws/install/dynamixel_sdk/lib/python3.12/site-packages/dynamixel_easy_sdk'...
[1.190s] -- Up-to-date: /ros_ws/install/dynamixel_sdk/share/dynamixel_sdk/environment/library_path.sh
[1.190s] -- Up-to-date: /ros_ws/install/dynamixel_sdk/share/dynamixel_sdk/environment/library_path.dsv
[1.190s] -- Up-to-date: /ros_ws/install/dynamixel_sdk/share/ament_index/resource_index/package_run_dependencies/dynamixel_sdk
[1.190s] -- Up-to-date: /ros_ws/install/dynamixel_sdk/share/ament_index/resource_index/parent_prefix_path/dynamixel_sdk
[1.191s] -- Up-to-date: /ros_ws/install/dynamixel_sdk/share/dynamixel_sdk/environment/ament_prefix_path.sh
[1.191s] -- Up-to-date: /ros_ws/install/dynamixel_sdk/share/dynamixel_sdk/environment/ament_prefix_path.dsv
[1.191s] -- Up-to-date: /ros_ws/install/dynamixel_sdk/share/dynamixel_sdk/environment/path.sh
[1.192s] -- Up-to-date: /ros_ws/install/dynamixel_sdk/share/dynamixel_sdk/environment/path.dsv
[1.192s] -- Up-to-date: /ros_ws/install/dynamixel_sdk/share/dynamixel_sdk/local_setup.bash
[1.192s] -- Up-to-date: /ros_ws/install/dynamixel_sdk/share/dynamixel_sdk/local_setup.sh
[1.193s] -- Up-to-date: /ros_ws/install/dynamixel_sdk/share/dynamixel_sdk/local_setup.zsh
[1.193s] -- Up-to-date: /ros_ws/install/dynamixel_sdk/share/dynamixel_sdk/local_setup.dsv
[1.193s] -- Installing: /ros_ws/install/dynamixel_sdk/share/dynamixel_sdk/package.dsv
[1.194s] -- Up-to-date: /ros_ws/install/dynamixel_sdk/share/ament_index/resource_index/packages/dynamixel_sdk
[1.194s] -- Up-to-date: /ros_ws/install/dynamixel_sdk/share/dynamixel_sdk/cmake/dynamixel_sdkExport.cmake
[1.194s] -- Up-to-date: /ros_ws/install/dynamixel_sdk/share/dynamixel_sdk/cmake/dynamixel_sdkExport-noconfig.cmake
[1.195s] -- Up-to-date: /ros_ws/install/dynamixel_sdk/share/dynamixel_sdk/cmake/ament_cmake_export_targets-extras.cmake
[1.195s] -- Up-to-date: /ros_ws/install/dynamixel_sdk/share/dynamixel_sdk/cmake/ament_cmake_export_include_directories-extras.cmake
[1.195s] -- Up-to-date: /ros_ws/install/dynamixel_sdk/share/dynamixel_sdk/cmake/ament_cmake_export_libraries-extras.cmake
[1.196s] -- Up-to-date: /ros_ws/install/dynamixel_sdk/share/dynamixel_sdk/cmake/dynamixel_sdkConfig.cmake
[1.196s] -- Up-to-date: /ros_ws/install/dynamixel_sdk/share/dynamixel_sdk/cmake/dynamixel_sdkConfig-version.cmake
[1.197s] -- Up-to-date: /ros_ws/install/dynamixel_sdk/share/dynamixel_sdk/package.xml
[1.371s] Invoked command in '/ros_ws/build/dynamixel_sdk' returned '0': CMAKE_PREFIX_PATH=${CMAKE_PREFIX_PATH}:/ros_ws/install/turtlebot_logic:/ros_ws/install/turtlebot3_teleop:/ros_ws/install/turtlebot3_example:/opt/ros/jazzy /usr/bin/cmake --install /ros_ws/build/dynamixel_sdk
