[0.127s] Invoking command in '/ros_ws/build/explore_lite_msgs': CMAKE_PREFIX_PATH=${CMAKE_PREFIX_PATH}:/ros_ws/install/turtlebot_logic:/ros_ws/install/turtlebot3_teleop:/ros_ws/install/turtlebot3_example:/opt/ros/jazzy /usr/bin/cmake --build /ros_ws/build/explore_lite_msgs -- -j12 -l12
[1.079s] [  2%] Built target explore_lite_msgs__rosidl_generator_type_description
[1.079s] [  2%] Built target ament_cmake_python_copy_explore_lite_msgs
[1.080s] [  5%] Built target explore_lite_msgs__rs
[1.080s] [  8%] Built target explore_lite_msgs__cpp
[1.080s] [ 22%] Built target explore_lite_msgs__rosidl_generator_c
[1.080s] [ 31%] Built target explore_lite_msgs__rosidl_typesupport_introspection_c
[1.080s] [ 40%] Built target explore_lite_msgs__rosidl_typesupport_cpp
[1.080s] [ 48%] Built target explore_lite_msgs__rosidl_typesupport_fastrtps_cpp
[1.080s] [ 57%] Built target explore_lite_msgs__rosidl_typesupport_fastrtps_c
[1.080s] [ 65%] Built target explore_lite_msgs__rosidl_typesupport_c
[1.080s] [ 74%] Built target explore_lite_msgs__rosidl_typesupport_introspection_cpp
[1.080s] [ 74%] Built target explore_lite_msgs
[1.080s] [ 77%] Built target explore_lite_msgs__py
[1.080s] [ 82%] Built target explore_lite_msgs__rosidl_generator_py
[1.080s] [ 88%] Built target explore_lite_msgs_s__rosidl_typesupport_c
[1.080s] [ 94%] Built target explore_lite_msgs_s__rosidl_typesupport_introspection_c
[1.080s] [100%] Built target explore_lite_msgs_s__rosidl_typesupport_fastrtps_c
[1.081s] running egg_info
[1.081s] writing explore_lite_msgs.egg-info/PKG-INFO
[1.081s] writing dependency_links to explore_lite_msgs.egg-info/dependency_links.txt
[1.081s] writing top-level names to explore_lite_msgs.egg-info/top_level.txt
[1.081s] reading manifest file 'explore_lite_msgs.egg-info/SOURCES.txt'
[1.081s] writing manifest file 'explore_lite_msgs.egg-info/SOURCES.txt'
[1.081s] [100%] Built target ament_cmake_python_build_explore_lite_msgs_egg
[1.097s] Invoked command in '/ros_ws/build/explore_lite_msgs' returned '0': CMAKE_PREFIX_PATH=${CMAKE_PREFIX_PATH}:/ros_ws/install/turtlebot_logic:/ros_ws/install/turtlebot3_teleop:/ros_ws/install/turtlebot3_example:/opt/ros/jazzy /usr/bin/cmake --build /ros_ws/build/explore_lite_msgs -- -j12 -l12
[1.099s] Invoking command in '/ros_ws/build/explore_lite_msgs': CMAKE_PREFIX_PATH=${CMAKE_PREFIX_PATH}:/ros_ws/install/turtlebot_logic:/ros_ws/install/turtlebot3_teleop:/ros_ws/install/turtlebot3_example:/opt/ros/jazzy /usr/bin/cmake --install /ros_ws/build/explore_lite_msgs
[1.257s] -- Install configuration: ""
[1.257s] -- Up-to-date: /ros_ws/install/explore_lite_msgs/share/ament_index/resource_index/rosidl_interfaces/explore_lite_msgs
[1.257s] -- Up-to-date: /ros_ws/install/explore_lite_msgs/share/explore_lite_msgs/msg/ExploreStatus.json
[1.258s] -- Up-to-date: /ros_ws/install/explore_lite_msgs/include/explore_lite_msgs/explore_lite_msgs
[1.258s] -- Up-to-date: /ros_ws/install/explore_lite_msgs/include/explore_lite_msgs/explore_lite_msgs/msg
[1.258s] -- Up-to-date: /ros_ws/install/explore_lite_msgs/include/explore_lite_msgs/explore_lite_msgs/msg/rosidl_generator_c__visibility_control.h
[1.259s] -- Up-to-date: /ros_ws/install/explore_lite_msgs/include/explore_lite_msgs/explore_lite_msgs/msg/explore_status.h
[1.259s] -- Up-to-date: /ros_ws/install/explore_lite_msgs/include/explore_lite_msgs/explore_lite_msgs/msg/detail
[1.259s] -- Up-to-date: /ros_ws/install/explore_lite_msgs/include/explore_lite_msgs/explore_lite_msgs/msg/detail/explore_status__type_support.h
[1.259s] -- Up-to-date: /ros_ws/install/explore_lite_msgs/include/explore_lite_msgs/explore_lite_msgs/msg/detail/explore_status__functions.c
[1.259s] -- Up-to-date: /ros_ws/install/explore_lite_msgs/include/explore_lite_msgs/explore_lite_msgs/msg/detail/explore_status__type_support.c
[1.259s] -- Up-to-date: /ros_ws/install/explore_lite_msgs/include/explore_lite_msgs/explore_lite_msgs/msg/detail/explore_status__functions.h
[1.260s] -- Up-to-date: /ros_ws/install/explore_lite_msgs/include/explore_lite_msgs/explore_lite_msgs/msg/detail/explore_status__struct.h
[1.260s] -- Up-to-date: /ros_ws/install/explore_lite_msgs/include/explore_lite_msgs/explore_lite_msgs/msg/detail/explore_status__description.c
[1.260s] -- Up-to-date: /ros_ws/install/explore_lite_msgs/share/explore_lite_msgs/environment/library_path.sh
[1.260s] -- Up-to-date: /ros_ws/install/explore_lite_msgs/share/explore_lite_msgs/environment/library_path.dsv
[1.260s] -- Up-to-date: /ros_ws/install/explore_lite_msgs/lib/libexplore_lite_msgs__rosidl_generator_c.so
[1.261s] -- Up-to-date: /ros_ws/install/explore_lite_msgs/include/explore_lite_msgs/explore_lite_msgs
[1.261s] -- Up-to-date: /ros_ws/install/explore_lite_msgs/include/explore_lite_msgs/explore_lite_msgs/msg
[1.261s] -- Up-to-date: /ros_ws/install/explore_lite_msgs/include/explore_lite_msgs/explore_lite_msgs/msg/detail
[1.262s] -- Up-to-date: /ros_ws/install/explore_lite_msgs/include/explore_lite_msgs/explore_lite_msgs/msg/detail/explore_status__rosidl_typesupport_fastrtps_c.h
[1.262s] -- Up-to-date: /ros_ws/install/explore_lite_msgs/include/explore_lite_msgs/explore_lite_msgs/msg/rosidl_typesupport_fastrtps_c__visibility_control.h
[1.262s] -- Up-to-date: /ros_ws/install/explore_lite_msgs/lib/libexplore_lite_msgs__rosidl_typesupport_fastrtps_c.so
[1.263s] -- Up-to-date: /ros_ws/install/explore_lite_msgs/include/explore_lite_msgs/explore_lite_msgs
[1.263s] -- Up-to-date: /ros_ws/install/explore_lite_msgs/include/explore_lite_msgs/explore_lite_msgs/msg
[1.263s] -- Up-to-date: /ros_ws/install/explore_lite_msgs/include/explore_lite_msgs/explore_lite_msgs/msg/detail
[1.264s] -- Up-to-date: /ros_ws/install/explore_lite_msgs/include/explore_lite_msgs/explore_lite_msgs/msg/detail/explore_status__type_support.c
[1.264s] -- Up-to-date: /ros_ws/install/explore_lite_msgs/include/explore_lite_msgs/explore_lite_msgs/msg/detail/explore_status__rosidl_typesupport_introspection_c.h
[1.264s] -- Up-to-date: /ros_ws/install/explore_lite_msgs/include/explore_lite_msgs/explore_lite_msgs/msg/rosidl_typesupport_introspection_c__visibility_control.h
[1.264s] -- Up-to-date: /ros_ws/install/explore_lite_msgs/lib/libexplore_lite_msgs__rosidl_typesupport_introspection_c.so
[1.264s] -- Up-to-date: /ros_ws/install/explore_lite_msgs/lib/libexplore_lite_msgs__rosidl_typesupport_c.so
[1.265s] -- Up-to-date: /ros_ws/install/explore_lite_msgs/include/explore_lite_msgs/explore_lite_msgs
[1.265s] -- Up-to-date: /ros_ws/install/explore_lite_msgs/include/explore_lite_msgs/explore_lite_msgs/msg
[1.265s] -- Up-to-date: /ros_ws/install/explore_lite_msgs/include/explore_lite_msgs/explore_lite_msgs/msg/rosidl_generator_cpp__visibility_control.hpp
[1.265s] -- Up-to-date: /ros_ws/install/explore_lite_msgs/include/explore_lite_msgs/explore_lite_msgs/msg/explore_status.hpp
[1.265s] -- Up-to-date: /ros_ws/install/explore_lite_msgs/include/explore_lite_msgs/explore_lite_msgs/msg/detail
[1.265s] -- Up-to-date: /ros_ws/install/explore_lite_msgs/include/explore_lite_msgs/explore_lite_msgs/msg/detail/explore_status__struct.hpp
[1.265s] -- Up-to-date: /ros_ws/install/explore_lite_msgs/include/explore_lite_msgs/explore_lite_msgs/msg/detail/explore_status__type_support.hpp
[1.265s] -- Up-to-date: /ros_ws/install/explore_lite_msgs/include/explore_lite_msgs/explore_lite_msgs/msg/detail/explore_status__traits.hpp
[1.265s] -- Up-to-date: /ros_ws/install/explore_lite_msgs/include/explore_lite_msgs/explore_lite_msgs/msg/detail/explore_status__builder.hpp
[1.266s] -- Up-to-date: /ros_ws/install/explore_lite_msgs/include/explore_lite_msgs/explore_lite_msgs
[1.266s] -- Up-to-date: /ros_ws/install/explore_lite_msgs/include/explore_lite_msgs/explore_lite_msgs/msg
[1.267s] -- Up-to-date: /ros_ws/install/explore_lite_msgs/include/explore_lite_msgs/explore_lite_msgs/msg/rosidl_typesupport_fastrtps_cpp__visibility_control.h
[1.267s] -- Up-to-date: /ros_ws/install/explore_lite_msgs/include/explore_lite_msgs/explore_lite_msgs/msg/detail
[1.267s] -- Up-to-date: /ros_ws/install/explore_lite_msgs/include/explore_lite_msgs/explore_lite_msgs/msg/detail/explore_status__rosidl_typesupport_fastrtps_cpp.hpp
[1.267s] -- Up-to-date: /ros_ws/install/explore_lite_msgs/include/explore_lite_msgs/explore_lite_msgs/msg/detail/dds_fastrtps
[1.268s] -- Up-to-date: /ros_ws/install/explore_lite_msgs/lib/libexplore_lite_msgs__rosidl_typesupport_fastrtps_cpp.so
[1.268s] -- Up-to-date: /ros_ws/install/explore_lite_msgs/include/explore_lite_msgs/explore_lite_msgs
[1.268s] -- Up-to-date: /ros_ws/install/explore_lite_msgs/include/explore_lite_msgs/explore_lite_msgs/msg
[1.268s] -- Up-to-date: /ros_ws/install/explore_lite_msgs/include/explore_lite_msgs/explore_lite_msgs/msg/detail
[1.268s] -- Up-to-date: /ros_ws/install/explore_lite_msgs/include/explore_lite_msgs/explore_lite_msgs/msg/detail/explore_status__rosidl_typesupport_introspection_cpp.hpp
[1.268s] -- Up-to-date: /ros_ws/install/explore_lite_msgs/include/explore_lite_msgs/explore_lite_msgs/msg/detail/explore_status__type_support.cpp
[1.269s] -- Up-to-date: /ros_ws/install/explore_lite_msgs/lib/libexplore_lite_msgs__rosidl_typesupport_introspection_cpp.so
[1.272s] -- Up-to-date: /ros_ws/install/explore_lite_msgs/lib/libexplore_lite_msgs__rosidl_typesupport_cpp.so
[1.272s] -- Up-to-date: /ros_ws/install/explore_lite_msgs/share/explore_lite_msgs/environment/pythonpath.sh
[1.289s] -- Up-to-date: /ros_ws/install/explore_lite_msgs/share/explore_lite_msgs/environment/pythonpath.dsv
[1.289s] -- Up-to-date: /ros_ws/install/explore_lite_msgs/lib/python3.12/site-packages/explore_lite_msgs-1.0.0-py3.12.egg-info
[1.290s] -- Installing: /ros_ws/install/explore_lite_msgs/lib/python3.12/site-packages/explore_lite_msgs-1.0.0-py3.12.egg-info/PKG-INFO
[1.290s] -- Installing: /ros_ws/install/explore_lite_msgs/lib/python3.12/site-packages/explore_lite_msgs-1.0.0-py3.12.egg-info/dependency_links.txt
[1.291s] -- Installing: /ros_ws/install/explore_lite_msgs/lib/python3.12/site-packages/explore_lite_msgs-1.0.0-py3.12.egg-info/SOURCES.txt
[1.291s] -- Installing: /ros_ws/install/explore_lite_msgs/lib/python3.12/site-packages/explore_lite_msgs-1.0.0-py3.12.egg-info/top_level.txt
[1.291s] -- Up-to-date: /ros_ws/install/explore_lite_msgs/lib/python3.12/site-packages/explore_lite_msgs
[1.292s] -- Up-to-date: /ros_ws/install/explore_lite_msgs/lib/python3.12/site-packages/explore_lite_msgs/__init__.py
[1.292s] -- Up-to-date: /ros_ws/install/explore_lite_msgs/lib/python3.12/site-packages/explore_lite_msgs/_explore_lite_msgs_s.ep.rosidl_typesupport_c.c
[1.292s] -- Up-to-date: /ros_ws/install/explore_lite_msgs/lib/python3.12/site-packages/explore_lite_msgs/_explore_lite_msgs_s.ep.rosidl_typesupport_introspection_c.c
[1.293s] -- Up-to-date: /ros_ws/install/explore_lite_msgs/lib/python3.12/site-packages/explore_lite_msgs/explore_lite_msgs_s__rosidl_typesupport_c.so
[1.293s] -- Up-to-date: /ros_ws/install/explore_lite_msgs/lib/python3.12/site-packages/explore_lite_msgs/explore_lite_msgs_s__rosidl_typesupport_introspection_c.so
[1.293s] -- Up-to-date: /ros_ws/install/explore_lite_msgs/lib/python3.12/site-packages/explore_lite_msgs/_explore_lite_msgs_s.ep.rosidl_typesupport_fastrtps_c.c
[1.293s] -- Up-to-date: /ros_ws/install/explore_lite_msgs/lib/python3.12/site-packages/explore_lite_msgs/msg
[1.294s] -- Up-to-date: /ros_ws/install/explore_lite_msgs/lib/python3.12/site-packages/explore_lite_msgs/msg/__init__.py
[1.294s] -- Up-to-date: /ros_ws/install/explore_lite_msgs/lib/python3.12/site-packages/explore_lite_msgs/msg/_explore_status.py
[1.294s] -- Up-to-date: /ros_ws/install/explore_lite_msgs/lib/python3.12/site-packages/explore_lite_msgs/msg/_explore_status_s.c
[1.294s] -- Up-to-date: /ros_ws/install/explore_lite_msgs/lib/python3.12/site-packages/explore_lite_msgs/explore_lite_msgs_s__rosidl_typesupport_fastrtps_c.so
[1.393s] Listing '/ros_ws/install/explore_lite_msgs/lib/python3.12/site-packages/explore_lite_msgs'...
[1.393s] Listing '/ros_ws/install/explore_lite_msgs/lib/python3.12/site-packages/explore_lite_msgs/msg'...
[1.417s] -- Up-to-date: /ros_ws/install/explore_lite_msgs/lib/python3.12/site-packages/explore_lite_msgs/explore_lite_msgs_s__rosidl_typesupport_fastrtps_c.so
[1.417s] -- Up-to-date: /ros_ws/install/explore_lite_msgs/lib/python3.12/site-packages/explore_lite_msgs/explore_lite_msgs_s__rosidl_typesupport_introspection_c.so
[1.418s] -- Up-to-date: /ros_ws/install/explore_lite_msgs/lib/python3.12/site-packages/explore_lite_msgs/explore_lite_msgs_s__rosidl_typesupport_c.so
[1.437s] -- Up-to-date: /ros_ws/install/explore_lite_msgs/lib/libexplore_lite_msgs__rosidl_generator_py.so
[1.437s] -- Up-to-date: /ros_ws/install/explore_lite_msgs/share/ament_index/resource_index/rust_packages/explore_lite_msgs
[1.437s] -- Up-to-date: /ros_ws/install/explore_lite_msgs/share/explore_lite_msgs/rust
[1.438s] -- Up-to-date: /ros_ws/install/explore_lite_msgs/share/explore_lite_msgs/rust/build.rs
[1.438s] -- Up-to-date: /ros_ws/install/explore_lite_msgs/share/explore_lite_msgs/rust/src
[1.438s] -- Up-to-date: /ros_ws/install/explore_lite_msgs/share/explore_lite_msgs/rust/src/lib.rs
[1.439s] -- Up-to-date: /ros_ws/install/explore_lite_msgs/share/explore_lite_msgs/rust/src/msg
[1.439s] -- Up-to-date: /ros_ws/install/explore_lite_msgs/share/explore_lite_msgs/rust/src/msg/rmw.rs
[1.439s] -- Up-to-date: /ros_ws/install/explore_lite_msgs/share/explore_lite_msgs/rust/src/msg.rs
[1.439s] -- Up-to-date: /ros_ws/install/explore_lite_msgs/share/explore_lite_msgs/rust/Cargo.toml
[1.439s] -- Up-to-date: /ros_ws/install/explore_lite_msgs/share/explore_lite_msgs/msg/ExploreStatus.idl
[1.439s] -- Up-to-date: /ros_ws/install/explore_lite_msgs/share/explore_lite_msgs/msg/ExploreStatus.msg
[1.439s] -- Up-to-date: /ros_ws/install/explore_lite_msgs/share/ament_index/resource_index/package_run_dependencies/explore_lite_msgs
[1.440s] -- Up-to-date: /ros_ws/install/explore_lite_msgs/share/ament_index/resource_index/parent_prefix_path/explore_lite_msgs
[1.440s] -- Up-to-date: /ros_ws/install/explore_lite_msgs/share/explore_lite_msgs/environment/ament_prefix_path.sh
[1.440s] -- Up-to-date: /ros_ws/install/explore_lite_msgs/share/explore_lite_msgs/environment/ament_prefix_path.dsv
[1.441s] -- Up-to-date: /ros_ws/install/explore_lite_msgs/share/explore_lite_msgs/environment/path.sh
[1.442s] -- Up-to-date: /ros_ws/install/explore_lite_msgs/share/explore_lite_msgs/environment/path.dsv
[1.442s] -- Up-to-date: /ros_ws/install/explore_lite_msgs/share/explore_lite_msgs/local_setup.bash
[1.442s] -- Up-to-date: /ros_ws/install/explore_lite_msgs/share/explore_lite_msgs/local_setup.sh
[1.442s] -- Up-to-date: /ros_ws/install/explore_lite_msgs/share/explore_lite_msgs/local_setup.zsh
[1.443s] -- Up-to-date: /ros_ws/install/explore_lite_msgs/share/explore_lite_msgs/local_setup.dsv
[1.443s] -- Installing: /ros_ws/install/explore_lite_msgs/share/explore_lite_msgs/package.dsv
[1.443s] -- Up-to-date: /ros_ws/install/explore_lite_msgs/share/ament_index/resource_index/packages/explore_lite_msgs
[1.444s] -- Up-to-date: /ros_ws/install/explore_lite_msgs/share/explore_lite_msgs/cmake/export_explore_lite_msgs__rosidl_generator_cExport.cmake
[1.444s] -- Up-to-date: /ros_ws/install/explore_lite_msgs/share/explore_lite_msgs/cmake/export_explore_lite_msgs__rosidl_generator_cExport-noconfig.cmake
[1.444s] -- Up-to-date: /ros_ws/install/explore_lite_msgs/share/explore_lite_msgs/cmake/export_explore_lite_msgs__rosidl_typesupport_fastrtps_cExport.cmake
[1.444s] -- Up-to-date: /ros_ws/install/explore_lite_msgs/share/explore_lite_msgs/cmake/export_explore_lite_msgs__rosidl_typesupport_fastrtps_cExport-noconfig.cmake
[1.445s] -- Up-to-date: /ros_ws/install/explore_lite_msgs/share/explore_lite_msgs/cmake/explore_lite_msgs__rosidl_typesupport_introspection_cExport.cmake
[1.445s] -- Up-to-date: /ros_ws/install/explore_lite_msgs/share/explore_lite_msgs/cmake/explore_lite_msgs__rosidl_typesupport_introspection_cExport-noconfig.cmake
[1.446s] -- Up-to-date: /ros_ws/install/explore_lite_msgs/share/explore_lite_msgs/cmake/explore_lite_msgs__rosidl_typesupport_cExport.cmake
[1.446s] -- Up-to-date: /ros_ws/install/explore_lite_msgs/share/explore_lite_msgs/cmake/explore_lite_msgs__rosidl_typesupport_cExport-noconfig.cmake
[1.446s] -- Up-to-date: /ros_ws/install/explore_lite_msgs/share/explore_lite_msgs/cmake/export_explore_lite_msgs__rosidl_generator_cppExport.cmake
[1.446s] -- Up-to-date: /ros_ws/install/explore_lite_msgs/share/explore_lite_msgs/cmake/export_explore_lite_msgs__rosidl_typesupport_fastrtps_cppExport.cmake
[1.447s] -- Up-to-date: /ros_ws/install/explore_lite_msgs/share/explore_lite_msgs/cmake/export_explore_lite_msgs__rosidl_typesupport_fastrtps_cppExport-noconfig.cmake
[1.447s] -- Up-to-date: /ros_ws/install/explore_lite_msgs/share/explore_lite_msgs/cmake/explore_lite_msgs__rosidl_typesupport_introspection_cppExport.cmake
[1.448s] -- Up-to-date: /ros_ws/install/explore_lite_msgs/share/explore_lite_msgs/cmake/explore_lite_msgs__rosidl_typesupport_introspection_cppExport-noconfig.cmake
[1.448s] -- Up-to-date: /ros_ws/install/explore_lite_msgs/share/explore_lite_msgs/cmake/explore_lite_msgs__rosidl_typesupport_cppExport.cmake
[1.448s] -- Up-to-date: /ros_ws/install/explore_lite_msgs/share/explore_lite_msgs/cmake/explore_lite_msgs__rosidl_typesupport_cppExport-noconfig.cmake
[1.449s] -- Up-to-date: /ros_ws/install/explore_lite_msgs/share/explore_lite_msgs/cmake/export_explore_lite_msgs__rosidl_generator_pyExport.cmake
[1.449s] -- Up-to-date: /ros_ws/install/explore_lite_msgs/share/explore_lite_msgs/cmake/export_explore_lite_msgs__rosidl_generator_pyExport-noconfig.cmake
[1.449s] -- Up-to-date: /ros_ws/install/explore_lite_msgs/share/explore_lite_msgs/cmake/rosidl_cmake-extras.cmake
[1.450s] -- Up-to-date: /ros_ws/install/explore_lite_msgs/share/explore_lite_msgs/cmake/ament_cmake_export_include_directories-extras.cmake
[1.450s] -- Up-to-date: /ros_ws/install/explore_lite_msgs/share/explore_lite_msgs/cmake/ament_cmake_export_libraries-extras.cmake
[1.450s] -- Up-to-date: /ros_ws/install/explore_lite_msgs/share/explore_lite_msgs/cmake/ament_cmake_export_targets-extras.cmake
[1.450s] -- Up-to-date: /ros_ws/install/explore_lite_msgs/share/explore_lite_msgs/cmake/rosidl_cmake_export_typesupport_targets-extras.cmake
[1.451s] -- Up-to-date: /ros_ws/install/explore_lite_msgs/share/explore_lite_msgs/cmake/ament_cmake_export_dependencies-extras.cmake
[1.451s] -- Up-to-date: /ros_ws/install/explore_lite_msgs/share/explore_lite_msgs/cmake/rosidl_cmake_export_typesupport_libraries-extras.cmake
[1.451s] -- Up-to-date: /ros_ws/install/explore_lite_msgs/share/explore_lite_msgs/cmake/rosidl_cmake_aggregate_target-extras.cmake
[1.452s] -- Up-to-date: /ros_ws/install/explore_lite_msgs/share/explore_lite_msgs/cmake/explore_lite_msgsConfig.cmake
[1.452s] -- Up-to-date: /ros_ws/install/explore_lite_msgs/share/explore_lite_msgs/cmake/explore_lite_msgsConfig-version.cmake
[1.452s] -- Up-to-date: /ros_ws/install/explore_lite_msgs/share/explore_lite_msgs/package.xml
[1.594s] Invoked command in '/ros_ws/build/explore_lite_msgs' returned '0': CMAKE_PREFIX_PATH=${CMAKE_PREFIX_PATH}:/ros_ws/install/turtlebot_logic:/ros_ws/install/turtlebot3_teleop:/ros_ws/install/turtlebot3_example:/opt/ros/jazzy /usr/bin/cmake --install /ros_ws/build/explore_lite_msgs
