[0.087s] Invoking command in '/ros_ws/build/explore_lite_msgs': CMAKE_PREFIX_PATH=${CMAKE_PREFIX_PATH}:/ros_ws/install/turtlebot_logic:/ros_ws/install/turtlebot3_teleop:/ros_ws/install/turtlebot3_example:/opt/ros/jazzy /usr/bin/cmake --build /ros_ws/build/explore_lite_msgs -- -j12 -l12
[0.797s] [  2%] Built target explore_lite_msgs__rosidl_generator_type_description
[0.797s] [  5%] Built target explore_lite_msgs__rs
[0.797s] [  5%] Built target ament_cmake_python_copy_explore_lite_msgs
[0.798s] [  8%] Built target explore_lite_msgs__cpp
[0.798s] [ 22%] Built target explore_lite_msgs__rosidl_generator_c
[0.799s] [ 31%] Built target explore_lite_msgs__rosidl_typesupport_cpp
[0.799s] [ 40%] Built target explore_lite_msgs__rosidl_typesupport_introspection_cpp
[0.800s] [ 48%] Built target explore_lite_msgs__rosidl_typesupport_c
[0.800s] [ 57%] Built target explore_lite_msgs__rosidl_typesupport_introspection_c
[0.800s] [ 65%] Built target explore_lite_msgs__rosidl_typesupport_fastrtps_c
[0.801s] [ 74%] Built target explore_lite_msgs__rosidl_typesupport_fastrtps_cpp
[0.801s] [ 74%] Built target explore_lite_msgs
[0.801s] [ 77%] Built target explore_lite_msgs__py
[0.801s] [ 82%] Built target explore_lite_msgs__rosidl_generator_py
[0.801s] [ 88%] Built target explore_lite_msgs_s__rosidl_typesupport_fastrtps_c
[0.801s] [ 94%] Built target explore_lite_msgs_s__rosidl_typesupport_introspection_c
[0.802s] [100%] Built target explore_lite_msgs_s__rosidl_typesupport_c
[0.802s] running egg_info
[0.802s] writing explore_lite_msgs.egg-info/PKG-INFO
[0.803s] writing dependency_links to explore_lite_msgs.egg-info/dependency_links.txt
[0.803s] writing top-level names to explore_lite_msgs.egg-info/top_level.txt
[0.803s] reading manifest file 'explore_lite_msgs.egg-info/SOURCES.txt'
[0.804s] writing manifest file 'explore_lite_msgs.egg-info/SOURCES.txt'
[0.815s] [100%] Built target ament_cmake_python_build_explore_lite_msgs_egg
[0.940s] Invoked command in '/ros_ws/build/explore_lite_msgs' returned '0': CMAKE_PREFIX_PATH=${CMAKE_PREFIX_PATH}:/ros_ws/install/turtlebot_logic:/ros_ws/install/turtlebot3_teleop:/ros_ws/install/turtlebot3_example:/opt/ros/jazzy /usr/bin/cmake --build /ros_ws/build/explore_lite_msgs -- -j12 -l12
[0.941s] Invoking command in '/ros_ws/build/explore_lite_msgs': CMAKE_PREFIX_PATH=${CMAKE_PREFIX_PATH}:/ros_ws/install/turtlebot_logic:/ros_ws/install/turtlebot3_teleop:/ros_ws/install/turtlebot3_example:/opt/ros/jazzy /usr/bin/cmake --install /ros_ws/build/explore_lite_msgs
[0.972s] -- Install configuration: ""
[0.972s] -- Up-to-date: /ros_ws/install/explore_lite_msgs/share/ament_index/resource_index/rosidl_interfaces/explore_lite_msgs
[0.972s] -- Up-to-date: /ros_ws/install/explore_lite_msgs/share/explore_lite_msgs/msg/ExploreStatus.json
[0.972s] -- Up-to-date: /ros_ws/install/explore_lite_msgs/include/explore_lite_msgs/explore_lite_msgs
[0.973s] -- Up-to-date: /ros_ws/install/explore_lite_msgs/include/explore_lite_msgs/explore_lite_msgs/msg
[0.974s] -- Up-to-date: /ros_ws/install/explore_lite_msgs/include/explore_lite_msgs/explore_lite_msgs/msg/rosidl_generator_c__visibility_control.h
[0.974s] -- Up-to-date: /ros_ws/install/explore_lite_msgs/include/explore_lite_msgs/explore_lite_msgs/msg/explore_status.h
[0.975s] -- Up-to-date: /ros_ws/install/explore_lite_msgs/include/explore_lite_msgs/explore_lite_msgs/msg/detail
[0.975s] -- Up-to-date: /ros_ws/install/explore_lite_msgs/include/explore_lite_msgs/explore_lite_msgs/msg/detail/explore_status__type_support.h
[0.976s] -- Up-to-date: /ros_ws/install/explore_lite_msgs/include/explore_lite_msgs/explore_lite_msgs/msg/detail/explore_status__functions.c
[0.976s] -- Up-to-date: /ros_ws/install/explore_lite_msgs/include/explore_lite_msgs/explore_lite_msgs/msg/detail/explore_status__type_support.c
[0.977s] -- Up-to-date: /ros_ws/install/explore_lite_msgs/include/explore_lite_msgs/explore_lite_msgs/msg/detail/explore_status__functions.h
[0.977s] -- Up-to-date: /ros_ws/install/explore_lite_msgs/include/explore_lite_msgs/explore_lite_msgs/msg/detail/explore_status__struct.h
[0.978s] -- Up-to-date: /ros_ws/install/explore_lite_msgs/include/explore_lite_msgs/explore_lite_msgs/msg/detail/explore_status__description.c
[0.978s] -- Up-to-date: /ros_ws/install/explore_lite_msgs/share/explore_lite_msgs/environment/library_path.sh
[0.978s] -- Up-to-date: /ros_ws/install/explore_lite_msgs/share/explore_lite_msgs/environment/library_path.dsv
[0.979s] -- Up-to-date: /ros_ws/install/explore_lite_msgs/lib/libexplore_lite_msgs__rosidl_generator_c.so
[0.979s] -- Up-to-date: /ros_ws/install/explore_lite_msgs/include/explore_lite_msgs/explore_lite_msgs
[0.981s] -- Up-to-date: /ros_ws/install/explore_lite_msgs/include/explore_lite_msgs/explore_lite_msgs/msg
[0.981s] -- Up-to-date: /ros_ws/install/explore_lite_msgs/include/explore_lite_msgs/explore_lite_msgs/msg/detail
[0.981s] -- Up-to-date: /ros_ws/install/explore_lite_msgs/include/explore_lite_msgs/explore_lite_msgs/msg/detail/explore_status__rosidl_typesupport_fastrtps_c.h
[0.982s] -- Up-to-date: /ros_ws/install/explore_lite_msgs/include/explore_lite_msgs/explore_lite_msgs/msg/rosidl_typesupport_fastrtps_c__visibility_control.h
[0.982s] -- Up-to-date: /ros_ws/install/explore_lite_msgs/lib/libexplore_lite_msgs__rosidl_typesupport_fastrtps_c.so
[0.983s] -- Up-to-date: /ros_ws/install/explore_lite_msgs/include/explore_lite_msgs/explore_lite_msgs
[0.983s] -- Up-to-date: /ros_ws/install/explore_lite_msgs/include/explore_lite_msgs/explore_lite_msgs/msg
[0.983s] -- Up-to-date: /ros_ws/install/explore_lite_msgs/include/explore_lite_msgs/explore_lite_msgs/msg/detail
[0.983s] -- Up-to-date: /ros_ws/install/explore_lite_msgs/include/explore_lite_msgs/explore_lite_msgs/msg/detail/explore_status__type_support.c
[0.984s] -- Up-to-date: /ros_ws/install/explore_lite_msgs/include/explore_lite_msgs/explore_lite_msgs/msg/detail/explore_status__rosidl_typesupport_introspection_c.h
[0.985s] -- Up-to-date: /ros_ws/install/explore_lite_msgs/include/explore_lite_msgs/explore_lite_msgs/msg/rosidl_typesupport_introspection_c__visibility_control.h
[0.985s] -- Up-to-date: /ros_ws/install/explore_lite_msgs/lib/libexplore_lite_msgs__rosidl_typesupport_introspection_c.so
[0.986s] -- Up-to-date: /ros_ws/install/explore_lite_msgs/lib/libexplore_lite_msgs__rosidl_typesupport_c.so
[0.986s] -- Up-to-date: /ros_ws/install/explore_lite_msgs/include/explore_lite_msgs/explore_lite_msgs
[0.990s] -- Up-to-date: /ros_ws/install/explore_lite_msgs/include/explore_lite_msgs/explore_lite_msgs/msg
[0.990s] -- Up-to-date: /ros_ws/install/explore_lite_msgs/include/explore_lite_msgs/explore_lite_msgs/msg/rosidl_generator_cpp__visibility_control.hpp
[0.990s] -- Up-to-date: /ros_ws/install/explore_lite_msgs/include/explore_lite_msgs/explore_lite_msgs/msg/explore_status.hpp
[0.991s] -- Up-to-date: /ros_ws/install/explore_lite_msgs/include/explore_lite_msgs/explore_lite_msgs/msg/detail
[0.991s] -- Up-to-date: /ros_ws/install/explore_lite_msgs/include/explore_lite_msgs/explore_lite_msgs/msg/detail/explore_status__struct.hpp
[0.992s] -- Up-to-date: /ros_ws/install/explore_lite_msgs/include/explore_lite_msgs/explore_lite_msgs/msg/detail/explore_status__type_support.hpp
[0.992s] -- Up-to-date: /ros_ws/install/explore_lite_msgs/include/explore_lite_msgs/explore_lite_msgs/msg/detail/explore_status__traits.hpp
[0.993s] -- Up-to-date: /ros_ws/install/explore_lite_msgs/include/explore_lite_msgs/explore_lite_msgs/msg/detail/explore_status__builder.hpp
[0.993s] -- Up-to-date: /ros_ws/install/explore_lite_msgs/include/explore_lite_msgs/explore_lite_msgs
[0.993s] -- Up-to-date: /ros_ws/install/explore_lite_msgs/include/explore_lite_msgs/explore_lite_msgs/msg
[0.994s] -- Up-to-date: /ros_ws/install/explore_lite_msgs/include/explore_lite_msgs/explore_lite_msgs/msg/rosidl_typesupport_fastrtps_cpp__visibility_control.h
[0.994s] -- Up-to-date: /ros_ws/install/explore_lite_msgs/include/explore_lite_msgs/explore_lite_msgs/msg/detail
[0.994s] -- Up-to-date: /ros_ws/install/explore_lite_msgs/include/explore_lite_msgs/explore_lite_msgs/msg/detail/explore_status__rosidl_typesupport_fastrtps_cpp.hpp
[0.994s] -- Up-to-date: /ros_ws/install/explore_lite_msgs/include/explore_lite_msgs/explore_lite_msgs/msg/detail/dds_fastrtps
[0.995s] -- Up-to-date: /ros_ws/install/explore_lite_msgs/lib/libexplore_lite_msgs__rosidl_typesupport_fastrtps_cpp.so
[0.995s] -- Up-to-date: /ros_ws/install/explore_lite_msgs/include/explore_lite_msgs/explore_lite_msgs
[0.995s] -- Up-to-date: /ros_ws/install/explore_lite_msgs/include/explore_lite_msgs/explore_lite_msgs/msg
[0.995s] -- Up-to-date: /ros_ws/install/explore_lite_msgs/include/explore_lite_msgs/explore_lite_msgs/msg/detail
[0.996s] -- Up-to-date: /ros_ws/install/explore_lite_msgs/include/explore_lite_msgs/explore_lite_msgs/msg/detail/explore_status__rosidl_typesupport_introspection_cpp.hpp
[0.997s] -- Up-to-date: /ros_ws/install/explore_lite_msgs/include/explore_lite_msgs/explore_lite_msgs/msg/detail/explore_status__type_support.cpp
[0.997s] -- Up-to-date: /ros_ws/install/explore_lite_msgs/lib/libexplore_lite_msgs__rosidl_typesupport_introspection_cpp.so
[0.997s] -- Up-to-date: /ros_ws/install/explore_lite_msgs/lib/libexplore_lite_msgs__rosidl_typesupport_cpp.so
[0.997s] -- Up-to-date: /ros_ws/install/explore_lite_msgs/share/explore_lite_msgs/environment/pythonpath.sh
[0.997s] -- Up-to-date: /ros_ws/install/explore_lite_msgs/share/explore_lite_msgs/environment/pythonpath.dsv
[0.997s] -- Up-to-date: /ros_ws/install/explore_lite_msgs/lib/python3.12/site-packages/explore_lite_msgs-1.0.0-py3.12.egg-info
[0.998s] -- Installing: /ros_ws/install/explore_lite_msgs/lib/python3.12/site-packages/explore_lite_msgs-1.0.0-py3.12.egg-info/PKG-INFO
[0.998s] -- Installing: /ros_ws/install/explore_lite_msgs/lib/python3.12/site-packages/explore_lite_msgs-1.0.0-py3.12.egg-info/dependency_links.txt
[0.998s] -- Installing: /ros_ws/install/explore_lite_msgs/lib/python3.12/site-packages/explore_lite_msgs-1.0.0-py3.12.egg-info/SOURCES.txt
[0.998s] -- Installing: /ros_ws/install/explore_lite_msgs/lib/python3.12/site-packages/explore_lite_msgs-1.0.0-py3.12.egg-info/top_level.txt
[0.998s] -- Up-to-date: /ros_ws/install/explore_lite_msgs/lib/python3.12/site-packages/explore_lite_msgs
[0.998s] -- Up-to-date: /ros_ws/install/explore_lite_msgs/lib/python3.12/site-packages/explore_lite_msgs/__init__.py
[0.999s] -- Up-to-date: /ros_ws/install/explore_lite_msgs/lib/python3.12/site-packages/explore_lite_msgs/_explore_lite_msgs_s.ep.rosidl_typesupport_c.c
[0.999s] -- Up-to-date: /ros_ws/install/explore_lite_msgs/lib/python3.12/site-packages/explore_lite_msgs/_explore_lite_msgs_s.ep.rosidl_typesupport_introspection_c.c
[0.999s] -- Up-to-date: /ros_ws/install/explore_lite_msgs/lib/python3.12/site-packages/explore_lite_msgs/explore_lite_msgs_s__rosidl_typesupport_c.so
[1.000s] -- Up-to-date: /ros_ws/install/explore_lite_msgs/lib/python3.12/site-packages/explore_lite_msgs/explore_lite_msgs_s__rosidl_typesupport_introspection_c.so
[1.000s] -- Up-to-date: /ros_ws/install/explore_lite_msgs/lib/python3.12/site-packages/explore_lite_msgs/_explore_lite_msgs_s.ep.rosidl_typesupport_fastrtps_c.c
[1.000s] -- Up-to-date: /ros_ws/install/explore_lite_msgs/lib/python3.12/site-packages/explore_lite_msgs/msg
[1.000s] -- Up-to-date: /ros_ws/install/explore_lite_msgs/lib/python3.12/site-packages/explore_lite_msgs/msg/__init__.py
[1.001s] -- Up-to-date: /ros_ws/install/explore_lite_msgs/lib/python3.12/site-packages/explore_lite_msgs/msg/_explore_status.py
[1.001s] -- Up-to-date: /ros_ws/install/explore_lite_msgs/lib/python3.12/site-packages/explore_lite_msgs/msg/_explore_status_s.c
[1.001s] -- Up-to-date: /ros_ws/install/explore_lite_msgs/lib/python3.12/site-packages/explore_lite_msgs/explore_lite_msgs_s__rosidl_typesupport_fastrtps_c.so
[1.002s] Listing '/ros_ws/install/explore_lite_msgs/lib/python3.12/site-packages/explore_lite_msgs'...
[1.003s] Listing '/ros_ws/install/explore_lite_msgs/lib/python3.12/site-packages/explore_lite_msgs/msg'...
[1.003s] -- Up-to-date: /ros_ws/install/explore_lite_msgs/lib/python3.12/site-packages/explore_lite_msgs/explore_lite_msgs_s__rosidl_typesupport_fastrtps_c.so
[1.003s] -- Up-to-date: /ros_ws/install/explore_lite_msgs/lib/python3.12/site-packages/explore_lite_msgs/explore_lite_msgs_s__rosidl_typesupport_introspection_c.so
[1.004s] -- Up-to-date: /ros_ws/install/explore_lite_msgs/lib/python3.12/site-packages/explore_lite_msgs/explore_lite_msgs_s__rosidl_typesupport_c.so
[1.006s] -- Up-to-date: /ros_ws/install/explore_lite_msgs/lib/libexplore_lite_msgs__rosidl_generator_py.so
[1.006s] -- Up-to-date: /ros_ws/install/explore_lite_msgs/share/ament_index/resource_index/rust_packages/explore_lite_msgs
[1.006s] -- Up-to-date: /ros_ws/install/explore_lite_msgs/share/explore_lite_msgs/rust
[1.007s] -- Up-to-date: /ros_ws/install/explore_lite_msgs/share/explore_lite_msgs/rust/build.rs
[1.007s] -- Up-to-date: /ros_ws/install/explore_lite_msgs/share/explore_lite_msgs/rust/src
[1.007s] -- Up-to-date: /ros_ws/install/explore_lite_msgs/share/explore_lite_msgs/rust/src/lib.rs
[1.007s] -- Up-to-date: /ros_ws/install/explore_lite_msgs/share/explore_lite_msgs/rust/src/msg
[1.007s] -- Up-to-date: /ros_ws/install/explore_lite_msgs/share/explore_lite_msgs/rust/src/msg/rmw.rs
[1.008s] -- Up-to-date: /ros_ws/install/explore_lite_msgs/share/explore_lite_msgs/rust/src/msg.rs
[1.008s] -- Up-to-date: /ros_ws/install/explore_lite_msgs/share/explore_lite_msgs/rust/Cargo.toml
[1.008s] -- Up-to-date: /ros_ws/install/explore_lite_msgs/share/explore_lite_msgs/msg/ExploreStatus.idl
[1.009s] -- Up-to-date: /ros_ws/install/explore_lite_msgs/share/explore_lite_msgs/msg/ExploreStatus.msg
[1.010s] -- Up-to-date: /ros_ws/install/explore_lite_msgs/share/ament_index/resource_index/package_run_dependencies/explore_lite_msgs
[1.010s] -- Up-to-date: /ros_ws/install/explore_lite_msgs/share/ament_index/resource_index/parent_prefix_path/explore_lite_msgs
[1.010s] -- Up-to-date: /ros_ws/install/explore_lite_msgs/share/explore_lite_msgs/environment/ament_prefix_path.sh
[1.011s] -- Up-to-date: /ros_ws/install/explore_lite_msgs/share/explore_lite_msgs/environment/ament_prefix_path.dsv
[1.011s] -- Up-to-date: /ros_ws/install/explore_lite_msgs/share/explore_lite_msgs/environment/path.sh
[1.011s] -- Up-to-date: /ros_ws/install/explore_lite_msgs/share/explore_lite_msgs/environment/path.dsv
[1.012s] -- Up-to-date: /ros_ws/install/explore_lite_msgs/share/explore_lite_msgs/local_setup.bash
[1.012s] -- Up-to-date: /ros_ws/install/explore_lite_msgs/share/explore_lite_msgs/local_setup.sh
[1.013s] -- Up-to-date: /ros_ws/install/explore_lite_msgs/share/explore_lite_msgs/local_setup.zsh
[1.014s] -- Up-to-date: /ros_ws/install/explore_lite_msgs/share/explore_lite_msgs/local_setup.dsv
[1.014s] -- Installing: /ros_ws/install/explore_lite_msgs/share/explore_lite_msgs/package.dsv
[1.014s] -- Up-to-date: /ros_ws/install/explore_lite_msgs/share/ament_index/resource_index/packages/explore_lite_msgs
[1.014s] -- Up-to-date: /ros_ws/install/explore_lite_msgs/share/explore_lite_msgs/cmake/export_explore_lite_msgs__rosidl_generator_cExport.cmake
[1.015s] -- Up-to-date: /ros_ws/install/explore_lite_msgs/share/explore_lite_msgs/cmake/export_explore_lite_msgs__rosidl_generator_cExport-noconfig.cmake
[1.015s] -- Up-to-date: /ros_ws/install/explore_lite_msgs/share/explore_lite_msgs/cmake/export_explore_lite_msgs__rosidl_typesupport_fastrtps_cExport.cmake
[1.015s] -- Up-to-date: /ros_ws/install/explore_lite_msgs/share/explore_lite_msgs/cmake/export_explore_lite_msgs__rosidl_typesupport_fastrtps_cExport-noconfig.cmake
[1.016s] -- Up-to-date: /ros_ws/install/explore_lite_msgs/share/explore_lite_msgs/cmake/explore_lite_msgs__rosidl_typesupport_introspection_cExport.cmake
[1.016s] -- Up-to-date: /ros_ws/install/explore_lite_msgs/share/explore_lite_msgs/cmake/explore_lite_msgs__rosidl_typesupport_introspection_cExport-noconfig.cmake
[1.017s] -- Up-to-date: /ros_ws/install/explore_lite_msgs/share/explore_lite_msgs/cmake/explore_lite_msgs__rosidl_typesupport_cExport.cmake
[1.017s] -- Up-to-date: /ros_ws/install/explore_lite_msgs/share/explore_lite_msgs/cmake/explore_lite_msgs__rosidl_typesupport_cExport-noconfig.cmake
[1.017s] -- Up-to-date: /ros_ws/install/explore_lite_msgs/share/explore_lite_msgs/cmake/export_explore_lite_msgs__rosidl_generator_cppExport.cmake
[1.018s] -- Up-to-date: /ros_ws/install/explore_lite_msgs/share/explore_lite_msgs/cmake/export_explore_lite_msgs__rosidl_typesupport_fastrtps_cppExport.cmake
[1.018s] -- Up-to-date: /ros_ws/install/explore_lite_msgs/share/explore_lite_msgs/cmake/export_explore_lite_msgs__rosidl_typesupport_fastrtps_cppExport-noconfig.cmake
[1.018s] -- Up-to-date: /ros_ws/install/explore_lite_msgs/share/explore_lite_msgs/cmake/explore_lite_msgs__rosidl_typesupport_introspection_cppExport.cmake
[1.018s] -- Up-to-date: /ros_ws/install/explore_lite_msgs/share/explore_lite_msgs/cmake/explore_lite_msgs__rosidl_typesupport_introspection_cppExport-noconfig.cmake
[1.019s] -- Up-to-date: /ros_ws/install/explore_lite_msgs/share/explore_lite_msgs/cmake/explore_lite_msgs__rosidl_typesupport_cppExport.cmake
[1.019s] -- Up-to-date: /ros_ws/install/explore_lite_msgs/share/explore_lite_msgs/cmake/explore_lite_msgs__rosidl_typesupport_cppExport-noconfig.cmake
[1.019s] -- Up-to-date: /ros_ws/install/explore_lite_msgs/share/explore_lite_msgs/cmake/export_explore_lite_msgs__rosidl_generator_pyExport.cmake
[1.020s] -- Up-to-date: /ros_ws/install/explore_lite_msgs/share/explore_lite_msgs/cmake/export_explore_lite_msgs__rosidl_generator_pyExport-noconfig.cmake
[1.020s] -- Up-to-date: /ros_ws/install/explore_lite_msgs/share/explore_lite_msgs/cmake/rosidl_cmake-extras.cmake
[1.020s] -- Up-to-date: /ros_ws/install/explore_lite_msgs/share/explore_lite_msgs/cmake/ament_cmake_export_include_directories-extras.cmake
[1.021s] -- Up-to-date: /ros_ws/install/explore_lite_msgs/share/explore_lite_msgs/cmake/ament_cmake_export_libraries-extras.cmake
[1.021s] -- Up-to-date: /ros_ws/install/explore_lite_msgs/share/explore_lite_msgs/cmake/ament_cmake_export_targets-extras.cmake
[1.021s] -- Up-to-date: /ros_ws/install/explore_lite_msgs/share/explore_lite_msgs/cmake/rosidl_cmake_export_typesupport_targets-extras.cmake
[1.022s] -- Up-to-date: /ros_ws/install/explore_lite_msgs/share/explore_lite_msgs/cmake/ament_cmake_export_dependencies-extras.cmake
[1.022s] -- Up-to-date: /ros_ws/install/explore_lite_msgs/share/explore_lite_msgs/cmake/rosidl_cmake_export_typesupport_libraries-extras.cmake
[1.024s] -- Up-to-date: /ros_ws/install/explore_lite_msgs/share/explore_lite_msgs/cmake/rosidl_cmake_aggregate_target-extras.cmake
[1.024s] -- Up-to-date: /ros_ws/install/explore_lite_msgs/share/explore_lite_msgs/cmake/explore_lite_msgsConfig.cmake
[1.024s] -- Up-to-date: /ros_ws/install/explore_lite_msgs/share/explore_lite_msgs/cmake/explore_lite_msgsConfig-version.cmake
[1.025s] -- Up-to-date: /ros_ws/install/explore_lite_msgs/share/explore_lite_msgs/package.xml
[1.221s] Invoked command in '/ros_ws/build/explore_lite_msgs' returned '0': CMAKE_PREFIX_PATH=${CMAKE_PREFIX_PATH}:/ros_ws/install/turtlebot_logic:/ros_ws/install/turtlebot3_teleop:/ros_ws/install/turtlebot3_example:/opt/ros/jazzy /usr/bin/cmake --install /ros_ws/build/explore_lite_msgs
