running egg_info
writing ../../build/turtlebot_logic/turtlebot_logic.egg-info/PKG-INFO
writing dependency_links to ../../build/turtlebot_logic/turtlebot_logic.egg-info/dependency_links.txt
writing entry points to ../../build/turtlebot_logic/turtlebot_logic.egg-info/entry_points.txt
writing requirements to ../../build/turtlebot_logic/turtlebot_logic.egg-info/requires.txt
writing top-level names to ../../build/turtlebot_logic/turtlebot_logic.egg-info/top_level.txt
reading manifest file '../../build/turtlebot_logic/turtlebot_logic.egg-info/SOURCES.txt'
writing manifest file '../../build/turtlebot_logic/turtlebot_logic.egg-info/SOURCES.txt'
running build
running build_py
running install
running install_lib
byte-compiling /ros_ws/install/turtlebot_logic/lib/python3.12/site-packages/turtlebot_logic/data_logger.py to data_logger.cpython-312.pyc
running install_data
Sorry: IndentationError: expected an indented block after function definition on line 108 (data_logger.py, line 109)
running install_egg_info
removing '/ros_ws/install/turtlebot_logic/lib/python3.12/site-packages/turtlebot_logic-0.0.0-py3.12.egg-info' (and everything under it)
Copying ../../build/turtlebot_logic/turtlebot_logic.egg-info to /ros_ws/install/turtlebot_logic/lib/python3.12/site-packages/turtlebot_logic-0.0.0-py3.12.egg-info
running install_scripts
Installing data_logger script to /ros_ws/install/turtlebot_logic/lib/turtlebot_logic
Installing maze_solver script to /ros_ws/install/turtlebot_logic/lib/turtlebot_logic
writing list of installed files to '/ros_ws/build/turtlebot_logic/install.log'
