-- The C compiler identification is GNU 13.3.0
-- The CXX compiler identification is GNU 13.3.0
-- Detecting C compiler ABI info
-- Detecting C compiler ABI info - done
-- Check for working C compiler: /usr/bin/cc - skipped
-- Detecting C compile features
-- Detecting C compile features - done
-- Detecting CXX compiler ABI info
-- Detecting CXX compiler ABI info - done
-- Check for working CXX compiler: /usr/bin/c++ - skipped
-- Detecting CXX compile features
-- Detecting CXX compile features - done
-- Found ament_cmake: 2.5.6 (/opt/ros/jazzy/share/ament_cmake/cmake)
-- Found Python3: /usr/bin/python3 (found version "3.12.3") found components: Interpreter 
-- Configuring done (2.5s)
-- Generating done (0.0s)
-- Build files have been written to: /ros_ws/build/dynamixel_sdk
[  5%] [32mBuilding CXX object CMakeFiles/dynamixel_sdk.dir/src/dynamixel_sdk/group_sync_read.cpp.o[0m
[ 11%] [32mBuilding CXX object CMakeFiles/dynamixel_sdk.dir/src/dynamixel_sdk/protocol1_packet_handler.cpp.o[0m
[ 16%] [32mBuilding CXX object CMakeFiles/dynamixel_sdk.dir/src/dynamixel_sdk/protocol2_packet_handler.cpp.o[0m
[ 22%] [32mBuilding CXX object CMakeFiles/dynamixel_sdk.dir/src/dynamixel_sdk/group_fast_bulk_read.cpp.o[0m
[ 27%] [32mBuilding CXX object CMakeFiles/dynamixel_sdk.dir/src/dynamixel_sdk/packet_handler.cpp.o[0m
[ 33%] [32mBuilding CXX object CMakeFiles/dynamixel_sdk.dir/src/dynamixel_sdk/group_sync_write.cpp.o[0m
[ 38%] [32mBuilding CXX object CMakeFiles/dynamixel_sdk.dir/src/dynamixel_sdk/group_bulk_read.cpp.o[0m
[ 44%] [32mBuilding CXX object CMakeFiles/dynamixel_sdk.dir/src/dynamixel_sdk/group_bulk_write.cpp.o[0m
[ 50%] [32mBuilding CXX object CMakeFiles/dynamixel_sdk.dir/src/dynamixel_sdk/group_fast_sync_read.cpp.o[0m
[ 55%] [32mBuilding CXX object CMakeFiles/dynamixel_sdk.dir/src/dynamixel_sdk/group_handler.cpp.o[0m
[ 55%] Built target ament_cmake_python_copy_dynamixel_easy_sdk
[ 55%] Built target ament_cmake_python_copy_dynamixel_sdk
[ 61%] [32mBuilding CXX object CMakeFiles/dynamixel_sdk.dir/src/dynamixel_sdk/port_handler.cpp.o[0m
[ 66%] [32mBuilding CXX object CMakeFiles/dynamixel_sdk.dir/src/dynamixel_easy_sdk/connector.cpp.o[0m
running egg_info
creating dynamixel_easy_sdk.egg-info
[ 72%] [32mBuilding CXX object CMakeFiles/dynamixel_sdk.dir/src/dynamixel_easy_sdk/control_table.cpp.o[0m
writing dynamixel_easy_sdk.egg-info/PKG-INFO
writing dependency_links to dynamixel_easy_sdk.egg-info/dependency_links.txt
writing top-level names to dynamixel_easy_sdk.egg-info/top_level.txt
writing manifest file 'dynamixel_easy_sdk.egg-info/SOURCES.txt'
reading manifest file 'dynamixel_easy_sdk.egg-info/SOURCES.txt'
writing manifest file 'dynamixel_easy_sdk.egg-info/SOURCES.txt'
[ 77%] [32mBuilding CXX object CMakeFiles/dynamixel_sdk.dir/src/dynamixel_easy_sdk/dynamixel_error.cpp.o[0m
[ 77%] Built target ament_cmake_python_build_dynamixel_easy_sdk_egg
[ 83%] [32mBuilding CXX object CMakeFiles/dynamixel_sdk.dir/src/dynamixel_easy_sdk/group_executor.cpp.o[0m
[ 88%] [32mBuilding CXX object CMakeFiles/dynamixel_sdk.dir/src/dynamixel_easy_sdk/motor.cpp.o[0m
[ 94%] [32mBuilding CXX object CMakeFiles/dynamixel_sdk.dir/src/dynamixel_sdk/port_handler_linux.cpp.o[0m
running egg_info
creating dynamixel_sdk.egg-info
writing dynamixel_sdk.egg-info/PKG-INFO
writing dependency_links to dynamixel_sdk.egg-info/dependency_links.txt
writing top-level names to dynamixel_sdk.egg-info/top_level.txt
writing manifest file 'dynamixel_sdk.egg-info/SOURCES.txt'
reading manifest file 'dynamixel_sdk.egg-info/SOURCES.txt'
writing manifest file 'dynamixel_sdk.egg-info/SOURCES.txt'
[ 94%] Built target ament_cmake_python_build_dynamixel_sdk_egg
[100%] [32m[1mLinking CXX shared library libdynamixel_sdk.so[0m
[100%] Built target dynamixel_sdk
-- Install configuration: ""
-- Installing: /ros_ws/install/dynamixel_sdk/include/
-- Installing: /ros_ws/install/dynamixel_sdk/include//dynamixel_sdk
-- Installing: /ros_ws/install/dynamixel_sdk/include//dynamixel_sdk/dynamixel_sdk.h
-- Installing: /ros_ws/install/dynamixel_sdk/include//dynamixel_sdk/group_fast_sync_read.h
-- Installing: /ros_ws/install/dynamixel_sdk/include//dynamixel_sdk/port_handler_windows.h
-- Installing: /ros_ws/install/dynamixel_sdk/include//dynamixel_sdk/group_fast_bulk_read.h
-- Installing: /ros_ws/install/dynamixel_sdk/include//dynamixel_sdk/port_handler_mac.h
-- Installing: /ros_ws/install/dynamixel_sdk/include//dynamixel_sdk/group_handler.h
-- Installing: /ros_ws/install/dynamixel_sdk/include//dynamixel_sdk/port_handler.h
-- Installing: /ros_ws/install/dynamixel_sdk/include//dynamixel_sdk/group_bulk_write.h
-- Installing: /ros_ws/install/dynamixel_sdk/include//dynamixel_sdk/port_handler_arduino.h
-- Installing: /ros_ws/install/dynamixel_sdk/include//dynamixel_sdk/group_sync_write.h
-- Installing: /ros_ws/install/dynamixel_sdk/include//dynamixel_sdk/group_bulk_read.h
-- Installing: /ros_ws/install/dynamixel_sdk/include//dynamixel_sdk/protocol1_packet_handler.h
-- Installing: /ros_ws/install/dynamixel_sdk/include//dynamixel_sdk/protocol2_packet_handler.h
-- Installing: /ros_ws/install/dynamixel_sdk/include//dynamixel_sdk/packet_handler.h
-- Installing: /ros_ws/install/dynamixel_sdk/include//dynamixel_sdk/port_handler_linux.h
-- Installing: /ros_ws/install/dynamixel_sdk/include//dynamixel_sdk/group_sync_read.h
-- Installing: /ros_ws/install/dynamixel_sdk/include//dynamixel_easy_sdk
-- Installing: /ros_ws/install/dynamixel_sdk/include//dynamixel_easy_sdk/group_executor.hpp
-- Installing: /ros_ws/install/dynamixel_sdk/include//dynamixel_easy_sdk/control_table.hpp
-- Installing: /ros_ws/install/dynamixel_sdk/include//dynamixel_easy_sdk/dynamixel_easy_sdk.hpp
-- Installing: /ros_ws/install/dynamixel_sdk/include//dynamixel_easy_sdk/dynamixel_error.hpp
-- Installing: /ros_ws/install/dynamixel_sdk/include//dynamixel_easy_sdk/data_types.hpp
-- Installing: /ros_ws/install/dynamixel_sdk/include//dynamixel_easy_sdk/motor.hpp
-- Installing: /ros_ws/install/dynamixel_sdk/include//dynamixel_easy_sdk/connector.hpp
-- Installing: /ros_ws/install/dynamixel_sdk/lib/libdynamixel_sdk.so
-- Installing: /ros_ws/install/dynamixel_sdk/share/dynamixel_sdk/control_table
-- Installing: /ros_ws/install/dynamixel_sdk/share/dynamixel_sdk/control_table/xh430_v350.model
-- Installing: /ros_ws/install/dynamixel_sdk/share/dynamixel_sdk/control_table/ym080_230_m001.model
-- Installing: /ros_ws/install/dynamixel_sdk/share/dynamixel_sdk/control_table/ym080_230_a099.model
-- Installing: /ros_ws/install/dynamixel_sdk/share/dynamixel_sdk/control_table/2xl430_w250.model
-- Installing: /ros_ws/install/dynamixel_sdk/share/dynamixel_sdk/control_table/ym070_210_a099.model
-- Installing: /ros_ws/install/dynamixel_sdk/share/dynamixel_sdk/control_table/xc330_m288_fw52.model
-- Installing: /ros_ws/install/dynamixel_sdk/share/dynamixel_sdk/control_table/xh540_w270.model
-- Installing: /ros_ws/install/dynamixel_sdk/share/dynamixel_sdk/control_table/pm54_060_s250.model
-- Installing: /ros_ws/install/dynamixel_sdk/share/dynamixel_sdk/control_table/ym070_210_r051.model
-- Installing: /ros_ws/install/dynamixel_sdk/share/dynamixel_sdk/control_table/h54_100_s500_ra.model
-- Installing: /ros_ws/install/dynamixel_sdk/share/dynamixel_sdk/control_table/xh430_w350.model
-- Installing: /ros_ws/install/dynamixel_sdk/share/dynamixel_sdk/control_table/mx_64.model
-- Installing: /ros_ws/install/dynamixel_sdk/share/dynamixel_sdk/control_table/xm430_w210.model
-- Installing: /ros_ws/install/dynamixel_sdk/share/dynamixel_sdk/control_table/xc430_w240.model
-- Installing: /ros_ws/install/dynamixel_sdk/share/dynamixel_sdk/control_table/xd540_t150.model
-- Installing: /ros_ws/install/dynamixel_sdk/share/dynamixel_sdk/control_table/ym070_210_a051.model
-- Installing: /ros_ws/install/dynamixel_sdk/share/dynamixel_sdk/control_table/xc330_t181.model
-- Installing: /ros_ws/install/dynamixel_sdk/share/dynamixel_sdk/control_table/xc430_w150.model
-- Installing: /ros_ws/install/dynamixel_sdk/share/dynamixel_sdk/control_table/rh_p12_rn.model
-- Installing: /ros_ws/install/dynamixel_sdk/share/dynamixel_sdk/control_table/ym080_230_r099.model
-- Installing: /ros_ws/install/dynamixel_sdk/share/dynamixel_sdk/control_table/xh430_v210.model
-- Installing: /ros_ws/install/dynamixel_sdk/share/dynamixel_sdk/control_table/xm540_w270.model
-- Installing: /ros_ws/install/dynamixel_sdk/share/dynamixel_sdk/control_table/xl430_w250.model
-- Installing: /ros_ws/install/dynamixel_sdk/share/dynamixel_sdk/control_table/ph54_200_s500.model
-- Installing: /ros_ws/install/dynamixel_sdk/share/dynamixel_sdk/control_table/pm42_010_s260.model
-- Installing: /ros_ws/install/dynamixel_sdk/share/dynamixel_sdk/control_table/m42_10_s260_ra.model
-- Installing: /ros_ws/install/dynamixel_sdk/share/dynamixel_sdk/control_table/ph42_020_s300.model
-- Installing: /ros_ws/install/dynamixel_sdk/share/dynamixel_sdk/control_table/xw540_t260.model
-- Installing: /ros_ws/install/dynamixel_sdk/share/dynamixel_sdk/control_table/xw540_t140.model
-- Installing: /ros_ws/install/dynamixel_sdk/share/dynamixel_sdk/control_table/xw540_h260.model
-- Installing: /ros_ws/install/dynamixel_sdk/share/dynamixel_sdk/control_table/h54_200_s500_ra.model
-- Installing: /ros_ws/install/dynamixel_sdk/share/dynamixel_sdk/control_table/xc330_m181_fw52.model
-- Installing: /ros_ws/install/dynamixel_sdk/share/dynamixel_sdk/control_table/xh430_w210.model
-- Installing: /ros_ws/install/dynamixel_sdk/share/dynamixel_sdk/control_table/ym070_210_b001.model
-- Installing: /ros_ws/install/dynamixel_sdk/share/dynamixel_sdk/control_table/ym080_230_r051.model
-- Installing: /ros_ws/install/dynamixel_sdk/share/dynamixel_sdk/control_table/xw430_t200.model
-- Installing: /ros_ws/install/dynamixel_sdk/share/dynamixel_sdk/control_table/xc330_m181.model
-- Installing: /ros_ws/install/dynamixel_sdk/share/dynamixel_sdk/control_table/xc330_t288.model
-- Installing: /ros_ws/install/dynamixel_sdk/share/dynamixel_sdk/control_table/xw430_t333.model
-- Installing: /ros_ws/install/dynamixel_sdk/share/dynamixel_sdk/control_table/xl320.model
-- Installing: /ros_ws/install/dynamixel_sdk/share/dynamixel_sdk/control_table/ph54_100_s500.model
-- Installing: /ros_ws/install/dynamixel_sdk/share/dynamixel_sdk/control_table/h42_20_s300_ra.model
-- Installing: /ros_ws/install/dynamixel_sdk/share/dynamixel_sdk/control_table/xc330_m288.model
-- Installing: /ros_ws/install/dynamixel_sdk/share/dynamixel_sdk/control_table/xc330_t288_fw52.model
-- Installing: /ros_ws/install/dynamixel_sdk/share/dynamixel_sdk/control_table/ym070_210_r099.model
-- Installing: /ros_ws/install/dynamixel_sdk/share/dynamixel_sdk/control_table/xh540_v150.model
-- Installing: /ros_ws/install/dynamixel_sdk/share/dynamixel_sdk/control_table/xd430_t210.model
-- Installing: /ros_ws/install/dynamixel_sdk/share/dynamixel_sdk/control_table/xd540_t270.model
-- Installing: /ros_ws/install/dynamixel_sdk/share/dynamixel_sdk/control_table/m54_60_s250_ra.model
-- Installing: /ros_ws/install/dynamixel_sdk/share/dynamixel_sdk/control_table/dynamixel.model
-- Installing: /ros_ws/install/dynamixel_sdk/share/dynamixel_sdk/control_table/xd430_t350.model
-- Installing: /ros_ws/install/dynamixel_sdk/share/dynamixel_sdk/control_table/xh540_v270.model
-- Installing: /ros_ws/install/dynamixel_sdk/share/dynamixel_sdk/control_table/2xc430_w250.model
-- Installing: /ros_ws/install/dynamixel_sdk/share/dynamixel_sdk/control_table/xl330_m288_fw52.model
-- Installing: /ros_ws/install/dynamixel_sdk/share/dynamixel_sdk/control_table/mx_106.model
-- Installing: /ros_ws/install/dynamixel_sdk/share/dynamixel_sdk/control_table/pm54_040_s250.model
-- Installing: /ros_ws/install/dynamixel_sdk/share/dynamixel_sdk/control_table/xl330_m077.model
-- Installing: /ros_ws/install/dynamixel_sdk/share/dynamixel_sdk/control_table/ym070_210_m001.model
-- Installing: /ros_ws/install/dynamixel_sdk/share/dynamixel_sdk/control_table/xl330_m288.model
-- Installing: /ros_ws/install/dynamixel_sdk/share/dynamixel_sdk/control_table/m54_40_s250_ra.model
-- Installing: /ros_ws/install/dynamixel_sdk/share/dynamixel_sdk/control_table/xm540_w150.model
-- Installing: /ros_ws/install/dynamixel_sdk/share/dynamixel_sdk/control_table/xc330_t181_fw52.model
-- Installing: /ros_ws/install/dynamixel_sdk/share/dynamixel_sdk/control_table/xm430_w350.model
-- Installing: /ros_ws/install/dynamixel_sdk/share/dynamixel_sdk/control_table/ym080_230_a051.model
-- Installing: /ros_ws/install/dynamixel_sdk/share/dynamixel_sdk/control_table/xl330_m077_fw52.model
-- Installing: /ros_ws/install/dynamixel_sdk/share/dynamixel_sdk/control_table/xh540_w150.model
-- Installing: /ros_ws/install/dynamixel_sdk/share/dynamixel_sdk/control_table/ym080_230_b001.model
-- Installing: /ros_ws/install/dynamixel_sdk/share/dynamixel_sdk/control_table/mx_28.model
-- Installing: /ros_ws/install/dynamixel_sdk/share/dynamixel_sdk/environment/pythonpath.sh
-- Installing: /ros_ws/install/dynamixel_sdk/share/dynamixel_sdk/environment/pythonpath.dsv
-- Installing: /ros_ws/install/dynamixel_sdk/lib/python3.12/site-packages/dynamixel_sdk-4.0.5-py3.12.egg-info
-- Installing: /ros_ws/install/dynamixel_sdk/lib/python3.12/site-packages/dynamixel_sdk-4.0.5-py3.12.egg-info/PKG-INFO
-- Installing: /ros_ws/install/dynamixel_sdk/lib/python3.12/site-packages/dynamixel_sdk-4.0.5-py3.12.egg-info/dependency_links.txt
-- Installing: /ros_ws/install/dynamixel_sdk/lib/python3.12/site-packages/dynamixel_sdk-4.0.5-py3.12.egg-info/SOURCES.txt
-- Installing: /ros_ws/install/dynamixel_sdk/lib/python3.12/site-packages/dynamixel_sdk-4.0.5-py3.12.egg-info/top_level.txt
-- Installing: /ros_ws/install/dynamixel_sdk/lib/python3.12/site-packages/dynamixel_sdk
-- Installing: /ros_ws/install/dynamixel_sdk/lib/python3.12/site-packages/dynamixel_sdk/group_bulk_write.cpp
-- Installing: /ros_ws/install/dynamixel_sdk/lib/python3.12/site-packages/dynamixel_sdk/packet_handler.py
-- Installing: /ros_ws/install/dynamixel_sdk/lib/python3.12/site-packages/dynamixel_sdk/group_bulk_write.py
-- Installing: /ros_ws/install/dynamixel_sdk/lib/python3.12/site-packages/dynamixel_sdk/__init__.py
-- Installing: /ros_ws/install/dynamixel_sdk/lib/python3.12/site-packages/dynamixel_sdk/group_sync_read.py
-- Installing: /ros_ws/install/dynamixel_sdk/lib/python3.12/site-packages/dynamixel_sdk/port_handler_linux.cpp
-- Installing: /ros_ws/install/dynamixel_sdk/lib/python3.12/site-packages/dynamixel_sdk/packet_handler.cpp
-- Installing: /ros_ws/install/dynamixel_sdk/lib/python3.12/site-packages/dynamixel_sdk/robotis_def.py
-- Installing: /ros_ws/install/dynamixel_sdk/lib/python3.12/site-packages/dynamixel_sdk/port_handler_arduino.cpp
-- Installing: /ros_ws/install/dynamixel_sdk/lib/python3.12/site-packages/dynamixel_sdk/port_handler_mac.cpp
-- Installing: /ros_ws/install/dynamixel_sdk/lib/python3.12/site-packages/dynamixel_sdk/group_sync_write.py
-- Installing: /ros_ws/install/dynamixel_sdk/lib/python3.12/site-packages/dynamixel_sdk/protocol1_packet_handler.cpp
-- Installing: /ros_ws/install/dynamixel_sdk/lib/python3.12/site-packages/dynamixel_sdk/group_handler.cpp
-- Installing: /ros_ws/install/dynamixel_sdk/lib/python3.12/site-packages/dynamixel_sdk/group_bulk_read.py
-- Installing: /ros_ws/install/dynamixel_sdk/lib/python3.12/site-packages/dynamixel_sdk/port_handler.py
-- Installing: /ros_ws/install/dynamixel_sdk/lib/python3.12/site-packages/dynamixel_sdk/group_sync_write.cpp
-- Installing: /ros_ws/install/dynamixel_sdk/lib/python3.12/site-packages/dynamixel_sdk/group_fast_bulk_read.cpp
-- Installing: /ros_ws/install/dynamixel_sdk/lib/python3.12/site-packages/dynamixel_sdk/port_handler.cpp
-- Installing: /ros_ws/install/dynamixel_sdk/lib/python3.12/site-packages/dynamixel_sdk/protocol1_packet_handler.py
-- Installing: /ros_ws/install/dynamixel_sdk/lib/python3.12/site-packages/dynamixel_sdk/protocol2_packet_handler.cpp
-- Installing: /ros_ws/install/dynamixel_sdk/lib/python3.12/site-packages/dynamixel_sdk/group_sync_read.cpp
-- Installing: /ros_ws/install/dynamixel_sdk/lib/python3.12/site-packages/dynamixel_sdk/group_fast_sync_read.cpp
-- Installing: /ros_ws/install/dynamixel_sdk/lib/python3.12/site-packages/dynamixel_sdk/group_bulk_read.cpp
-- Installing: /ros_ws/install/dynamixel_sdk/lib/python3.12/site-packages/dynamixel_sdk/port_handler_windows.cpp
-- Installing: /ros_ws/install/dynamixel_sdk/lib/python3.12/site-packages/dynamixel_sdk/protocol2_packet_handler.py
Listing '/ros_ws/install/dynamixel_sdk/lib/python3.12/site-packages/dynamixel_sdk'...
Compiling '/ros_ws/install/dynamixel_sdk/lib/python3.12/site-packages/dynamixel_sdk/__init__.py'...
Compiling '/ros_ws/install/dynamixel_sdk/lib/python3.12/site-packages/dynamixel_sdk/group_bulk_read.py'...
Compiling '/ros_ws/install/dynamixel_sdk/lib/python3.12/site-packages/dynamixel_sdk/group_bulk_write.py'...
Compiling '/ros_ws/install/dynamixel_sdk/lib/python3.12/site-packages/dynamixel_sdk/group_sync_read.py'...
Compiling '/ros_ws/install/dynamixel_sdk/lib/python3.12/site-packages/dynamixel_sdk/group_sync_write.py'...
Compiling '/ros_ws/install/dynamixel_sdk/lib/python3.12/site-packages/dynamixel_sdk/packet_handler.py'...
Compiling '/ros_ws/install/dynamixel_sdk/lib/python3.12/site-packages/dynamixel_sdk/port_handler.py'...
Compiling '/ros_ws/install/dynamixel_sdk/lib/python3.12/site-packages/dynamixel_sdk/protocol1_packet_handler.py'...
Compiling '/ros_ws/install/dynamixel_sdk/lib/python3.12/site-packages/dynamixel_sdk/protocol2_packet_handler.py'...
Compiling '/ros_ws/install/dynamixel_sdk/lib/python3.12/site-packages/dynamixel_sdk/robotis_def.py'...
-- Installing: /ros_ws/install/dynamixel_sdk/lib/python3.12/site-packages/dynamixel_easy_sdk-4.0.5-py3.12.egg-info
-- Installing: /ros_ws/install/dynamixel_sdk/lib/python3.12/site-packages/dynamixel_easy_sdk-4.0.5-py3.12.egg-info/PKG-INFO
-- Installing: /ros_ws/install/dynamixel_sdk/lib/python3.12/site-packages/dynamixel_easy_sdk-4.0.5-py3.12.egg-info/dependency_links.txt
-- Installing: /ros_ws/install/dynamixel_sdk/lib/python3.12/site-packages/dynamixel_easy_sdk-4.0.5-py3.12.egg-info/SOURCES.txt
-- Installing: /ros_ws/install/dynamixel_sdk/lib/python3.12/site-packages/dynamixel_easy_sdk-4.0.5-py3.12.egg-info/top_level.txt
-- Installing: /ros_ws/install/dynamixel_sdk/lib/python3.12/site-packages/dynamixel_easy_sdk
-- Installing: /ros_ws/install/dynamixel_sdk/lib/python3.12/site-packages/dynamixel_easy_sdk/connector.cpp
-- Installing: /ros_ws/install/dynamixel_sdk/lib/python3.12/site-packages/dynamixel_easy_sdk/group_executor.cpp
-- Installing: /ros_ws/install/dynamixel_sdk/lib/python3.12/site-packages/dynamixel_easy_sdk/motor.py
-- Installing: /ros_ws/install/dynamixel_sdk/lib/python3.12/site-packages/dynamixel_easy_sdk/data_types.py
-- Installing: /ros_ws/install/dynamixel_sdk/lib/python3.12/site-packages/dynamixel_easy_sdk/motor.cpp
-- Installing: /ros_ws/install/dynamixel_sdk/lib/python3.12/site-packages/dynamixel_easy_sdk/__init__.py
-- Installing: /ros_ws/install/dynamixel_sdk/lib/python3.12/site-packages/dynamixel_easy_sdk/control_table.py
-- Installing: /ros_ws/install/dynamixel_sdk/lib/python3.12/site-packages/dynamixel_easy_sdk/dynamixel_error.cpp
-- Installing: /ros_ws/install/dynamixel_sdk/lib/python3.12/site-packages/dynamixel_easy_sdk/dynamixel_error.py
-- Installing: /ros_ws/install/dynamixel_sdk/lib/python3.12/site-packages/dynamixel_easy_sdk/group_executor.py
-- Installing: /ros_ws/install/dynamixel_sdk/lib/python3.12/site-packages/dynamixel_easy_sdk/connector.py
-- Installing: /ros_ws/install/dynamixel_sdk/lib/python3.12/site-packages/dynamixel_easy_sdk/control_table.cpp
Listing '/ros_ws/install/dynamixel_sdk/lib/python3.12/site-packages/dynamixel_easy_sdk'...
Compiling '/ros_ws/install/dynamixel_sdk/lib/python3.12/site-packages/dynamixel_easy_sdk/__init__.py'...
Compiling '/ros_ws/install/dynamixel_sdk/lib/python3.12/site-packages/dynamixel_easy_sdk/connector.py'...
Compiling '/ros_ws/install/dynamixel_sdk/lib/python3.12/site-packages/dynamixel_easy_sdk/control_table.py'...
Compiling '/ros_ws/install/dynamixel_sdk/lib/python3.12/site-packages/dynamixel_easy_sdk/data_types.py'...
Compiling '/ros_ws/install/dynamixel_sdk/lib/python3.12/site-packages/dynamixel_easy_sdk/dynamixel_error.py'...
Compiling '/ros_ws/install/dynamixel_sdk/lib/python3.12/site-packages/dynamixel_easy_sdk/group_executor.py'...
Compiling '/ros_ws/install/dynamixel_sdk/lib/python3.12/site-packages/dynamixel_easy_sdk/motor.py'...
-- Installing: /ros_ws/install/dynamixel_sdk/share/dynamixel_sdk/environment/library_path.sh
-- Installing: /ros_ws/install/dynamixel_sdk/share/dynamixel_sdk/environment/library_path.dsv
-- Installing: /ros_ws/install/dynamixel_sdk/share/ament_index/resource_index/package_run_dependencies/dynamixel_sdk
-- Installing: /ros_ws/install/dynamixel_sdk/share/ament_index/resource_index/parent_prefix_path/dynamixel_sdk
-- Installing: /ros_ws/install/dynamixel_sdk/share/dynamixel_sdk/environment/ament_prefix_path.sh
-- Installing: /ros_ws/install/dynamixel_sdk/share/dynamixel_sdk/environment/ament_prefix_path.dsv
-- Installing: /ros_ws/install/dynamixel_sdk/share/dynamixel_sdk/environment/path.sh
-- Installing: /ros_ws/install/dynamixel_sdk/share/dynamixel_sdk/environment/path.dsv
-- Installing: /ros_ws/install/dynamixel_sdk/share/dynamixel_sdk/local_setup.bash
-- Installing: /ros_ws/install/dynamixel_sdk/share/dynamixel_sdk/local_setup.sh
-- Installing: /ros_ws/install/dynamixel_sdk/share/dynamixel_sdk/local_setup.zsh
-- Installing: /ros_ws/install/dynamixel_sdk/share/dynamixel_sdk/local_setup.dsv
-- Installing: /ros_ws/install/dynamixel_sdk/share/dynamixel_sdk/package.dsv
-- Installing: /ros_ws/install/dynamixel_sdk/share/ament_index/resource_index/packages/dynamixel_sdk
-- Installing: /ros_ws/install/dynamixel_sdk/share/dynamixel_sdk/cmake/dynamixel_sdkExport.cmake
-- Installing: /ros_ws/install/dynamixel_sdk/share/dynamixel_sdk/cmake/dynamixel_sdkExport-noconfig.cmake
-- Installing: /ros_ws/install/dynamixel_sdk/share/dynamixel_sdk/cmake/ament_cmake_export_targets-extras.cmake
-- Installing: /ros_ws/install/dynamixel_sdk/share/dynamixel_sdk/cmake/ament_cmake_export_include_directories-extras.cmake
-- Installing: /ros_ws/install/dynamixel_sdk/share/dynamixel_sdk/cmake/ament_cmake_export_libraries-extras.cmake
-- Installing: /ros_ws/install/dynamixel_sdk/share/dynamixel_sdk/cmake/dynamixel_sdkConfig.cmake
-- Installing: /ros_ws/install/dynamixel_sdk/share/dynamixel_sdk/cmake/dynamixel_sdkConfig-version.cmake
-- Installing: /ros_ws/install/dynamixel_sdk/share/dynamixel_sdk/package.xml
