-- Found ament_cmake: 2.5.6 (/opt/ros/jazzy/share/ament_cmake/cmake)
-- Found ament_lint_auto: 0.17.5 (/opt/ros/jazzy/share/ament_lint_auto/cmake)
-- Added test 'flake8' to check Python code syntax and style conventions
-- Configured 'flake8' exclude dirs and/or files: 
-- Added test 'lint_cmake' to check CMake code style
-- Added test 'pep257' to check Python code against some of the docstring style conventions in PEP 257
-- Added test 'xmllint' to check XML markup files
-- Configuring done (1.0s)
-- Generating done (0.0s)
-- Build files have been written to: /ros_ws/build/turtlebot_maze
-- Install configuration: ""
-- Up-to-date: /ros_ws/install/turtlebot_maze/share/turtlebot_maze/launch
-- Up-to-date: /ros_ws/install/turtlebot_maze/share/turtlebot_maze/launch/maze_sim.launch.py
-- Up-to-date: /ros_ws/install/turtlebot_maze/share/turtlebot_maze/models
-- Up-to-date: /ros_ws/install/turtlebot_maze/share/turtlebot_maze/models/marker_2.png:Zone.Identifier
-- Up-to-date: /ros_ws/install/turtlebot_maze/share/turtlebot_maze/models/marker_7.png:Zone.Identifier
-- Up-to-date: /ros_ws/install/turtlebot_maze/share/turtlebot_maze/models/marker_9.png:Zone.Identifier
-- Up-to-date: /ros_ws/install/turtlebot_maze/share/turtlebot_maze/models/aruco_textures
-- Up-to-date: /ros_ws/install/turtlebot_maze/share/turtlebot_maze/models/aruco_textures/marker_3.png
-- Up-to-date: /ros_ws/install/turtlebot_maze/share/turtlebot_maze/models/aruco_textures/marker_1.png:Zone.Identifier
-- Up-to-date: /ros_ws/install/turtlebot_maze/share/turtlebot_maze/models/aruco_textures/marker_5.png
-- Up-to-date: /ros_ws/install/turtlebot_maze/share/turtlebot_maze/models/aruco_textures/marker_2.png
-- Up-to-date: /ros_ws/install/turtlebot_maze/share/turtlebot_maze/models/aruco_textures/marker_9.png
-- Up-to-date: /ros_ws/install/turtlebot_maze/share/turtlebot_maze/models/aruco_textures/marker_7.png
-- Up-to-date: /ros_ws/install/turtlebot_maze/share/turtlebot_maze/models/aruco_textures/marker_1.png
-- Up-to-date: /ros_ws/install/turtlebot_maze/share/turtlebot_maze/models/aruco_textures/marker_8.png
-- Up-to-date: /ros_ws/install/turtlebot_maze/share/turtlebot_maze/models/aruco_textures/marker_4.png
-- Up-to-date: /ros_ws/install/turtlebot_maze/share/turtlebot_maze/models/aruco_textures/marker_6.png
-- Up-to-date: /ros_ws/install/turtlebot_maze/share/turtlebot_maze/models/marker_4.png:Zone.Identifier
-- Up-to-date: /ros_ws/install/turtlebot_maze/share/turtlebot_maze/models/marker_5.png:Zone.Identifier
-- Up-to-date: /ros_ws/install/turtlebot_maze/share/turtlebot_maze/models/marker_6.png:Zone.Identifier
-- Up-to-date: /ros_ws/install/turtlebot_maze/share/turtlebot_maze/models/marker_3.png:Zone.Identifier
-- Up-to-date: /ros_ws/install/turtlebot_maze/share/turtlebot_maze/models/marker_8.png:Zone.Identifier
-- Up-to-date: /ros_ws/install/turtlebot_maze/share/turtlebot_maze/worlds
-- Up-to-date: /ros_ws/install/turtlebot_maze/share/turtlebot_maze/worlds/maze.sdf
-- Up-to-date: /ros_ws/install/turtlebot_maze/share/ament_index/resource_index/package_run_dependencies/turtlebot_maze
-- Installing: /ros_ws/install/turtlebot_maze/share/ament_index/resource_index/parent_prefix_path/turtlebot_maze
-- Installing: /ros_ws/install/turtlebot_maze/share/turtlebot_maze/environment/ament_prefix_path.sh
-- Up-to-date: /ros_ws/install/turtlebot_maze/share/turtlebot_maze/environment/ament_prefix_path.dsv
-- Installing: /ros_ws/install/turtlebot_maze/share/turtlebot_maze/environment/path.sh
-- Up-to-date: /ros_ws/install/turtlebot_maze/share/turtlebot_maze/environment/path.dsv
-- Up-to-date: /ros_ws/install/turtlebot_maze/share/turtlebot_maze/local_setup.bash
-- Up-to-date: /ros_ws/install/turtlebot_maze/share/turtlebot_maze/local_setup.sh
-- Up-to-date: /ros_ws/install/turtlebot_maze/share/turtlebot_maze/local_setup.zsh
-- Up-to-date: /ros_ws/install/turtlebot_maze/share/turtlebot_maze/local_setup.dsv
-- Up-to-date: /ros_ws/install/turtlebot_maze/share/turtlebot_maze/package.dsv
-- Up-to-date: /ros_ws/install/turtlebot_maze/share/ament_index/resource_index/packages/turtlebot_maze
-- Up-to-date: /ros_ws/install/turtlebot_maze/share/turtlebot_maze/cmake/turtlebot_mazeConfig.cmake
-- Up-to-date: /ros_ws/install/turtlebot_maze/share/turtlebot_maze/cmake/turtlebot_mazeConfig-version.cmake
-- Up-to-date: /ros_ws/install/turtlebot_maze/share/turtlebot_maze/package.xml
