[1.368s] Invoking command in '/ros_ws/build/turtlebot_maze': CMAKE_PREFIX_PATH=${CMAKE_PREFIX_PATH}:/ros_ws/install/turtlebot_logic:/ros_ws/install/turtlebot3_teleop:/ros_ws/install/turtlebot3_example:/opt/ros/jazzy /usr/bin/cmake --build /ros_ws/build/turtlebot_maze -- -j12 -l12
[1.450s] -- Found ament_cmake: 2.5.6 (/opt/ros/jazzy/share/ament_cmake/cmake)
[2.112s] -- Found ament_lint_auto: 0.17.5 (/opt/ros/jazzy/share/ament_lint_auto/cmake)
[2.415s] -- Added test 'flake8' to check Python code syntax and style conventions
[2.415s] -- Configured 'flake8' exclude dirs and/or files: 
[2.423s] -- Added test 'lint_cmake' to check CMake code style
[2.428s] -- Added test 'pep257' to check Python code against some of the docstring style conventions in PEP 257
[2.445s] -- Added test 'xmllint' to check XML markup files
[2.453s] -- Configuring done (1.0s)
[2.480s] -- Generating done (0.0s)
[2.486s] -- Build files have been written to: /ros_ws/build/turtlebot_maze
[2.641s] Invoked command in '/ros_ws/build/turtlebot_maze' returned '0': CMAKE_PREFIX_PATH=${CMAKE_PREFIX_PATH}:/ros_ws/install/turtlebot_logic:/ros_ws/install/turtlebot3_teleop:/ros_ws/install/turtlebot3_example:/opt/ros/jazzy /usr/bin/cmake --build /ros_ws/build/turtlebot_maze -- -j12 -l12
[2.646s] Invoking command in '/ros_ws/build/turtlebot_maze': CMAKE_PREFIX_PATH=${CMAKE_PREFIX_PATH}:/ros_ws/install/turtlebot_logic:/ros_ws/install/turtlebot3_teleop:/ros_ws/install/turtlebot3_example:/opt/ros/jazzy /usr/bin/cmake --install /ros_ws/build/turtlebot_maze
[2.677s] -- Install configuration: ""
[2.678s] -- Up-to-date: /ros_ws/install/turtlebot_maze/share/turtlebot_maze/launch
[2.678s] -- Up-to-date: /ros_ws/install/turtlebot_maze/share/turtlebot_maze/launch/maze_sim.launch.py
[2.678s] -- Up-to-date: /ros_ws/install/turtlebot_maze/share/turtlebot_maze/models
[2.678s] -- Up-to-date: /ros_ws/install/turtlebot_maze/share/turtlebot_maze/models/marker_2.png:Zone.Identifier
[2.678s] -- Up-to-date: /ros_ws/install/turtlebot_maze/share/turtlebot_maze/models/marker_7.png:Zone.Identifier
[2.678s] -- Up-to-date: /ros_ws/install/turtlebot_maze/share/turtlebot_maze/models/marker_9.png:Zone.Identifier
[2.679s] -- Up-to-date: /ros_ws/install/turtlebot_maze/share/turtlebot_maze/models/aruco_textures
[2.679s] -- Up-to-date: /ros_ws/install/turtlebot_maze/share/turtlebot_maze/models/aruco_textures/marker_3.png
[2.679s] -- Up-to-date: /ros_ws/install/turtlebot_maze/share/turtlebot_maze/models/aruco_textures/marker_1.png:Zone.Identifier
[2.679s] -- Up-to-date: /ros_ws/install/turtlebot_maze/share/turtlebot_maze/models/aruco_textures/marker_5.png
[2.679s] -- Up-to-date: /ros_ws/install/turtlebot_maze/share/turtlebot_maze/models/aruco_textures/marker_2.png
[2.679s] -- Up-to-date: /ros_ws/install/turtlebot_maze/share/turtlebot_maze/models/aruco_textures/marker_9.png
[2.680s] -- Up-to-date: /ros_ws/install/turtlebot_maze/share/turtlebot_maze/models/aruco_textures/marker_7.png
[2.680s] -- Up-to-date: /ros_ws/install/turtlebot_maze/share/turtlebot_maze/models/aruco_textures/marker_1.png
[2.680s] -- Up-to-date: /ros_ws/install/turtlebot_maze/share/turtlebot_maze/models/aruco_textures/marker_8.png
[2.680s] -- Up-to-date: /ros_ws/install/turtlebot_maze/share/turtlebot_maze/models/aruco_textures/marker_4.png
[2.680s] -- Up-to-date: /ros_ws/install/turtlebot_maze/share/turtlebot_maze/models/aruco_textures/marker_6.png
[2.681s] -- Up-to-date: /ros_ws/install/turtlebot_maze/share/turtlebot_maze/models/marker_4.png:Zone.Identifier
[2.681s] -- Up-to-date: /ros_ws/install/turtlebot_maze/share/turtlebot_maze/models/marker_5.png:Zone.Identifier
[2.681s] -- Up-to-date: /ros_ws/install/turtlebot_maze/share/turtlebot_maze/models/marker_6.png:Zone.Identifier
[2.681s] -- Up-to-date: /ros_ws/install/turtlebot_maze/share/turtlebot_maze/models/marker_3.png:Zone.Identifier
[2.682s] -- Up-to-date: /ros_ws/install/turtlebot_maze/share/turtlebot_maze/models/marker_8.png:Zone.Identifier
[2.682s] -- Up-to-date: /ros_ws/install/turtlebot_maze/share/turtlebot_maze/worlds
[2.682s] -- Up-to-date: /ros_ws/install/turtlebot_maze/share/turtlebot_maze/worlds/maze.sdf
[2.683s] -- Up-to-date: /ros_ws/install/turtlebot_maze/share/ament_index/resource_index/package_run_dependencies/turtlebot_maze
[2.683s] -- Installing: /ros_ws/install/turtlebot_maze/share/ament_index/resource_index/parent_prefix_path/turtlebot_maze
[2.689s] -- Installing: /ros_ws/install/turtlebot_maze/share/turtlebot_maze/environment/ament_prefix_path.sh
[2.690s] -- Up-to-date: /ros_ws/install/turtlebot_maze/share/turtlebot_maze/environment/ament_prefix_path.dsv
[2.690s] -- Installing: /ros_ws/install/turtlebot_maze/share/turtlebot_maze/environment/path.sh
[2.690s] -- Up-to-date: /ros_ws/install/turtlebot_maze/share/turtlebot_maze/environment/path.dsv
[2.690s] -- Up-to-date: /ros_ws/install/turtlebot_maze/share/turtlebot_maze/local_setup.bash
[2.690s] -- Up-to-date: /ros_ws/install/turtlebot_maze/share/turtlebot_maze/local_setup.sh
[2.691s] -- Up-to-date: /ros_ws/install/turtlebot_maze/share/turtlebot_maze/local_setup.zsh
[2.691s] -- Up-to-date: /ros_ws/install/turtlebot_maze/share/turtlebot_maze/local_setup.dsv
[2.691s] -- Up-to-date: /ros_ws/install/turtlebot_maze/share/turtlebot_maze/package.dsv
[2.691s] -- Up-to-date: /ros_ws/install/turtlebot_maze/share/ament_index/resource_index/packages/turtlebot_maze
[2.691s] -- Up-to-date: /ros_ws/install/turtlebot_maze/share/turtlebot_maze/cmake/turtlebot_mazeConfig.cmake
[2.692s] -- Up-to-date: /ros_ws/install/turtlebot_maze/share/turtlebot_maze/cmake/turtlebot_mazeConfig-version.cmake
[2.693s] -- Up-to-date: /ros_ws/install/turtlebot_maze/share/turtlebot_maze/package.xml
[2.698s] Invoked command in '/ros_ws/build/turtlebot_maze' returned '0': CMAKE_PREFIX_PATH=${CMAKE_PREFIX_PATH}:/ros_ws/install/turtlebot_logic:/ros_ws/install/turtlebot3_teleop:/ros_ws/install/turtlebot3_example:/opt/ros/jazzy /usr/bin/cmake --install /ros_ws/build/turtlebot_maze
