-- Found ament_cmake: 2.5.6 (/opt/ros/jazzy/share/ament_cmake/cmake)
-- Configuring done (0.2s)
-- Generating done (0.0s)
-- Build files have been written to: /ros_ws/build/turtlebot3_bringup
-- Install configuration: ""
-- Up-to-date: /ros_ws/install/turtlebot3_bringup/share/turtlebot3_bringup/launch
-- Installing: /ros_ws/install/turtlebot3_bringup/share/turtlebot3_bringup/launch/camera.launch.py
-- Installing: /ros_ws/install/turtlebot3_bringup/share/turtlebot3_bringup/launch/rviz2.launch.py
-- Installing: /ros_ws/install/turtlebot3_bringup/share/turtlebot3_bringup/launch/turtlebot3_state_publisher.launch.py
-- Installing: /ros_ws/install/turtlebot3_bringup/share/turtlebot3_bringup/launch/robot.launch.py
-- Up-to-date: /ros_ws/install/turtlebot3_bringup/share/turtlebot3_bringup/param
-- Installing: /ros_ws/install/turtlebot3_bringup/share/turtlebot3_bringup/param/waffle_pi.yaml
-- Installing: /ros_ws/install/turtlebot3_bringup/share/turtlebot3_bringup/param/waffle.yaml
-- Installing: /ros_ws/install/turtlebot3_bringup/share/turtlebot3_bringup/param/burger.yaml
-- Up-to-date: /ros_ws/install/turtlebot3_bringup/share/turtlebot3_bringup/param/humble
-- Installing: /ros_ws/install/turtlebot3_bringup/share/turtlebot3_bringup/param/humble/waffle_pi.yaml
-- Installing: /ros_ws/install/turtlebot3_bringup/share/turtlebot3_bringup/param/humble/waffle.yaml
-- Installing: /ros_ws/install/turtlebot3_bringup/share/turtlebot3_bringup/param/humble/burger.yaml
-- Up-to-date: /ros_ws/install/turtlebot3_bringup/share/turtlebot3_bringup/script
-- Installing: /ros_ws/install/turtlebot3_bringup/share/turtlebot3_bringup/script/99-turtlebot3-cdc.rules
-- Installing: /ros_ws/install/turtlebot3_bringup/share/turtlebot3_bringup/script/create_udev_rules
-- Up-to-date: /ros_ws/install/turtlebot3_bringup/share/ament_index/resource_index/package_run_dependencies/turtlebot3_bringup
-- Installing: /ros_ws/install/turtlebot3_bringup/share/ament_index/resource_index/parent_prefix_path/turtlebot3_bringup
-- Installing: /ros_ws/install/turtlebot3_bringup/share/turtlebot3_bringup/environment/ament_prefix_path.sh
-- Up-to-date: /ros_ws/install/turtlebot3_bringup/share/turtlebot3_bringup/environment/ament_prefix_path.dsv
-- Installing: /ros_ws/install/turtlebot3_bringup/share/turtlebot3_bringup/environment/path.sh
-- Up-to-date: /ros_ws/install/turtlebot3_bringup/share/turtlebot3_bringup/environment/path.dsv
-- Up-to-date: /ros_ws/install/turtlebot3_bringup/share/turtlebot3_bringup/local_setup.bash
-- Up-to-date: /ros_ws/install/turtlebot3_bringup/share/turtlebot3_bringup/local_setup.sh
-- Up-to-date: /ros_ws/install/turtlebot3_bringup/share/turtlebot3_bringup/local_setup.zsh
-- Up-to-date: /ros_ws/install/turtlebot3_bringup/share/turtlebot3_bringup/local_setup.dsv
-- Up-to-date: /ros_ws/install/turtlebot3_bringup/share/turtlebot3_bringup/package.dsv
-- Up-to-date: /ros_ws/install/turtlebot3_bringup/share/ament_index/resource_index/packages/turtlebot3_bringup
-- Up-to-date: /ros_ws/install/turtlebot3_bringup/share/turtlebot3_bringup/cmake/turtlebot3_bringupConfig.cmake
-- Up-to-date: /ros_ws/install/turtlebot3_bringup/share/turtlebot3_bringup/cmake/turtlebot3_bringupConfig-version.cmake
-- Installing: /ros_ws/install/turtlebot3_bringup/share/turtlebot3_bringup/package.xml
