[0.524s] Invoking command in '/ros_ws/src/turtlebot_logic': PYTHONPATH=/ros_ws/build/turtlebot_logic/prefix_override:/usr/lib/python3/dist-packages/colcon_core/task/python/colcon_distutils_commands:/ros_ws/install/turtlebot_logic/lib/python3.12/site-packages:${PYTHONPATH} /usr/bin/python3 -W ignore:setup.py install is deprecated -W ignore:easy_install command is deprecated setup.py egg_info --egg-base ../../build/turtlebot_logic build --build-base /ros_ws/build/turtlebot_logic/build install --record /ros_ws/build/turtlebot_logic/install.log --install-scripts $base/lib/turtlebot_logic --single-version-externally-managed install_data
[0.647s] running egg_info
[0.654s] writing ../../build/turtlebot_logic/turtlebot_logic.egg-info/PKG-INFO
[0.654s] writing dependency_links to ../../build/turtlebot_logic/turtlebot_logic.egg-info/dependency_links.txt
[0.654s] writing entry points to ../../build/turtlebot_logic/turtlebot_logic.egg-info/entry_points.txt
[0.654s] writing requirements to ../../build/turtlebot_logic/turtlebot_logic.egg-info/requires.txt
[0.654s] writing top-level names to ../../build/turtlebot_logic/turtlebot_logic.egg-info/top_level.txt
[0.669s] reading manifest file '../../build/turtlebot_logic/turtlebot_logic.egg-info/SOURCES.txt'
[0.670s] writing manifest file '../../build/turtlebot_logic/turtlebot_logic.egg-info/SOURCES.txt'
[0.670s] running build
[0.670s] running build_py
[0.670s] running install
[0.673s] running install_lib
[0.681s] running install_data
[0.681s] copying config/nav2_params.yaml -> /ros_ws/install/turtlebot_logic/share/turtlebot_logic/config
[0.681s] running install_egg_info
[0.689s] removing '/ros_ws/install/turtlebot_logic/lib/python3.12/site-packages/turtlebot_logic-0.0.0-py3.12.egg-info' (and everything under it)
[0.689s] Copying ../../build/turtlebot_logic/turtlebot_logic.egg-info to /ros_ws/install/turtlebot_logic/lib/python3.12/site-packages/turtlebot_logic-0.0.0-py3.12.egg-info
[0.690s] running install_scripts
[0.745s] Installing data_logger script to /ros_ws/install/turtlebot_logic/lib/turtlebot_logic
[0.745s] Installing maze_solver script to /ros_ws/install/turtlebot_logic/lib/turtlebot_logic
[0.745s] writing list of installed files to '/ros_ws/build/turtlebot_logic/install.log'
[0.759s] Invoked command in '/ros_ws/src/turtlebot_logic' returned '0': PYTHONPATH=/ros_ws/build/turtlebot_logic/prefix_override:/usr/lib/python3/dist-packages/colcon_core/task/python/colcon_distutils_commands:/ros_ws/install/turtlebot_logic/lib/python3.12/site-packages:${PYTHONPATH} /usr/bin/python3 -W ignore:setup.py install is deprecated -W ignore:easy_install command is deprecated setup.py egg_info --egg-base ../../build/turtlebot_logic build --build-base /ros_ws/build/turtlebot_logic/build install --record /ros_ws/build/turtlebot_logic/install.log --install-scripts $base/lib/turtlebot_logic --single-version-externally-managed install_data
