[0.533s] Invoking command in '/ros_ws/build/multirobot_map_merge': CMAKE_PREFIX_PATH=${CMAKE_PREFIX_PATH}:/ros_ws/install/turtlebot_logic:/ros_ws/install/turtlebot3_teleop:/ros_ws/install/turtlebot3_example:/opt/ros/jazzy /usr/bin/cmake --build /ros_ws/build/multirobot_map_merge -- -j12 -l12
[1.056s] [ 16%] Built target gtest
[1.056s] [ 33%] Built target gtest_main
[1.057s] [ 66%] Built target combine_grids
[1.057s] [ 83%] Built target test_merging_pipeline
[1.057s] [100%] Built target map_merge
[1.093s] Invoked command in '/ros_ws/build/multirobot_map_merge' returned '0': CMAKE_PREFIX_PATH=${CMAKE_PREFIX_PATH}:/ros_ws/install/turtlebot_logic:/ros_ws/install/turtlebot3_teleop:/ros_ws/install/turtlebot3_example:/opt/ros/jazzy /usr/bin/cmake --build /ros_ws/build/multirobot_map_merge -- -j12 -l12
[1.098s] Invoking command in '/ros_ws/build/multirobot_map_merge': CMAKE_PREFIX_PATH=${CMAKE_PREFIX_PATH}:/ros_ws/install/turtlebot_logic:/ros_ws/install/turtlebot3_teleop:/ros_ws/install/turtlebot3_example:/opt/ros/jazzy /usr/bin/cmake --install /ros_ws/build/multirobot_map_merge
[1.254s] -- Install configuration: ""
[1.255s] -- Up-to-date: /ros_ws/install/multirobot_map_merge/include/map_merge/
[1.255s] -- Up-to-date: /ros_ws/install/multirobot_map_merge/include/map_merge//map_merge.h
[1.255s] -- Up-to-date: /ros_ws/install/multirobot_map_merge/include/map_merge//ros1_names.hpp
[1.256s] -- Up-to-date: /ros_ws/install/multirobot_map_merge/share/multirobot_map_merge/launch
[1.256s] -- Up-to-date: /ros_ws/install/multirobot_map_merge/share/multirobot_map_merge/launch/map_merge.launch.py
[1.257s] -- Up-to-date: /ros_ws/install/multirobot_map_merge/share/multirobot_map_merge/launch/map_merge.rviz
[1.258s] -- Up-to-date: /ros_ws/install/multirobot_map_merge/share/multirobot_map_merge/launch/tb3_simulation
[1.258s] -- Up-to-date: /ros_ws/install/multirobot_map_merge/share/multirobot_map_merge/launch/tb3_simulation/worlds
[1.258s] -- Up-to-date: /ros_ws/install/multirobot_map_merge/share/multirobot_map_merge/launch/tb3_simulation/worlds/world_only.model
[1.259s] -- Up-to-date: /ros_ws/install/multirobot_map_merge/share/multirobot_map_merge/launch/tb3_simulation/slam_toolbox.py
[1.259s] -- Up-to-date: /ros_ws/install/multirobot_map_merge/share/multirobot_map_merge/launch/tb3_simulation/bringup_launch.py
[1.260s] -- Up-to-date: /ros_ws/install/multirobot_map_merge/share/multirobot_map_merge/launch/tb3_simulation/tb3_simulation_launch.py
[1.260s] -- Up-to-date: /ros_ws/install/multirobot_map_merge/share/multirobot_map_merge/launch/tb3_simulation/multi_tb3_simulation_launch.py
[1.260s] -- Up-to-date: /ros_ws/install/multirobot_map_merge/share/multirobot_map_merge/launch/tb3_simulation/config
[1.261s] -- Up-to-date: /ros_ws/install/multirobot_map_merge/share/multirobot_map_merge/launch/tb3_simulation/config/nav2_multirobot_params_2.yaml
[1.261s] -- Up-to-date: /ros_ws/install/multirobot_map_merge/share/multirobot_map_merge/launch/tb3_simulation/config/nav2_multirobot_params_1.yaml
[1.262s] -- Up-to-date: /ros_ws/install/multirobot_map_merge/share/multirobot_map_merge/launch/from_map_server.launch.py
[1.262s] -- Up-to-date: /ros_ws/install/multirobot_map_merge/share/multirobot_map_merge/config
[1.263s] -- Up-to-date: /ros_ws/install/multirobot_map_merge/share/multirobot_map_merge/config/params.yaml
[1.263s] -- Up-to-date: /ros_ws/install/multirobot_map_merge/lib/libcombine_grids.a
[1.263s] -- Up-to-date: /ros_ws/install/multirobot_map_merge/lib/multirobot_map_merge/map_merge
[1.263s] -- Up-to-date: /ros_ws/install/multirobot_map_merge/share/multirobot_map_merge/environment/library_path.sh
[1.264s] -- Up-to-date: /ros_ws/install/multirobot_map_merge/share/multirobot_map_merge/environment/library_path.dsv
[1.265s] -- Up-to-date: /ros_ws/install/multirobot_map_merge/share/ament_index/resource_index/package_run_dependencies/multirobot_map_merge
[1.265s] -- Up-to-date: /ros_ws/install/multirobot_map_merge/share/ament_index/resource_index/parent_prefix_path/multirobot_map_merge
[1.265s] -- Up-to-date: /ros_ws/install/multirobot_map_merge/share/multirobot_map_merge/environment/ament_prefix_path.sh
[1.265s] -- Up-to-date: /ros_ws/install/multirobot_map_merge/share/multirobot_map_merge/environment/ament_prefix_path.dsv
[1.265s] -- Up-to-date: /ros_ws/install/multirobot_map_merge/share/multirobot_map_merge/environment/path.sh
[1.265s] -- Up-to-date: /ros_ws/install/multirobot_map_merge/share/multirobot_map_merge/environment/path.dsv
[1.266s] -- Up-to-date: /ros_ws/install/multirobot_map_merge/share/multirobot_map_merge/local_setup.bash
[1.266s] -- Up-to-date: /ros_ws/install/multirobot_map_merge/share/multirobot_map_merge/local_setup.sh
[1.266s] -- Up-to-date: /ros_ws/install/multirobot_map_merge/share/multirobot_map_merge/local_setup.zsh
[1.266s] -- Up-to-date: /ros_ws/install/multirobot_map_merge/share/multirobot_map_merge/local_setup.dsv
[1.267s] -- Installing: /ros_ws/install/multirobot_map_merge/share/multirobot_map_merge/package.dsv
[1.267s] -- Up-to-date: /ros_ws/install/multirobot_map_merge/share/ament_index/resource_index/packages/multirobot_map_merge
[1.267s] -- Up-to-date: /ros_ws/install/multirobot_map_merge/share/multirobot_map_merge/cmake/ament_cmake_export_include_directories-extras.cmake
[1.267s] -- Up-to-date: /ros_ws/install/multirobot_map_merge/share/multirobot_map_merge/cmake/ament_cmake_export_libraries-extras.cmake
[1.268s] -- Up-to-date: /ros_ws/install/multirobot_map_merge/share/multirobot_map_merge/cmake/multirobot_map_mergeConfig.cmake
[1.268s] -- Up-to-date: /ros_ws/install/multirobot_map_merge/share/multirobot_map_merge/cmake/multirobot_map_mergeConfig-version.cmake
[1.268s] -- Up-to-date: /ros_ws/install/multirobot_map_merge/share/multirobot_map_merge/package.xml
[1.474s] Invoked command in '/ros_ws/build/multirobot_map_merge' returned '0': CMAKE_PREFIX_PATH=${CMAKE_PREFIX_PATH}:/ros_ws/install/turtlebot_logic:/ros_ws/install/turtlebot3_teleop:/ros_ws/install/turtlebot3_example:/opt/ros/jazzy /usr/bin/cmake --install /ros_ws/build/multirobot_map_merge
