[0.147s] Invoking command in '/ros_ws/build/turtlebot3_navigation2': CMAKE_PREFIX_PATH=${CMAKE_PREFIX_PATH}:/ros_ws/install/turtlebot_logic:/ros_ws/install/turtlebot3_teleop:/ros_ws/install/turtlebot3_example:/opt/ros/jazzy /usr/bin/cmake --build /ros_ws/build/turtlebot3_navigation2 -- -j12 -l12
[1.264s] Invoked command in '/ros_ws/build/turtlebot3_navigation2' returned '0': CMAKE_PREFIX_PATH=${CMAKE_PREFIX_PATH}:/ros_ws/install/turtlebot_logic:/ros_ws/install/turtlebot3_teleop:/ros_ws/install/turtlebot3_example:/opt/ros/jazzy /usr/bin/cmake --build /ros_ws/build/turtlebot3_navigation2 -- -j12 -l12
[1.267s] Invoking command in '/ros_ws/build/turtlebot3_navigation2': CMAKE_PREFIX_PATH=${CMAKE_PREFIX_PATH}:/ros_ws/install/turtlebot_logic:/ros_ws/install/turtlebot3_teleop:/ros_ws/install/turtlebot3_example:/opt/ros/jazzy /usr/bin/cmake --install /ros_ws/build/turtlebot3_navigation2
[1.333s] -- Install configuration: ""
[1.333s] -- Up-to-date: /ros_ws/install/turtlebot3_navigation2/share/turtlebot3_navigation2/launch
[1.333s] -- Up-to-date: /ros_ws/install/turtlebot3_navigation2/share/turtlebot3_navigation2/launch/navigation2.launch.py
[1.334s] -- Up-to-date: /ros_ws/install/turtlebot3_navigation2/share/turtlebot3_navigation2/map
[1.334s] -- Up-to-date: /ros_ws/install/turtlebot3_navigation2/share/turtlebot3_navigation2/map/map.yaml
[1.334s] -- Up-to-date: /ros_ws/install/turtlebot3_navigation2/share/turtlebot3_navigation2/map/map.pgm
[1.336s] -- Up-to-date: /ros_ws/install/turtlebot3_navigation2/share/turtlebot3_navigation2/param
[1.337s] -- Up-to-date: /ros_ws/install/turtlebot3_navigation2/share/turtlebot3_navigation2/param/burger_cam.yaml
[1.337s] -- Up-to-date: /ros_ws/install/turtlebot3_navigation2/share/turtlebot3_navigation2/param/waffle.yaml
[1.338s] -- Up-to-date: /ros_ws/install/turtlebot3_navigation2/share/turtlebot3_navigation2/param/burger.yaml
[1.338s] -- Up-to-date: /ros_ws/install/turtlebot3_navigation2/share/turtlebot3_navigation2/param/waffle_pi.yaml
[1.339s] -- Up-to-date: /ros_ws/install/turtlebot3_navigation2/share/turtlebot3_navigation2/param/humble
[1.339s] -- Up-to-date: /ros_ws/install/turtlebot3_navigation2/share/turtlebot3_navigation2/param/humble/burger_cam.yaml
[1.339s] -- Up-to-date: /ros_ws/install/turtlebot3_navigation2/share/turtlebot3_navigation2/param/humble/waffle.yaml
[1.340s] -- Up-to-date: /ros_ws/install/turtlebot3_navigation2/share/turtlebot3_navigation2/param/humble/burger.yaml
[1.340s] -- Up-to-date: /ros_ws/install/turtlebot3_navigation2/share/turtlebot3_navigation2/param/humble/waffle_pi.yaml
[1.341s] -- Up-to-date: /ros_ws/install/turtlebot3_navigation2/share/turtlebot3_navigation2/rviz
[1.349s] -- Up-to-date: /ros_ws/install/turtlebot3_navigation2/share/turtlebot3_navigation2/rviz/tb3_navigation2.rviz
[1.349s] -- Up-to-date: /ros_ws/install/turtlebot3_navigation2/share/ament_index/resource_index/package_run_dependencies/turtlebot3_navigation2
[1.349s] -- Up-to-date: /ros_ws/install/turtlebot3_navigation2/share/ament_index/resource_index/parent_prefix_path/turtlebot3_navigation2
[1.349s] -- Up-to-date: /ros_ws/install/turtlebot3_navigation2/share/turtlebot3_navigation2/environment/ament_prefix_path.sh
[1.349s] -- Up-to-date: /ros_ws/install/turtlebot3_navigation2/share/turtlebot3_navigation2/environment/ament_prefix_path.dsv
[1.349s] -- Up-to-date: /ros_ws/install/turtlebot3_navigation2/share/turtlebot3_navigation2/environment/path.sh
[1.349s] -- Up-to-date: /ros_ws/install/turtlebot3_navigation2/share/turtlebot3_navigation2/environment/path.dsv
[1.349s] -- Up-to-date: /ros_ws/install/turtlebot3_navigation2/share/turtlebot3_navigation2/local_setup.bash
[1.349s] -- Up-to-date: /ros_ws/install/turtlebot3_navigation2/share/turtlebot3_navigation2/local_setup.sh
[1.349s] -- Up-to-date: /ros_ws/install/turtlebot3_navigation2/share/turtlebot3_navigation2/local_setup.zsh
[1.349s] -- Up-to-date: /ros_ws/install/turtlebot3_navigation2/share/turtlebot3_navigation2/local_setup.dsv
[1.349s] -- Installing: /ros_ws/install/turtlebot3_navigation2/share/turtlebot3_navigation2/package.dsv
[1.349s] -- Up-to-date: /ros_ws/install/turtlebot3_navigation2/share/ament_index/resource_index/packages/turtlebot3_navigation2
[1.350s] -- Up-to-date: /ros_ws/install/turtlebot3_navigation2/share/turtlebot3_navigation2/cmake/turtlebot3_navigation2Config.cmake
[1.350s] -- Up-to-date: /ros_ws/install/turtlebot3_navigation2/share/turtlebot3_navigation2/cmake/turtlebot3_navigation2Config-version.cmake
[1.350s] -- Up-to-date: /ros_ws/install/turtlebot3_navigation2/share/turtlebot3_navigation2/package.xml
[1.541s] Invoked command in '/ros_ws/build/turtlebot3_navigation2' returned '0': CMAKE_PREFIX_PATH=${CMAKE_PREFIX_PATH}:/ros_ws/install/turtlebot_logic:/ros_ws/install/turtlebot3_teleop:/ros_ws/install/turtlebot3_example:/opt/ros/jazzy /usr/bin/cmake --install /ros_ws/build/turtlebot3_navigation2
